2019-10-15 21:00:40,684 INFO     Started server process [36229]
2019-10-15 21:00:40,684 INFO     Waiting for application startup.
2019-10-15 21:00:40,684 DEBUG    None - ASGI [1] Started
2019-10-15 21:00:40,684 DEBUG    None - ASGI [1] Sent {'type': 'lifespan.startup'}
2019-10-15 21:00:40,684 DEBUG    None - ASGI [1] Received {'type': 'lifespan.startup.complete'}
2019-10-15 21:00:45,897 INFO     Shutting down
2019-10-15 21:00:45,997 INFO     Waiting for application shutdown.
2019-10-15 21:00:45,998 DEBUG    None - ASGI [1] Sent {'type': 'lifespan.shutdown'}
2019-10-15 21:00:45,998 DEBUG    None - ASGI [1] Received {'type': 'lifespan.shutdown.complete'}
2019-10-15 21:00:45,998 DEBUG    None - ASGI [1] Completed
2019-10-15 21:00:45,998 INFO     Finished server process [36229]
2019-10-15 21:00:53,272 INFO     Started server process [36307]
2019-10-15 21:00:53,273 INFO     Waiting for application startup.
2019-10-15 21:00:53,273 DEBUG    None - ASGI [1] Started
2019-10-15 21:00:53,273 DEBUG    None - ASGI [1] Sent {'type': 'lifespan.startup'}
2019-10-15 21:00:53,274 DEBUG    None - ASGI [1] Received {'type': 'lifespan.startup.complete'}
2019-10-15 21:01:19,070 DEBUG    ('127.0.0.1', 50904) - Connected
2019-10-15 21:01:19,071 DEBUG    ('127.0.0.1', 50904) - ASGI [2] Started
2019-10-15 21:01:19,072 DEBUG    ('127.0.0.1', 50904) - ASGI [2] Sent {'type': 'http.request', 'body': '<21 bytes>', 'more_body': False}
2019-10-15 21:01:19,075 DEBUG    ('127.0.0.1', 50904) - ASGI [2] Received {'type': 'http.response.start', 'status': 200, 'headers': '<...>'}
2019-10-15 21:01:19,075 INFO     ('127.0.0.1', 50904) - "POST /predict_next HTTP/1.1" 200
2019-10-15 21:01:19,075 DEBUG    ('127.0.0.1', 50904) - ASGI [2] Received {'type': 'http.response.body', 'body': '<15 bytes>'}
2019-10-15 21:01:19,075 DEBUG    ('127.0.0.1', 50904) - ASGI [2] Completed
2019-10-15 21:01:24,076 DEBUG    ('127.0.0.1', 50904) - Disconnected
2019-10-15 21:20:31,208 DEBUG    ('127.0.0.1', 39624) - Connected
2019-10-15 21:20:31,209 DEBUG    ('127.0.0.1', 39626) - Connected
2019-10-15 21:20:31,225 DEBUG    ('127.0.0.1', 39624) - ASGI [3] Started
2019-10-15 21:20:31,226 DEBUG    ('127.0.0.1', 39624) - ASGI [3] Received {'type': 'http.response.start', 'status': 405, 'headers': '<...>'}
2019-10-15 21:20:31,226 INFO     ('127.0.0.1', 39624) - "GET /predict_next HTTP/1.1" 405
2019-10-15 21:20:31,226 DEBUG    ('127.0.0.1', 39624) - ASGI [3] Received {'type': 'http.response.body', 'body': '<31 bytes>'}
2019-10-15 21:20:31,226 DEBUG    ('127.0.0.1', 39624) - ASGI [3] Completed
2019-10-15 21:20:31,307 DEBUG    ('127.0.0.1', 39624) - ASGI [4] Started
2019-10-15 21:20:31,307 DEBUG    ('127.0.0.1', 39624) - ASGI [4] Received {'type': 'http.response.start', 'status': 404, 'headers': '<...>'}
2019-10-15 21:20:31,308 INFO     ('127.0.0.1', 39624) - "GET /favicon.ico HTTP/1.1" 404
2019-10-15 21:20:31,308 DEBUG    ('127.0.0.1', 39624) - ASGI [4] Received {'type': 'http.response.body', 'body': '<22 bytes>'}
2019-10-15 21:20:31,308 DEBUG    ('127.0.0.1', 39624) - ASGI [4] Completed
2019-10-15 21:20:36,308 DEBUG    ('127.0.0.1', 39624) - Disconnected
2019-10-15 21:20:44,488 DEBUG    ('127.0.0.1', 39626) - Disconnected
2019-10-15 22:03:39,037 DEBUG    ('127.0.0.1', 49750) - Connected
2019-10-15 22:03:39,037 WARNING  Invalid HTTP request received.
2019-10-15 22:03:39,037 DEBUG    ('127.0.0.1', 49750) - Disconnected
2019-10-15 22:04:37,011 DEBUG    ('127.0.0.1', 50584) - Connected
2019-10-15 22:04:37,011 DEBUG    ('127.0.0.1', 50586) - Connected
2019-10-15 22:04:37,012 DEBUG    ('127.0.0.1', 50588) - Connected
2019-10-15 22:04:37,012 WARNING  Invalid HTTP request received.
2019-10-15 22:04:37,012 WARNING  Invalid HTTP request received.
2019-10-15 22:04:37,012 DEBUG    ('127.0.0.1', 50584) - Disconnected
2019-10-15 22:04:37,012 DEBUG    ('127.0.0.1', 50586) - Disconnected
2019-10-15 22:04:37,047 DEBUG    ('127.0.0.1', 50590) - Connected
2019-10-15 22:04:37,048 WARNING  Invalid HTTP request received.
2019-10-15 22:04:37,048 DEBUG    ('127.0.0.1', 50590) - Disconnected
2019-10-15 22:04:37,233 DEBUG    ('127.0.0.1', 50592) - Connected
2019-10-15 22:04:37,233 DEBUG    ('127.0.0.1', 50594) - Connected
2019-10-15 22:04:37,233 WARNING  Invalid HTTP request received.
2019-10-15 22:04:37,234 WARNING  Invalid HTTP request received.
2019-10-15 22:04:37,234 DEBUG    ('127.0.0.1', 50592) - Disconnected
2019-10-15 22:04:37,234 DEBUG    ('127.0.0.1', 50594) - Disconnected
2019-10-15 22:04:37,243 DEBUG    ('127.0.0.1', 50596) - Connected
2019-10-15 22:04:37,244 WARNING  Invalid HTTP request received.
2019-10-15 22:04:37,244 DEBUG    ('127.0.0.1', 50596) - Disconnected
2019-10-15 22:04:42,295 DEBUG    ('127.0.0.1', 50656) - Connected
2019-10-15 22:04:42,295 DEBUG    ('127.0.0.1', 50658) - Connected
2019-10-15 22:04:42,296 WARNING  Invalid HTTP request received.
2019-10-15 22:04:42,296 WARNING  Invalid HTTP request received.
2019-10-15 22:04:42,296 DEBUG    ('127.0.0.1', 50656) - Disconnected
2019-10-15 22:04:42,296 DEBUG    ('127.0.0.1', 50658) - Disconnected
2019-10-15 22:04:42,325 DEBUG    ('127.0.0.1', 50660) - Connected
2019-10-15 22:04:42,325 WARNING  Invalid HTTP request received.
2019-10-15 22:04:42,325 DEBUG    ('127.0.0.1', 50660) - Disconnected
2019-10-15 22:04:53,484 DEBUG    ('127.0.0.1', 50588) - Disconnected
2019-10-15 22:05:04,529 DEBUG    ('127.0.0.1', 50996) - Connected
2019-10-15 22:05:04,669 DEBUG    ('127.0.0.1', 50996) - ASGI [5] Started
2019-10-15 22:05:04,671 DEBUG    ('127.0.0.1', 50996) - ASGI [5] Received {'type': 'http.response.start', 'status': 200, 'headers': '<...>'}
2019-10-15 22:05:04,672 INFO     ('127.0.0.1', 50996) - "GET / HTTP/1.1" 200
2019-10-15 22:05:04,672 DEBUG    ('127.0.0.1', 50996) - ASGI [5] Received {'type': 'http.response.body', 'body': '<29 bytes>'}
2019-10-15 22:05:04,672 DEBUG    ('127.0.0.1', 50996) - ASGI [5] Completed
2019-10-15 22:05:04,796 DEBUG    ('127.0.0.1', 50996) - ASGI [6] Started
2019-10-15 22:05:04,796 DEBUG    ('127.0.0.1', 50996) - ASGI [6] Received {'type': 'http.response.start', 'status': 404, 'headers': '<...>'}
2019-10-15 22:05:04,796 INFO     ('127.0.0.1', 50996) - "GET /favicon.ico HTTP/1.1" 404
2019-10-15 22:05:04,797 DEBUG    ('127.0.0.1', 50996) - ASGI [6] Received {'type': 'http.response.body', 'body': '<22 bytes>'}
2019-10-15 22:05:04,797 DEBUG    ('127.0.0.1', 50996) - ASGI [6] Completed
2019-10-15 22:05:09,797 DEBUG    ('127.0.0.1', 50996) - Disconnected
2019-10-15 22:05:12,358 DEBUG    ('127.0.0.1', 51092) - Connected
2019-10-15 22:05:12,359 DEBUG    ('127.0.0.1', 51094) - Connected
2019-10-15 22:05:12,359 WARNING  Invalid HTTP request received.
2019-10-15 22:05:12,359 WARNING  Invalid HTTP request received.
2019-10-15 22:05:12,360 DEBUG    ('127.0.0.1', 51096) - Connected
2019-10-15 22:05:12,360 DEBUG    ('127.0.0.1', 51092) - Disconnected
2019-10-15 22:05:12,360 DEBUG    ('127.0.0.1', 51094) - Disconnected
2019-10-15 22:05:12,391 DEBUG    ('127.0.0.1', 51098) - Connected
2019-10-15 22:05:12,391 WARNING  Invalid HTTP request received.
2019-10-15 22:05:12,391 DEBUG    ('127.0.0.1', 51098) - Disconnected
2019-10-15 22:05:20,293 DEBUG    ('127.0.0.1', 51218) - Connected
2019-10-15 22:05:20,296 DEBUG    ('127.0.0.1', 51096) - ASGI [7] Started
2019-10-15 22:05:20,298 DEBUG    ('127.0.0.1', 51096) - ASGI [7] Received {'type': 'http.response.start', 'status': 200, 'headers': '<...>'}
2019-10-15 22:05:20,298 INFO     ('127.0.0.1', 51096) - "GET / HTTP/1.1" 200
2019-10-15 22:05:20,299 DEBUG    ('127.0.0.1', 51096) - ASGI [7] Received {'type': 'http.response.body', 'body': '<29 bytes>'}
2019-10-15 22:05:20,299 DEBUG    ('127.0.0.1', 51096) - ASGI [7] Completed
2019-10-15 22:05:25,298 DEBUG    ('127.0.0.1', 51096) - Disconnected
2019-10-15 22:05:34,884 DEBUG    ('127.0.0.1', 51218) - Disconnected
2019-10-15 22:05:34,885 DEBUG    ('127.0.0.1', 51442) - Connected
2019-10-15 22:05:34,885 DEBUG    ('127.0.0.1', 51442) - ASGI [8] Started
2019-10-15 22:05:34,886 DEBUG    ('127.0.0.1', 51442) - ASGI [8] Received {'type': 'http.response.start', 'status': 405, 'headers': '<...>'}
2019-10-15 22:05:34,886 INFO     ('127.0.0.1', 51442) - "OPTIONS /predict_next HTTP/1.1" 405
2019-10-15 22:05:34,886 DEBUG    ('127.0.0.1', 51442) - ASGI [8] Received {'type': 'http.response.body', 'body': '<31 bytes>'}
2019-10-15 22:05:34,886 DEBUG    ('127.0.0.1', 51442) - ASGI [8] Completed
2019-10-15 22:05:39,887 DEBUG    ('127.0.0.1', 51442) - Disconnected
2019-10-15 22:11:05,846 DEBUG    ('127.0.0.1', 56404) - Connected
2019-10-15 22:11:05,846 DEBUG    ('127.0.0.1', 56404) - ASGI [9] Started
2019-10-15 22:11:05,847 DEBUG    ('127.0.0.1', 56404) - ASGI [9] Received {'type': 'http.response.start', 'status': 405, 'headers': '<...>'}
2019-10-15 22:11:05,847 INFO     ('127.0.0.1', 56404) - "OPTIONS /predict_next HTTP/1.1" 405
2019-10-15 22:11:05,847 DEBUG    ('127.0.0.1', 56404) - ASGI [9] Received {'type': 'http.response.body', 'body': '<31 bytes>'}
2019-10-15 22:11:05,847 DEBUG    ('127.0.0.1', 56404) - ASGI [9] Completed
2019-10-15 22:11:10,846 DEBUG    ('127.0.0.1', 56404) - Disconnected
2019-10-15 22:11:27,274 DEBUG    ('127.0.0.1', 56724) - Connected
2019-10-15 22:11:27,275 DEBUG    ('127.0.0.1', 56724) - ASGI [10] Started
2019-10-15 22:11:27,275 DEBUG    ('127.0.0.1', 56724) - ASGI [10] Received {'type': 'http.response.start', 'status': 405, 'headers': '<...>'}
2019-10-15 22:11:27,275 INFO     ('127.0.0.1', 56724) - "OPTIONS /predict_next HTTP/1.1" 405
2019-10-15 22:11:27,275 DEBUG    ('127.0.0.1', 56724) - ASGI [10] Received {'type': 'http.response.body', 'body': '<31 bytes>'}
2019-10-15 22:11:27,276 DEBUG    ('127.0.0.1', 56724) - ASGI [10] Completed
2019-10-15 22:11:32,275 DEBUG    ('127.0.0.1', 56724) - Disconnected
2019-10-15 22:11:42,718 DEBUG    ('127.0.0.1', 56950) - Connected
2019-10-15 22:11:42,718 DEBUG    ('127.0.0.1', 56950) - ASGI [11] Started
2019-10-15 22:11:42,719 DEBUG    ('127.0.0.1', 56950) - ASGI [11] Received {'type': 'http.response.start', 'status': 405, 'headers': '<...>'}
2019-10-15 22:11:42,719 INFO     ('127.0.0.1', 56950) - "OPTIONS /predict_next HTTP/1.1" 405
2019-10-15 22:11:42,719 DEBUG    ('127.0.0.1', 56950) - ASGI [11] Received {'type': 'http.response.body', 'body': '<31 bytes>'}
2019-10-15 22:11:42,719 DEBUG    ('127.0.0.1', 56950) - ASGI [11] Completed
2019-10-15 22:11:47,720 DEBUG    ('127.0.0.1', 56950) - Disconnected
2019-10-15 22:12:11,341 DEBUG    ('127.0.0.1', 57374) - Connected
2019-10-15 22:12:11,342 DEBUG    ('127.0.0.1', 57374) - ASGI [12] Started
2019-10-15 22:12:11,342 DEBUG    ('127.0.0.1', 57374) - ASGI [12] Received {'type': 'http.response.start', 'status': 405, 'headers': '<...>'}
2019-10-15 22:12:11,342 INFO     ('127.0.0.1', 57374) - "OPTIONS /predict_next HTTP/1.1" 405
2019-10-15 22:12:11,342 DEBUG    ('127.0.0.1', 57374) - ASGI [12] Received {'type': 'http.response.body', 'body': '<31 bytes>'}
2019-10-15 22:12:11,343 DEBUG    ('127.0.0.1', 57374) - ASGI [12] Completed
2019-10-15 22:12:16,343 DEBUG    ('127.0.0.1', 57374) - Disconnected
2019-10-15 22:13:21,632 DEBUG    ('127.0.0.1', 58416) - Connected
2019-10-15 22:13:21,632 DEBUG    ('127.0.0.1', 58416) - ASGI [13] Started
2019-10-15 22:13:21,633 DEBUG    ('127.0.0.1', 58416) - ASGI [13] Received {'type': 'http.response.start', 'status': 405, 'headers': '<...>'}
2019-10-15 22:13:21,633 INFO     ('127.0.0.1', 58416) - "OPTIONS /predict_next HTTP/1.1" 405
2019-10-15 22:13:21,633 DEBUG    ('127.0.0.1', 58416) - ASGI [13] Received {'type': 'http.response.body', 'body': '<31 bytes>'}
2019-10-15 22:13:21,633 DEBUG    ('127.0.0.1', 58416) - ASGI [13] Completed
2019-10-15 22:13:26,633 DEBUG    ('127.0.0.1', 58416) - Disconnected
2019-10-15 22:13:48,314 DEBUG    ('127.0.0.1', 58792) - Connected
2019-10-15 22:13:48,315 DEBUG    ('127.0.0.1', 58792) - ASGI [14] Started
2019-10-15 22:13:48,315 DEBUG    ('127.0.0.1', 58792) - ASGI [14] Received {'type': 'http.response.start', 'status': 405, 'headers': '<...>'}
2019-10-15 22:13:48,316 INFO     ('127.0.0.1', 58792) - "OPTIONS /predict_next HTTP/1.1" 405
2019-10-15 22:13:48,316 DEBUG    ('127.0.0.1', 58792) - ASGI [14] Received {'type': 'http.response.body', 'body': '<31 bytes>'}
2019-10-15 22:13:48,316 DEBUG    ('127.0.0.1', 58792) - ASGI [14] Completed
2019-10-15 22:13:53,316 DEBUG    ('127.0.0.1', 58792) - Disconnected
2019-10-15 22:16:49,134 DEBUG    ('127.0.0.1', 33262) - Connected
2019-10-15 22:16:49,134 DEBUG    ('127.0.0.1', 33262) - ASGI [15] Started
2019-10-15 22:16:49,135 DEBUG    ('127.0.0.1', 33262) - ASGI [15] Received {'type': 'http.response.start', 'status': 405, 'headers': '<...>'}
2019-10-15 22:16:49,135 INFO     ('127.0.0.1', 33262) - "OPTIONS /predict_next HTTP/1.1" 405
2019-10-15 22:16:49,135 DEBUG    ('127.0.0.1', 33262) - ASGI [15] Received {'type': 'http.response.body', 'body': '<31 bytes>'}
2019-10-15 22:16:49,135 DEBUG    ('127.0.0.1', 33262) - ASGI [15] Completed
2019-10-15 22:16:54,136 DEBUG    ('127.0.0.1', 33262) - Disconnected
2019-10-15 22:17:13,624 DEBUG    ('127.0.0.1', 33644) - Connected
2019-10-15 22:17:13,625 DEBUG    ('127.0.0.1', 33644) - ASGI [16] Started
2019-10-15 22:17:13,625 DEBUG    ('127.0.0.1', 33644) - ASGI [16] Received {'type': 'http.response.start', 'status': 405, 'headers': '<...>'}
2019-10-15 22:17:13,625 INFO     ('127.0.0.1', 33644) - "OPTIONS /predict_next HTTP/1.1" 405
2019-10-15 22:17:13,625 DEBUG    ('127.0.0.1', 33644) - ASGI [16] Received {'type': 'http.response.body', 'body': '<31 bytes>'}
2019-10-15 22:17:13,626 DEBUG    ('127.0.0.1', 33644) - ASGI [16] Completed
2019-10-15 22:17:18,626 DEBUG    ('127.0.0.1', 33644) - Disconnected
2019-10-15 22:18:52,378 DEBUG    ('127.0.0.1', 35096) - Connected
2019-10-15 22:18:52,378 DEBUG    ('127.0.0.1', 35096) - ASGI [17] Started
2019-10-15 22:18:52,379 DEBUG    ('127.0.0.1', 35096) - ASGI [17] Received {'type': 'http.response.start', 'status': 405, 'headers': '<...>'}
2019-10-15 22:18:52,379 INFO     ('127.0.0.1', 35096) - "OPTIONS /predict_next HTTP/1.1" 405
2019-10-15 22:18:52,379 DEBUG    ('127.0.0.1', 35096) - ASGI [17] Received {'type': 'http.response.body', 'body': '<31 bytes>'}
2019-10-15 22:18:52,379 DEBUG    ('127.0.0.1', 35096) - ASGI [17] Completed
2019-10-15 22:18:57,380 DEBUG    ('127.0.0.1', 35096) - Disconnected
2019-10-15 22:19:18,283 DEBUG    ('127.0.0.1', 35476) - Connected
2019-10-15 22:19:18,283 DEBUG    ('127.0.0.1', 35476) - ASGI [18] Started
2019-10-15 22:19:18,284 DEBUG    ('127.0.0.1', 35476) - ASGI [18] Received {'type': 'http.response.start', 'status': 405, 'headers': '<...>'}
2019-10-15 22:19:18,284 INFO     ('127.0.0.1', 35476) - "OPTIONS /predict_next HTTP/1.1" 405
2019-10-15 22:19:18,284 DEBUG    ('127.0.0.1', 35476) - ASGI [18] Received {'type': 'http.response.body', 'body': '<31 bytes>'}
2019-10-15 22:19:18,284 DEBUG    ('127.0.0.1', 35476) - ASGI [18] Completed
2019-10-15 22:19:23,284 DEBUG    ('127.0.0.1', 35476) - Disconnected
2019-10-15 22:19:33,968 DEBUG    ('127.0.0.1', 35720) - Connected
2019-10-15 22:19:33,968 DEBUG    ('127.0.0.1', 35720) - ASGI [19] Started
2019-10-15 22:19:33,969 DEBUG    ('127.0.0.1', 35720) - ASGI [19] Received {'type': 'http.response.start', 'status': 405, 'headers': '<...>'}
2019-10-15 22:19:33,969 INFO     ('127.0.0.1', 35720) - "OPTIONS /predict_next HTTP/1.1" 405
2019-10-15 22:19:33,969 DEBUG    ('127.0.0.1', 35720) - ASGI [19] Received {'type': 'http.response.body', 'body': '<31 bytes>'}
2019-10-15 22:19:33,969 DEBUG    ('127.0.0.1', 35720) - ASGI [19] Completed
2019-10-15 22:19:38,970 DEBUG    ('127.0.0.1', 35720) - Disconnected
2019-10-15 22:21:51,024 DEBUG    ('127.0.0.1', 37744) - Connected
2019-10-15 22:21:51,025 DEBUG    ('127.0.0.1', 37744) - ASGI [20] Started
2019-10-15 22:21:51,025 DEBUG    ('127.0.0.1', 37744) - ASGI [20] Received {'type': 'http.response.start', 'status': 405, 'headers': '<...>'}
2019-10-15 22:21:51,025 INFO     ('127.0.0.1', 37744) - "OPTIONS /predict_next HTTP/1.1" 405
2019-10-15 22:21:51,026 DEBUG    ('127.0.0.1', 37744) - ASGI [20] Received {'type': 'http.response.body', 'body': '<31 bytes>'}
2019-10-15 22:21:51,026 DEBUG    ('127.0.0.1', 37744) - ASGI [20] Completed
2019-10-15 22:21:56,026 DEBUG    ('127.0.0.1', 37744) - Disconnected
2019-10-15 22:22:09,238 DEBUG    ('127.0.0.1', 38010) - Connected
2019-10-15 22:22:09,238 DEBUG    ('127.0.0.1', 38010) - ASGI [21] Started
2019-10-15 22:22:09,239 DEBUG    ('127.0.0.1', 38010) - ASGI [21] Received {'type': 'http.response.start', 'status': 405, 'headers': '<...>'}
2019-10-15 22:22:09,239 INFO     ('127.0.0.1', 38010) - "OPTIONS /predict_next HTTP/1.1" 405
2019-10-15 22:22:09,239 DEBUG    ('127.0.0.1', 38010) - ASGI [21] Received {'type': 'http.response.body', 'body': '<31 bytes>'}
2019-10-15 22:22:09,239 DEBUG    ('127.0.0.1', 38010) - ASGI [21] Completed
2019-10-15 22:22:14,239 DEBUG    ('127.0.0.1', 38010) - Disconnected
2019-10-15 22:22:44,251 DEBUG    ('127.0.0.1', 38544) - Connected
2019-10-15 22:22:44,252 DEBUG    ('127.0.0.1', 38544) - ASGI [22] Started
2019-10-15 22:22:44,252 DEBUG    ('127.0.0.1', 38544) - ASGI [22] Received {'type': 'http.response.start', 'status': 405, 'headers': '<...>'}
2019-10-15 22:22:44,252 INFO     ('127.0.0.1', 38544) - "OPTIONS /predict_next HTTP/1.1" 405
2019-10-15 22:22:44,252 DEBUG    ('127.0.0.1', 38544) - ASGI [22] Received {'type': 'http.response.body', 'body': '<31 bytes>'}
2019-10-15 22:22:44,252 DEBUG    ('127.0.0.1', 38544) - ASGI [22] Completed
2019-10-15 22:22:49,253 DEBUG    ('127.0.0.1', 38544) - Disconnected
2019-10-15 22:22:54,011 DEBUG    ('127.0.0.1', 38680) - Connected
2019-10-15 22:22:54,011 DEBUG    ('127.0.0.1', 38680) - ASGI [23] Started
2019-10-15 22:22:54,012 DEBUG    ('127.0.0.1', 38680) - ASGI [23] Received {'type': 'http.response.start', 'status': 405, 'headers': '<...>'}
2019-10-15 22:22:54,012 INFO     ('127.0.0.1', 38680) - "OPTIONS /predict_next HTTP/1.1" 405
2019-10-15 22:22:54,012 DEBUG    ('127.0.0.1', 38680) - ASGI [23] Received {'type': 'http.response.body', 'body': '<31 bytes>'}
2019-10-15 22:22:54,012 DEBUG    ('127.0.0.1', 38680) - ASGI [23] Completed
2019-10-15 22:22:59,013 DEBUG    ('127.0.0.1', 38680) - Disconnected
2019-10-16 07:48:22,361 DEBUG    ('127.0.0.1', 53190) - Connected
2019-10-16 07:48:22,361 DEBUG    ('127.0.0.1', 53190) - ASGI [24] Started
2019-10-16 07:48:22,362 DEBUG    ('127.0.0.1', 53190) - ASGI [24] Received {'type': 'http.response.start', 'status': 405, 'headers': '<...>'}
2019-10-16 07:48:22,362 INFO     ('127.0.0.1', 53190) - "OPTIONS /predict_next HTTP/1.1" 405
2019-10-16 07:48:22,362 DEBUG    ('127.0.0.1', 53190) - ASGI [24] Received {'type': 'http.response.body', 'body': '<31 bytes>'}
2019-10-16 07:48:22,362 DEBUG    ('127.0.0.1', 53190) - ASGI [24] Completed
2019-10-16 07:48:27,362 DEBUG    ('127.0.0.1', 53190) - Disconnected
2019-10-16 07:49:54,517 DEBUG    ('127.0.0.1', 54570) - Connected
2019-10-16 07:49:54,518 DEBUG    ('127.0.0.1', 54570) - ASGI [25] Started
2019-10-16 07:49:54,518 DEBUG    ('127.0.0.1', 54570) - ASGI [25] Received {'type': 'http.response.start', 'status': 405, 'headers': '<...>'}
2019-10-16 07:49:54,518 INFO     ('127.0.0.1', 54570) - "OPTIONS /predict_next HTTP/1.1" 405
2019-10-16 07:49:54,519 DEBUG    ('127.0.0.1', 54570) - ASGI [25] Received {'type': 'http.response.body', 'body': '<31 bytes>'}
2019-10-16 07:49:54,519 DEBUG    ('127.0.0.1', 54570) - ASGI [25] Completed
2019-10-16 07:49:59,518 DEBUG    ('127.0.0.1', 54570) - Disconnected
2019-10-16 08:13:29,222 DEBUG    ('127.0.0.1', 44264) - Connected
2019-10-16 08:13:29,223 DEBUG    ('127.0.0.1', 44264) - ASGI [26] Started
2019-10-16 08:13:29,223 DEBUG    ('127.0.0.1', 44264) - ASGI [26] Received {'type': 'http.response.start', 'status': 405, 'headers': '<...>'}
2019-10-16 08:13:29,223 INFO     ('127.0.0.1', 44264) - "OPTIONS /predict_next HTTP/1.1" 405
2019-10-16 08:13:29,224 DEBUG    ('127.0.0.1', 44264) - ASGI [26] Received {'type': 'http.response.body', 'body': '<31 bytes>'}
2019-10-16 08:13:29,224 DEBUG    ('127.0.0.1', 44264) - ASGI [26] Completed
2019-10-16 08:13:34,224 DEBUG    ('127.0.0.1', 44264) - Disconnected
2019-10-16 08:13:46,989 DEBUG    ('127.0.0.1', 44690) - Connected
2019-10-16 08:13:46,990 DEBUG    ('127.0.0.1', 44690) - ASGI [27] Started
2019-10-16 08:13:46,990 DEBUG    ('127.0.0.1', 44690) - ASGI [27] Received {'type': 'http.response.start', 'status': 405, 'headers': '<...>'}
2019-10-16 08:13:46,990 INFO     ('127.0.0.1', 44690) - "OPTIONS /predict_next HTTP/1.1" 405
2019-10-16 08:13:46,990 DEBUG    ('127.0.0.1', 44690) - ASGI [27] Received {'type': 'http.response.body', 'body': '<31 bytes>'}
2019-10-16 08:13:46,991 DEBUG    ('127.0.0.1', 44690) - ASGI [27] Completed
2019-10-16 08:13:51,990 DEBUG    ('127.0.0.1', 44690) - Disconnected
2019-10-16 08:14:03,931 DEBUG    ('127.0.0.1', 45094) - Connected
2019-10-16 08:14:03,932 DEBUG    ('127.0.0.1', 45094) - ASGI [28] Started
2019-10-16 08:14:03,933 DEBUG    ('127.0.0.1', 45094) - ASGI [28] Received {'type': 'http.response.start', 'status': 405, 'headers': '<...>'}
2019-10-16 08:14:03,933 INFO     ('127.0.0.1', 45094) - "OPTIONS /predict_next HTTP/1.1" 405
2019-10-16 08:14:03,933 DEBUG    ('127.0.0.1', 45094) - ASGI [28] Received {'type': 'http.response.body', 'body': '<31 bytes>'}
2019-10-16 08:14:03,933 DEBUG    ('127.0.0.1', 45094) - ASGI [28] Completed
2019-10-16 08:14:08,934 DEBUG    ('127.0.0.1', 45094) - Disconnected
2019-10-16 08:14:21,656 DEBUG    ('127.0.0.1', 45496) - Connected
2019-10-16 08:14:21,657 DEBUG    ('127.0.0.1', 45496) - ASGI [29] Started
2019-10-16 08:14:21,657 DEBUG    ('127.0.0.1', 45496) - ASGI [29] Sent {'type': 'http.request', 'body': '<21 bytes>', 'more_body': False}
2019-10-16 08:14:21,658 DEBUG    ('127.0.0.1', 45496) - ASGI [29] Received {'type': 'http.response.start', 'status': 200, 'headers': '<...>'}
2019-10-16 08:14:21,658 INFO     ('127.0.0.1', 45496) - "POST /predict_next HTTP/1.1" 200
2019-10-16 08:14:21,658 DEBUG    ('127.0.0.1', 45496) - ASGI [29] Received {'type': 'http.response.body', 'body': '<15 bytes>'}
2019-10-16 08:14:21,658 DEBUG    ('127.0.0.1', 45496) - ASGI [29] Completed
2019-10-16 08:14:26,659 DEBUG    ('127.0.0.1', 45496) - Disconnected
2019-10-16 08:15:03,967 DEBUG    ('127.0.0.1', 46500) - Connected
2019-10-16 08:15:03,968 DEBUG    ('127.0.0.1', 46500) - ASGI [30] Started
2019-10-16 08:15:03,968 DEBUG    ('127.0.0.1', 46500) - ASGI [30] Sent {'type': 'http.request', 'body': '<21 bytes>', 'more_body': False}
2019-10-16 08:15:03,969 DEBUG    ('127.0.0.1', 46500) - ASGI [30] Received {'type': 'http.response.start', 'status': 200, 'headers': '<...>'}
2019-10-16 08:15:03,969 INFO     ('127.0.0.1', 46500) - "POST /predict_next HTTP/1.1" 200
2019-10-16 08:15:03,969 DEBUG    ('127.0.0.1', 46500) - ASGI [30] Received {'type': 'http.response.body', 'body': '<15 bytes>'}
2019-10-16 08:15:03,969 DEBUG    ('127.0.0.1', 46500) - ASGI [30] Completed
2019-10-16 08:15:08,970 DEBUG    ('127.0.0.1', 46500) - Disconnected
2019-10-16 08:17:16,288 DEBUG    ('127.0.0.1', 49584) - Connected
2019-10-16 08:17:16,289 DEBUG    ('127.0.0.1', 49584) - ASGI [31] Started
2019-10-16 08:17:16,289 DEBUG    ('127.0.0.1', 49584) - ASGI [31] Received {'type': 'http.response.start', 'status': 405, 'headers': '<...>'}
2019-10-16 08:17:16,289 INFO     ('127.0.0.1', 49584) - "OPTIONS /predict_next HTTP/1.1" 405
2019-10-16 08:17:16,289 DEBUG    ('127.0.0.1', 49584) - ASGI [31] Received {'type': 'http.response.body', 'body': '<31 bytes>'}
2019-10-16 08:17:16,289 DEBUG    ('127.0.0.1', 49584) - ASGI [31] Completed
2019-10-16 08:17:21,290 DEBUG    ('127.0.0.1', 49584) - Disconnected
2019-10-16 08:23:24,968 DEBUG    ('127.0.0.1', 58164) - Connected
2019-10-16 08:23:24,968 DEBUG    ('127.0.0.1', 58164) - ASGI [32] Started
2019-10-16 08:23:24,968 DEBUG    ('127.0.0.1', 58164) - ASGI [32] Sent {'type': 'http.request', 'body': '<21 bytes>', 'more_body': False}
2019-10-16 08:23:24,969 DEBUG    ('127.0.0.1', 58164) - ASGI [32] Received {'type': 'http.response.start', 'status': 200, 'headers': '<...>'}
2019-10-16 08:23:24,969 INFO     ('127.0.0.1', 58164) - "POST /predict_next HTTP/1.1" 200
2019-10-16 08:23:24,970 DEBUG    ('127.0.0.1', 58164) - ASGI [32] Received {'type': 'http.response.body', 'body': '<15 bytes>'}
2019-10-16 08:23:24,970 DEBUG    ('127.0.0.1', 58164) - ASGI [32] Completed
2019-10-16 08:23:29,969 DEBUG    ('127.0.0.1', 58164) - Disconnected
2019-10-16 08:25:14,911 DEBUG    ('127.0.0.1', 60794) - Connected
2019-10-16 08:25:14,911 DEBUG    ('127.0.0.1', 60794) - ASGI [33] Started
2019-10-16 08:25:14,912 DEBUG    ('127.0.0.1', 60794) - ASGI [33] Sent {'type': 'http.request', 'body': '<21 bytes>', 'more_body': False}
2019-10-16 08:25:14,912 DEBUG    ('127.0.0.1', 60794) - ASGI [33] Received {'type': 'http.response.start', 'status': 200, 'headers': '<...>'}
2019-10-16 08:25:14,912 INFO     ('127.0.0.1', 60794) - "POST /predict_next HTTP/1.1" 200
2019-10-16 08:25:14,913 DEBUG    ('127.0.0.1', 60794) - ASGI [33] Received {'type': 'http.response.body', 'body': '<15 bytes>'}
2019-10-16 08:25:14,913 DEBUG    ('127.0.0.1', 60794) - ASGI [33] Completed
2019-10-16 08:25:19,912 DEBUG    ('127.0.0.1', 60794) - Disconnected
2019-10-16 08:25:58,889 INFO     Shutting down
2019-10-16 08:25:58,992 INFO     Waiting for application shutdown.
2019-10-16 08:25:58,993 DEBUG    None - ASGI [1] Sent {'type': 'lifespan.shutdown'}
2019-10-16 08:25:58,993 DEBUG    None - ASGI [1] Received {'type': 'lifespan.shutdown.complete'}
2019-10-16 08:25:58,993 DEBUG    None - ASGI [1] Completed
2019-10-16 08:25:58,993 INFO     Finished server process [36307]
2019-10-16 08:26:00,008 INFO     Started server process [118229]
2019-10-16 08:26:00,008 INFO     Waiting for application startup.
2019-10-16 08:26:00,009 DEBUG    None - ASGI [1] Started
2019-10-16 08:26:00,009 DEBUG    None - ASGI [1] Sent {'type': 'lifespan.startup'}
2019-10-16 08:26:00,009 DEBUG    None - ASGI [1] Received {'type': 'lifespan.startup.complete'}
2019-10-16 08:26:09,036 DEBUG    ('127.0.0.1', 33806) - Connected
2019-10-16 08:26:09,037 DEBUG    ('127.0.0.1', 33806) - ASGI [2] Started
2019-10-16 08:26:09,038 DEBUG    ('127.0.0.1', 33806) - ASGI [2] Sent {'type': 'http.request', 'body': '<21 bytes>', 'more_body': False}
2019-10-16 08:26:09,041 DEBUG    ('127.0.0.1', 33806) - ASGI [2] Received {'type': 'http.response.start', 'status': 200, 'headers': '<...>'}
2019-10-16 08:26:09,041 INFO     ('127.0.0.1', 33806) - "POST /predict_next HTTP/1.1" 200
2019-10-16 08:26:09,041 DEBUG    ('127.0.0.1', 33806) - ASGI [2] Received {'type': 'http.response.body', 'body': '<15 bytes>'}
2019-10-16 08:26:09,041 DEBUG    ('127.0.0.1', 33806) - ASGI [2] Completed
2019-10-16 08:26:14,045 DEBUG    ('127.0.0.1', 33806) - Disconnected
2019-10-16 08:27:17,223 INFO     Shutting down
2019-10-16 08:27:17,324 INFO     Waiting for application shutdown.
2019-10-16 08:27:17,325 DEBUG    None - ASGI [1] Sent {'type': 'lifespan.shutdown'}
2019-10-16 08:27:17,325 DEBUG    None - ASGI [1] Received {'type': 'lifespan.shutdown.complete'}
2019-10-16 08:27:17,325 DEBUG    None - ASGI [1] Completed
2019-10-16 08:27:17,325 INFO     Finished server process [118229]
2019-10-16 08:27:18,245 INFO     Started server process [119129]
2019-10-16 08:27:18,246 INFO     Waiting for application startup.
2019-10-16 08:27:18,246 DEBUG    None - ASGI [1] Started
2019-10-16 08:27:18,246 DEBUG    None - ASGI [1] Sent {'type': 'lifespan.startup'}
2019-10-16 08:27:18,246 DEBUG    None - ASGI [1] Received {'type': 'lifespan.startup.complete'}
2019-10-16 08:27:30,116 DEBUG    ('127.0.0.1', 35684) - Connected
2019-10-16 08:27:30,117 DEBUG    ('127.0.0.1', 35684) - ASGI [2] Started
2019-10-16 08:27:30,118 DEBUG    ('127.0.0.1', 35684) - ASGI [2] Sent {'type': 'http.request', 'body': '<21 bytes>', 'more_body': False}
2019-10-16 08:27:30,147 DEBUG    ('127.0.0.1', 35684) - ASGI [2] Received {'type': 'http.response.start', 'status': 200, 'headers': '<...>'}
2019-10-16 08:27:30,147 INFO     ('127.0.0.1', 35684) - "POST /predict_next HTTP/1.1" 200
2019-10-16 08:27:30,148 DEBUG    ('127.0.0.1', 35684) - ASGI [2] Received {'type': 'http.response.body', 'body': '<15 bytes>'}
2019-10-16 08:27:30,148 DEBUG    ('127.0.0.1', 35684) - ASGI [2] Completed
2019-10-16 08:27:35,148 DEBUG    ('127.0.0.1', 35684) - Disconnected
2019-10-16 08:29:40,482 INFO     Shutting down
2019-10-16 08:29:40,583 INFO     Waiting for application shutdown.
2019-10-16 08:29:40,583 DEBUG    None - ASGI [1] Sent {'type': 'lifespan.shutdown'}
2019-10-16 08:29:40,583 DEBUG    None - ASGI [1] Received {'type': 'lifespan.shutdown.complete'}
2019-10-16 08:29:40,583 DEBUG    None - ASGI [1] Completed
2019-10-16 08:29:40,584 INFO     Finished server process [119129]
2019-10-16 08:29:49,531 INFO     Started server process [120896]
2019-10-16 08:29:49,532 INFO     Waiting for application startup.
2019-10-16 08:29:49,532 DEBUG    None - ASGI [1] Started
2019-10-16 08:29:49,532 DEBUG    None - ASGI [1] Sent {'type': 'lifespan.startup'}
2019-10-16 08:29:49,532 DEBUG    None - ASGI [1] Received {'type': 'lifespan.startup.complete'}
2019-10-16 08:30:29,616 DEBUG    ('127.0.0.1', 38480) - Connected
2019-10-16 08:30:29,618 DEBUG    ('127.0.0.1', 38480) - ASGI [2] Started
2019-10-16 08:30:29,618 DEBUG    ('127.0.0.1', 38480) - ASGI [2] Sent {'type': 'http.request', 'body': '<21 bytes>', 'more_body': False}
2019-10-16 08:30:29,624 DEBUG    ('127.0.0.1', 38480) - ASGI [2] Received {'type': 'http.response.start', 'status': 500, 'headers': '<...>'}
2019-10-16 08:30:29,624 INFO     ('127.0.0.1', 38480) - "POST /predict_next HTTP/1.1" 500
2019-10-16 08:30:29,624 DEBUG    ('127.0.0.1', 38480) - ASGI [2] Received {'type': 'http.response.body', 'body': '<21 bytes>'}
2019-10-16 08:30:29,624 DEBUG    ('127.0.0.1', 38480) - ASGI [2] Raised exception
2019-10-16 08:30:29,624 ERROR    Exception in ASGI application
Traceback (most recent call last):
  File "/mnt/ssd2/anaconda3/envs/netAenv/lib/python3.6/site-packages/uvicorn/protocols/http/httptools_impl.py", line 375, in run_asgi
    result = await app(self.scope, self.receive, self.send)
  File "/mnt/ssd2/anaconda3/envs/netAenv/lib/python3.6/site-packages/uvicorn/middleware/message_logger.py", line 58, in __call__
    raise exc from None
  File "/mnt/ssd2/anaconda3/envs/netAenv/lib/python3.6/site-packages/uvicorn/middleware/message_logger.py", line 54, in __call__
    await self.app(scope, inner_receive, inner_send)
  File "/mnt/ssd2/anaconda3/envs/netAenv/lib/python3.6/site-packages/fastapi/applications.py", line 139, in __call__
    await super().__call__(scope, receive, send)
  File "/mnt/ssd2/anaconda3/envs/netAenv/lib/python3.6/site-packages/starlette/applications.py", line 134, in __call__
    await self.error_middleware(scope, receive, send)
  File "/mnt/ssd2/anaconda3/envs/netAenv/lib/python3.6/site-packages/starlette/middleware/errors.py", line 178, in __call__
    raise exc from None
  File "/mnt/ssd2/anaconda3/envs/netAenv/lib/python3.6/site-packages/starlette/middleware/errors.py", line 156, in __call__
    await self.app(scope, receive, _send)
  File "/mnt/ssd2/anaconda3/envs/netAenv/lib/python3.6/site-packages/starlette/exceptions.py", line 73, in __call__
    raise exc from None
  File "/mnt/ssd2/anaconda3/envs/netAenv/lib/python3.6/site-packages/starlette/exceptions.py", line 62, in __call__
    await self.app(scope, receive, sender)
  File "/mnt/ssd2/anaconda3/envs/netAenv/lib/python3.6/site-packages/starlette/routing.py", line 590, in __call__
    await route(scope, receive, send)
  File "/mnt/ssd2/anaconda3/envs/netAenv/lib/python3.6/site-packages/starlette/routing.py", line 208, in __call__
    await self.app(scope, receive, send)
  File "/mnt/ssd2/anaconda3/envs/netAenv/lib/python3.6/site-packages/starlette/routing.py", line 41, in app
    response = await func(request)
  File "/mnt/ssd2/anaconda3/envs/netAenv/lib/python3.6/site-packages/fastapi/routing.py", line 111, in app
    raw_response = await dependant.call(**values)
  File "./main.py", line 31, in read_item
    logging.debug("received items: "+','.join(items.item_list))
TypeError: sequence item 0: expected str instance, int found
2019-10-16 08:30:29,634 DEBUG    ('127.0.0.1', 38480) - Disconnected
2019-10-16 08:30:52,074 INFO     Shutting down
2019-10-16 08:30:52,175 INFO     Waiting for application shutdown.
2019-10-16 08:30:52,175 DEBUG    None - ASGI [1] Sent {'type': 'lifespan.shutdown'}
2019-10-16 08:30:52,176 DEBUG    None - ASGI [1] Received {'type': 'lifespan.shutdown.complete'}
2019-10-16 08:30:52,176 DEBUG    None - ASGI [1] Completed
2019-10-16 08:30:52,176 INFO     Finished server process [120896]
2019-10-16 08:31:34,161 INFO     Started server process [122327]
2019-10-16 08:31:34,162 INFO     Waiting for application startup.
2019-10-16 08:31:34,162 DEBUG    None - ASGI [1] Started
2019-10-16 08:31:34,162 DEBUG    None - ASGI [1] Sent {'type': 'lifespan.startup'}
2019-10-16 08:31:34,162 DEBUG    None - ASGI [1] Received {'type': 'lifespan.startup.complete'}
2019-10-16 08:32:16,754 DEBUG    ('127.0.0.1', 40152) - Connected
2019-10-16 08:32:16,755 DEBUG    ('127.0.0.1', 40152) - ASGI [2] Started
2019-10-16 08:32:16,755 DEBUG    ('127.0.0.1', 40152) - ASGI [2] Sent {'type': 'http.request', 'body': '<21 bytes>', 'more_body': False}
2019-10-16 08:32:16,756 DEBUG    received items: 1,2,3
2019-10-16 08:32:16,760 DEBUG    ('127.0.0.1', 40152) - ASGI [2] Received {'type': 'http.response.start', 'status': 200, 'headers': '<...>'}
2019-10-16 08:32:16,760 INFO     ('127.0.0.1', 40152) - "POST /predict_next HTTP/1.1" 200
2019-10-16 08:32:16,761 DEBUG    ('127.0.0.1', 40152) - ASGI [2] Received {'type': 'http.response.body', 'body': '<15 bytes>'}
2019-10-16 08:32:16,761 DEBUG    ('127.0.0.1', 40152) - ASGI [2] Completed
2019-10-16 08:32:21,760 DEBUG    ('127.0.0.1', 40152) - Disconnected
2019-10-16 08:32:31,889 DEBUG    ('127.0.0.1', 40398) - Connected
2019-10-16 08:32:31,889 DEBUG    ('127.0.0.1', 40398) - ASGI [3] Started
2019-10-16 08:32:31,890 DEBUG    ('127.0.0.1', 40398) - ASGI [3] Sent {'type': 'http.request', 'body': '<21 bytes>', 'more_body': False}
2019-10-16 08:32:31,890 DEBUG    received items: 1,2,3
2019-10-16 08:32:31,891 DEBUG    ('127.0.0.1', 40398) - ASGI [3] Received {'type': 'http.response.start', 'status': 200, 'headers': '<...>'}
2019-10-16 08:32:31,891 INFO     ('127.0.0.1', 40398) - "POST /predict_next HTTP/1.1" 200
2019-10-16 08:32:31,891 DEBUG    ('127.0.0.1', 40398) - ASGI [3] Received {'type': 'http.response.body', 'body': '<15 bytes>'}
2019-10-16 08:32:31,891 DEBUG    ('127.0.0.1', 40398) - ASGI [3] Completed
2019-10-16 08:32:34,928 DEBUG    ('127.0.0.1', 40398) - ASGI [4] Started
2019-10-16 08:32:34,929 DEBUG    ('127.0.0.1', 40398) - ASGI [4] Sent {'type': 'http.request', 'body': '<21 bytes>', 'more_body': False}
2019-10-16 08:32:34,929 DEBUG    received items: 1,2,3
2019-10-16 08:32:34,930 DEBUG    ('127.0.0.1', 40398) - ASGI [4] Received {'type': 'http.response.start', 'status': 200, 'headers': '<...>'}
2019-10-16 08:32:34,930 INFO     ('127.0.0.1', 40398) - "POST /predict_next HTTP/1.1" 200
2019-10-16 08:32:34,930 DEBUG    ('127.0.0.1', 40398) - ASGI [4] Received {'type': 'http.response.body', 'body': '<15 bytes>'}
2019-10-16 08:32:34,930 DEBUG    ('127.0.0.1', 40398) - ASGI [4] Completed
2019-10-16 08:32:39,931 DEBUG    ('127.0.0.1', 40398) - Disconnected
2019-10-16 08:36:11,765 INFO     Shutting down
2019-10-16 08:36:11,869 INFO     Waiting for application shutdown.
2019-10-16 08:36:11,869 DEBUG    None - ASGI [1] Sent {'type': 'lifespan.shutdown'}
2019-10-16 08:36:11,869 DEBUG    None - ASGI [1] Received {'type': 'lifespan.shutdown.complete'}
2019-10-16 08:36:11,870 DEBUG    None - ASGI [1] Completed
2019-10-16 08:36:11,870 INFO     Finished server process [122327]
2019-10-16 08:36:12,614 INFO     Started server process [125838]
2019-10-16 08:36:12,614 INFO     Waiting for application startup.
2019-10-16 08:36:12,614 DEBUG    None - ASGI [1] Started
2019-10-16 08:36:12,614 DEBUG    None - ASGI [1] Sent {'type': 'lifespan.startup'}
2019-10-16 08:36:12,614 DEBUG    None - ASGI [1] Received {'type': 'lifespan.startup.complete'}
2019-10-16 09:03:05,090 DEBUG    ('127.0.0.1', 51400) - Connected
2019-10-16 09:03:05,092 DEBUG    ('127.0.0.1', 51400) - ASGI [2] Started
2019-10-16 09:03:05,092 DEBUG    ('127.0.0.1', 51400) - ASGI [2] Sent {'type': 'http.request', 'body': '<21 bytes>', 'more_body': False}
2019-10-16 09:03:05,093 DEBUG    received items: 1,2,3
2019-10-16 09:03:05,103 DEBUG    ('127.0.0.1', 51400) - ASGI [2] Received {'type': 'http.response.start', 'status': 200, 'headers': '<...>'}
2019-10-16 09:03:05,103 INFO     ('127.0.0.1', 51400) - "POST /predict_next HTTP/1.1" 200
2019-10-16 09:03:05,104 DEBUG    ('127.0.0.1', 51400) - ASGI [2] Received {'type': 'http.response.body', 'body': '<15 bytes>'}
2019-10-16 09:03:05,104 DEBUG    ('127.0.0.1', 51400) - ASGI [2] Completed
2019-10-16 09:03:10,104 DEBUG    ('127.0.0.1', 51400) - Disconnected
2019-10-16 09:03:52,255 DEBUG    ('127.0.0.1', 52490) - Connected
2019-10-16 09:03:52,256 DEBUG    ('127.0.0.1', 52490) - ASGI [3] Started
2019-10-16 09:03:52,256 DEBUG    ('127.0.0.1', 52490) - ASGI [3] Sent {'type': 'http.request', 'body': '<21 bytes>', 'more_body': False}
2019-10-16 09:03:52,257 DEBUG    received items: 1,2,3
2019-10-16 09:03:52,257 DEBUG    ('127.0.0.1', 52490) - ASGI [3] Received {'type': 'http.response.start', 'status': 200, 'headers': '<...>'}
2019-10-16 09:03:52,258 INFO     ('127.0.0.1', 52490) - "POST /predict_next HTTP/1.1" 200
2019-10-16 09:03:52,258 DEBUG    ('127.0.0.1', 52490) - ASGI [3] Received {'type': 'http.response.body', 'body': '<15 bytes>'}
2019-10-16 09:03:52,258 DEBUG    ('127.0.0.1', 52490) - ASGI [3] Completed
2019-10-16 09:03:57,257 DEBUG    ('127.0.0.1', 52490) - Disconnected
2019-10-16 09:04:16,220 DEBUG    ('127.0.0.1', 53032) - Connected
2019-10-16 09:04:16,220 DEBUG    ('127.0.0.1', 53032) - ASGI [4] Started
2019-10-16 09:04:16,221 DEBUG    ('127.0.0.1', 53032) - ASGI [4] Sent {'type': 'http.request', 'body': '<21 bytes>', 'more_body': False}
2019-10-16 09:04:16,221 DEBUG    received items: 1,2,3
2019-10-16 09:04:16,222 DEBUG    ('127.0.0.1', 53032) - ASGI [4] Received {'type': 'http.response.start', 'status': 200, 'headers': '<...>'}
2019-10-16 09:04:16,222 INFO     ('127.0.0.1', 53032) - "POST /predict_next HTTP/1.1" 200
2019-10-16 09:04:16,222 DEBUG    ('127.0.0.1', 53032) - ASGI [4] Received {'type': 'http.response.body', 'body': '<15 bytes>'}
2019-10-16 09:04:16,222 DEBUG    ('127.0.0.1', 53032) - ASGI [4] Completed
2019-10-16 09:04:21,222 DEBUG    ('127.0.0.1', 53032) - Disconnected
2019-10-16 09:07:44,130 DEBUG    ('127.0.0.1', 57840) - Connected
2019-10-16 09:07:44,131 DEBUG    ('127.0.0.1', 57840) - ASGI [5] Started
2019-10-16 09:07:44,131 DEBUG    ('127.0.0.1', 57840) - ASGI [5] Sent {'type': 'http.request', 'body': '<21 bytes>', 'more_body': False}
2019-10-16 09:07:44,132 DEBUG    received items: 1,2,3
2019-10-16 09:07:44,132 DEBUG    ('127.0.0.1', 57840) - ASGI [5] Received {'type': 'http.response.start', 'status': 200, 'headers': '<...>'}
2019-10-16 09:07:44,132 INFO     ('127.0.0.1', 57840) - "POST /predict_next HTTP/1.1" 200
2019-10-16 09:07:44,132 DEBUG    ('127.0.0.1', 57840) - ASGI [5] Received {'type': 'http.response.body', 'body': '<15 bytes>'}
2019-10-16 09:07:44,133 DEBUG    ('127.0.0.1', 57840) - ASGI [5] Completed
2019-10-16 09:07:49,133 DEBUG    ('127.0.0.1', 57840) - Disconnected
2019-10-16 09:08:18,664 DEBUG    ('127.0.0.1', 58644) - Connected
2019-10-16 09:08:18,665 DEBUG    ('127.0.0.1', 58644) - ASGI [6] Started
2019-10-16 09:08:18,665 DEBUG    ('127.0.0.1', 58644) - ASGI [6] Sent {'type': 'http.request', 'body': '<21 bytes>', 'more_body': False}
2019-10-16 09:08:18,666 DEBUG    received items: 1,2,3
2019-10-16 09:08:18,666 DEBUG    ('127.0.0.1', 58644) - ASGI [6] Received {'type': 'http.response.start', 'status': 200, 'headers': '<...>'}
2019-10-16 09:08:18,666 INFO     ('127.0.0.1', 58644) - "POST /predict_next HTTP/1.1" 200
2019-10-16 09:08:18,666 DEBUG    ('127.0.0.1', 58644) - ASGI [6] Received {'type': 'http.response.body', 'body': '<15 bytes>'}
2019-10-16 09:08:18,667 DEBUG    ('127.0.0.1', 58644) - ASGI [6] Completed
2019-10-16 09:08:23,667 DEBUG    ('127.0.0.1', 58644) - Disconnected
2019-10-16 09:08:54,318 DEBUG    ('127.0.0.1', 59478) - Connected
2019-10-16 09:08:54,319 DEBUG    ('127.0.0.1', 59478) - ASGI [7] Started
2019-10-16 09:08:54,319 DEBUG    ('127.0.0.1', 59478) - ASGI [7] Sent {'type': 'http.request', 'body': '<366 bytes>', 'more_body': False}
2019-10-16 09:08:54,321 DEBUG    ('127.0.0.1', 59478) - ASGI [7] Received {'type': 'http.response.start', 'status': 422, 'headers': '<...>'}
2019-10-16 09:08:54,321 INFO     ('127.0.0.1', 59478) - "POST /predict_next HTTP/1.1" 422
2019-10-16 09:08:54,321 DEBUG    ('127.0.0.1', 59478) - ASGI [7] Received {'type': 'http.response.body', 'body': '<740 bytes>'}
2019-10-16 09:08:54,322 DEBUG    ('127.0.0.1', 59478) - ASGI [7] Completed
2019-10-16 09:08:59,321 DEBUG    ('127.0.0.1', 59478) - Disconnected
2019-10-16 09:09:14,962 DEBUG    ('127.0.0.1', 59956) - Connected
2019-10-16 09:09:14,963 DEBUG    ('127.0.0.1', 59956) - ASGI [8] Started
2019-10-16 09:09:14,963 DEBUG    ('127.0.0.1', 59956) - ASGI [8] Sent {'type': 'http.request', 'body': '<481 bytes>', 'more_body': False}
2019-10-16 09:09:14,965 DEBUG    ('127.0.0.1', 59956) - ASGI [8] Received {'type': 'http.response.start', 'status': 422, 'headers': '<...>'}
2019-10-16 09:09:14,965 INFO     ('127.0.0.1', 59956) - "POST /predict_next HTTP/1.1" 422
2019-10-16 09:09:14,965 DEBUG    ('127.0.0.1', 59956) - ASGI [8] Received {'type': 'http.response.body', 'body': '<844 bytes>'}
2019-10-16 09:09:14,965 DEBUG    ('127.0.0.1', 59956) - ASGI [8] Completed
2019-10-16 09:09:19,966 DEBUG    ('127.0.0.1', 59956) - Disconnected
2019-10-16 09:10:26,665 INFO     Shutting down
2019-10-16 09:10:26,773 INFO     Waiting for application shutdown.
2019-10-16 09:10:26,773 DEBUG    None - ASGI [1] Sent {'type': 'lifespan.shutdown'}
2019-10-16 09:10:26,773 DEBUG    None - ASGI [1] Received {'type': 'lifespan.shutdown.complete'}
2019-10-16 09:10:26,773 DEBUG    None - ASGI [1] Completed
2019-10-16 09:10:26,773 INFO     Finished server process [125838]
2019-10-16 09:10:30,129 INFO     Started server process [21784]
2019-10-16 09:10:30,129 INFO     Waiting for application startup.
2019-10-16 09:10:30,129 DEBUG    None - ASGI [1] Started
2019-10-16 09:10:30,130 DEBUG    None - ASGI [1] Sent {'type': 'lifespan.startup'}
2019-10-16 09:10:30,130 DEBUG    None - ASGI [1] Received {'type': 'lifespan.startup.complete'}
2019-10-16 09:10:36,489 INFO     Shutting down
2019-10-16 09:10:36,589 INFO     Waiting for application shutdown.
2019-10-16 09:10:36,590 DEBUG    None - ASGI [1] Sent {'type': 'lifespan.shutdown'}
2019-10-16 09:10:36,590 DEBUG    None - ASGI [1] Received {'type': 'lifespan.shutdown.complete'}
2019-10-16 09:10:36,590 DEBUG    None - ASGI [1] Completed
2019-10-16 09:10:36,590 INFO     Finished server process [21784]
2019-10-16 09:10:37,296 INFO     Started server process [21914]
2019-10-16 09:10:37,296 INFO     Waiting for application startup.
2019-10-16 09:10:37,296 DEBUG    None - ASGI [1] Started
2019-10-16 09:10:37,297 DEBUG    None - ASGI [1] Sent {'type': 'lifespan.startup'}
2019-10-16 09:10:37,297 DEBUG    None - ASGI [1] Received {'type': 'lifespan.startup.complete'}
2019-10-16 09:11:12,310 DEBUG    ('127.0.0.1', 34440) - Connected
2019-10-16 09:11:12,312 DEBUG    ('127.0.0.1', 34440) - ASGI [2] Started
2019-10-16 09:11:12,313 DEBUG    ('127.0.0.1', 34440) - ASGI [2] Sent {'type': 'http.request', 'body': '<596 bytes>', 'more_body': False}
2019-10-16 09:11:12,315 DEBUG    ('127.0.0.1', 34440) - ASGI [2] Received {'type': 'http.response.start', 'status': 422, 'headers': '<...>'}
2019-10-16 09:11:12,315 INFO     ('127.0.0.1', 34440) - "POST /predict_next HTTP/1.1" 422
2019-10-16 09:11:12,315 DEBUG    ('127.0.0.1', 34440) - ASGI [2] Received {'type': 'http.response.body', 'body': '<948 bytes>'}
2019-10-16 09:11:12,315 DEBUG    ('127.0.0.1', 34440) - ASGI [2] Completed
2019-10-16 09:11:17,317 DEBUG    ('127.0.0.1', 34440) - Disconnected
2019-10-16 09:11:42,353 INFO     Shutting down
2019-10-16 09:11:42,454 INFO     Waiting for application shutdown.
2019-10-16 09:11:42,454 DEBUG    None - ASGI [1] Sent {'type': 'lifespan.shutdown'}
2019-10-16 09:11:42,455 DEBUG    None - ASGI [1] Received {'type': 'lifespan.shutdown.complete'}
2019-10-16 09:11:42,455 DEBUG    None - ASGI [1] Completed
2019-10-16 09:11:42,455 INFO     Finished server process [21914]
2019-10-16 09:11:43,396 INFO     Started server process [22666]
2019-10-16 09:11:43,397 INFO     Waiting for application startup.
2019-10-16 09:11:43,397 DEBUG    None - ASGI [1] Started
2019-10-16 09:11:43,397 DEBUG    None - ASGI [1] Sent {'type': 'lifespan.startup'}
2019-10-16 09:11:43,397 DEBUG    None - ASGI [1] Received {'type': 'lifespan.startup.complete'}
2019-10-16 09:11:50,887 DEBUG    ('127.0.0.1', 35316) - Connected
2019-10-16 09:11:50,888 DEBUG    ('127.0.0.1', 35316) - ASGI [2] Started
2019-10-16 09:11:50,889 DEBUG    ('127.0.0.1', 35316) - ASGI [2] Sent {'type': 'http.request', 'body': '<711 bytes>', 'more_body': False}
2019-10-16 09:11:50,892 DEBUG    ('127.0.0.1', 35316) - ASGI [2] Received {'type': 'http.response.start', 'status': 422, 'headers': '<...>'}
2019-10-16 09:11:50,892 INFO     ('127.0.0.1', 35316) - "POST /predict_next HTTP/1.1" 422
2019-10-16 09:11:50,892 DEBUG    ('127.0.0.1', 35316) - ASGI [2] Received {'type': 'http.response.body', 'body': '<1052 bytes>'}
2019-10-16 09:11:50,892 DEBUG    ('127.0.0.1', 35316) - ASGI [2] Completed
2019-10-16 09:11:55,668 DEBUG    ('127.0.0.1', 35316) - ASGI [3] Started
2019-10-16 09:11:55,668 DEBUG    ('127.0.0.1', 35316) - ASGI [3] Sent {'type': 'http.request', 'body': '<749 bytes>', 'more_body': False}
2019-10-16 09:11:55,670 DEBUG    ('127.0.0.1', 35316) - ASGI [3] Received {'type': 'http.response.start', 'status': 422, 'headers': '<...>'}
2019-10-16 09:11:55,670 INFO     ('127.0.0.1', 35316) - "POST /predict_next HTTP/1.1" 422
2019-10-16 09:11:55,670 DEBUG    ('127.0.0.1', 35316) - ASGI [3] Received {'type': 'http.response.body', 'body': '<1157 bytes>'}
2019-10-16 09:11:55,671 DEBUG    ('127.0.0.1', 35316) - ASGI [3] Completed
2019-10-16 09:12:00,672 DEBUG    ('127.0.0.1', 35316) - Disconnected
2019-10-16 09:13:22,767 DEBUG    ('127.0.0.1', 37362) - Connected
2019-10-16 09:13:22,768 DEBUG    ('127.0.0.1', 37362) - ASGI [4] Started
2019-10-16 09:13:22,768 DEBUG    ('127.0.0.1', 37362) - ASGI [4] Sent {'type': 'http.request', 'body': '<19 bytes>', 'more_body': False}
2019-10-16 09:13:22,769 DEBUG    received items: 1,2
2019-10-16 09:13:22,783 DEBUG    ('127.0.0.1', 37362) - ASGI [4] Received {'type': 'http.response.start', 'status': 200, 'headers': '<...>'}
2019-10-16 09:13:22,783 INFO     ('127.0.0.1', 37362) - "POST /predict_next HTTP/1.1" 200
2019-10-16 09:13:22,783 DEBUG    ('127.0.0.1', 37362) - ASGI [4] Received {'type': 'http.response.body', 'body': '<15 bytes>'}
2019-10-16 09:13:22,783 DEBUG    ('127.0.0.1', 37362) - ASGI [4] Completed
2019-10-16 09:13:27,785 DEBUG    ('127.0.0.1', 37362) - Disconnected
2019-10-16 09:15:07,872 DEBUG    ('127.0.0.1', 39772) - Connected
2019-10-16 09:15:07,873 DEBUG    ('127.0.0.1', 39772) - ASGI [5] Started
2019-10-16 09:15:07,873 DEBUG    ('127.0.0.1', 39772) - ASGI [5] Sent {'type': 'http.request', 'body': '<2 bytes>', 'more_body': False}
2019-10-16 09:15:07,874 DEBUG    ('127.0.0.1', 39772) - ASGI [5] Received {'type': 'http.response.start', 'status': 422, 'headers': '<...>'}
2019-10-16 09:15:07,874 INFO     ('127.0.0.1', 39772) - "POST /predict_next HTTP/1.1" 422
2019-10-16 09:15:07,874 DEBUG    ('127.0.0.1', 39772) - ASGI [5] Received {'type': 'http.response.body', 'body': '<101 bytes>'}
2019-10-16 09:15:07,875 DEBUG    ('127.0.0.1', 39772) - ASGI [5] Completed
2019-10-16 09:15:12,875 DEBUG    ('127.0.0.1', 39772) - Disconnected
2019-10-16 09:15:20,350 DEBUG    ('127.0.0.1', 40072) - Connected
2019-10-16 09:15:20,350 DEBUG    ('127.0.0.1', 40072) - ASGI [6] Started
2019-10-16 09:15:20,350 DEBUG    ('127.0.0.1', 40072) - ASGI [6] Sent {'type': 'http.request', 'body': '<2 bytes>', 'more_body': False}
2019-10-16 09:15:20,351 DEBUG    ('127.0.0.1', 40072) - ASGI [6] Received {'type': 'http.response.start', 'status': 422, 'headers': '<...>'}
2019-10-16 09:15:20,351 INFO     ('127.0.0.1', 40072) - "POST /predict_next HTTP/1.1" 422
2019-10-16 09:15:20,351 DEBUG    ('127.0.0.1', 40072) - ASGI [6] Received {'type': 'http.response.body', 'body': '<101 bytes>'}
2019-10-16 09:15:20,351 DEBUG    ('127.0.0.1', 40072) - ASGI [6] Completed
2019-10-16 09:15:25,352 DEBUG    ('127.0.0.1', 40072) - Disconnected
2019-10-16 09:15:56,367 DEBUG    ('127.0.0.1', 40912) - Connected
2019-10-16 09:15:56,367 DEBUG    ('127.0.0.1', 40912) - ASGI [7] Started
2019-10-16 09:15:56,368 DEBUG    ('127.0.0.1', 40912) - ASGI [7] Sent {'type': 'http.request', 'body': '<901 bytes>', 'more_body': False}
2019-10-16 09:15:56,369 DEBUG    ('127.0.0.1', 40912) - ASGI [7] Received {'type': 'http.response.start', 'status': 422, 'headers': '<...>'}
2019-10-16 09:15:56,369 INFO     ('127.0.0.1', 40912) - "POST /predict_next HTTP/1.1" 422
2019-10-16 09:15:56,369 DEBUG    ('127.0.0.1', 40912) - ASGI [7] Received {'type': 'http.response.body', 'body': '<108 bytes>'}
2019-10-16 09:15:56,370 DEBUG    ('127.0.0.1', 40912) - ASGI [7] Completed
2019-10-16 09:16:01,370 DEBUG    ('127.0.0.1', 40912) - Disconnected
2019-10-16 09:17:09,140 INFO     Shutting down
2019-10-16 09:17:09,243 INFO     Waiting for application shutdown.
2019-10-16 09:17:09,244 DEBUG    None - ASGI [1] Sent {'type': 'lifespan.shutdown'}
2019-10-16 09:17:09,244 DEBUG    None - ASGI [1] Received {'type': 'lifespan.shutdown.complete'}
2019-10-16 09:17:09,244 DEBUG    None - ASGI [1] Completed
2019-10-16 09:17:09,244 INFO     Finished server process [22666]
2019-10-16 09:17:10,211 INFO     Started server process [26697]
2019-10-16 09:17:10,211 INFO     Waiting for application startup.
2019-10-16 09:17:10,211 DEBUG    None - ASGI [1] Started
2019-10-16 09:17:10,211 DEBUG    None - ASGI [1] Sent {'type': 'lifespan.startup'}
2019-10-16 09:17:10,212 DEBUG    None - ASGI [1] Received {'type': 'lifespan.startup.complete'}
2019-10-16 09:17:18,464 DEBUG    ('127.0.0.1', 42816) - Connected
2019-10-16 09:17:18,466 DEBUG    ('127.0.0.1', 42816) - ASGI [2] Started
2019-10-16 09:17:18,466 DEBUG    ('127.0.0.1', 42816) - ASGI [2] Sent {'type': 'http.request', 'body': '<946 bytes>', 'more_body': False}
2019-10-16 09:17:18,468 DEBUG    ('127.0.0.1', 42816) - ASGI [2] Received {'type': 'http.response.start', 'status': 422, 'headers': '<...>'}
2019-10-16 09:17:18,468 INFO     ('127.0.0.1', 42816) - "POST /predict_next HTTP/1.1" 422
2019-10-16 09:17:18,468 DEBUG    ('127.0.0.1', 42816) - ASGI [2] Received {'type': 'http.response.body', 'body': '<108 bytes>'}
2019-10-16 09:17:18,468 DEBUG    ('127.0.0.1', 42816) - ASGI [2] Completed
2019-10-16 09:17:23,470 DEBUG    ('127.0.0.1', 42816) - Disconnected
2019-10-16 09:18:10,903 DEBUG    ('127.0.0.1', 44028) - Connected
2019-10-16 09:18:10,903 DEBUG    ('127.0.0.1', 44028) - ASGI [3] Started
2019-10-16 09:18:10,904 DEBUG    ('127.0.0.1', 44028) - ASGI [3] Sent {'type': 'http.request', 'body': '<45 bytes>', 'more_body': False}
2019-10-16 09:18:10,904 DEBUG    received items: htmpp/safdsaf,httm://help
2019-10-16 09:18:10,907 DEBUG    ('127.0.0.1', 44028) - ASGI [3] Received {'type': 'http.response.start', 'status': 200, 'headers': '<...>'}
2019-10-16 09:18:10,907 INFO     ('127.0.0.1', 44028) - "POST /predict_next HTTP/1.1" 200
2019-10-16 09:18:10,907 DEBUG    ('127.0.0.1', 44028) - ASGI [3] Received {'type': 'http.response.body', 'body': '<27 bytes>'}
2019-10-16 09:18:10,908 DEBUG    ('127.0.0.1', 44028) - ASGI [3] Completed
2019-10-16 09:18:15,908 DEBUG    ('127.0.0.1', 44028) - Disconnected
2019-10-16 09:18:49,384 DEBUG    ('127.0.0.1', 44922) - Connected
2019-10-16 09:18:49,384 DEBUG    ('127.0.0.1', 44922) - ASGI [4] Started
2019-10-16 09:18:49,385 DEBUG    ('127.0.0.1', 44922) - ASGI [4] Sent {'type': 'http.request', 'body': '<1147 bytes>', 'more_body': False}
2019-10-16 09:18:49,386 DEBUG    received items: https://www.statcan.gc.ca/eng/trust?utm_source=statcan&utm_medium=banner&utm_campaign=trust-confiance_2019&HPA=1,https://www.statcan.gc.ca/eng/trust/privacy,https://www.statcan.gc.ca/eng/start,https://www.statcan.gc.ca/eng/start,https://www.statcan.gc.ca/eng/start,https://www.statcan.gc.ca/eng/start,https://www.statcan.gc.ca/eng/start,https://www.statcan.gc.ca/eng/trust?utm_source=statcan&utm_medium=banner&utm_campaign=trust-confiance_2019&HPA=1,https://www.statcan.gc.ca/eng/trust?utm_source=statcan&utm_medium=banner&utm_campaign=trust-confiance_2019&HPA=1,https://www.statcan.gc.ca/eng/trust?utm_source=statcan&utm_medium=banner&utm_campaign=trust-confiance_2019&HPA=1,https://www.statcan.gc.ca/eng/start,https://www.statcan.gc.ca/eng/start,https://www.statcan.gc.ca/eng/start,https://www.statcan.gc.ca/eng/trust/privacy,https://www.statcan.gc.ca/eng/trust/privacy,https://www.statcan.gc.ca/eng/trust/privacy,https://www.statcan.gc.ca/eng/trust/privacy,https://www.statcan.gc.ca/eng/trust/privacy,https://www.statcan.gc.ca/eng/trust/privacy,https://www.statcan.gc.ca/eng/trust/privacy
2019-10-16 09:18:49,386 DEBUG    ('127.0.0.1', 44922) - ASGI [4] Received {'type': 'http.response.start', 'status': 200, 'headers': '<...>'}
2019-10-16 09:18:49,386 INFO     ('127.0.0.1', 44922) - "POST /predict_next HTTP/1.1" 200
2019-10-16 09:18:49,386 DEBUG    ('127.0.0.1', 44922) - ASGI [4] Received {'type': 'http.response.body', 'body': '<59 bytes>'}
2019-10-16 09:18:49,387 DEBUG    ('127.0.0.1', 44922) - ASGI [4] Completed
2019-10-16 09:18:54,387 DEBUG    ('127.0.0.1', 44922) - Disconnected
2019-10-16 09:19:29,530 INFO     Shutting down
2019-10-16 09:19:29,630 INFO     Waiting for application shutdown.
2019-10-16 09:19:29,631 DEBUG    None - ASGI [1] Sent {'type': 'lifespan.shutdown'}
2019-10-16 09:19:29,631 DEBUG    None - ASGI [1] Received {'type': 'lifespan.shutdown.complete'}
2019-10-16 09:19:29,631 DEBUG    None - ASGI [1] Completed
2019-10-16 09:19:29,631 INFO     Finished server process [26697]
2019-10-16 09:19:30,308 INFO     Started server process [28468]
2019-10-16 09:19:30,308 INFO     Waiting for application startup.
2019-10-16 09:19:30,309 DEBUG    None - ASGI [1] Started
2019-10-16 09:19:30,309 DEBUG    None - ASGI [1] Sent {'type': 'lifespan.startup'}
2019-10-16 09:19:30,309 DEBUG    None - ASGI [1] Received {'type': 'lifespan.startup.complete'}
2019-10-16 09:20:17,512 INFO     Shutting down
2019-10-16 09:20:17,612 INFO     Waiting for application shutdown.
2019-10-16 09:20:17,613 DEBUG    None - ASGI [1] Sent {'type': 'lifespan.shutdown'}
2019-10-16 09:20:17,613 DEBUG    None - ASGI [1] Received {'type': 'lifespan.shutdown.complete'}
2019-10-16 09:20:17,613 DEBUG    None - ASGI [1] Completed
2019-10-16 09:20:17,613 INFO     Finished server process [28468]
2019-10-16 09:20:18,292 INFO     Started server process [29056]
2019-10-16 09:20:18,293 INFO     Waiting for application startup.
2019-10-16 09:20:18,293 DEBUG    None - ASGI [1] Started
2019-10-16 09:20:18,294 DEBUG    None - ASGI [1] Sent {'type': 'lifespan.startup'}
2019-10-16 09:20:18,294 DEBUG    None - ASGI [1] Received {'type': 'lifespan.startup.complete'}
2019-10-16 09:20:22,457 DEBUG    ('127.0.0.1', 47096) - Connected
2019-10-16 09:20:22,459 DEBUG    ('127.0.0.1', 47096) - ASGI [2] Started
2019-10-16 09:20:22,459 DEBUG    ('127.0.0.1', 47096) - ASGI [2] Sent {'type': 'http.request', 'body': '<1193 bytes>', 'more_body': False}
2019-10-16 09:20:22,461 DEBUG    ('127.0.0.1', 47096) - ASGI [2] Received {'type': 'http.response.start', 'status': 500, 'headers': '<...>'}
2019-10-16 09:20:22,461 INFO     ('127.0.0.1', 47096) - "POST /predict_next HTTP/1.1" 500
2019-10-16 09:20:22,461 DEBUG    ('127.0.0.1', 47096) - ASGI [2] Received {'type': 'http.response.body', 'body': '<21 bytes>'}
2019-10-16 09:20:22,462 DEBUG    ('127.0.0.1', 47096) - ASGI [2] Raised exception
2019-10-16 09:20:22,462 ERROR    Exception in ASGI application
Traceback (most recent call last):
  File "/mnt/ssd2/anaconda3/envs/netAenv/lib/python3.6/site-packages/uvicorn/protocols/http/httptools_impl.py", line 375, in run_asgi
    result = await app(self.scope, self.receive, self.send)
  File "/mnt/ssd2/anaconda3/envs/netAenv/lib/python3.6/site-packages/uvicorn/middleware/message_logger.py", line 58, in __call__
    raise exc from None
  File "/mnt/ssd2/anaconda3/envs/netAenv/lib/python3.6/site-packages/uvicorn/middleware/message_logger.py", line 54, in __call__
    await self.app(scope, inner_receive, inner_send)
  File "/mnt/ssd2/anaconda3/envs/netAenv/lib/python3.6/site-packages/fastapi/applications.py", line 139, in __call__
    await super().__call__(scope, receive, send)
  File "/mnt/ssd2/anaconda3/envs/netAenv/lib/python3.6/site-packages/starlette/applications.py", line 134, in __call__
    await self.error_middleware(scope, receive, send)
  File "/mnt/ssd2/anaconda3/envs/netAenv/lib/python3.6/site-packages/starlette/middleware/errors.py", line 178, in __call__
    raise exc from None
  File "/mnt/ssd2/anaconda3/envs/netAenv/lib/python3.6/site-packages/starlette/middleware/errors.py", line 156, in __call__
    await self.app(scope, receive, _send)
  File "/mnt/ssd2/anaconda3/envs/netAenv/lib/python3.6/site-packages/starlette/exceptions.py", line 73, in __call__
    raise exc from None
  File "/mnt/ssd2/anaconda3/envs/netAenv/lib/python3.6/site-packages/starlette/exceptions.py", line 62, in __call__
    await self.app(scope, receive, sender)
  File "/mnt/ssd2/anaconda3/envs/netAenv/lib/python3.6/site-packages/starlette/routing.py", line 590, in __call__
    await route(scope, receive, send)
  File "/mnt/ssd2/anaconda3/envs/netAenv/lib/python3.6/site-packages/starlette/routing.py", line 208, in __call__
    await self.app(scope, receive, send)
  File "/mnt/ssd2/anaconda3/envs/netAenv/lib/python3.6/site-packages/starlette/routing.py", line 41, in app
    response = await func(request)
  File "/mnt/ssd2/anaconda3/envs/netAenv/lib/python3.6/site-packages/fastapi/routing.py", line 111, in app
    raw_response = await dependant.call(**values)
  File "./main.py", line 32, in read_item
    items_str = ','.join(items_str)
UnboundLocalError: local variable 'items_str' referenced before assignment
2019-10-16 09:20:22,467 DEBUG    ('127.0.0.1', 47096) - Disconnected
2019-10-16 09:20:53,823 DEBUG    ('127.0.0.1', 47806) - Connected
2019-10-16 09:20:53,835 DEBUG    ('127.0.0.1', 47806) - ASGI [3] Started
2019-10-16 09:20:53,836 DEBUG    ('127.0.0.1', 47806) - ASGI [3] Sent {'type': 'http.request', 'body': '<1239 bytes>', 'more_body': False}
2019-10-16 09:20:53,837 DEBUG    ('127.0.0.1', 47806) - ASGI [3] Received {'type': 'http.response.start', 'status': 500, 'headers': '<...>'}
2019-10-16 09:20:53,837 INFO     ('127.0.0.1', 47806) - "POST /predict_next HTTP/1.1" 500
2019-10-16 09:20:53,837 DEBUG    ('127.0.0.1', 47806) - ASGI [3] Received {'type': 'http.response.body', 'body': '<21 bytes>'}
2019-10-16 09:20:53,837 DEBUG    ('127.0.0.1', 47806) - ASGI [3] Raised exception
2019-10-16 09:20:53,837 ERROR    Exception in ASGI application
Traceback (most recent call last):
  File "/mnt/ssd2/anaconda3/envs/netAenv/lib/python3.6/site-packages/uvicorn/protocols/http/httptools_impl.py", line 375, in run_asgi
    result = await app(self.scope, self.receive, self.send)
  File "/mnt/ssd2/anaconda3/envs/netAenv/lib/python3.6/site-packages/uvicorn/middleware/message_logger.py", line 58, in __call__
    raise exc from None
  File "/mnt/ssd2/anaconda3/envs/netAenv/lib/python3.6/site-packages/uvicorn/middleware/message_logger.py", line 54, in __call__
    await self.app(scope, inner_receive, inner_send)
  File "/mnt/ssd2/anaconda3/envs/netAenv/lib/python3.6/site-packages/fastapi/applications.py", line 139, in __call__
    await super().__call__(scope, receive, send)
  File "/mnt/ssd2/anaconda3/envs/netAenv/lib/python3.6/site-packages/starlette/applications.py", line 134, in __call__
    await self.error_middleware(scope, receive, send)
  File "/mnt/ssd2/anaconda3/envs/netAenv/lib/python3.6/site-packages/starlette/middleware/errors.py", line 178, in __call__
    raise exc from None
  File "/mnt/ssd2/anaconda3/envs/netAenv/lib/python3.6/site-packages/starlette/middleware/errors.py", line 156, in __call__
    await self.app(scope, receive, _send)
  File "/mnt/ssd2/anaconda3/envs/netAenv/lib/python3.6/site-packages/starlette/exceptions.py", line 73, in __call__
    raise exc from None
  File "/mnt/ssd2/anaconda3/envs/netAenv/lib/python3.6/site-packages/starlette/exceptions.py", line 62, in __call__
    await self.app(scope, receive, sender)
  File "/mnt/ssd2/anaconda3/envs/netAenv/lib/python3.6/site-packages/starlette/routing.py", line 590, in __call__
    await route(scope, receive, send)
  File "/mnt/ssd2/anaconda3/envs/netAenv/lib/python3.6/site-packages/starlette/routing.py", line 208, in __call__
    await self.app(scope, receive, send)
  File "/mnt/ssd2/anaconda3/envs/netAenv/lib/python3.6/site-packages/starlette/routing.py", line 41, in app
    response = await func(request)
  File "/mnt/ssd2/anaconda3/envs/netAenv/lib/python3.6/site-packages/fastapi/routing.py", line 111, in app
    raw_response = await dependant.call(**values)
  File "./main.py", line 32, in read_item
    items_str = ','.join(items_str)
UnboundLocalError: local variable 'items_str' referenced before assignment
2019-10-16 09:20:53,838 DEBUG    ('127.0.0.1', 47806) - Disconnected
2019-10-16 09:21:20,460 INFO     Shutting down
2019-10-16 09:21:20,561 INFO     Waiting for application shutdown.
2019-10-16 09:21:20,562 DEBUG    None - ASGI [1] Sent {'type': 'lifespan.shutdown'}
2019-10-16 09:21:20,562 DEBUG    None - ASGI [1] Received {'type': 'lifespan.shutdown.complete'}
2019-10-16 09:21:20,562 DEBUG    None - ASGI [1] Completed
2019-10-16 09:21:20,562 INFO     Finished server process [29056]
2019-10-16 09:21:21,459 INFO     Started server process [29791]
2019-10-16 09:21:21,459 INFO     Waiting for application startup.
2019-10-16 09:21:21,459 DEBUG    None - ASGI [1] Started
2019-10-16 09:21:21,460 DEBUG    None - ASGI [1] Sent {'type': 'lifespan.startup'}
2019-10-16 09:21:21,460 DEBUG    None - ASGI [1] Received {'type': 'lifespan.startup.complete'}
2019-10-16 09:21:24,818 DEBUG    ('127.0.0.1', 48532) - Connected
2019-10-16 09:21:24,820 DEBUG    ('127.0.0.1', 48532) - ASGI [2] Started
2019-10-16 09:21:24,820 DEBUG    ('127.0.0.1', 48532) - ASGI [2] Sent {'type': 'http.request', 'body': '<1285 bytes>', 'more_body': False}
2019-10-16 09:21:24,832 DEBUG    ('127.0.0.1', 48532) - ASGI [2] Received {'type': 'http.response.start', 'status': 500, 'headers': '<...>'}
2019-10-16 09:21:24,832 INFO     ('127.0.0.1', 48532) - "POST /predict_next HTTP/1.1" 500
2019-10-16 09:21:24,832 DEBUG    ('127.0.0.1', 48532) - ASGI [2] Received {'type': 'http.response.body', 'body': '<21 bytes>'}
2019-10-16 09:21:24,833 DEBUG    ('127.0.0.1', 48532) - ASGI [2] Raised exception
2019-10-16 09:21:24,833 ERROR    Exception in ASGI application
Traceback (most recent call last):
  File "/mnt/ssd2/anaconda3/envs/netAenv/lib/python3.6/site-packages/uvicorn/protocols/http/httptools_impl.py", line 375, in run_asgi
    result = await app(self.scope, self.receive, self.send)
  File "/mnt/ssd2/anaconda3/envs/netAenv/lib/python3.6/site-packages/uvicorn/middleware/message_logger.py", line 58, in __call__
    raise exc from None
  File "/mnt/ssd2/anaconda3/envs/netAenv/lib/python3.6/site-packages/uvicorn/middleware/message_logger.py", line 54, in __call__
    await self.app(scope, inner_receive, inner_send)
  File "/mnt/ssd2/anaconda3/envs/netAenv/lib/python3.6/site-packages/fastapi/applications.py", line 139, in __call__
    await super().__call__(scope, receive, send)
  File "/mnt/ssd2/anaconda3/envs/netAenv/lib/python3.6/site-packages/starlette/applications.py", line 134, in __call__
    await self.error_middleware(scope, receive, send)
  File "/mnt/ssd2/anaconda3/envs/netAenv/lib/python3.6/site-packages/starlette/middleware/errors.py", line 178, in __call__
    raise exc from None
  File "/mnt/ssd2/anaconda3/envs/netAenv/lib/python3.6/site-packages/starlette/middleware/errors.py", line 156, in __call__
    await self.app(scope, receive, _send)
  File "/mnt/ssd2/anaconda3/envs/netAenv/lib/python3.6/site-packages/starlette/exceptions.py", line 73, in __call__
    raise exc from None
  File "/mnt/ssd2/anaconda3/envs/netAenv/lib/python3.6/site-packages/starlette/exceptions.py", line 62, in __call__
    await self.app(scope, receive, sender)
  File "/mnt/ssd2/anaconda3/envs/netAenv/lib/python3.6/site-packages/starlette/routing.py", line 590, in __call__
    await route(scope, receive, send)
  File "/mnt/ssd2/anaconda3/envs/netAenv/lib/python3.6/site-packages/starlette/routing.py", line 208, in __call__
    await self.app(scope, receive, send)
  File "/mnt/ssd2/anaconda3/envs/netAenv/lib/python3.6/site-packages/starlette/routing.py", line 41, in app
    response = await func(request)
  File "/mnt/ssd2/anaconda3/envs/netAenv/lib/python3.6/site-packages/fastapi/routing.py", line 111, in app
    raw_response = await dependant.call(**values)
  File "./main.py", line 32, in read_item
    items_str = ','.join(items)
TypeError: sequence item 0: expected str instance, tuple found
2019-10-16 09:21:24,837 DEBUG    ('127.0.0.1', 48532) - Disconnected
2019-10-16 09:21:54,376 INFO     Shutting down
2019-10-16 09:21:54,477 INFO     Waiting for application shutdown.
2019-10-16 09:21:54,478 DEBUG    None - ASGI [1] Sent {'type': 'lifespan.shutdown'}
2019-10-16 09:21:54,478 DEBUG    None - ASGI [1] Received {'type': 'lifespan.shutdown.complete'}
2019-10-16 09:21:54,478 DEBUG    None - ASGI [1] Completed
2019-10-16 09:21:54,478 INFO     Finished server process [29791]
2019-10-16 09:21:55,119 INFO     Started server process [30309]
2019-10-16 09:21:55,119 INFO     Waiting for application startup.
2019-10-16 09:21:55,120 DEBUG    None - ASGI [1] Started
2019-10-16 09:21:55,120 DEBUG    None - ASGI [1] Sent {'type': 'lifespan.startup'}
2019-10-16 09:21:55,120 DEBUG    None - ASGI [1] Received {'type': 'lifespan.startup.complete'}
2019-10-16 09:21:58,909 DEBUG    ('127.0.0.1', 49304) - Connected
2019-10-16 09:21:58,913 DEBUG    ('127.0.0.1', 49304) - ASGI [2] Started
2019-10-16 09:21:58,914 DEBUG    ('127.0.0.1', 49304) - ASGI [2] Sent {'type': 'http.request', 'body': '<1331 bytes>', 'more_body': False}
2019-10-16 09:21:58,915 DEBUG    received items: https://www.statcan.gc.ca/eng/trust?utm_source=statcan&utm_medium=banner&utm_campaign=trust-confiance_2019&HPA=1,https://www.statcan.gc.ca/eng/trust/privacy,https://www.statcan.gc.ca/eng/start,https://www.statcan.gc.ca/eng/start,https://www.statcan.gc.ca/eng/start,https://www.statcan.gc.ca/eng/start,https://www.statcan.gc.ca/eng/start,https://www.statcan.gc.ca/eng/trust?utm_source=statcan&utm_medium=banner&utm_campaign=trust-confiance_2019&HPA=1,https://www.statcan.gc.ca/eng/trust?utm_source=statcan&utm_medium=banner&utm_campaign=trust-confiance_2019&HPA=1,https://www.statcan.gc.ca/eng/trust?utm_source=statcan&utm_medium=banner&utm_campaign=trust-confiance_2019&HPA=1,https://www.statcan.gc.ca/eng/start,https://www.statcan.gc.ca/eng/start,https://www.statcan.gc.ca/eng/start,https://www.statcan.gc.ca/eng/trust/privacy,https://www.statcan.gc.ca/eng/trust/privacy,https://www.statcan.gc.ca/eng/trust/privacy,https://www.statcan.gc.ca/eng/trust/privacy,https://www.statcan.gc.ca/eng/trust/privacy,https://www.statcan.gc.ca/eng/trust/privacy,https://www.statcan.gc.ca/eng/trust/privacy,https://www.statcan.gc.ca/eng/trust/privacy,https://www.statcan.gc.ca/eng/trust/privacy,https://www.statcan.gc.ca/eng/trust/privacy,https://www.statcan.gc.ca/eng/trust/privacy
2019-10-16 09:21:58,922 DEBUG    ('127.0.0.1', 49304) - ASGI [2] Received {'type': 'http.response.start', 'status': 200, 'headers': '<...>'}
2019-10-16 09:21:58,922 INFO     ('127.0.0.1', 49304) - "POST /predict_next HTTP/1.1" 200
2019-10-16 09:21:58,923 DEBUG    ('127.0.0.1', 49304) - ASGI [2] Received {'type': 'http.response.body', 'body': '<59 bytes>'}
2019-10-16 09:21:58,923 DEBUG    ('127.0.0.1', 49304) - ASGI [2] Completed
2019-10-16 09:22:03,922 DEBUG    ('127.0.0.1', 49304) - Disconnected
2019-10-16 09:22:42,771 INFO     Shutting down
2019-10-16 09:22:42,872 INFO     Waiting for application shutdown.
2019-10-16 09:22:42,872 DEBUG    None - ASGI [1] Sent {'type': 'lifespan.shutdown'}
2019-10-16 09:22:42,872 DEBUG    None - ASGI [1] Received {'type': 'lifespan.shutdown.complete'}
2019-10-16 09:22:42,873 DEBUG    None - ASGI [1] Completed
2019-10-16 09:22:42,873 INFO     Finished server process [30309]
2019-10-16 09:22:43,442 INFO     Started server process [30843]
2019-10-16 09:22:43,442 INFO     Waiting for application startup.
2019-10-16 09:22:43,442 DEBUG    None - ASGI [1] Started
2019-10-16 09:22:43,443 DEBUG    None - ASGI [1] Sent {'type': 'lifespan.startup'}
2019-10-16 09:22:43,443 DEBUG    None - ASGI [1] Received {'type': 'lifespan.startup.complete'}
2019-10-16 09:23:23,239 DEBUG    ('127.0.0.1', 51216) - Connected
2019-10-16 09:23:23,240 DEBUG    ('127.0.0.1', 51216) - ASGI [2] Started
2019-10-16 09:23:23,241 DEBUG    ('127.0.0.1', 51216) - ASGI [2] Sent {'type': 'http.request', 'body': '<1377 bytes>', 'more_body': False}
2019-10-16 09:23:23,243 DEBUG    received items: https://www.statcan.gc.ca/eng/trust?utm_source=statcan&utm_medium=banner&utm_campaign=trust-confiance_2019&HPA=1,https://www.statcan.gc.ca/eng/trust/privacy,https://www.statcan.gc.ca/eng/start,https://www.statcan.gc.ca/eng/start,https://www.statcan.gc.ca/eng/start,https://www.statcan.gc.ca/eng/start,https://www.statcan.gc.ca/eng/start,https://www.statcan.gc.ca/eng/trust?utm_source=statcan&utm_medium=banner&utm_campaign=trust-confiance_2019&HPA=1,https://www.statcan.gc.ca/eng/trust?utm_source=statcan&utm_medium=banner&utm_campaign=trust-confiance_2019&HPA=1,https://www.statcan.gc.ca/eng/trust?utm_source=statcan&utm_medium=banner&utm_campaign=trust-confiance_2019&HPA=1,https://www.statcan.gc.ca/eng/start,https://www.statcan.gc.ca/eng/start,https://www.statcan.gc.ca/eng/start,https://www.statcan.gc.ca/eng/trust/privacy,https://www.statcan.gc.ca/eng/trust/privacy,https://www.statcan.gc.ca/eng/trust/privacy,https://www.statcan.gc.ca/eng/trust/privacy,https://www.statcan.gc.ca/eng/trust/privacy,https://www.statcan.gc.ca/eng/trust/privacy,https://www.statcan.gc.ca/eng/trust/privacy,https://www.statcan.gc.ca/eng/trust/privacy,https://www.statcan.gc.ca/eng/trust/privacy,https://www.statcan.gc.ca/eng/trust/privacy,https://www.statcan.gc.ca/eng/trust/privacy,https://www.statcan.gc.ca/eng/trust/privacy
2019-10-16 09:23:23,243 DEBUG    save to sessions_items.log
2019-10-16 09:23:23,246 DEBUG    ('127.0.0.1', 51216) - ASGI [2] Received {'type': 'http.response.start', 'status': 200, 'headers': '<...>'}
2019-10-16 09:23:23,246 INFO     ('127.0.0.1', 51216) - "POST /predict_next HTTP/1.1" 200
2019-10-16 09:23:23,246 DEBUG    ('127.0.0.1', 51216) - ASGI [2] Received {'type': 'http.response.body', 'body': '<59 bytes>'}
2019-10-16 09:23:23,247 DEBUG    ('127.0.0.1', 51216) - ASGI [2] Completed
2019-10-16 09:23:28,247 DEBUG    ('127.0.0.1', 51216) - Disconnected
2019-10-16 09:23:54,910 INFO     Shutting down
2019-10-16 09:23:55,011 INFO     Waiting for application shutdown.
2019-10-16 09:23:55,011 DEBUG    None - ASGI [1] Sent {'type': 'lifespan.shutdown'}
2019-10-16 09:23:55,012 DEBUG    None - ASGI [1] Received {'type': 'lifespan.shutdown.complete'}
2019-10-16 09:23:55,012 DEBUG    None - ASGI [1] Completed
2019-10-16 09:23:55,012 INFO     Finished server process [30843]
2019-10-16 09:23:55,676 INFO     Started server process [31742]
2019-10-16 09:23:55,676 INFO     Waiting for application startup.
2019-10-16 09:23:55,677 DEBUG    None - ASGI [1] Started
2019-10-16 09:23:55,677 DEBUG    None - ASGI [1] Sent {'type': 'lifespan.startup'}
2019-10-16 09:23:55,677 DEBUG    None - ASGI [1] Received {'type': 'lifespan.startup.complete'}
2019-10-16 09:24:02,911 DEBUG    ('127.0.0.1', 52128) - Connected
2019-10-16 09:24:02,912 DEBUG    ('127.0.0.1', 52128) - ASGI [2] Started
2019-10-16 09:24:02,913 DEBUG    ('127.0.0.1', 52128) - ASGI [2] Sent {'type': 'http.request', 'body': '<1423 bytes>', 'more_body': False}
2019-10-16 09:24:02,914 DEBUG    received items: https://www.statcan.gc.ca/eng/trust?utm_source=statcan&utm_medium=banner&utm_campaign=trust-confiance_2019&HPA=1,https://www.statcan.gc.ca/eng/trust/privacy,https://www.statcan.gc.ca/eng/start,https://www.statcan.gc.ca/eng/start,https://www.statcan.gc.ca/eng/start,https://www.statcan.gc.ca/eng/start,https://www.statcan.gc.ca/eng/start,https://www.statcan.gc.ca/eng/trust?utm_source=statcan&utm_medium=banner&utm_campaign=trust-confiance_2019&HPA=1,https://www.statcan.gc.ca/eng/trust?utm_source=statcan&utm_medium=banner&utm_campaign=trust-confiance_2019&HPA=1,https://www.statcan.gc.ca/eng/trust?utm_source=statcan&utm_medium=banner&utm_campaign=trust-confiance_2019&HPA=1,https://www.statcan.gc.ca/eng/start,https://www.statcan.gc.ca/eng/start,https://www.statcan.gc.ca/eng/start,https://www.statcan.gc.ca/eng/trust/privacy,https://www.statcan.gc.ca/eng/trust/privacy,https://www.statcan.gc.ca/eng/trust/privacy,https://www.statcan.gc.ca/eng/trust/privacy,https://www.statcan.gc.ca/eng/trust/privacy,https://www.statcan.gc.ca/eng/trust/privacy,https://www.statcan.gc.ca/eng/trust/privacy,https://www.statcan.gc.ca/eng/trust/privacy,https://www.statcan.gc.ca/eng/trust/privacy,https://www.statcan.gc.ca/eng/trust/privacy,https://www.statcan.gc.ca/eng/trust/privacy,https://www.statcan.gc.ca/eng/trust/privacy,https://www.statcan.gc.ca/eng/trust/privacy
2019-10-16 09:24:02,916 DEBUG    save to sessions_items.log
2019-10-16 09:24:02,917 DEBUG    ('127.0.0.1', 52128) - ASGI [2] Received {'type': 'http.response.start', 'status': 200, 'headers': '<...>'}
2019-10-16 09:24:02,918 INFO     ('127.0.0.1', 52128) - "POST /predict_next HTTP/1.1" 200
2019-10-16 09:24:02,918 DEBUG    ('127.0.0.1', 52128) - ASGI [2] Received {'type': 'http.response.body', 'body': '<59 bytes>'}
2019-10-16 09:24:02,918 DEBUG    ('127.0.0.1', 52128) - ASGI [2] Completed
2019-10-16 09:24:07,918 DEBUG    ('127.0.0.1', 52128) - Disconnected
2019-10-16 09:25:19,017 DEBUG    ('127.0.0.1', 53906) - Connected
2019-10-16 09:25:19,018 DEBUG    ('127.0.0.1', 53906) - ASGI [3] Started
2019-10-16 09:25:19,018 DEBUG    ('127.0.0.1', 53906) - ASGI [3] Sent {'type': 'http.request', 'body': '<1461 bytes>', 'more_body': False}
2019-10-16 09:25:19,019 DEBUG    received items: https://www.statcan.gc.ca/eng/trust?utm_source=statcan&utm_medium=banner&utm_campaign=trust-confiance_2019&HPA=1,https://www.statcan.gc.ca/eng/trust/privacy,https://www.statcan.gc.ca/eng/start,https://www.statcan.gc.ca/eng/start,https://www.statcan.gc.ca/eng/start,https://www.statcan.gc.ca/eng/start,https://www.statcan.gc.ca/eng/start,https://www.statcan.gc.ca/eng/trust?utm_source=statcan&utm_medium=banner&utm_campaign=trust-confiance_2019&HPA=1,https://www.statcan.gc.ca/eng/trust?utm_source=statcan&utm_medium=banner&utm_campaign=trust-confiance_2019&HPA=1,https://www.statcan.gc.ca/eng/trust?utm_source=statcan&utm_medium=banner&utm_campaign=trust-confiance_2019&HPA=1,https://www.statcan.gc.ca/eng/start,https://www.statcan.gc.ca/eng/start,https://www.statcan.gc.ca/eng/start,https://www.statcan.gc.ca/eng/trust/privacy,https://www.statcan.gc.ca/eng/trust/privacy,https://www.statcan.gc.ca/eng/trust/privacy,https://www.statcan.gc.ca/eng/trust/privacy,https://www.statcan.gc.ca/eng/trust/privacy,https://www.statcan.gc.ca/eng/trust/privacy,https://www.statcan.gc.ca/eng/trust/privacy,https://www.statcan.gc.ca/eng/trust/privacy,https://www.statcan.gc.ca/eng/trust/privacy,https://www.statcan.gc.ca/eng/trust/privacy,https://www.statcan.gc.ca/eng/trust/privacy,https://www.statcan.gc.ca/eng/trust/privacy,https://www.statcan.gc.ca/eng/trust/privacy,https://www.statcan.gc.ca/eng/start
2019-10-16 09:25:19,019 DEBUG    save to sessions_items.log
2019-10-16 09:25:19,020 DEBUG    ('127.0.0.1', 53906) - ASGI [3] Received {'type': 'http.response.start', 'status': 200, 'headers': '<...>'}
2019-10-16 09:25:19,020 INFO     ('127.0.0.1', 53906) - "POST /predict_next HTTP/1.1" 200
2019-10-16 09:25:19,020 DEBUG    ('127.0.0.1', 53906) - ASGI [3] Received {'type': 'http.response.body', 'body': '<51 bytes>'}
2019-10-16 09:25:19,020 DEBUG    ('127.0.0.1', 53906) - ASGI [3] Completed
2019-10-16 09:25:24,021 DEBUG    ('127.0.0.1', 53906) - Disconnected
2019-10-16 09:27:55,706 INFO     Shutting down
2019-10-16 09:27:55,807 INFO     Waiting for application shutdown.
2019-10-16 09:27:55,808 DEBUG    None - ASGI [1] Sent {'type': 'lifespan.shutdown'}
2019-10-16 09:27:55,808 DEBUG    None - ASGI [1] Received {'type': 'lifespan.shutdown.complete'}
2019-10-16 09:27:55,808 DEBUG    None - ASGI [1] Completed
2019-10-16 09:27:55,808 INFO     Finished server process [31742]
2019-10-16 09:27:56,616 INFO     Started server process [34620]
2019-10-16 09:27:56,616 INFO     Waiting for application startup.
2019-10-16 09:27:56,616 DEBUG    None - ASGI [1] Started
2019-10-16 09:27:56,617 DEBUG    None - ASGI [1] Sent {'type': 'lifespan.startup'}
2019-10-16 09:27:56,617 DEBUG    None - ASGI [1] Received {'type': 'lifespan.startup.complete'}
2019-10-16 09:28:21,977 INFO     Shutting down
2019-10-16 09:28:22,078 INFO     Waiting for application shutdown.
2019-10-16 09:28:22,079 DEBUG    None - ASGI [1] Sent {'type': 'lifespan.shutdown'}
2019-10-16 09:28:22,079 DEBUG    None - ASGI [1] Received {'type': 'lifespan.shutdown.complete'}
2019-10-16 09:28:22,079 DEBUG    None - ASGI [1] Completed
2019-10-16 09:28:22,080 INFO     Finished server process [34620]
2019-10-16 09:28:23,197 INFO     Started server process [34938]
2019-10-16 09:28:23,197 INFO     Waiting for application startup.
2019-10-16 09:28:23,198 DEBUG    None - ASGI [1] Started
2019-10-16 09:28:23,198 DEBUG    None - ASGI [1] Sent {'type': 'lifespan.startup'}
2019-10-16 09:28:23,198 DEBUG    None - ASGI [1] Received {'type': 'lifespan.startup.complete'}
2019-10-16 09:28:23,905 INFO     Shutting down
2019-10-16 09:28:24,006 INFO     Waiting for application shutdown.
2019-10-16 09:28:24,006 DEBUG    None - ASGI [1] Sent {'type': 'lifespan.shutdown'}
2019-10-16 09:28:24,006 DEBUG    None - ASGI [1] Received {'type': 'lifespan.shutdown.complete'}
2019-10-16 09:28:24,007 DEBUG    None - ASGI [1] Completed
2019-10-16 09:28:24,007 INFO     Finished server process [34938]
2019-10-16 09:28:25,037 INFO     Started server process [34975]
2019-10-16 09:28:25,037 INFO     Waiting for application startup.
2019-10-16 09:28:25,037 DEBUG    None - ASGI [1] Started
2019-10-16 09:28:25,038 DEBUG    None - ASGI [1] Sent {'type': 'lifespan.startup'}
2019-10-16 09:28:25,038 DEBUG    None - ASGI [1] Received {'type': 'lifespan.startup.complete'}
2019-10-16 09:30:13,825 INFO     Shutting down
2019-10-16 09:30:13,926 INFO     Waiting for application shutdown.
2019-10-16 09:30:13,926 DEBUG    None - ASGI [1] Sent {'type': 'lifespan.shutdown'}
2019-10-16 09:30:13,926 DEBUG    None - ASGI [1] Received {'type': 'lifespan.shutdown.complete'}
2019-10-16 09:30:13,927 DEBUG    None - ASGI [1] Completed
2019-10-16 09:30:13,927 INFO     Finished server process [34975]
2019-10-16 09:30:14,483 INFO     Started server process [36501]
2019-10-16 09:30:14,483 INFO     Waiting for application startup.
2019-10-16 09:30:14,483 DEBUG    None - ASGI [1] Started
2019-10-16 09:30:14,484 DEBUG    None - ASGI [1] Sent {'type': 'lifespan.startup'}
2019-10-16 09:30:14,484 DEBUG    None - ASGI [1] Received {'type': 'lifespan.startup.complete'}
2019-10-16 09:30:46,775 DEBUG    ('127.0.0.1', 33248) - Connected
2019-10-16 09:30:46,777 DEBUG    ('127.0.0.1', 33248) - ASGI [2] Started
2019-10-16 09:30:46,778 DEBUG    ('127.0.0.1', 33248) - ASGI [2] Sent {'type': 'http.request', 'body': '<1499 bytes>', 'more_body': False}
2019-10-16 09:30:46,780 DEBUG    received items: https://www.statcan.gc.ca/eng/trust?utm_source=statcan&utm_medium=banner&utm_campaign=trust-confiance_2019&HPA=1,https://www.statcan.gc.ca/eng/trust/privacy,https://www.statcan.gc.ca/eng/start,https://www.statcan.gc.ca/eng/start,https://www.statcan.gc.ca/eng/start,https://www.statcan.gc.ca/eng/start,https://www.statcan.gc.ca/eng/start,https://www.statcan.gc.ca/eng/trust?utm_source=statcan&utm_medium=banner&utm_campaign=trust-confiance_2019&HPA=1,https://www.statcan.gc.ca/eng/trust?utm_source=statcan&utm_medium=banner&utm_campaign=trust-confiance_2019&HPA=1,https://www.statcan.gc.ca/eng/trust?utm_source=statcan&utm_medium=banner&utm_campaign=trust-confiance_2019&HPA=1,https://www.statcan.gc.ca/eng/start,https://www.statcan.gc.ca/eng/start,https://www.statcan.gc.ca/eng/start,https://www.statcan.gc.ca/eng/trust/privacy,https://www.statcan.gc.ca/eng/trust/privacy,https://www.statcan.gc.ca/eng/trust/privacy,https://www.statcan.gc.ca/eng/trust/privacy,https://www.statcan.gc.ca/eng/trust/privacy,https://www.statcan.gc.ca/eng/trust/privacy,https://www.statcan.gc.ca/eng/trust/privacy,https://www.statcan.gc.ca/eng/trust/privacy,https://www.statcan.gc.ca/eng/trust/privacy,https://www.statcan.gc.ca/eng/trust/privacy,https://www.statcan.gc.ca/eng/trust/privacy,https://www.statcan.gc.ca/eng/trust/privacy,https://www.statcan.gc.ca/eng/trust/privacy,https://www.statcan.gc.ca/eng/start,https://www.statcan.gc.ca/eng/start
2019-10-16 09:30:46,780 DEBUG    save to sessions_items.log
2019-10-16 09:30:46,782 DEBUG    ('127.0.0.1', 33248) - ASGI [2] Received {'type': 'http.response.start', 'status': 200, 'headers': '<...>'}
2019-10-16 09:30:46,783 INFO     ('127.0.0.1', 33248) - "POST /predict_next HTTP/1.1" 200
2019-10-16 09:30:46,783 DEBUG    ('127.0.0.1', 33248) - ASGI [2] Received {'type': 'http.response.body', 'body': '<51 bytes>'}
2019-10-16 09:30:46,783 DEBUG    ('127.0.0.1', 33248) - ASGI [2] Completed
2019-10-16 09:30:51,396 DEBUG    ('127.0.0.1', 33248) - ASGI [3] Started
2019-10-16 09:30:51,396 DEBUG    ('127.0.0.1', 33248) - ASGI [3] Sent {'type': 'http.request', 'body': '<77 bytes>', 'more_body': False}
2019-10-16 09:30:51,397 DEBUG    received items: https://www150.statcan.gc.ca/n1/dai-quo/index-eng.htm?HPA=1
2019-10-16 09:30:51,397 DEBUG    save to sessions_items.log
2019-10-16 09:30:51,398 DEBUG    ('127.0.0.1', 33248) - ASGI [3] Received {'type': 'http.response.start', 'status': 200, 'headers': '<...>'}
2019-10-16 09:30:51,398 INFO     ('127.0.0.1', 33248) - "POST /predict_next HTTP/1.1" 200
2019-10-16 09:30:51,399 DEBUG    ('127.0.0.1', 33248) - ASGI [3] Received {'type': 'http.response.body', 'body': '<75 bytes>'}
2019-10-16 09:30:51,399 DEBUG    ('127.0.0.1', 33248) - ASGI [3] Completed
2019-10-16 09:30:52,303 DEBUG    ('127.0.0.1', 33248) - ASGI [4] Started
2019-10-16 09:30:52,303 DEBUG    ('127.0.0.1', 33248) - ASGI [4] Sent {'type': 'http.request', 'body': '<139 bytes>', 'more_body': False}
2019-10-16 09:30:52,304 DEBUG    received items: https://www150.statcan.gc.ca/n1/dai-quo/index-eng.htm?HPA=1,https://www150.statcan.gc.ca/n1/dai-quo/index-eng.htm?HPA=1
2019-10-16 09:30:52,304 DEBUG    save to sessions_items.log
2019-10-16 09:30:52,305 DEBUG    ('127.0.0.1', 33248) - ASGI [4] Received {'type': 'http.response.start', 'status': 200, 'headers': '<...>'}
2019-10-16 09:30:52,305 INFO     ('127.0.0.1', 33248) - "POST /predict_next HTTP/1.1" 200
2019-10-16 09:30:52,305 DEBUG    ('127.0.0.1', 33248) - ASGI [4] Received {'type': 'http.response.body', 'body': '<75 bytes>'}
2019-10-16 09:30:52,306 DEBUG    ('127.0.0.1', 33248) - ASGI [4] Completed
2019-10-16 09:30:54,819 DEBUG    ('127.0.0.1', 33248) - ASGI [5] Started
2019-10-16 09:30:54,820 DEBUG    ('127.0.0.1', 33248) - ASGI [5] Sent {'type': 'http.request', 'body': '<218 bytes>', 'more_body': False}
2019-10-16 09:30:54,821 DEBUG    received items: https://www150.statcan.gc.ca/n1/dai-quo/index-eng.htm?HPA=1,https://www150.statcan.gc.ca/n1/dai-quo/index-eng.htm?HPA=1,https://www150.statcan.gc.ca/n1/dai-quo/ssi/homepage/rel-com/theme18-eng.htm
2019-10-16 09:30:54,821 DEBUG    save to sessions_items.log
2019-10-16 09:30:54,821 DEBUG    ('127.0.0.1', 33248) - ASGI [5] Received {'type': 'http.response.start', 'status': 200, 'headers': '<...>'}
2019-10-16 09:30:54,822 INFO     ('127.0.0.1', 33248) - "POST /predict_next HTTP/1.1" 200
2019-10-16 09:30:54,822 DEBUG    ('127.0.0.1', 33248) - ASGI [5] Received {'type': 'http.response.body', 'body': '<92 bytes>'}
2019-10-16 09:30:54,822 DEBUG    ('127.0.0.1', 33248) - ASGI [5] Completed
2019-10-16 09:30:59,822 DEBUG    ('127.0.0.1', 33248) - Disconnected
2019-10-16 09:34:16,409 INFO     Shutting down
2019-10-16 09:34:16,510 INFO     Waiting for application shutdown.
2019-10-16 09:34:16,510 DEBUG    None - ASGI [1] Sent {'type': 'lifespan.shutdown'}
2019-10-16 09:34:16,511 DEBUG    None - ASGI [1] Received {'type': 'lifespan.shutdown.complete'}
2019-10-16 09:34:16,511 DEBUG    None - ASGI [1] Completed
2019-10-16 09:34:16,511 INFO     Finished server process [36501]
2019-10-16 09:34:17,372 INFO     Started server process [39454]
2019-10-16 09:34:17,373 INFO     Waiting for application startup.
2019-10-16 09:34:17,373 DEBUG    None - ASGI [1] Started
2019-10-16 09:34:17,373 DEBUG    None - ASGI [1] Sent {'type': 'lifespan.startup'}
2019-10-16 09:34:17,373 DEBUG    None - ASGI [1] Received {'type': 'lifespan.startup.complete'}
2019-10-16 09:34:46,597 DEBUG    ('127.0.0.1', 38746) - Connected
2019-10-16 09:34:46,599 DEBUG    ('127.0.0.1', 38746) - ASGI [2] Started
2019-10-16 09:34:46,600 DEBUG    ('127.0.0.1', 38746) - ASGI [2] Sent {'type': 'http.request', 'body': '<178 bytes>', 'more_body': False}
2019-10-16 09:34:46,601 DEBUG    received items: https://www.google.com/search?q=javascript+create+random+string+id&oq=javascript+create+random+string+id&aqs=chrome..69i57j0l5.6307j0j8&sourceid=chrome&ie=UTF-8
2019-10-16 09:34:46,601 DEBUG    save to sessions_items.log
2019-10-16 09:34:46,603 DEBUG    ('127.0.0.1', 38746) - ASGI [2] Received {'type': 'http.response.start', 'status': 200, 'headers': '<...>'}
2019-10-16 09:34:46,604 INFO     ('127.0.0.1', 38746) - "POST /predict_next HTTP/1.1" 200
2019-10-16 09:34:46,604 DEBUG    ('127.0.0.1', 38746) - ASGI [2] Received {'type': 'http.response.body', 'body': '<176 bytes>'}
2019-10-16 09:34:46,604 DEBUG    ('127.0.0.1', 38746) - ASGI [2] Completed
2019-10-16 09:34:51,604 DEBUG    ('127.0.0.1', 38746) - Disconnected
2019-10-16 09:34:51,819 DEBUG    ('127.0.0.1', 38932) - Connected
2019-10-16 09:34:51,820 DEBUG    ('127.0.0.1', 38932) - ASGI [3] Started
2019-10-16 09:34:51,821 DEBUG    ('127.0.0.1', 38932) - ASGI [3] Sent {'type': 'http.request', 'body': '<54 bytes>', 'more_body': False}
2019-10-16 09:34:51,822 DEBUG    received items: https://gist.github.com/6174/6062387
2019-10-16 09:34:51,822 DEBUG    save to sessions_items.log
2019-10-16 09:34:51,822 DEBUG    ('127.0.0.1', 38932) - ASGI [3] Received {'type': 'http.response.start', 'status': 200, 'headers': '<...>'}
2019-10-16 09:34:51,823 INFO     ('127.0.0.1', 38932) - "POST /predict_next HTTP/1.1" 200
2019-10-16 09:34:51,823 DEBUG    ('127.0.0.1', 38932) - ASGI [3] Received {'type': 'http.response.body', 'body': '<52 bytes>'}
2019-10-16 09:34:51,823 DEBUG    ('127.0.0.1', 38932) - ASGI [3] Completed
2019-10-16 09:34:56,823 DEBUG    ('127.0.0.1', 38932) - Disconnected
2019-10-16 09:37:11,554 INFO     Shutting down
2019-10-16 09:37:11,654 INFO     Waiting for application shutdown.
2019-10-16 09:37:11,655 DEBUG    None - ASGI [1] Sent {'type': 'lifespan.shutdown'}
2019-10-16 09:37:11,655 DEBUG    None - ASGI [1] Received {'type': 'lifespan.shutdown.complete'}
2019-10-16 09:37:11,655 DEBUG    None - ASGI [1] Completed
2019-10-16 09:37:11,655 INFO     Finished server process [39454]
2019-10-16 09:37:12,319 INFO     Started server process [41575]
2019-10-16 09:37:12,319 INFO     Waiting for application startup.
2019-10-16 09:37:12,320 DEBUG    None - ASGI [1] Started
2019-10-16 09:37:12,320 DEBUG    None - ASGI [1] Sent {'type': 'lifespan.startup'}
2019-10-16 09:37:12,320 DEBUG    None - ASGI [1] Received {'type': 'lifespan.startup.complete'}
2019-10-16 09:41:14,352 INFO     Shutting down
2019-10-16 09:41:14,453 INFO     Waiting for application shutdown.
2019-10-16 09:41:14,454 DEBUG    None - ASGI [1] Sent {'type': 'lifespan.shutdown'}
2019-10-16 09:41:14,454 DEBUG    None - ASGI [1] Received {'type': 'lifespan.shutdown.complete'}
2019-10-16 09:41:14,454 DEBUG    None - ASGI [1] Completed
2019-10-16 09:41:14,454 INFO     Finished server process [41575]
2019-10-16 09:41:15,263 INFO     Started server process [44388]
2019-10-16 09:41:15,263 INFO     Waiting for application startup.
2019-10-16 09:41:15,263 DEBUG    None - ASGI [1] Started
2019-10-16 09:41:15,264 DEBUG    None - ASGI [1] Sent {'type': 'lifespan.startup'}
2019-10-16 09:41:15,264 DEBUG    None - ASGI [1] Received {'type': 'lifespan.startup.complete'}
2019-10-16 09:43:23,710 INFO     Shutting down
2019-10-16 09:43:23,810 INFO     Waiting for application shutdown.
2019-10-16 09:43:23,811 DEBUG    None - ASGI [1] Sent {'type': 'lifespan.shutdown'}
2019-10-16 09:43:23,811 DEBUG    None - ASGI [1] Received {'type': 'lifespan.shutdown.complete'}
2019-10-16 09:43:23,811 DEBUG    None - ASGI [1] Completed
2019-10-16 09:43:23,811 INFO     Finished server process [44388]
2019-10-16 09:43:24,596 INFO     Started server process [45873]
2019-10-16 09:43:24,596 INFO     Waiting for application startup.
2019-10-16 09:43:24,596 DEBUG    None - ASGI [1] Started
2019-10-16 09:43:24,597 DEBUG    None - ASGI [1] Sent {'type': 'lifespan.startup'}
2019-10-16 09:43:24,597 DEBUG    None - ASGI [1] Received {'type': 'lifespan.startup.complete'}
2019-10-16 09:46:13,038 INFO     Shutting down
2019-10-16 09:46:13,139 INFO     Waiting for application shutdown.
2019-10-16 09:46:13,140 DEBUG    None - ASGI [1] Sent {'type': 'lifespan.shutdown'}
2019-10-16 09:46:13,140 DEBUG    None - ASGI [1] Received {'type': 'lifespan.shutdown.complete'}
2019-10-16 09:46:13,140 DEBUG    None - ASGI [1] Completed
2019-10-16 09:46:13,140 INFO     Finished server process [45873]
2019-10-16 09:46:13,980 INFO     Started server process [48006]
2019-10-16 09:46:13,981 INFO     Waiting for application startup.
2019-10-16 09:46:13,981 DEBUG    None - ASGI [1] Started
2019-10-16 09:46:13,982 DEBUG    None - ASGI [1] Sent {'type': 'lifespan.startup'}
2019-10-16 09:46:13,982 DEBUG    None - ASGI [1] Received {'type': 'lifespan.startup.complete'}
2019-10-16 09:46:39,959 INFO     Shutting down
2019-10-16 09:46:40,060 INFO     Waiting for application shutdown.
2019-10-16 09:46:40,060 DEBUG    None - ASGI [1] Sent {'type': 'lifespan.shutdown'}
2019-10-16 09:46:40,060 DEBUG    None - ASGI [1] Received {'type': 'lifespan.shutdown.complete'}
2019-10-16 09:46:40,061 DEBUG    None - ASGI [1] Completed
2019-10-16 09:46:40,061 INFO     Finished server process [48006]
2019-10-16 09:46:40,904 INFO     Started server process [48261]
2019-10-16 09:46:40,904 INFO     Waiting for application startup.
2019-10-16 09:46:40,905 DEBUG    None - ASGI [1] Started
2019-10-16 09:46:40,905 DEBUG    None - ASGI [1] Sent {'type': 'lifespan.startup'}
2019-10-16 09:46:40,905 DEBUG    None - ASGI [1] Received {'type': 'lifespan.startup.complete'}
2019-10-16 10:39:48,511 INFO     Shutting down
2019-10-16 10:39:48,612 INFO     Waiting for application shutdown.
2019-10-16 10:39:48,612 DEBUG    None - ASGI [1] Sent {'type': 'lifespan.shutdown'}
2019-10-16 10:39:48,612 DEBUG    None - ASGI [1] Received {'type': 'lifespan.shutdown.complete'}
2019-10-16 10:39:48,612 DEBUG    None - ASGI [1] Completed
2019-10-16 10:39:48,613 INFO     Finished server process [48261]
2019-10-16 10:39:49,375 INFO     Started server process [84708]
2019-10-16 10:39:49,375 INFO     Waiting for application startup.
2019-10-16 10:39:49,375 DEBUG    None - ASGI [1] Started
2019-10-16 10:39:49,376 DEBUG    None - ASGI [1] Sent {'type': 'lifespan.startup'}
2019-10-16 10:39:49,376 DEBUG    None - ASGI [1] Received {'type': 'lifespan.startup.complete'}
2019-10-16 10:40:06,971 INFO     Shutting down
2019-10-16 10:40:07,072 INFO     Waiting for application shutdown.
2019-10-16 10:40:07,072 DEBUG    None - ASGI [1] Sent {'type': 'lifespan.shutdown'}
2019-10-16 10:40:07,072 DEBUG    None - ASGI [1] Received {'type': 'lifespan.shutdown.complete'}
2019-10-16 10:40:07,073 DEBUG    None - ASGI [1] Completed
2019-10-16 10:40:07,073 INFO     Finished server process [84708]
2019-10-16 10:40:07,612 INFO     Started server process [84981]
2019-10-16 10:40:07,612 INFO     Waiting for application startup.
2019-10-16 10:40:07,612 DEBUG    None - ASGI [1] Started
2019-10-16 10:40:07,613 DEBUG    None - ASGI [1] Sent {'type': 'lifespan.startup'}
2019-10-16 10:40:07,613 DEBUG    None - ASGI [1] Received {'type': 'lifespan.startup.complete'}
2019-10-16 10:40:14,453 INFO     Shutting down
2019-10-16 10:40:14,554 INFO     Waiting for application shutdown.
2019-10-16 10:40:14,554 DEBUG    None - ASGI [1] Sent {'type': 'lifespan.shutdown'}
2019-10-16 10:40:14,555 DEBUG    None - ASGI [1] Received {'type': 'lifespan.shutdown.complete'}
2019-10-16 10:40:14,555 DEBUG    None - ASGI [1] Completed
2019-10-16 10:40:14,555 INFO     Finished server process [84981]
2019-10-16 10:40:15,182 INFO     Started server process [85090]
2019-10-16 10:40:15,182 INFO     Waiting for application startup.
2019-10-16 10:40:15,183 DEBUG    None - ASGI [1] Started
2019-10-16 10:40:15,183 DEBUG    None - ASGI [1] Sent {'type': 'lifespan.startup'}
2019-10-16 10:40:15,183 DEBUG    None - ASGI [1] Received {'type': 'lifespan.startup.complete'}
2019-10-16 10:40:58,055 INFO     Shutting down
2019-10-16 10:40:58,156 INFO     Waiting for application shutdown.
2019-10-16 10:40:58,156 DEBUG    None - ASGI [1] Sent {'type': 'lifespan.shutdown'}
2019-10-16 10:40:58,156 DEBUG    None - ASGI [1] Received {'type': 'lifespan.shutdown.complete'}
2019-10-16 10:40:58,157 DEBUG    None - ASGI [1] Completed
2019-10-16 10:40:58,157 INFO     Finished server process [85090]
2019-10-16 10:40:58,848 INFO     Started server process [85504]
2019-10-16 10:40:58,849 INFO     Waiting for application startup.
2019-10-16 10:40:58,849 DEBUG    None - ASGI [1] Started
2019-10-16 10:40:58,849 DEBUG    None - ASGI [1] Sent {'type': 'lifespan.startup'}
2019-10-16 10:40:58,850 DEBUG    None - ASGI [1] Received {'type': 'lifespan.startup.complete'}
2019-10-16 10:41:04,898 INFO     Shutting down
2019-10-16 10:41:04,999 INFO     Waiting for application shutdown.
2019-10-16 10:41:04,999 DEBUG    None - ASGI [1] Sent {'type': 'lifespan.shutdown'}
2019-10-16 10:41:04,999 DEBUG    None - ASGI [1] Received {'type': 'lifespan.shutdown.complete'}
2019-10-16 10:41:05,000 DEBUG    None - ASGI [1] Completed
2019-10-16 10:41:05,000 INFO     Finished server process [85504]
2019-10-16 10:41:05,620 INFO     Started server process [85638]
2019-10-16 10:41:05,620 INFO     Waiting for application startup.
2019-10-16 10:41:05,621 DEBUG    None - ASGI [1] Started
2019-10-16 10:41:05,621 DEBUG    None - ASGI [1] Sent {'type': 'lifespan.startup'}
2019-10-16 10:41:05,621 DEBUG    None - ASGI [1] Received {'type': 'lifespan.startup.complete'}
2019-10-16 10:41:17,733 INFO     Shutting down
2019-10-16 10:41:17,834 INFO     Waiting for application shutdown.
2019-10-16 10:41:17,835 DEBUG    None - ASGI [1] Sent {'type': 'lifespan.shutdown'}
2019-10-16 10:41:17,835 DEBUG    None - ASGI [1] Received {'type': 'lifespan.shutdown.complete'}
2019-10-16 10:41:17,835 DEBUG    None - ASGI [1] Completed
2019-10-16 10:41:17,835 INFO     Finished server process [85638]
2019-10-16 10:41:18,658 INFO     Started server process [85852]
2019-10-16 10:41:18,658 INFO     Waiting for application startup.
2019-10-16 10:41:18,658 DEBUG    None - ASGI [1] Started
2019-10-16 10:41:18,658 DEBUG    None - ASGI [1] Sent {'type': 'lifespan.startup'}
2019-10-16 10:41:18,659 DEBUG    None - ASGI [1] Received {'type': 'lifespan.startup.complete'}
2019-10-16 10:41:39,783 INFO     Shutting down
2019-10-16 10:41:39,884 INFO     Waiting for application shutdown.
2019-10-16 10:41:39,885 DEBUG    None - ASGI [1] Sent {'type': 'lifespan.shutdown'}
2019-10-16 10:41:39,885 DEBUG    None - ASGI [1] Received {'type': 'lifespan.shutdown.complete'}
2019-10-16 10:41:39,885 DEBUG    None - ASGI [1] Completed
2019-10-16 10:41:39,885 INFO     Finished server process [85852]
2019-10-16 10:41:40,647 INFO     Started server process [86106]
2019-10-16 10:41:40,647 INFO     Waiting for application startup.
2019-10-16 10:41:40,647 DEBUG    None - ASGI [1] Started
2019-10-16 10:41:40,648 DEBUG    None - ASGI [1] Sent {'type': 'lifespan.startup'}
2019-10-16 10:41:40,648 DEBUG    None - ASGI [1] Received {'type': 'lifespan.startup.complete'}
2019-10-16 10:41:44,776 INFO     Shutting down
2019-10-16 10:41:44,877 INFO     Waiting for application shutdown.
2019-10-16 10:41:44,877 DEBUG    None - ASGI [1] Sent {'type': 'lifespan.shutdown'}
2019-10-16 10:41:44,877 DEBUG    None - ASGI [1] Received {'type': 'lifespan.shutdown.complete'}
2019-10-16 10:41:44,877 DEBUG    None - ASGI [1] Completed
2019-10-16 10:41:44,878 INFO     Finished server process [86106]
2019-10-16 10:41:45,518 INFO     Started server process [86181]
2019-10-16 10:41:45,519 INFO     Waiting for application startup.
2019-10-16 10:41:45,519 DEBUG    None - ASGI [1] Started
2019-10-16 10:41:45,519 DEBUG    None - ASGI [1] Sent {'type': 'lifespan.startup'}
2019-10-16 10:41:45,522 DEBUG    None - ASGI [1] Received {'type': 'lifespan.startup.complete'}
2019-10-16 10:42:15,485 INFO     Shutting down
2019-10-16 10:42:15,585 INFO     Waiting for application shutdown.
2019-10-16 10:42:15,586 DEBUG    None - ASGI [1] Sent {'type': 'lifespan.shutdown'}
2019-10-16 10:42:15,586 DEBUG    None - ASGI [1] Received {'type': 'lifespan.shutdown.complete'}
2019-10-16 10:42:15,586 DEBUG    None - ASGI [1] Completed
2019-10-16 10:42:15,586 INFO     Finished server process [86181]
2019-10-16 10:42:16,198 INFO     Started server process [86643]
2019-10-16 10:42:16,199 INFO     Waiting for application startup.
2019-10-16 10:42:16,199 DEBUG    None - ASGI [1] Started
2019-10-16 10:42:16,199 DEBUG    None - ASGI [1] Sent {'type': 'lifespan.startup'}
2019-10-16 10:42:16,199 DEBUG    None - ASGI [1] Received {'type': 'lifespan.startup.complete'}
2019-10-16 10:43:40,586 INFO     Shutting down
2019-10-16 10:43:40,687 INFO     Waiting for application shutdown.
2019-10-16 10:43:40,687 DEBUG    None - ASGI [1] Sent {'type': 'lifespan.shutdown'}
2019-10-16 10:43:40,687 DEBUG    None - ASGI [1] Received {'type': 'lifespan.shutdown.complete'}
2019-10-16 10:43:40,687 DEBUG    None - ASGI [1] Completed
2019-10-16 10:43:40,687 INFO     Finished server process [86643]
2019-10-16 10:43:41,324 INFO     Started server process [87570]
2019-10-16 10:43:41,324 INFO     Waiting for application startup.
2019-10-16 10:43:41,325 DEBUG    None - ASGI [1] Started
2019-10-16 10:43:41,325 DEBUG    None - ASGI [1] Sent {'type': 'lifespan.startup'}
2019-10-16 10:43:41,325 DEBUG    None - ASGI [1] Received {'type': 'lifespan.startup.complete'}
2019-10-16 10:44:23,204 INFO     Shutting down
2019-10-16 10:44:23,305 INFO     Waiting for application shutdown.
2019-10-16 10:44:23,305 DEBUG    None - ASGI [1] Sent {'type': 'lifespan.shutdown'}
2019-10-16 10:44:23,305 DEBUG    None - ASGI [1] Received {'type': 'lifespan.shutdown.complete'}
2019-10-16 10:44:23,305 DEBUG    None - ASGI [1] Completed
2019-10-16 10:44:23,306 INFO     Finished server process [87570]
2019-10-16 10:44:23,864 INFO     Started server process [88327]
2019-10-16 10:44:23,864 INFO     Waiting for application startup.
2019-10-16 10:44:23,864 DEBUG    None - ASGI [1] Started
2019-10-16 10:44:23,865 DEBUG    None - ASGI [1] Sent {'type': 'lifespan.startup'}
2019-10-16 10:44:23,865 DEBUG    None - ASGI [1] Received {'type': 'lifespan.startup.complete'}
2019-10-16 10:44:32,040 INFO     Shutting down
2019-10-16 10:44:32,141 INFO     Waiting for application shutdown.
2019-10-16 10:44:32,141 DEBUG    None - ASGI [1] Sent {'type': 'lifespan.shutdown'}
2019-10-16 10:44:32,142 DEBUG    None - ASGI [1] Received {'type': 'lifespan.shutdown.complete'}
2019-10-16 10:44:32,142 DEBUG    None - ASGI [1] Completed
2019-10-16 10:44:32,142 INFO     Finished server process [88327]
2019-10-16 10:44:32,881 INFO     Started server process [88419]
2019-10-16 10:44:32,881 INFO     Waiting for application startup.
2019-10-16 10:44:32,881 DEBUG    None - ASGI [1] Started
2019-10-16 10:44:32,882 DEBUG    None - ASGI [1] Sent {'type': 'lifespan.startup'}
2019-10-16 10:44:32,882 DEBUG    None - ASGI [1] Received {'type': 'lifespan.startup.complete'}
2019-10-16 10:44:38,646 INFO     Shutting down
2019-10-16 10:44:38,747 INFO     Waiting for application shutdown.
2019-10-16 10:44:38,747 DEBUG    None - ASGI [1] Sent {'type': 'lifespan.shutdown'}
2019-10-16 10:44:38,747 DEBUG    None - ASGI [1] Received {'type': 'lifespan.shutdown.complete'}
2019-10-16 10:44:38,747 DEBUG    None - ASGI [1] Completed
2019-10-16 10:44:38,748 INFO     Finished server process [88419]
2019-10-16 10:44:39,452 INFO     Started server process [88481]
2019-10-16 10:44:39,452 INFO     Waiting for application startup.
2019-10-16 10:44:39,453 DEBUG    None - ASGI [1] Started
2019-10-16 10:44:39,453 DEBUG    None - ASGI [1] Sent {'type': 'lifespan.startup'}
2019-10-16 10:44:39,453 DEBUG    None - ASGI [1] Received {'type': 'lifespan.startup.complete'}
2019-10-16 10:44:43,388 INFO     Shutting down
2019-10-16 10:44:43,489 INFO     Waiting for application shutdown.
2019-10-16 10:44:43,489 DEBUG    None - ASGI [1] Sent {'type': 'lifespan.shutdown'}
2019-10-16 10:44:43,490 DEBUG    None - ASGI [1] Received {'type': 'lifespan.shutdown.complete'}
2019-10-16 10:44:43,490 DEBUG    None - ASGI [1] Completed
2019-10-16 10:44:43,490 INFO     Finished server process [88481]
2019-10-16 10:44:44,264 INFO     Started server process [88527]
2019-10-16 10:44:44,264 INFO     Waiting for application startup.
2019-10-16 10:44:44,264 DEBUG    None - ASGI [1] Started
2019-10-16 10:44:44,265 DEBUG    None - ASGI [1] Sent {'type': 'lifespan.startup'}
2019-10-16 10:44:44,265 DEBUG    None - ASGI [1] Received {'type': 'lifespan.startup.complete'}
2019-10-16 10:44:54,889 INFO     Shutting down
2019-10-16 10:44:54,989 INFO     Waiting for application shutdown.
2019-10-16 10:44:54,990 DEBUG    None - ASGI [1] Sent {'type': 'lifespan.shutdown'}
2019-10-16 10:44:54,990 DEBUG    None - ASGI [1] Received {'type': 'lifespan.shutdown.complete'}
2019-10-16 10:44:54,990 DEBUG    None - ASGI [1] Completed
2019-10-16 10:44:54,990 INFO     Finished server process [88527]
2019-10-16 10:44:55,632 INFO     Started server process [88692]
2019-10-16 10:44:55,632 INFO     Waiting for application startup.
2019-10-16 10:44:55,632 DEBUG    None - ASGI [1] Started
2019-10-16 10:44:55,633 DEBUG    None - ASGI [1] Sent {'type': 'lifespan.startup'}
2019-10-16 10:44:55,633 DEBUG    None - ASGI [1] Received {'type': 'lifespan.startup.complete'}
2019-10-16 10:47:00,287 INFO     Shutting down
2019-10-16 10:47:00,388 INFO     Waiting for application shutdown.
2019-10-16 10:47:00,389 DEBUG    None - ASGI [1] Sent {'type': 'lifespan.shutdown'}
2019-10-16 10:47:00,389 DEBUG    None - ASGI [1] Received {'type': 'lifespan.shutdown.complete'}
2019-10-16 10:47:00,389 DEBUG    None - ASGI [1] Completed
2019-10-16 10:47:00,389 INFO     Finished server process [88692]
2019-10-16 10:47:01,807 INFO     Started server process [90500]
2019-10-16 10:47:01,808 INFO     Waiting for application startup.
2019-10-16 10:47:01,808 DEBUG    None - ASGI [1] Started
2019-10-16 10:47:01,808 DEBUG    None - ASGI [1] Sent {'type': 'lifespan.startup'}
2019-10-16 10:47:01,808 DEBUG    None - ASGI [1] Received {'type': 'lifespan.startup.complete'}
2019-10-16 10:55:15,369 INFO     Shutting down
2019-10-16 10:55:15,470 INFO     Waiting for application shutdown.
2019-10-16 10:55:15,470 DEBUG    None - ASGI [1] Sent {'type': 'lifespan.shutdown'}
2019-10-16 10:55:15,471 DEBUG    None - ASGI [1] Received {'type': 'lifespan.shutdown.complete'}
2019-10-16 10:55:15,471 DEBUG    None - ASGI [1] Completed
2019-10-16 10:55:15,471 INFO     Finished server process [90500]
2019-10-16 10:55:16,331 INFO     Started server process [96703]
2019-10-16 10:55:16,331 INFO     Waiting for application startup.
2019-10-16 10:55:16,331 DEBUG    None - ASGI [1] Started
2019-10-16 10:55:16,332 DEBUG    None - ASGI [1] Sent {'type': 'lifespan.startup'}
2019-10-16 10:55:16,332 DEBUG    None - ASGI [1] Received {'type': 'lifespan.startup.complete'}
2019-10-16 10:57:50,295 INFO     Shutting down
2019-10-16 10:57:50,396 INFO     Waiting for application shutdown.
2019-10-16 10:57:50,397 DEBUG    None - ASGI [1] Sent {'type': 'lifespan.shutdown'}
2019-10-16 10:57:50,397 DEBUG    None - ASGI [1] Received {'type': 'lifespan.shutdown.complete'}
2019-10-16 10:57:50,397 DEBUG    None - ASGI [1] Completed
2019-10-16 10:57:50,397 INFO     Finished server process [96703]
2019-10-16 10:57:51,339 INFO     Started server process [99131]
2019-10-16 10:57:51,340 INFO     Waiting for application startup.
2019-10-16 10:57:51,340 DEBUG    None - ASGI [1] Started
2019-10-16 10:57:51,340 DEBUG    None - ASGI [1] Sent {'type': 'lifespan.startup'}
2019-10-16 10:57:51,341 DEBUG    None - ASGI [1] Received {'type': 'lifespan.startup.complete'}
2019-10-16 10:59:03,078 INFO     Shutting down
2019-10-16 10:59:03,177 INFO     Waiting for application shutdown.
2019-10-16 10:59:03,178 DEBUG    None - ASGI [1] Sent {'type': 'lifespan.shutdown'}
2019-10-16 10:59:03,178 DEBUG    None - ASGI [1] Received {'type': 'lifespan.shutdown.complete'}
2019-10-16 10:59:03,178 DEBUG    None - ASGI [1] Completed
2019-10-16 10:59:03,178 INFO     Finished server process [99131]
2019-10-16 10:59:03,976 INFO     Started server process [100142]
2019-10-16 10:59:03,977 INFO     Waiting for application startup.
2019-10-16 10:59:03,977 DEBUG    None - ASGI [1] Started
2019-10-16 10:59:03,977 DEBUG    None - ASGI [1] Sent {'type': 'lifespan.startup'}
2019-10-16 10:59:03,977 DEBUG    None - ASGI [1] Received {'type': 'lifespan.startup.complete'}
2019-10-16 10:59:39,691 INFO     Shutting down
2019-10-16 10:59:39,792 INFO     Waiting for application shutdown.
2019-10-16 10:59:39,792 DEBUG    None - ASGI [1] Sent {'type': 'lifespan.shutdown'}
2019-10-16 10:59:39,792 DEBUG    None - ASGI [1] Received {'type': 'lifespan.shutdown.complete'}
2019-10-16 10:59:39,792 DEBUG    None - ASGI [1] Completed
2019-10-16 10:59:39,793 INFO     Finished server process [100142]
2019-10-16 10:59:40,587 INFO     Started server process [100798]
2019-10-16 10:59:40,587 INFO     Waiting for application startup.
2019-10-16 10:59:40,587 DEBUG    None - ASGI [1] Started
2019-10-16 10:59:40,588 DEBUG    None - ASGI [1] Sent {'type': 'lifespan.startup'}
2019-10-16 10:59:40,588 DEBUG    None - ASGI [1] Received {'type': 'lifespan.startup.complete'}
2019-10-16 10:59:57,561 INFO     Shutting down
2019-10-16 10:59:57,661 INFO     Waiting for application shutdown.
2019-10-16 10:59:57,662 DEBUG    None - ASGI [1] Sent {'type': 'lifespan.shutdown'}
2019-10-16 10:59:57,662 DEBUG    None - ASGI [1] Received {'type': 'lifespan.shutdown.complete'}
2019-10-16 10:59:57,662 DEBUG    None - ASGI [1] Completed
2019-10-16 10:59:57,662 INFO     Finished server process [100798]
2019-10-16 10:59:58,387 INFO     Started server process [101012]
2019-10-16 10:59:58,387 INFO     Waiting for application startup.
2019-10-16 10:59:58,387 DEBUG    None - ASGI [1] Started
2019-10-16 10:59:58,387 DEBUG    None - ASGI [1] Sent {'type': 'lifespan.startup'}
2019-10-16 10:59:58,388 DEBUG    None - ASGI [1] Received {'type': 'lifespan.startup.complete'}
2019-10-16 11:00:48,787 INFO     Shutting down
2019-10-16 11:00:48,887 INFO     Waiting for application shutdown.
2019-10-16 11:00:48,888 DEBUG    None - ASGI [1] Sent {'type': 'lifespan.shutdown'}
2019-10-16 11:00:48,888 DEBUG    None - ASGI [1] Received {'type': 'lifespan.shutdown.complete'}
2019-10-16 11:00:48,889 DEBUG    None - ASGI [1] Completed
2019-10-16 11:00:48,889 INFO     Finished server process [101012]
2019-10-16 11:00:49,959 INFO     Started server process [101946]
2019-10-16 11:00:49,960 INFO     Waiting for application startup.
2019-10-16 11:00:49,960 DEBUG    None - ASGI [1] Started
2019-10-16 11:00:49,960 DEBUG    None - ASGI [1] Sent {'type': 'lifespan.startup'}
2019-10-16 11:00:49,960 DEBUG    None - ASGI [1] Received {'type': 'lifespan.startup.complete'}
2019-10-16 11:01:37,819 INFO     Shutting down
2019-10-16 11:01:37,920 INFO     Waiting for application shutdown.
2019-10-16 11:01:37,920 DEBUG    None - ASGI [1] Sent {'type': 'lifespan.shutdown'}
2019-10-16 11:01:37,921 DEBUG    None - ASGI [1] Received {'type': 'lifespan.shutdown.complete'}
2019-10-16 11:01:37,921 DEBUG    None - ASGI [1] Completed
2019-10-16 11:01:37,921 INFO     Finished server process [101946]
2019-10-16 11:01:38,904 INFO     Started server process [102678]
2019-10-16 11:01:38,904 INFO     Waiting for application startup.
2019-10-16 11:01:38,904 DEBUG    None - ASGI [1] Started
2019-10-16 11:01:38,905 DEBUG    None - ASGI [1] Sent {'type': 'lifespan.startup'}
2019-10-16 11:01:38,905 DEBUG    None - ASGI [1] Received {'type': 'lifespan.startup.complete'}
2019-10-16 11:02:13,379 INFO     Shutting down
2019-10-16 11:02:13,481 INFO     Waiting for application shutdown.
2019-10-16 11:02:13,482 DEBUG    None - ASGI [1] Sent {'type': 'lifespan.shutdown'}
2019-10-16 11:02:13,482 DEBUG    None - ASGI [1] Received {'type': 'lifespan.shutdown.complete'}
2019-10-16 11:02:13,482 DEBUG    None - ASGI [1] Completed
2019-10-16 11:02:13,482 INFO     Finished server process [102678]
2019-10-16 11:02:14,303 INFO     Started server process [103200]
2019-10-16 11:02:14,303 INFO     Waiting for application startup.
2019-10-16 11:02:14,304 DEBUG    None - ASGI [1] Started
2019-10-16 11:02:14,304 DEBUG    None - ASGI [1] Sent {'type': 'lifespan.startup'}
2019-10-16 11:02:14,304 DEBUG    None - ASGI [1] Received {'type': 'lifespan.startup.complete'}
2019-10-16 11:03:07,367 INFO     Shutting down
2019-10-16 11:03:07,468 INFO     Waiting for application shutdown.
2019-10-16 11:03:07,469 DEBUG    None - ASGI [1] Sent {'type': 'lifespan.shutdown'}
2019-10-16 11:03:07,469 DEBUG    None - ASGI [1] Received {'type': 'lifespan.shutdown.complete'}
2019-10-16 11:03:07,469 DEBUG    None - ASGI [1] Completed
2019-10-16 11:03:07,469 INFO     Finished server process [103200]
2019-10-16 11:03:08,380 INFO     Started server process [103928]
2019-10-16 11:03:08,380 INFO     Waiting for application startup.
2019-10-16 11:03:08,381 DEBUG    None - ASGI [1] Started
2019-10-16 11:03:08,381 DEBUG    None - ASGI [1] Sent {'type': 'lifespan.startup'}
2019-10-16 11:03:08,381 DEBUG    None - ASGI [1] Received {'type': 'lifespan.startup.complete'}
2019-10-16 11:04:01,088 INFO     Shutting down
2019-10-16 11:04:01,189 INFO     Waiting for application shutdown.
2019-10-16 11:04:01,190 DEBUG    None - ASGI [1] Sent {'type': 'lifespan.shutdown'}
2019-10-16 11:04:01,190 DEBUG    None - ASGI [1] Received {'type': 'lifespan.shutdown.complete'}
2019-10-16 11:04:01,190 DEBUG    None - ASGI [1] Completed
2019-10-16 11:04:01,190 INFO     Finished server process [103928]
2019-10-16 11:04:02,313 INFO     Started server process [104696]
2019-10-16 11:04:02,314 INFO     Waiting for application startup.
2019-10-16 11:04:02,315 DEBUG    None - ASGI [1] Started
2019-10-16 11:04:02,315 DEBUG    None - ASGI [1] Sent {'type': 'lifespan.startup'}
2019-10-16 11:04:02,315 DEBUG    None - ASGI [1] Received {'type': 'lifespan.startup.complete'}
2019-10-16 11:04:07,094 INFO     Shutting down
2019-10-16 11:04:07,194 INFO     Waiting for application shutdown.
2019-10-16 11:04:07,195 DEBUG    None - ASGI [1] Sent {'type': 'lifespan.shutdown'}
2019-10-16 11:04:07,195 DEBUG    None - ASGI [1] Received {'type': 'lifespan.shutdown.complete'}
2019-10-16 11:04:07,195 DEBUG    None - ASGI [1] Completed
2019-10-16 11:04:07,195 INFO     Finished server process [104696]
2019-10-16 11:04:08,105 INFO     Started server process [104776]
2019-10-16 11:04:08,106 INFO     Waiting for application startup.
2019-10-16 11:04:08,106 DEBUG    None - ASGI [1] Started
2019-10-16 11:04:08,106 DEBUG    None - ASGI [1] Sent {'type': 'lifespan.startup'}
2019-10-16 11:04:08,107 DEBUG    None - ASGI [1] Received {'type': 'lifespan.startup.complete'}
2019-10-16 11:04:42,984 INFO     Shutting down
2019-10-16 11:04:43,085 INFO     Waiting for application shutdown.
2019-10-16 11:04:43,086 DEBUG    None - ASGI [1] Sent {'type': 'lifespan.shutdown'}
2019-10-16 11:04:43,086 DEBUG    None - ASGI [1] Received {'type': 'lifespan.shutdown.complete'}
2019-10-16 11:04:43,086 DEBUG    None - ASGI [1] Completed
2019-10-16 11:04:43,086 INFO     Finished server process [104776]
2019-10-16 11:04:44,687 INFO     Started server process [105358]
2019-10-16 11:04:44,687 INFO     Waiting for application startup.
2019-10-16 11:04:44,688 DEBUG    None - ASGI [1] Started
2019-10-16 11:04:44,688 DEBUG    None - ASGI [1] Sent {'type': 'lifespan.startup'}
2019-10-16 11:04:44,688 DEBUG    None - ASGI [1] Received {'type': 'lifespan.startup.complete'}
2019-10-16 11:04:49,781 INFO     Shutting down
2019-10-16 11:04:49,881 INFO     Waiting for application shutdown.
2019-10-16 11:04:49,882 DEBUG    None - ASGI [1] Sent {'type': 'lifespan.shutdown'}
2019-10-16 11:04:49,882 DEBUG    None - ASGI [1] Received {'type': 'lifespan.shutdown.complete'}
2019-10-16 11:04:49,882 DEBUG    None - ASGI [1] Completed
2019-10-16 11:04:49,882 INFO     Finished server process [105358]
2019-10-16 11:04:50,826 INFO     Started server process [105486]
2019-10-16 11:04:50,827 INFO     Waiting for application startup.
2019-10-16 11:04:50,827 DEBUG    None - ASGI [1] Started
2019-10-16 11:04:50,827 DEBUG    None - ASGI [1] Sent {'type': 'lifespan.startup'}
2019-10-16 11:04:50,827 DEBUG    None - ASGI [1] Received {'type': 'lifespan.startup.complete'}
2019-10-16 11:06:21,437 INFO     Shutting down
2019-10-16 11:06:21,541 INFO     Waiting for application shutdown.
2019-10-16 11:06:21,542 DEBUG    None - ASGI [1] Sent {'type': 'lifespan.shutdown'}
2019-10-16 11:06:21,542 DEBUG    None - ASGI [1] Received {'type': 'lifespan.shutdown.complete'}
2019-10-16 11:06:21,542 DEBUG    None - ASGI [1] Completed
2019-10-16 11:06:21,542 INFO     Finished server process [105486]
2019-10-16 11:06:22,491 INFO     Started server process [106646]
2019-10-16 11:06:22,491 INFO     Waiting for application startup.
2019-10-16 11:06:22,491 DEBUG    None - ASGI [1] Started
2019-10-16 11:06:22,491 DEBUG    None - ASGI [1] Sent {'type': 'lifespan.startup'}
2019-10-16 11:06:22,492 DEBUG    None - ASGI [1] Received {'type': 'lifespan.startup.complete'}
2019-10-16 11:06:29,044 INFO     Shutting down
2019-10-16 11:06:29,145 INFO     Waiting for application shutdown.
2019-10-16 11:06:29,146 DEBUG    None - ASGI [1] Sent {'type': 'lifespan.shutdown'}
2019-10-16 11:06:29,146 DEBUG    None - ASGI [1] Received {'type': 'lifespan.shutdown.complete'}
2019-10-16 11:06:29,146 DEBUG    None - ASGI [1] Completed
2019-10-16 11:06:29,146 INFO     Finished server process [106646]
2019-10-16 11:06:29,901 INFO     Started server process [106713]
2019-10-16 11:06:29,902 INFO     Waiting for application startup.
2019-10-16 11:06:29,902 DEBUG    None - ASGI [1] Started
2019-10-16 11:06:29,902 DEBUG    None - ASGI [1] Sent {'type': 'lifespan.startup'}
2019-10-16 11:06:29,902 DEBUG    None - ASGI [1] Received {'type': 'lifespan.startup.complete'}
2019-10-16 11:07:48,723 INFO     Shutting down
2019-10-16 11:07:48,824 INFO     Waiting for application shutdown.
2019-10-16 11:07:48,824 DEBUG    None - ASGI [1] Sent {'type': 'lifespan.shutdown'}
2019-10-16 11:07:48,824 DEBUG    None - ASGI [1] Received {'type': 'lifespan.shutdown.complete'}
2019-10-16 11:07:48,824 DEBUG    None - ASGI [1] Completed
2019-10-16 11:07:48,825 INFO     Finished server process [106713]
2019-10-16 11:07:49,734 INFO     Started server process [107790]
2019-10-16 11:07:49,734 INFO     Waiting for application startup.
2019-10-16 11:07:49,734 DEBUG    None - ASGI [1] Started
2019-10-16 11:07:49,735 DEBUG    None - ASGI [1] Sent {'type': 'lifespan.startup'}
2019-10-16 11:07:49,735 DEBUG    None - ASGI [1] Received {'type': 'lifespan.startup.complete'}
2019-10-16 11:09:37,916 INFO     Shutting down
2019-10-16 11:09:38,017 INFO     Waiting for application shutdown.
2019-10-16 11:09:38,017 DEBUG    None - ASGI [1] Sent {'type': 'lifespan.shutdown'}
2019-10-16 11:09:38,018 DEBUG    None - ASGI [1] Received {'type': 'lifespan.shutdown.complete'}
2019-10-16 11:09:38,018 DEBUG    None - ASGI [1] Completed
2019-10-16 11:09:38,018 INFO     Finished server process [107790]
2019-10-16 11:09:38,772 INFO     Started server process [109168]
2019-10-16 11:09:38,772 INFO     Waiting for application startup.
2019-10-16 11:09:38,772 DEBUG    None - ASGI [1] Started
2019-10-16 11:09:38,773 DEBUG    None - ASGI [1] Sent {'type': 'lifespan.startup'}
2019-10-16 11:09:38,773 DEBUG    None - ASGI [1] Received {'type': 'lifespan.startup.complete'}
2019-10-16 11:09:44,117 INFO     Shutting down
2019-10-16 11:09:44,230 INFO     Waiting for application shutdown.
2019-10-16 11:09:44,231 DEBUG    None - ASGI [1] Sent {'type': 'lifespan.shutdown'}
2019-10-16 11:09:44,231 DEBUG    None - ASGI [1] Received {'type': 'lifespan.shutdown.complete'}
2019-10-16 11:09:44,231 DEBUG    None - ASGI [1] Completed
2019-10-16 11:09:44,231 INFO     Finished server process [109168]
2019-10-16 11:09:45,633 INFO     Started server process [109368]
2019-10-16 11:09:45,633 INFO     Waiting for application startup.
2019-10-16 11:09:45,634 DEBUG    None - ASGI [1] Started
2019-10-16 11:09:45,634 DEBUG    None - ASGI [1] Sent {'type': 'lifespan.startup'}
2019-10-16 11:09:45,634 DEBUG    None - ASGI [1] Received {'type': 'lifespan.startup.complete'}
2019-10-16 11:13:29,753 INFO     Shutting down
2019-10-16 11:13:29,854 INFO     Waiting for application shutdown.
2019-10-16 11:13:29,854 DEBUG    None - ASGI [1] Sent {'type': 'lifespan.shutdown'}
2019-10-16 11:13:29,854 DEBUG    None - ASGI [1] Received {'type': 'lifespan.shutdown.complete'}
2019-10-16 11:13:29,854 DEBUG    None - ASGI [1] Completed
2019-10-16 11:13:29,854 INFO     Finished server process [109368]
2019-10-16 11:13:30,683 INFO     Started server process [112239]
2019-10-16 11:13:30,684 INFO     Waiting for application startup.
2019-10-16 11:13:30,684 DEBUG    None - ASGI [1] Started
2019-10-16 11:13:30,684 DEBUG    None - ASGI [1] Sent {'type': 'lifespan.startup'}
2019-10-16 11:13:30,684 DEBUG    None - ASGI [1] Received {'type': 'lifespan.startup.complete'}
2019-10-16 11:14:55,076 DEBUG    ('127.0.0.1', 35816) - Connected
2019-10-16 11:14:55,078 DEBUG    ('127.0.0.1', 35816) - ASGI [2] Started
2019-10-16 11:14:55,078 DEBUG    ('127.0.0.1', 35816) - ASGI [2] Sent {'type': 'http.request', 'body': '<293 bytes>', 'more_body': False}
2019-10-16 11:14:55,080 DEBUG    received items: https://www150.statcan.gc.ca/n1/dai-quo/index-eng.htm?HPA=1,https://www150.statcan.gc.ca/n1/dai-quo/index-eng.htm?HPA=1,https://www150.statcan.gc.ca/n1/dai-quo/ssi/homepage/rel-com/theme18-eng.htm,https://www150.statcan.gc.ca/n1/daily-quotidien/191016/dq191016a-eng.htm
2019-10-16 11:14:55,080 DEBUG    save to sessions_items.log
2019-10-16 11:14:55,082 DEBUG    ('127.0.0.1', 35816) - ASGI [2] Received {'type': 'http.response.start', 'status': 200, 'headers': '<...>'}
2019-10-16 11:14:55,082 INFO     ('127.0.0.1', 35816) - "POST /predict_next HTTP/1.1" 200
2019-10-16 11:14:55,082 DEBUG    ('127.0.0.1', 35816) - ASGI [2] Received {'type': 'http.response.body', 'body': '<88 bytes>'}
2019-10-16 11:14:55,083 DEBUG    ('127.0.0.1', 35816) - ASGI [2] Completed
2019-10-16 11:14:56,498 DEBUG    ('127.0.0.1', 35816) - ASGI [3] Started
2019-10-16 11:14:56,498 DEBUG    ('127.0.0.1', 35816) - ASGI [3] Sent {'type': 'http.request', 'body': '<150 bytes>', 'more_body': False}
2019-10-16 11:14:56,499 DEBUG    received items: https://canada.demdex.net/dest5.html?d_nsid=0#https%3A%2F%2Fwww150.statcan.gc.ca%2Fn1%2Fdaily-quotidien%2F191016%2Fdq191016a-eng.htm
2019-10-16 11:14:56,499 DEBUG    save to sessions_items.log
2019-10-16 11:14:56,499 DEBUG    ('127.0.0.1', 35816) - ASGI [3] Received {'type': 'http.response.start', 'status': 200, 'headers': '<...>'}
2019-10-16 11:14:56,499 INFO     ('127.0.0.1', 35816) - "POST /predict_next HTTP/1.1" 200
2019-10-16 11:14:56,500 DEBUG    ('127.0.0.1', 35816) - ASGI [3] Received {'type': 'http.response.body', 'body': '<148 bytes>'}
2019-10-16 11:14:56,500 DEBUG    ('127.0.0.1', 35816) - ASGI [3] Completed
2019-10-16 11:15:01,022 DEBUG    ('127.0.0.1', 35816) - ASGI [4] Started
2019-10-16 11:15:01,022 DEBUG    ('127.0.0.1', 35816) - ASGI [4] Sent {'type': 'http.request', 'body': '<368 bytes>', 'more_body': False}
2019-10-16 11:15:01,023 DEBUG    received items: https://www150.statcan.gc.ca/n1/dai-quo/index-eng.htm?HPA=1,https://www150.statcan.gc.ca/n1/dai-quo/index-eng.htm?HPA=1,https://www150.statcan.gc.ca/n1/dai-quo/ssi/homepage/rel-com/theme18-eng.htm,https://www150.statcan.gc.ca/n1/daily-quotidien/191016/dq191016a-eng.htm,https://www150.statcan.gc.ca/n1/daily-quotidien/191016/dq191016a-eng.htm
2019-10-16 11:15:01,023 DEBUG    save to sessions_items.log
2019-10-16 11:15:01,024 DEBUG    ('127.0.0.1', 35816) - ASGI [4] Received {'type': 'http.response.start', 'status': 200, 'headers': '<...>'}
2019-10-16 11:15:01,024 INFO     ('127.0.0.1', 35816) - "POST /predict_next HTTP/1.1" 200
2019-10-16 11:15:01,024 DEBUG    ('127.0.0.1', 35816) - ASGI [4] Received {'type': 'http.response.body', 'body': '<88 bytes>'}
2019-10-16 11:15:01,024 DEBUG    ('127.0.0.1', 35816) - ASGI [4] Completed
2019-10-16 11:15:06,025 DEBUG    ('127.0.0.1', 35816) - Disconnected
2019-10-16 11:15:35,917 DEBUG    ('127.0.0.1', 36446) - Connected
2019-10-16 11:15:35,917 DEBUG    ('127.0.0.1', 36446) - ASGI [5] Started
2019-10-16 11:15:35,918 DEBUG    ('127.0.0.1', 36446) - ASGI [5] Sent {'type': 'http.request', 'body': '<450 bytes>', 'more_body': False}
2019-10-16 11:15:35,918 DEBUG    received items: https://www150.statcan.gc.ca/n1/dai-quo/index-eng.htm?HPA=1,https://www150.statcan.gc.ca/n1/dai-quo/index-eng.htm?HPA=1,https://www150.statcan.gc.ca/n1/dai-quo/ssi/homepage/rel-com/theme18-eng.htm,https://www150.statcan.gc.ca/n1/daily-quotidien/191016/dq191016a-eng.htm,https://www150.statcan.gc.ca/n1/daily-quotidien/191016/dq191016a-eng.htm,https://www150.statcan.gc.ca/n1/daily-quotidien/191016/dq191016a-cansim-eng.htm
2019-10-16 11:15:35,918 DEBUG    save to sessions_items.log
2019-10-16 11:15:35,919 DEBUG    ('127.0.0.1', 36446) - ASGI [5] Received {'type': 'http.response.start', 'status': 200, 'headers': '<...>'}
2019-10-16 11:15:35,919 INFO     ('127.0.0.1', 36446) - "POST /predict_next HTTP/1.1" 200
2019-10-16 11:15:35,919 DEBUG    ('127.0.0.1', 36446) - ASGI [5] Received {'type': 'http.response.body', 'body': '<95 bytes>'}
2019-10-16 11:15:35,920 DEBUG    ('127.0.0.1', 36446) - ASGI [5] Completed
2019-10-16 11:15:40,920 DEBUG    ('127.0.0.1', 36446) - Disconnected
2019-10-16 11:16:27,124 DEBUG    ('127.0.0.1', 37244) - Connected
2019-10-16 11:16:27,125 DEBUG    ('127.0.0.1', 37244) - ASGI [6] Started
2019-10-16 11:16:27,125 DEBUG    ('127.0.0.1', 37244) - ASGI [6] Sent {'type': 'http.request', 'body': '<506 bytes>', 'more_body': False}
2019-10-16 11:16:27,126 DEBUG    received items: https://www150.statcan.gc.ca/n1/dai-quo/index-eng.htm?HPA=1,https://www150.statcan.gc.ca/n1/dai-quo/index-eng.htm?HPA=1,https://www150.statcan.gc.ca/n1/dai-quo/ssi/homepage/rel-com/theme18-eng.htm,https://www150.statcan.gc.ca/n1/daily-quotidien/191016/dq191016a-eng.htm,https://www150.statcan.gc.ca/n1/daily-quotidien/191016/dq191016a-eng.htm,https://www150.statcan.gc.ca/n1/daily-quotidien/191016/dq191016a-cansim-eng.htm,https://www150.statcan.gc.ca/n1/dai-quo/index-eng.htm
2019-10-16 11:16:27,127 DEBUG    save to sessions_items.log
2019-10-16 11:16:27,127 DEBUG    ('127.0.0.1', 37244) - ASGI [6] Received {'type': 'http.response.start', 'status': 200, 'headers': '<...>'}
2019-10-16 11:16:27,127 INFO     ('127.0.0.1', 37244) - "POST /predict_next HTTP/1.1" 200
2019-10-16 11:16:27,128 DEBUG    ('127.0.0.1', 37244) - ASGI [6] Received {'type': 'http.response.body', 'body': '<69 bytes>'}
2019-10-16 11:16:27,128 DEBUG    ('127.0.0.1', 37244) - ASGI [6] Completed
2019-10-16 11:16:32,128 DEBUG    ('127.0.0.1', 37244) - Disconnected
2019-10-16 11:19:00,899 DEBUG    ('127.0.0.1', 39708) - Connected
2019-10-16 11:19:00,899 DEBUG    ('127.0.0.1', 39708) - ASGI [7] Started
2019-10-16 11:19:00,900 DEBUG    ('127.0.0.1', 39708) - ASGI [7] Sent {'type': 'http.request', 'body': '<561 bytes>', 'more_body': False}
2019-10-16 11:19:00,902 DEBUG    received items: https://www150.statcan.gc.ca/n1/dai-quo/index-eng.htm?HPA=1,https://www150.statcan.gc.ca/n1/dai-quo/index-eng.htm?HPA=1,https://www150.statcan.gc.ca/n1/dai-quo/ssi/homepage/rel-com/theme18-eng.htm,https://www150.statcan.gc.ca/n1/daily-quotidien/191016/dq191016a-eng.htm,https://www150.statcan.gc.ca/n1/daily-quotidien/191016/dq191016a-eng.htm,https://www150.statcan.gc.ca/n1/daily-quotidien/191016/dq191016a-cansim-eng.htm,https://www150.statcan.gc.ca/n1/dai-quo/index-eng.htm,https://www150.statcan.gc.ca/n1/dai-quo/ind1-eng.htm
2019-10-16 11:19:00,903 DEBUG    save to sessions_items.log
2019-10-16 11:19:00,903 DEBUG    ('127.0.0.1', 39708) - ASGI [7] Received {'type': 'http.response.start', 'status': 200, 'headers': '<...>'}
2019-10-16 11:19:00,903 INFO     ('127.0.0.1', 39708) - "POST /predict_next HTTP/1.1" 200
2019-10-16 11:19:00,904 DEBUG    ('127.0.0.1', 39708) - ASGI [7] Received {'type': 'http.response.body', 'body': '<68 bytes>'}
2019-10-16 11:19:00,904 DEBUG    ('127.0.0.1', 39708) - ASGI [7] Completed
2019-10-16 11:19:05,904 DEBUG    ('127.0.0.1', 39708) - Disconnected
2019-10-16 11:19:41,604 DEBUG    ('127.0.0.1', 40390) - Connected
2019-10-16 11:19:41,604 DEBUG    ('127.0.0.1', 40390) - ASGI [8] Started
2019-10-16 11:19:41,605 DEBUG    ('127.0.0.1', 40390) - ASGI [8] Sent {'type': 'http.request', 'body': '<636 bytes>', 'more_body': False}
2019-10-16 11:19:41,606 DEBUG    received items: https://www150.statcan.gc.ca/n1/dai-quo/index-eng.htm?HPA=1,https://www150.statcan.gc.ca/n1/dai-quo/index-eng.htm?HPA=1,https://www150.statcan.gc.ca/n1/dai-quo/ssi/homepage/rel-com/theme18-eng.htm,https://www150.statcan.gc.ca/n1/daily-quotidien/191016/dq191016a-eng.htm,https://www150.statcan.gc.ca/n1/daily-quotidien/191016/dq191016a-eng.htm,https://www150.statcan.gc.ca/n1/daily-quotidien/191016/dq191016a-cansim-eng.htm,https://www150.statcan.gc.ca/n1/dai-quo/index-eng.htm,https://www150.statcan.gc.ca/n1/dai-quo/ind1-eng.htm,https://www150.statcan.gc.ca/n1/daily-quotidien/191008/dq191008a-eng.htm
2019-10-16 11:19:41,606 DEBUG    save to sessions_items.log
2019-10-16 11:19:41,607 DEBUG    ('127.0.0.1', 40390) - ASGI [8] Received {'type': 'http.response.start', 'status': 200, 'headers': '<...>'}
2019-10-16 11:19:41,607 INFO     ('127.0.0.1', 40390) - "POST /predict_next HTTP/1.1" 200
2019-10-16 11:19:41,607 DEBUG    ('127.0.0.1', 40390) - ASGI [8] Received {'type': 'http.response.body', 'body': '<88 bytes>'}
2019-10-16 11:19:41,607 DEBUG    ('127.0.0.1', 40390) - ASGI [8] Completed
2019-10-16 11:19:46,608 DEBUG    ('127.0.0.1', 40390) - Disconnected
2019-10-16 11:19:48,010 DEBUG    ('127.0.0.1', 40504) - Connected
2019-10-16 11:19:48,017 DEBUG    ('127.0.0.1', 40504) - ASGI [9] Started
2019-10-16 11:19:48,018 DEBUG    ('127.0.0.1', 40504) - ASGI [9] Sent {'type': 'http.request', 'body': '<703 bytes>', 'more_body': False}
2019-10-16 11:19:48,018 DEBUG    received items: https://www150.statcan.gc.ca/n1/dai-quo/index-eng.htm?HPA=1,https://www150.statcan.gc.ca/n1/dai-quo/index-eng.htm?HPA=1,https://www150.statcan.gc.ca/n1/dai-quo/ssi/homepage/rel-com/theme18-eng.htm,https://www150.statcan.gc.ca/n1/daily-quotidien/191016/dq191016a-eng.htm,https://www150.statcan.gc.ca/n1/daily-quotidien/191016/dq191016a-eng.htm,https://www150.statcan.gc.ca/n1/daily-quotidien/191016/dq191016a-cansim-eng.htm,https://www150.statcan.gc.ca/n1/dai-quo/index-eng.htm,https://www150.statcan.gc.ca/n1/dai-quo/ind1-eng.htm,https://www150.statcan.gc.ca/n1/daily-quotidien/191008/dq191008a-eng.htm,https://www150.statcan.gc.ca/t1/tbl1/en/tv.action?pid=3410006601
2019-10-16 11:19:48,019 DEBUG    save to sessions_items.log
2019-10-16 11:19:48,019 DEBUG    ('127.0.0.1', 40504) - ASGI [9] Received {'type': 'http.response.start', 'status': 200, 'headers': '<...>'}
2019-10-16 11:19:48,019 INFO     ('127.0.0.1', 40504) - "POST /predict_next HTTP/1.1" 200
2019-10-16 11:19:48,019 DEBUG    ('127.0.0.1', 40504) - ASGI [9] Received {'type': 'http.response.body', 'body': '<80 bytes>'}
2019-10-16 11:19:48,020 DEBUG    ('127.0.0.1', 40504) - ASGI [9] Completed
2019-10-16 11:19:53,020 DEBUG    ('127.0.0.1', 40504) - Disconnected
2019-10-16 11:20:07,367 DEBUG    ('127.0.0.1', 40822) - Connected
2019-10-16 11:20:07,368 DEBUG    ('127.0.0.1', 40822) - ASGI [10] Started
2019-10-16 11:20:07,368 DEBUG    ('127.0.0.1', 40822) - ASGI [10] Sent {'type': 'http.request', 'body': '<1537 bytes>', 'more_body': False}
2019-10-16 11:20:07,369 DEBUG    received items: https://www.statcan.gc.ca/eng/trust?utm_source=statcan&utm_medium=banner&utm_campaign=trust-confiance_2019&HPA=1,https://www.statcan.gc.ca/eng/trust/privacy,https://www.statcan.gc.ca/eng/start,https://www.statcan.gc.ca/eng/start,https://www.statcan.gc.ca/eng/start,https://www.statcan.gc.ca/eng/start,https://www.statcan.gc.ca/eng/start,https://www.statcan.gc.ca/eng/trust?utm_source=statcan&utm_medium=banner&utm_campaign=trust-confiance_2019&HPA=1,https://www.statcan.gc.ca/eng/trust?utm_source=statcan&utm_medium=banner&utm_campaign=trust-confiance_2019&HPA=1,https://www.statcan.gc.ca/eng/trust?utm_source=statcan&utm_medium=banner&utm_campaign=trust-confiance_2019&HPA=1,https://www.statcan.gc.ca/eng/start,https://www.statcan.gc.ca/eng/start,https://www.statcan.gc.ca/eng/start,https://www.statcan.gc.ca/eng/trust/privacy,https://www.statcan.gc.ca/eng/trust/privacy,https://www.statcan.gc.ca/eng/trust/privacy,https://www.statcan.gc.ca/eng/trust/privacy,https://www.statcan.gc.ca/eng/trust/privacy,https://www.statcan.gc.ca/eng/trust/privacy,https://www.statcan.gc.ca/eng/trust/privacy,https://www.statcan.gc.ca/eng/trust/privacy,https://www.statcan.gc.ca/eng/trust/privacy,https://www.statcan.gc.ca/eng/trust/privacy,https://www.statcan.gc.ca/eng/trust/privacy,https://www.statcan.gc.ca/eng/trust/privacy,https://www.statcan.gc.ca/eng/trust/privacy,https://www.statcan.gc.ca/eng/start,https://www.statcan.gc.ca/eng/start,https://www.statcan.gc.ca/eng/start
2019-10-16 11:20:07,369 DEBUG    save to sessions_items.log
2019-10-16 11:20:07,381 DEBUG    ('127.0.0.1', 40822) - ASGI [10] Received {'type': 'http.response.start', 'status': 200, 'headers': '<...>'}
2019-10-16 11:20:07,382 INFO     ('127.0.0.1', 40822) - "POST /predict_next HTTP/1.1" 200
2019-10-16 11:20:07,382 DEBUG    ('127.0.0.1', 40822) - ASGI [10] Received {'type': 'http.response.body', 'body': '<51 bytes>'}
2019-10-16 11:20:07,382 DEBUG    ('127.0.0.1', 40822) - ASGI [10] Completed
2019-10-16 11:20:12,382 DEBUG    ('127.0.0.1', 40822) - Disconnected
2019-10-16 11:20:26,684 DEBUG    ('127.0.0.1', 41162) - Connected
2019-10-16 11:20:26,684 DEBUG    ('127.0.0.1', 41162) - ASGI [11] Started
2019-10-16 11:20:26,685 DEBUG    ('127.0.0.1', 41162) - ASGI [11] Sent {'type': 'http.request', 'body': '<1652 bytes>', 'more_body': False}
2019-10-16 11:20:26,685 DEBUG    received items: https://www.statcan.gc.ca/eng/trust?utm_source=statcan&utm_medium=banner&utm_campaign=trust-confiance_2019&HPA=1,https://www.statcan.gc.ca/eng/trust/privacy,https://www.statcan.gc.ca/eng/start,https://www.statcan.gc.ca/eng/start,https://www.statcan.gc.ca/eng/start,https://www.statcan.gc.ca/eng/start,https://www.statcan.gc.ca/eng/start,https://www.statcan.gc.ca/eng/trust?utm_source=statcan&utm_medium=banner&utm_campaign=trust-confiance_2019&HPA=1,https://www.statcan.gc.ca/eng/trust?utm_source=statcan&utm_medium=banner&utm_campaign=trust-confiance_2019&HPA=1,https://www.statcan.gc.ca/eng/trust?utm_source=statcan&utm_medium=banner&utm_campaign=trust-confiance_2019&HPA=1,https://www.statcan.gc.ca/eng/start,https://www.statcan.gc.ca/eng/start,https://www.statcan.gc.ca/eng/start,https://www.statcan.gc.ca/eng/trust/privacy,https://www.statcan.gc.ca/eng/trust/privacy,https://www.statcan.gc.ca/eng/trust/privacy,https://www.statcan.gc.ca/eng/trust/privacy,https://www.statcan.gc.ca/eng/trust/privacy,https://www.statcan.gc.ca/eng/trust/privacy,https://www.statcan.gc.ca/eng/trust/privacy,https://www.statcan.gc.ca/eng/trust/privacy,https://www.statcan.gc.ca/eng/trust/privacy,https://www.statcan.gc.ca/eng/trust/privacy,https://www.statcan.gc.ca/eng/trust/privacy,https://www.statcan.gc.ca/eng/trust/privacy,https://www.statcan.gc.ca/eng/trust/privacy,https://www.statcan.gc.ca/eng/start,https://www.statcan.gc.ca/eng/start,https://www.statcan.gc.ca/eng/start,https://www.statcan.gc.ca/eng/trust?utm_source=statcan&utm_medium=banner&utm_campaign=trust-confiance_2019&HPA=1
2019-10-16 11:20:26,686 DEBUG    save to sessions_items.log
2019-10-16 11:20:26,686 DEBUG    ('127.0.0.1', 41162) - ASGI [11] Received {'type': 'http.response.start', 'status': 200, 'headers': '<...>'}
2019-10-16 11:20:26,686 INFO     ('127.0.0.1', 41162) - "POST /predict_next HTTP/1.1" 200
2019-10-16 11:20:26,687 DEBUG    ('127.0.0.1', 41162) - ASGI [11] Received {'type': 'http.response.body', 'body': '<128 bytes>'}
2019-10-16 11:20:26,687 DEBUG    ('127.0.0.1', 41162) - ASGI [11] Completed
2019-10-16 11:20:31,687 DEBUG    ('127.0.0.1', 41162) - Disconnected
2019-10-16 11:20:37,551 DEBUG    ('127.0.0.1', 41340) - Connected
2019-10-16 11:20:37,551 DEBUG    ('127.0.0.1', 41340) - ASGI [12] Started
2019-10-16 11:20:37,552 DEBUG    ('127.0.0.1', 41340) - ASGI [12] Sent {'type': 'http.request', 'body': '<1767 bytes>', 'more_body': False}
2019-10-16 11:20:37,553 DEBUG    received items: https://www.statcan.gc.ca/eng/trust?utm_source=statcan&utm_medium=banner&utm_campaign=trust-confiance_2019&HPA=1,https://www.statcan.gc.ca/eng/trust/privacy,https://www.statcan.gc.ca/eng/start,https://www.statcan.gc.ca/eng/start,https://www.statcan.gc.ca/eng/start,https://www.statcan.gc.ca/eng/start,https://www.statcan.gc.ca/eng/start,https://www.statcan.gc.ca/eng/trust?utm_source=statcan&utm_medium=banner&utm_campaign=trust-confiance_2019&HPA=1,https://www.statcan.gc.ca/eng/trust?utm_source=statcan&utm_medium=banner&utm_campaign=trust-confiance_2019&HPA=1,https://www.statcan.gc.ca/eng/trust?utm_source=statcan&utm_medium=banner&utm_campaign=trust-confiance_2019&HPA=1,https://www.statcan.gc.ca/eng/start,https://www.statcan.gc.ca/eng/start,https://www.statcan.gc.ca/eng/start,https://www.statcan.gc.ca/eng/trust/privacy,https://www.statcan.gc.ca/eng/trust/privacy,https://www.statcan.gc.ca/eng/trust/privacy,https://www.statcan.gc.ca/eng/trust/privacy,https://www.statcan.gc.ca/eng/trust/privacy,https://www.statcan.gc.ca/eng/trust/privacy,https://www.statcan.gc.ca/eng/trust/privacy,https://www.statcan.gc.ca/eng/trust/privacy,https://www.statcan.gc.ca/eng/trust/privacy,https://www.statcan.gc.ca/eng/trust/privacy,https://www.statcan.gc.ca/eng/trust/privacy,https://www.statcan.gc.ca/eng/trust/privacy,https://www.statcan.gc.ca/eng/trust/privacy,https://www.statcan.gc.ca/eng/start,https://www.statcan.gc.ca/eng/start,https://www.statcan.gc.ca/eng/start,https://www.statcan.gc.ca/eng/trust?utm_source=statcan&utm_medium=banner&utm_campaign=trust-confiance_2019&HPA=1,https://www.statcan.gc.ca/eng/trust?utm_source=statcan&utm_medium=banner&utm_campaign=trust-confiance_2019&HPA=1
2019-10-16 11:20:37,553 DEBUG    save to sessions_items.log
2019-10-16 11:20:37,554 DEBUG    ('127.0.0.1', 41340) - ASGI [12] Received {'type': 'http.response.start', 'status': 200, 'headers': '<...>'}
2019-10-16 11:20:37,554 INFO     ('127.0.0.1', 41340) - "POST /predict_next HTTP/1.1" 200
2019-10-16 11:20:37,554 DEBUG    ('127.0.0.1', 41340) - ASGI [12] Received {'type': 'http.response.body', 'body': '<128 bytes>'}
2019-10-16 11:20:37,554 DEBUG    ('127.0.0.1', 41340) - ASGI [12] Completed
2019-10-16 11:20:42,554 DEBUG    ('127.0.0.1', 41340) - Disconnected
2019-10-16 11:20:44,841 DEBUG    ('127.0.0.1', 41470) - Connected
2019-10-16 11:20:44,842 DEBUG    ('127.0.0.1', 41470) - ASGI [13] Started
2019-10-16 11:20:44,842 DEBUG    ('127.0.0.1', 41470) - ASGI [13] Sent {'type': 'http.request', 'body': '<40 bytes>', 'more_body': False}
2019-10-16 11:20:44,843 DEBUG    received items: https://www.google.ca/
2019-10-16 11:20:44,843 DEBUG    save to sessions_items.log
2019-10-16 11:20:44,844 DEBUG    ('127.0.0.1', 41470) - ASGI [13] Received {'type': 'http.response.start', 'status': 200, 'headers': '<...>'}
2019-10-16 11:20:44,844 INFO     ('127.0.0.1', 41470) - "POST /predict_next HTTP/1.1" 200
2019-10-16 11:20:44,844 DEBUG    ('127.0.0.1', 41470) - ASGI [13] Received {'type': 'http.response.body', 'body': '<38 bytes>'}
2019-10-16 11:20:44,845 DEBUG    ('127.0.0.1', 41470) - ASGI [13] Completed
2019-10-16 11:20:45,625 DEBUG    ('127.0.0.1', 41470) - ASGI [14] Started
2019-10-16 11:20:45,626 DEBUG    ('127.0.0.1', 41470) - ASGI [14] Sent {'type': 'http.request', 'body': '<60 bytes>', 'more_body': False}
2019-10-16 11:20:45,627 DEBUG    received items: https://clients5.google.com/pagead/drt/dn/
2019-10-16 11:20:45,627 DEBUG    save to sessions_items.log
2019-10-16 11:20:45,627 DEBUG    ('127.0.0.1', 41470) - ASGI [14] Received {'type': 'http.response.start', 'status': 200, 'headers': '<...>'}
2019-10-16 11:20:45,627 INFO     ('127.0.0.1', 41470) - "POST /predict_next HTTP/1.1" 200
2019-10-16 11:20:45,628 DEBUG    ('127.0.0.1', 41470) - ASGI [14] Received {'type': 'http.response.body', 'body': '<58 bytes>'}
2019-10-16 11:20:45,628 DEBUG    ('127.0.0.1', 41470) - ASGI [14] Completed
2019-10-16 11:20:50,628 DEBUG    ('127.0.0.1', 41470) - Disconnected
2019-10-16 11:21:07,419 DEBUG    ('127.0.0.1', 41826) - Connected
2019-10-16 11:21:07,420 DEBUG    ('127.0.0.1', 41826) - ASGI [15] Started
2019-10-16 11:21:07,420 DEBUG    ('127.0.0.1', 41826) - ASGI [15] Sent {'type': 'http.request', 'body': '<48 bytes>', 'more_body': False}
2019-10-16 11:21:07,421 DEBUG    received items: https://www.google.com/doodles
2019-10-16 11:21:07,421 DEBUG    save to sessions_items.log
2019-10-16 11:21:07,422 DEBUG    ('127.0.0.1', 41826) - ASGI [15] Received {'type': 'http.response.start', 'status': 200, 'headers': '<...>'}
2019-10-16 11:21:07,422 INFO     ('127.0.0.1', 41826) - "POST /predict_next HTTP/1.1" 200
2019-10-16 11:21:07,423 DEBUG    ('127.0.0.1', 41826) - ASGI [15] Received {'type': 'http.response.body', 'body': '<46 bytes>'}
2019-10-16 11:21:07,423 DEBUG    ('127.0.0.1', 41826) - ASGI [15] Completed
2019-10-16 11:21:12,421 DEBUG    ('127.0.0.1', 41826) - Disconnected
2019-10-16 11:21:19,811 DEBUG    ('127.0.0.1', 42040) - Connected
2019-10-16 11:21:19,811 DEBUG    ('127.0.0.1', 42040) - ASGI [16] Started
2019-10-16 11:21:19,811 DEBUG    ('127.0.0.1', 42040) - ASGI [16] Sent {'type': 'http.request', 'body': '<87 bytes>', 'more_body': False}
2019-10-16 11:21:19,812 DEBUG    received items: https://www.google.com/doodles,https://www.google.com/doodles/about
2019-10-16 11:21:19,812 DEBUG    save to sessions_items.log
2019-10-16 11:21:19,812 DEBUG    ('127.0.0.1', 42040) - ASGI [16] Received {'type': 'http.response.start', 'status': 200, 'headers': '<...>'}
2019-10-16 11:21:19,812 INFO     ('127.0.0.1', 42040) - "POST /predict_next HTTP/1.1" 200
2019-10-16 11:21:19,813 DEBUG    ('127.0.0.1', 42040) - ASGI [16] Received {'type': 'http.response.body', 'body': '<52 bytes>'}
2019-10-16 11:21:19,813 DEBUG    ('127.0.0.1', 42040) - ASGI [16] Completed
2019-10-16 11:21:24,813 DEBUG    ('127.0.0.1', 42040) - Disconnected
2019-10-16 11:22:14,697 DEBUG    ('127.0.0.1', 42994) - Connected
2019-10-16 11:22:14,697 DEBUG    ('127.0.0.1', 42994) - ASGI [17] Started
2019-10-16 11:22:14,698 DEBUG    ('127.0.0.1', 42994) - ASGI [17] Sent {'type': 'http.request', 'body': '<120 bytes>', 'more_body': False}
2019-10-16 11:22:14,698 DEBUG    received items: https://www.google.com/doodles,https://www.google.com/doodles/about,https://www.google.com/doodles
2019-10-16 11:22:14,698 DEBUG    save to sessions_items.log
2019-10-16 11:22:14,699 DEBUG    ('127.0.0.1', 42994) - ASGI [17] Received {'type': 'http.response.start', 'status': 200, 'headers': '<...>'}
2019-10-16 11:22:14,699 INFO     ('127.0.0.1', 42994) - "POST /predict_next HTTP/1.1" 200
2019-10-16 11:22:14,699 DEBUG    ('127.0.0.1', 42994) - ASGI [17] Received {'type': 'http.response.body', 'body': '<46 bytes>'}
2019-10-16 11:22:14,699 DEBUG    ('127.0.0.1', 42994) - ASGI [17] Completed
2019-10-16 11:22:15,432 DEBUG    ('127.0.0.1', 42994) - ASGI [18] Started
2019-10-16 11:22:15,433 DEBUG    ('127.0.0.1', 42994) - ASGI [18] Sent {'type': 'http.request', 'body': '<65 bytes>', 'more_body': False}
2019-10-16 11:22:15,433 DEBUG    received items: https://www.google.ca/,https://www.google.ca/
2019-10-16 11:22:15,433 DEBUG    save to sessions_items.log
2019-10-16 11:22:15,434 DEBUG    ('127.0.0.1', 42994) - ASGI [18] Received {'type': 'http.response.start', 'status': 200, 'headers': '<...>'}
2019-10-16 11:22:15,434 INFO     ('127.0.0.1', 42994) - "POST /predict_next HTTP/1.1" 200
2019-10-16 11:22:15,435 DEBUG    ('127.0.0.1', 42994) - ASGI [18] Received {'type': 'http.response.body', 'body': '<38 bytes>'}
2019-10-16 11:22:15,435 DEBUG    ('127.0.0.1', 42994) - ASGI [18] Completed
2019-10-16 11:22:15,862 DEBUG    ('127.0.0.1', 42994) - ASGI [19] Started
2019-10-16 11:22:15,862 DEBUG    ('127.0.0.1', 42994) - ASGI [19] Sent {'type': 'http.request', 'body': '<105 bytes>', 'more_body': False}
2019-10-16 11:22:15,863 DEBUG    received items: https://clients5.google.com/pagead/drt/dn/,https://clients5.google.com/pagead/drt/dn/
2019-10-16 11:22:15,863 DEBUG    save to sessions_items.log
2019-10-16 11:22:15,864 DEBUG    ('127.0.0.1', 42994) - ASGI [19] Received {'type': 'http.response.start', 'status': 200, 'headers': '<...>'}
2019-10-16 11:22:15,864 INFO     ('127.0.0.1', 42994) - "POST /predict_next HTTP/1.1" 200
2019-10-16 11:22:15,864 DEBUG    ('127.0.0.1', 42994) - ASGI [19] Received {'type': 'http.response.body', 'body': '<58 bytes>'}
2019-10-16 11:22:15,864 DEBUG    ('127.0.0.1', 42994) - ASGI [19] Completed
2019-10-16 11:22:20,864 DEBUG    ('127.0.0.1', 42994) - Disconnected
2019-10-16 11:22:20,891 DEBUG    ('127.0.0.1', 43080) - Connected
2019-10-16 11:22:20,903 DEBUG    ('127.0.0.1', 43080) - ASGI [20] Started
2019-10-16 11:22:20,903 DEBUG    ('127.0.0.1', 43080) - ASGI [20] Sent {'type': 'http.request', 'body': '<420 bytes>', 'more_body': False}
2019-10-16 11:22:20,904 DEBUG    received items: https://www.google.ca/,https://www.google.ca/,https://www.google.ca/search?sxsrf=ACYBGNQR5XXHzO8HdygrzAz2INKC4jBrWw%3A1571239244291&source=hp&ei=TDWnXe2AD8KZ_Qbj5IqwCw&q=wikipedia&oq=wikipedia&gs_l=psy-ab.3..0i131i67j0i67l3j0i131j0i67j0l3j0i131.1483.3755..4252...1.0..0.125.984.8j3......0....1..gws-wiz.....10..35i362i39j35i39j0i10i67.5OkGfKXPlq0&ved=0ahUKEwjt1oqoiqHlAhXCTN8KHWOyArYQ4dUDCAg&uact=5
2019-10-16 11:22:20,904 DEBUG    save to sessions_items.log
2019-10-16 11:22:20,905 DEBUG    ('127.0.0.1', 43080) - ASGI [20] Received {'type': 'http.response.start', 'status': 200, 'headers': '<...>'}
2019-10-16 11:22:20,905 INFO     ('127.0.0.1', 43080) - "POST /predict_next HTTP/1.1" 200
2019-10-16 11:22:20,905 DEBUG    ('127.0.0.1', 43080) - ASGI [20] Received {'type': 'http.response.body', 'body': '<368 bytes>'}
2019-10-16 11:22:20,905 DEBUG    ('127.0.0.1', 43080) - ASGI [20] Completed
2019-10-16 11:22:25,013 DEBUG    ('127.0.0.1', 43080) - ASGI [21] Started
2019-10-16 11:22:25,014 DEBUG    ('127.0.0.1', 43080) - ASGI [21] Sent {'type': 'http.request', 'body': '<44 bytes>', 'more_body': False}
2019-10-16 11:22:25,014 DEBUG    received items: https://www.wikipedia.org/
2019-10-16 11:22:25,014 DEBUG    save to sessions_items.log
2019-10-16 11:22:25,015 DEBUG    ('127.0.0.1', 43080) - ASGI [21] Received {'type': 'http.response.start', 'status': 200, 'headers': '<...>'}
2019-10-16 11:22:25,015 INFO     ('127.0.0.1', 43080) - "POST /predict_next HTTP/1.1" 200
2019-10-16 11:22:25,015 DEBUG    ('127.0.0.1', 43080) - ASGI [21] Received {'type': 'http.response.body', 'body': '<42 bytes>'}
2019-10-16 11:22:25,016 DEBUG    ('127.0.0.1', 43080) - ASGI [21] Completed
2019-10-16 11:22:30,015 DEBUG    ('127.0.0.1', 43080) - Disconnected
2019-10-16 11:24:51,867 INFO     Shutting down
2019-10-16 11:24:51,968 INFO     Waiting for application shutdown.
2019-10-16 11:24:51,968 DEBUG    None - ASGI [1] Sent {'type': 'lifespan.shutdown'}
2019-10-16 11:24:51,968 DEBUG    None - ASGI [1] Received {'type': 'lifespan.shutdown.complete'}
2019-10-16 11:24:51,968 DEBUG    None - ASGI [1] Completed
2019-10-16 11:24:51,969 INFO     Finished server process [112239]
2019-10-16 11:24:52,774 INFO     Started server process [121223]
2019-10-16 11:24:52,774 INFO     Waiting for application startup.
2019-10-16 11:24:52,774 DEBUG    None - ASGI [1] Started
2019-10-16 11:24:52,775 DEBUG    None - ASGI [1] Sent {'type': 'lifespan.startup'}
2019-10-16 11:24:52,775 DEBUG    None - ASGI [1] Received {'type': 'lifespan.startup.complete'}
2019-10-16 11:33:16,865 INFO     Shutting down
2019-10-16 11:33:16,971 INFO     Waiting for application shutdown.
2019-10-16 11:33:16,971 DEBUG    None - ASGI [1] Sent {'type': 'lifespan.shutdown'}
2019-10-16 11:33:16,971 DEBUG    None - ASGI [1] Received {'type': 'lifespan.shutdown.complete'}
2019-10-16 11:33:16,971 DEBUG    None - ASGI [1] Completed
2019-10-16 11:33:16,972 INFO     Finished server process [121223]
2019-10-16 11:33:17,844 INFO     Started server process [127649]
2019-10-16 11:33:17,844 INFO     Waiting for application startup.
2019-10-16 11:33:17,845 DEBUG    None - ASGI [1] Started
2019-10-16 11:33:17,845 DEBUG    None - ASGI [1] Sent {'type': 'lifespan.startup'}
2019-10-16 11:33:17,845 DEBUG    None - ASGI [1] Received {'type': 'lifespan.startup.complete'}
2019-10-16 11:35:11,332 INFO     Shutting down
2019-10-16 11:35:11,433 INFO     Waiting for application shutdown.
2019-10-16 11:35:11,433 DEBUG    None - ASGI [1] Sent {'type': 'lifespan.shutdown'}
2019-10-16 11:35:11,434 DEBUG    None - ASGI [1] Received {'type': 'lifespan.shutdown.complete'}
2019-10-16 11:35:11,434 DEBUG    None - ASGI [1] Completed
2019-10-16 11:35:11,434 INFO     Finished server process [127649]
2019-10-16 11:35:12,294 INFO     Started server process [129187]
2019-10-16 11:35:12,295 INFO     Waiting for application startup.
2019-10-16 11:35:12,295 DEBUG    None - ASGI [1] Started
2019-10-16 11:35:12,295 DEBUG    None - ASGI [1] Sent {'type': 'lifespan.startup'}
2019-10-16 11:35:12,295 DEBUG    None - ASGI [1] Received {'type': 'lifespan.startup.complete'}
2019-10-16 11:35:17,190 INFO     Shutting down
2019-10-16 11:35:17,291 INFO     Waiting for application shutdown.
2019-10-16 11:35:17,291 DEBUG    None - ASGI [1] Sent {'type': 'lifespan.shutdown'}
2019-10-16 11:35:17,291 DEBUG    None - ASGI [1] Received {'type': 'lifespan.shutdown.complete'}
2019-10-16 11:35:17,292 DEBUG    None - ASGI [1] Completed
2019-10-16 11:35:17,292 INFO     Finished server process [129187]
2019-10-16 11:35:18,578 INFO     Started server process [129255]
2019-10-16 11:35:18,579 INFO     Waiting for application startup.
2019-10-16 11:35:18,579 DEBUG    None - ASGI [1] Started
2019-10-16 11:35:18,579 DEBUG    None - ASGI [1] Sent {'type': 'lifespan.startup'}
2019-10-16 11:35:18,580 DEBUG    None - ASGI [1] Received {'type': 'lifespan.startup.complete'}
2019-10-16 11:37:14,291 INFO     Shutting down
2019-10-16 11:37:14,392 INFO     Waiting for application shutdown.
2019-10-16 11:37:14,393 DEBUG    None - ASGI [1] Sent {'type': 'lifespan.shutdown'}
2019-10-16 11:37:14,393 DEBUG    None - ASGI [1] Received {'type': 'lifespan.shutdown.complete'}
2019-10-16 11:37:14,393 DEBUG    None - ASGI [1] Completed
2019-10-16 11:37:14,393 INFO     Finished server process [129255]
2019-10-16 11:37:15,124 INFO     Started server process [130794]
2019-10-16 11:37:15,124 INFO     Waiting for application startup.
2019-10-16 11:37:15,125 DEBUG    None - ASGI [1] Started
2019-10-16 11:37:15,125 DEBUG    None - ASGI [1] Sent {'type': 'lifespan.startup'}
2019-10-16 11:37:15,125 DEBUG    None - ASGI [1] Received {'type': 'lifespan.startup.complete'}
2019-10-16 11:38:38,658 INFO     Shutting down
2019-10-16 11:38:38,759 INFO     Waiting for application shutdown.
2019-10-16 11:38:38,760 DEBUG    None - ASGI [1] Sent {'type': 'lifespan.shutdown'}
2019-10-16 11:38:38,760 DEBUG    None - ASGI [1] Received {'type': 'lifespan.shutdown.complete'}
2019-10-16 11:38:38,760 DEBUG    None - ASGI [1] Completed
2019-10-16 11:38:38,760 INFO     Finished server process [130794]
2019-10-16 11:38:39,615 INFO     Started server process [1002]
2019-10-16 11:38:39,616 INFO     Waiting for application startup.
2019-10-16 11:38:39,616 DEBUG    None - ASGI [1] Started
2019-10-16 11:38:39,616 DEBUG    None - ASGI [1] Sent {'type': 'lifespan.startup'}
2019-10-16 11:38:39,617 DEBUG    None - ASGI [1] Received {'type': 'lifespan.startup.complete'}
2019-10-16 11:39:09,657 INFO     Shutting down
2019-10-16 11:39:09,758 INFO     Waiting for application shutdown.
2019-10-16 11:39:09,758 DEBUG    None - ASGI [1] Sent {'type': 'lifespan.shutdown'}
2019-10-16 11:39:09,758 DEBUG    None - ASGI [1] Received {'type': 'lifespan.shutdown.complete'}
2019-10-16 11:39:09,759 DEBUG    None - ASGI [1] Completed
2019-10-16 11:39:09,759 INFO     Finished server process [1002]
2019-10-16 11:39:10,526 INFO     Started server process [1417]
2019-10-16 11:39:10,526 INFO     Waiting for application startup.
2019-10-16 11:39:10,527 DEBUG    None - ASGI [1] Started
2019-10-16 11:39:10,527 DEBUG    None - ASGI [1] Sent {'type': 'lifespan.startup'}
2019-10-16 11:39:10,527 DEBUG    None - ASGI [1] Received {'type': 'lifespan.startup.complete'}
2019-10-16 11:39:21,710 INFO     Shutting down
2019-10-16 11:39:21,811 INFO     Waiting for application shutdown.
2019-10-16 11:39:21,811 DEBUG    None - ASGI [1] Sent {'type': 'lifespan.shutdown'}
2019-10-16 11:39:21,811 DEBUG    None - ASGI [1] Received {'type': 'lifespan.shutdown.complete'}
2019-10-16 11:39:21,812 DEBUG    None - ASGI [1] Completed
2019-10-16 11:39:21,812 INFO     Finished server process [1417]
2019-10-16 11:39:22,510 INFO     Started server process [1613]
2019-10-16 11:39:22,510 INFO     Waiting for application startup.
2019-10-16 11:39:22,510 DEBUG    None - ASGI [1] Started
2019-10-16 11:39:22,511 DEBUG    None - ASGI [1] Sent {'type': 'lifespan.startup'}
2019-10-16 11:39:22,511 DEBUG    None - ASGI [1] Received {'type': 'lifespan.startup.complete'}
2019-10-16 11:40:43,207 INFO     Shutting down
2019-10-16 11:40:43,308 INFO     Waiting for application shutdown.
2019-10-16 11:40:43,308 DEBUG    None - ASGI [1] Sent {'type': 'lifespan.shutdown'}
2019-10-16 11:40:43,309 DEBUG    None - ASGI [1] Received {'type': 'lifespan.shutdown.complete'}
2019-10-16 11:40:43,309 DEBUG    None - ASGI [1] Completed
2019-10-16 11:40:43,309 INFO     Finished server process [1613]
2019-10-16 11:40:44,560 INFO     Started server process [2751]
2019-10-16 11:40:44,564 INFO     Waiting for application startup.
2019-10-16 11:40:44,564 DEBUG    None - ASGI [1] Started
2019-10-16 11:40:44,565 DEBUG    None - ASGI [1] Sent {'type': 'lifespan.startup'}
2019-10-16 11:40:44,565 DEBUG    None - ASGI [1] Received {'type': 'lifespan.startup.complete'}
2019-10-16 11:40:59,284 INFO     Shutting down
2019-10-16 11:40:59,385 INFO     Waiting for application shutdown.
2019-10-16 11:40:59,385 DEBUG    None - ASGI [1] Sent {'type': 'lifespan.shutdown'}
2019-10-16 11:40:59,386 DEBUG    None - ASGI [1] Received {'type': 'lifespan.shutdown.complete'}
2019-10-16 11:40:59,386 DEBUG    None - ASGI [1] Completed
2019-10-16 11:40:59,386 INFO     Finished server process [2751]
2019-10-16 11:41:00,253 INFO     Started server process [3037]
2019-10-16 11:41:00,254 INFO     Waiting for application startup.
2019-10-16 11:41:00,254 DEBUG    None - ASGI [1] Started
2019-10-16 11:41:00,254 DEBUG    None - ASGI [1] Sent {'type': 'lifespan.startup'}
2019-10-16 11:41:00,255 DEBUG    None - ASGI [1] Received {'type': 'lifespan.startup.complete'}
2019-10-16 11:41:38,916 INFO     Shutting down
2019-10-16 11:41:39,018 INFO     Waiting for application shutdown.
2019-10-16 11:41:39,019 DEBUG    None - ASGI [1] Sent {'type': 'lifespan.shutdown'}
2019-10-16 11:41:39,019 DEBUG    None - ASGI [1] Received {'type': 'lifespan.shutdown.complete'}
2019-10-16 11:41:39,019 DEBUG    None - ASGI [1] Completed
2019-10-16 11:41:39,019 INFO     Finished server process [3037]
2019-10-16 11:41:39,974 INFO     Started server process [3475]
2019-10-16 11:41:39,974 INFO     Waiting for application startup.
2019-10-16 11:41:39,977 DEBUG    None - ASGI [1] Started
2019-10-16 11:41:39,977 DEBUG    None - ASGI [1] Sent {'type': 'lifespan.startup'}
2019-10-16 11:41:39,978 DEBUG    None - ASGI [1] Received {'type': 'lifespan.startup.complete'}
2019-10-16 11:41:48,046 INFO     Shutting down
2019-10-16 11:41:48,147 INFO     Waiting for application shutdown.
2019-10-16 11:41:48,148 DEBUG    None - ASGI [1] Sent {'type': 'lifespan.shutdown'}
2019-10-16 11:41:48,148 DEBUG    None - ASGI [1] Received {'type': 'lifespan.shutdown.complete'}
2019-10-16 11:41:48,148 DEBUG    None - ASGI [1] Completed
2019-10-16 11:41:48,148 INFO     Finished server process [3475]
2019-10-16 11:41:48,890 INFO     Started server process [3592]
2019-10-16 11:41:48,890 INFO     Waiting for application startup.
2019-10-16 11:41:48,891 DEBUG    None - ASGI [1] Started
2019-10-16 11:41:48,891 DEBUG    None - ASGI [1] Sent {'type': 'lifespan.startup'}
2019-10-16 11:41:48,891 DEBUG    None - ASGI [1] Received {'type': 'lifespan.startup.complete'}
2019-10-16 11:41:59,992 INFO     Shutting down
2019-10-16 11:42:00,093 INFO     Waiting for application shutdown.
2019-10-16 11:42:00,093 DEBUG    None - ASGI [1] Sent {'type': 'lifespan.shutdown'}
2019-10-16 11:42:00,093 DEBUG    None - ASGI [1] Received {'type': 'lifespan.shutdown.complete'}
2019-10-16 11:42:00,093 DEBUG    None - ASGI [1] Completed
2019-10-16 11:42:00,093 INFO     Finished server process [3592]
2019-10-16 11:42:00,704 INFO     Started server process [3747]
2019-10-16 11:42:00,704 INFO     Waiting for application startup.
2019-10-16 11:42:00,705 DEBUG    None - ASGI [1] Started
2019-10-16 11:42:00,705 DEBUG    None - ASGI [1] Sent {'type': 'lifespan.startup'}
2019-10-16 11:42:00,705 DEBUG    None - ASGI [1] Received {'type': 'lifespan.startup.complete'}
2019-10-16 11:43:16,248 INFO     Shutting down
2019-10-16 11:43:16,350 INFO     Waiting for application shutdown.
2019-10-16 11:43:16,350 DEBUG    None - ASGI [1] Sent {'type': 'lifespan.shutdown'}
2019-10-16 11:43:16,350 DEBUG    None - ASGI [1] Received {'type': 'lifespan.shutdown.complete'}
2019-10-16 11:43:16,350 DEBUG    None - ASGI [1] Completed
2019-10-16 11:43:16,351 INFO     Finished server process [3747]
2019-10-16 11:43:17,054 INFO     Started server process [4745]
2019-10-16 11:43:17,054 INFO     Waiting for application startup.
2019-10-16 11:43:17,054 DEBUG    None - ASGI [1] Started
2019-10-16 11:43:17,055 DEBUG    None - ASGI [1] Sent {'type': 'lifespan.startup'}
2019-10-16 11:43:17,055 DEBUG    None - ASGI [1] Received {'type': 'lifespan.startup.complete'}
2019-10-16 11:43:48,536 INFO     Shutting down
2019-10-16 11:43:48,636 INFO     Waiting for application shutdown.
2019-10-16 11:43:48,637 DEBUG    None - ASGI [1] Sent {'type': 'lifespan.shutdown'}
2019-10-16 11:43:48,637 DEBUG    None - ASGI [1] Received {'type': 'lifespan.shutdown.complete'}
2019-10-16 11:43:48,637 DEBUG    None - ASGI [1] Completed
2019-10-16 11:43:48,638 INFO     Finished server process [4745]
2019-10-16 11:43:49,510 INFO     Started server process [5129]
2019-10-16 11:43:49,510 INFO     Waiting for application startup.
2019-10-16 11:43:49,511 DEBUG    None - ASGI [1] Started
2019-10-16 11:43:49,511 DEBUG    None - ASGI [1] Sent {'type': 'lifespan.startup'}
2019-10-16 11:43:49,511 DEBUG    None - ASGI [1] Received {'type': 'lifespan.startup.complete'}
2019-10-16 11:43:51,335 INFO     Shutting down
2019-10-16 11:43:51,436 INFO     Waiting for application shutdown.
2019-10-16 11:43:51,438 DEBUG    None - ASGI [1] Sent {'type': 'lifespan.shutdown'}
2019-10-16 11:43:51,438 DEBUG    None - ASGI [1] Received {'type': 'lifespan.shutdown.complete'}
2019-10-16 11:43:51,439 DEBUG    None - ASGI [1] Completed
2019-10-16 11:43:51,439 INFO     Finished server process [5129]
2019-10-16 11:43:52,212 INFO     Started server process [5141]
2019-10-16 11:43:52,212 INFO     Waiting for application startup.
2019-10-16 11:43:52,213 DEBUG    None - ASGI [1] Started
2019-10-16 11:43:52,213 DEBUG    None - ASGI [1] Sent {'type': 'lifespan.startup'}
2019-10-16 11:43:52,213 DEBUG    None - ASGI [1] Received {'type': 'lifespan.startup.complete'}
2019-10-16 11:44:16,970 DEBUG    ('127.0.0.1', 35712) - Connected
2019-10-16 11:44:16,971 DEBUG    ('127.0.0.1', 35712) - ASGI [2] Started
2019-10-16 11:44:16,972 DEBUG    ('127.0.0.1', 35712) - ASGI [2] Sent {'type': 'http.request', 'body': '<57 bytes>', 'more_body': False}
2019-10-16 11:44:16,973 DEBUG    received items: https://en.wikipedia.org/wiki/Main_Page
2019-10-16 11:44:16,974 DEBUG    save to sessions_items.log
2019-10-16 11:44:16,976 DEBUG    ('127.0.0.1', 35712) - ASGI [2] Received {'type': 'http.response.start', 'status': 200, 'headers': '<...>'}
2019-10-16 11:44:16,976 INFO     ('127.0.0.1', 35712) - "POST /predict_next HTTP/1.1" 200
2019-10-16 11:44:16,976 DEBUG    ('127.0.0.1', 35712) - ASGI [2] Received {'type': 'http.response.body', 'body': '<55 bytes>'}
2019-10-16 11:44:16,977 DEBUG    ('127.0.0.1', 35712) - ASGI [2] Completed
2019-10-16 11:44:21,977 DEBUG    ('127.0.0.1', 35712) - Disconnected
2019-10-16 11:45:01,418 DEBUG    ('127.0.0.1', 36436) - Connected
2019-10-16 11:45:01,418 DEBUG    ('127.0.0.1', 36436) - ASGI [3] Started
2019-10-16 11:45:01,419 DEBUG    ('127.0.0.1', 36436) - ASGI [3] Sent {'type': 'http.request', 'body': '<99 bytes>', 'more_body': False}
2019-10-16 11:45:01,419 DEBUG    received items: https://en.wikipedia.org/wiki/Main_Page,https://en.wikipedia.org/wiki/Wikipedia
2019-10-16 11:45:01,420 DEBUG    save to sessions_items.log
2019-10-16 11:45:01,420 DEBUG    ('127.0.0.1', 36436) - ASGI [3] Received {'type': 'http.response.start', 'status': 200, 'headers': '<...>'}
2019-10-16 11:45:01,420 INFO     ('127.0.0.1', 36436) - "POST /predict_next HTTP/1.1" 200
2019-10-16 11:45:01,421 DEBUG    ('127.0.0.1', 36436) - ASGI [3] Received {'type': 'http.response.body', 'body': '<55 bytes>'}
2019-10-16 11:45:01,421 DEBUG    ('127.0.0.1', 36436) - ASGI [3] Completed
2019-10-16 11:45:03,063 DEBUG    ('127.0.0.1', 36436) - ASGI [4] Started
2019-10-16 11:45:03,063 DEBUG    ('127.0.0.1', 36436) - ASGI [4] Sent {'type': 'http.request', 'body': '<151 bytes>', 'more_body': False}
2019-10-16 11:45:03,064 DEBUG    received items: https://en.wikipedia.org/wiki/Main_Page,https://en.wikipedia.org/wiki/Wikipedia,https://en.wikipedia.org/wiki/Online_encyclopedia
2019-10-16 11:45:03,065 DEBUG    save to sessions_items.log
2019-10-16 11:45:03,065 DEBUG    ('127.0.0.1', 36436) - ASGI [4] Received {'type': 'http.response.start', 'status': 200, 'headers': '<...>'}
2019-10-16 11:45:03,065 INFO     ('127.0.0.1', 36436) - "POST /predict_next HTTP/1.1" 200
2019-10-16 11:45:03,065 DEBUG    ('127.0.0.1', 36436) - ASGI [4] Received {'type': 'http.response.body', 'body': '<65 bytes>'}
2019-10-16 11:45:03,066 DEBUG    ('127.0.0.1', 36436) - ASGI [4] Completed
2019-10-16 11:45:06,509 DEBUG    ('127.0.0.1', 36436) - ASGI [5] Started
2019-10-16 11:45:06,510 DEBUG    ('127.0.0.1', 36436) - ASGI [5] Sent {'type': 'http.request', 'body': '<213 bytes>', 'more_body': False}
2019-10-16 11:45:06,510 DEBUG    received items: https://en.wikipedia.org/wiki/Main_Page,https://en.wikipedia.org/wiki/Wikipedia,https://en.wikipedia.org/wiki/Online_encyclopedia,https://en.wikipedia.org/wiki/Optical_character_recognition
2019-10-16 11:45:06,510 DEBUG    save to sessions_items.log
2019-10-16 11:45:06,510 DEBUG    ('127.0.0.1', 36436) - ASGI [5] Received {'type': 'http.response.start', 'status': 200, 'headers': '<...>'}
2019-10-16 11:45:06,511 INFO     ('127.0.0.1', 36436) - "POST /predict_next HTTP/1.1" 200
2019-10-16 11:45:06,511 DEBUG    ('127.0.0.1', 36436) - ASGI [5] Received {'type': 'http.response.body', 'body': '<75 bytes>'}
2019-10-16 11:45:06,511 DEBUG    ('127.0.0.1', 36436) - ASGI [5] Completed
2019-10-16 11:45:11,511 DEBUG    ('127.0.0.1', 36436) - Disconnected
2019-10-16 11:45:54,155 INFO     Shutting down
2019-10-16 11:45:54,258 INFO     Waiting for application shutdown.
2019-10-16 11:45:54,259 DEBUG    None - ASGI [1] Sent {'type': 'lifespan.shutdown'}
2019-10-16 11:45:54,259 DEBUG    None - ASGI [1] Received {'type': 'lifespan.shutdown.complete'}
2019-10-16 11:45:54,259 DEBUG    None - ASGI [1] Completed
2019-10-16 11:45:54,259 INFO     Finished server process [5141]
2019-10-16 11:45:55,154 INFO     Started server process [6834]
2019-10-16 11:45:55,155 INFO     Waiting for application startup.
2019-10-16 11:45:55,155 DEBUG    None - ASGI [1] Started
2019-10-16 11:45:55,155 DEBUG    None - ASGI [1] Sent {'type': 'lifespan.startup'}
2019-10-16 11:45:55,155 DEBUG    None - ASGI [1] Received {'type': 'lifespan.startup.complete'}
2019-10-16 11:49:15,574 INFO     Shutting down
2019-10-16 11:49:15,675 INFO     Waiting for application shutdown.
2019-10-16 11:49:15,675 DEBUG    None - ASGI [1] Sent {'type': 'lifespan.shutdown'}
2019-10-16 11:49:15,675 DEBUG    None - ASGI [1] Received {'type': 'lifespan.shutdown.complete'}
2019-10-16 11:49:15,676 DEBUG    None - ASGI [1] Completed
2019-10-16 11:49:15,676 INFO     Finished server process [6834]
2019-10-16 11:49:16,681 INFO     Started server process [9716]
2019-10-16 11:49:16,681 INFO     Waiting for application startup.
2019-10-16 11:49:16,681 DEBUG    None - ASGI [1] Started
2019-10-16 11:49:16,682 DEBUG    None - ASGI [1] Sent {'type': 'lifespan.startup'}
2019-10-16 11:49:16,682 DEBUG    None - ASGI [1] Received {'type': 'lifespan.startup.complete'}
2019-10-16 11:49:31,027 INFO     Shutting down
2019-10-16 11:49:31,128 INFO     Waiting for application shutdown.
2019-10-16 11:49:31,129 DEBUG    None - ASGI [1] Sent {'type': 'lifespan.shutdown'}
2019-10-16 11:49:31,129 DEBUG    None - ASGI [1] Received {'type': 'lifespan.shutdown.complete'}
2019-10-16 11:49:31,129 DEBUG    None - ASGI [1] Completed
2019-10-16 11:49:31,129 INFO     Finished server process [9716]
2019-10-16 11:49:32,204 INFO     Started server process [10167]
2019-10-16 11:49:32,205 INFO     Waiting for application startup.
2019-10-16 11:49:32,205 DEBUG    None - ASGI [1] Started
2019-10-16 11:49:32,210 DEBUG    None - ASGI [1] Sent {'type': 'lifespan.startup'}
2019-10-16 11:49:32,211 DEBUG    None - ASGI [1] Received {'type': 'lifespan.startup.complete'}
2019-10-16 11:52:54,337 INFO     Shutting down
2019-10-16 11:52:54,438 INFO     Waiting for application shutdown.
2019-10-16 11:52:54,438 DEBUG    None - ASGI [1] Sent {'type': 'lifespan.shutdown'}
2019-10-16 11:52:54,438 DEBUG    None - ASGI [1] Received {'type': 'lifespan.shutdown.complete'}
2019-10-16 11:52:54,439 DEBUG    None - ASGI [1] Completed
2019-10-16 11:52:54,439 INFO     Finished server process [10167]
2019-10-16 11:52:55,264 INFO     Started server process [13011]
2019-10-16 11:52:55,265 INFO     Waiting for application startup.
2019-10-16 11:52:55,265 DEBUG    None - ASGI [1] Started
2019-10-16 11:52:55,265 DEBUG    None - ASGI [1] Sent {'type': 'lifespan.startup'}
2019-10-16 11:52:55,265 DEBUG    None - ASGI [1] Received {'type': 'lifespan.startup.complete'}
2019-10-16 11:54:10,700 INFO     Shutting down
2019-10-16 11:54:10,800 INFO     Waiting for application shutdown.
2019-10-16 11:54:10,801 DEBUG    None - ASGI [1] Sent {'type': 'lifespan.shutdown'}
2019-10-16 11:54:10,801 DEBUG    None - ASGI [1] Received {'type': 'lifespan.shutdown.complete'}
2019-10-16 11:54:10,801 DEBUG    None - ASGI [1] Completed
2019-10-16 11:54:10,801 INFO     Finished server process [13011]
2019-10-16 11:54:11,424 INFO     Started server process [13895]
2019-10-16 11:54:11,424 INFO     Waiting for application startup.
2019-10-16 11:54:11,424 DEBUG    None - ASGI [1] Started
2019-10-16 11:54:11,424 DEBUG    None - ASGI [1] Sent {'type': 'lifespan.startup'}
2019-10-16 11:54:11,425 DEBUG    None - ASGI [1] Received {'type': 'lifespan.startup.complete'}
2019-10-16 11:54:35,066 INFO     Shutting down
2019-10-16 11:54:35,167 INFO     Waiting for application shutdown.
2019-10-16 11:54:35,168 DEBUG    None - ASGI [1] Sent {'type': 'lifespan.shutdown'}
2019-10-16 11:54:35,168 DEBUG    None - ASGI [1] Received {'type': 'lifespan.shutdown.complete'}
2019-10-16 11:54:35,168 DEBUG    None - ASGI [1] Completed
2019-10-16 11:54:35,168 INFO     Finished server process [13895]
2019-10-16 11:54:36,346 INFO     Started server process [14115]
2019-10-16 11:54:36,346 INFO     Waiting for application startup.
2019-10-16 11:54:36,347 DEBUG    None - ASGI [1] Started
2019-10-16 11:54:36,347 DEBUG    None - ASGI [1] Sent {'type': 'lifespan.startup'}
2019-10-16 11:54:36,347 DEBUG    None - ASGI [1] Received {'type': 'lifespan.startup.complete'}
2019-10-16 11:55:51,551 INFO     Shutting down
2019-10-16 11:55:51,653 INFO     Waiting for application shutdown.
2019-10-16 11:55:51,653 DEBUG    None - ASGI [1] Sent {'type': 'lifespan.shutdown'}
2019-10-16 11:55:51,653 DEBUG    None - ASGI [1] Received {'type': 'lifespan.shutdown.complete'}
2019-10-16 11:55:51,653 DEBUG    None - ASGI [1] Completed
2019-10-16 11:55:51,654 INFO     Finished server process [14115]
2019-10-16 11:55:52,407 INFO     Started server process [15003]
2019-10-16 11:55:52,407 INFO     Waiting for application startup.
2019-10-16 11:55:52,407 DEBUG    None - ASGI [1] Started
2019-10-16 11:55:52,408 DEBUG    None - ASGI [1] Sent {'type': 'lifespan.startup'}
2019-10-16 11:55:52,408 DEBUG    None - ASGI [1] Received {'type': 'lifespan.startup.complete'}
2019-10-16 11:56:56,465 INFO     Shutting down
2019-10-16 11:56:56,566 INFO     Waiting for application shutdown.
2019-10-16 11:56:56,566 DEBUG    None - ASGI [1] Sent {'type': 'lifespan.shutdown'}
2019-10-16 11:56:56,566 DEBUG    None - ASGI [1] Received {'type': 'lifespan.shutdown.complete'}
2019-10-16 11:56:56,567 DEBUG    None - ASGI [1] Completed
2019-10-16 11:56:56,567 INFO     Finished server process [15003]
2019-10-16 11:56:57,402 INFO     Started server process [15836]
2019-10-16 11:56:57,403 INFO     Waiting for application startup.
2019-10-16 11:56:57,403 DEBUG    None - ASGI [1] Started
2019-10-16 11:56:57,403 DEBUG    None - ASGI [1] Sent {'type': 'lifespan.startup'}
2019-10-16 11:56:57,404 DEBUG    None - ASGI [1] Received {'type': 'lifespan.startup.complete'}
2019-10-16 11:58:05,328 INFO     Shutting down
2019-10-16 11:58:05,428 INFO     Waiting for application shutdown.
2019-10-16 11:58:05,429 DEBUG    None - ASGI [1] Sent {'type': 'lifespan.shutdown'}
2019-10-16 11:58:05,429 DEBUG    None - ASGI [1] Received {'type': 'lifespan.shutdown.complete'}
2019-10-16 11:58:05,429 DEBUG    None - ASGI [1] Completed
2019-10-16 11:58:05,429 INFO     Finished server process [15836]
2019-10-16 11:58:06,298 INFO     Started server process [16670]
2019-10-16 11:58:06,298 INFO     Waiting for application startup.
2019-10-16 11:58:06,298 DEBUG    None - ASGI [1] Started
2019-10-16 11:58:06,298 DEBUG    None - ASGI [1] Sent {'type': 'lifespan.startup'}
2019-10-16 11:58:06,299 DEBUG    None - ASGI [1] Received {'type': 'lifespan.startup.complete'}
2019-10-16 11:58:28,503 INFO     Shutting down
2019-10-16 11:58:28,604 INFO     Waiting for application shutdown.
2019-10-16 11:58:28,604 DEBUG    None - ASGI [1] Sent {'type': 'lifespan.shutdown'}
2019-10-16 11:58:28,604 DEBUG    None - ASGI [1] Received {'type': 'lifespan.shutdown.complete'}
2019-10-16 11:58:28,604 DEBUG    None - ASGI [1] Completed
2019-10-16 11:58:28,604 INFO     Finished server process [16670]
2019-10-16 11:58:29,420 INFO     Started server process [16962]
2019-10-16 11:58:29,420 INFO     Waiting for application startup.
2019-10-16 11:58:29,421 DEBUG    None - ASGI [1] Started
2019-10-16 11:58:29,421 DEBUG    None - ASGI [1] Sent {'type': 'lifespan.startup'}
2019-10-16 11:58:29,421 DEBUG    None - ASGI [1] Received {'type': 'lifespan.startup.complete'}
2019-10-16 13:01:34,007 INFO     Shutting down
2019-10-16 13:01:34,108 INFO     Waiting for application shutdown.
2019-10-16 13:01:34,108 DEBUG    None - ASGI [1] Sent {'type': 'lifespan.shutdown'}
2019-10-16 13:01:34,109 DEBUG    None - ASGI [1] Received {'type': 'lifespan.shutdown.complete'}
2019-10-16 13:01:34,109 DEBUG    None - ASGI [1] Completed
2019-10-16 13:01:34,109 INFO     Finished server process [16962]
2019-10-16 13:01:34,925 INFO     Started server process [63124]
2019-10-16 13:01:34,926 INFO     Waiting for application startup.
2019-10-16 13:01:34,926 DEBUG    None - ASGI [1] Started
2019-10-16 13:01:34,926 DEBUG    None - ASGI [1] Sent {'type': 'lifespan.startup'}
2019-10-16 13:01:34,927 DEBUG    None - ASGI [1] Received {'type': 'lifespan.startup.complete'}
2019-10-16 13:04:23,914 INFO     Shutting down
2019-10-16 13:04:24,020 INFO     Waiting for application shutdown.
2019-10-16 13:04:24,020 DEBUG    None - ASGI [1] Sent {'type': 'lifespan.shutdown'}
2019-10-16 13:04:24,020 DEBUG    None - ASGI [1] Received {'type': 'lifespan.shutdown.complete'}
2019-10-16 13:04:24,021 DEBUG    None - ASGI [1] Completed
2019-10-16 13:04:24,021 INFO     Finished server process [63124]
2019-10-16 13:04:24,962 INFO     Started server process [65255]
2019-10-16 13:04:24,963 INFO     Waiting for application startup.
2019-10-16 13:04:24,963 DEBUG    None - ASGI [1] Started
2019-10-16 13:04:24,963 DEBUG    None - ASGI [1] Sent {'type': 'lifespan.startup'}
2019-10-16 13:04:24,963 DEBUG    None - ASGI [1] Received {'type': 'lifespan.startup.complete'}
2019-10-16 13:27:07,004 INFO     Shutting down
2019-10-16 13:27:07,105 INFO     Waiting for application shutdown.
2019-10-16 13:27:07,106 DEBUG    None - ASGI [1] Sent {'type': 'lifespan.shutdown'}
2019-10-16 13:27:07,106 DEBUG    None - ASGI [1] Received {'type': 'lifespan.shutdown.complete'}
2019-10-16 13:27:07,106 DEBUG    None - ASGI [1] Completed
2019-10-16 13:27:07,106 INFO     Finished server process [65255]
2019-10-16 13:27:07,974 INFO     Started server process [81675]
2019-10-16 13:27:07,975 INFO     Waiting for application startup.
2019-10-16 13:27:07,975 DEBUG    None - ASGI [1] Started
2019-10-16 13:27:07,975 DEBUG    None - ASGI [1] Sent {'type': 'lifespan.startup'}
2019-10-16 13:27:07,976 DEBUG    None - ASGI [1] Received {'type': 'lifespan.startup.complete'}
2019-10-16 13:28:11,696 INFO     Shutting down
2019-10-16 13:28:11,798 INFO     Waiting for application shutdown.
2019-10-16 13:28:11,798 DEBUG    None - ASGI [1] Sent {'type': 'lifespan.shutdown'}
2019-10-16 13:28:11,798 DEBUG    None - ASGI [1] Received {'type': 'lifespan.shutdown.complete'}
2019-10-16 13:28:11,798 DEBUG    None - ASGI [1] Completed
2019-10-16 13:28:11,799 INFO     Finished server process [81675]
2019-10-16 13:28:12,618 INFO     Started server process [82637]
2019-10-16 13:28:12,618 INFO     Waiting for application startup.
2019-10-16 13:28:12,619 DEBUG    None - ASGI [1] Started
2019-10-16 13:28:12,619 DEBUG    None - ASGI [1] Sent {'type': 'lifespan.startup'}
2019-10-16 13:28:12,619 DEBUG    None - ASGI [1] Received {'type': 'lifespan.startup.complete'}
2019-10-16 13:29:32,113 INFO     Shutting down
2019-10-16 13:29:32,214 INFO     Waiting for application shutdown.
2019-10-16 13:29:32,214 DEBUG    None - ASGI [1] Sent {'type': 'lifespan.shutdown'}
2019-10-16 13:29:32,215 DEBUG    None - ASGI [1] Received {'type': 'lifespan.shutdown.complete'}
2019-10-16 13:29:32,215 DEBUG    None - ASGI [1] Completed
2019-10-16 13:29:32,215 INFO     Finished server process [82637]
2019-10-16 13:29:32,905 INFO     Started server process [83562]
2019-10-16 13:29:32,905 INFO     Waiting for application startup.
2019-10-16 13:29:32,905 DEBUG    None - ASGI [1] Started
2019-10-16 13:29:32,906 DEBUG    None - ASGI [1] Sent {'type': 'lifespan.startup'}
2019-10-16 13:29:32,906 DEBUG    None - ASGI [1] Received {'type': 'lifespan.startup.complete'}
2019-10-16 13:29:45,726 INFO     Shutting down
2019-10-16 13:29:45,829 INFO     Waiting for application shutdown.
2019-10-16 13:29:45,829 DEBUG    None - ASGI [1] Sent {'type': 'lifespan.shutdown'}
2019-10-16 13:29:45,830 DEBUG    None - ASGI [1] Received {'type': 'lifespan.shutdown.complete'}
2019-10-16 13:29:45,830 DEBUG    None - ASGI [1] Completed
2019-10-16 13:29:45,830 INFO     Finished server process [83562]
2019-10-16 13:29:46,511 INFO     Started server process [83754]
2019-10-16 13:29:46,512 INFO     Waiting for application startup.
2019-10-16 13:29:46,512 DEBUG    None - ASGI [1] Started
2019-10-16 13:29:46,512 DEBUG    None - ASGI [1] Sent {'type': 'lifespan.startup'}
2019-10-16 13:29:46,513 DEBUG    None - ASGI [1] Received {'type': 'lifespan.startup.complete'}
2019-10-16 13:31:59,141 INFO     Shutting down
2019-10-16 13:31:59,242 INFO     Waiting for application shutdown.
2019-10-16 13:31:59,242 DEBUG    None - ASGI [1] Sent {'type': 'lifespan.shutdown'}
2019-10-16 13:31:59,242 DEBUG    None - ASGI [1] Received {'type': 'lifespan.shutdown.complete'}
2019-10-16 13:31:59,243 DEBUG    None - ASGI [1] Completed
2019-10-16 13:31:59,243 INFO     Finished server process [83754]
2019-10-16 13:32:00,030 INFO     Started server process [85351]
2019-10-16 13:32:00,031 INFO     Waiting for application startup.
2019-10-16 13:32:00,031 DEBUG    None - ASGI [1] Started
2019-10-16 13:32:00,031 DEBUG    None - ASGI [1] Sent {'type': 'lifespan.startup'}
2019-10-16 13:32:00,031 DEBUG    None - ASGI [1] Received {'type': 'lifespan.startup.complete'}
2019-10-16 13:32:45,436 INFO     Shutting down
2019-10-16 13:32:45,537 INFO     Waiting for application shutdown.
2019-10-16 13:32:45,537 DEBUG    None - ASGI [1] Sent {'type': 'lifespan.shutdown'}
2019-10-16 13:32:45,537 DEBUG    None - ASGI [1] Received {'type': 'lifespan.shutdown.complete'}
2019-10-16 13:32:45,537 DEBUG    None - ASGI [1] Completed
2019-10-16 13:32:45,538 INFO     Finished server process [85351]
2019-10-16 13:32:46,491 INFO     Started server process [85845]
2019-10-16 13:32:46,492 INFO     Waiting for application startup.
2019-10-16 13:32:46,492 DEBUG    None - ASGI [1] Started
2019-10-16 13:32:46,492 DEBUG    None - ASGI [1] Sent {'type': 'lifespan.startup'}
2019-10-16 13:32:46,492 DEBUG    None - ASGI [1] Received {'type': 'lifespan.startup.complete'}
2019-10-16 13:34:24,827 INFO     Shutting down
2019-10-16 13:34:24,931 INFO     Waiting for application shutdown.
2019-10-16 13:34:24,931 DEBUG    None - ASGI [1] Sent {'type': 'lifespan.shutdown'}
2019-10-16 13:34:24,931 DEBUG    None - ASGI [1] Received {'type': 'lifespan.shutdown.complete'}
2019-10-16 13:34:24,931 DEBUG    None - ASGI [1] Completed
2019-10-16 13:34:24,932 INFO     Finished server process [85845]
2019-10-16 13:34:25,807 INFO     Started server process [87104]
2019-10-16 13:34:25,807 INFO     Waiting for application startup.
2019-10-16 13:34:25,807 DEBUG    None - ASGI [1] Started
2019-10-16 13:34:25,807 DEBUG    None - ASGI [1] Sent {'type': 'lifespan.startup'}
2019-10-16 13:34:25,808 DEBUG    None - ASGI [1] Received {'type': 'lifespan.startup.complete'}
2019-10-16 13:35:12,737 INFO     Shutting down
2019-10-16 13:35:12,838 INFO     Waiting for application shutdown.
2019-10-16 13:35:12,838 DEBUG    None - ASGI [1] Sent {'type': 'lifespan.shutdown'}
2019-10-16 13:35:12,838 DEBUG    None - ASGI [1] Received {'type': 'lifespan.shutdown.complete'}
2019-10-16 13:35:12,838 DEBUG    None - ASGI [1] Completed
2019-10-16 13:35:12,838 INFO     Finished server process [87104]
2019-10-16 13:35:13,440 INFO     Started server process [87742]
2019-10-16 13:35:13,440 INFO     Waiting for application startup.
2019-10-16 13:35:13,440 DEBUG    None - ASGI [1] Started
2019-10-16 13:35:13,440 DEBUG    None - ASGI [1] Sent {'type': 'lifespan.startup'}
2019-10-16 13:35:13,441 DEBUG    None - ASGI [1] Received {'type': 'lifespan.startup.complete'}
2019-10-16 13:35:32,026 INFO     Shutting down
2019-10-16 13:35:32,129 INFO     Waiting for application shutdown.
2019-10-16 13:35:32,129 DEBUG    None - ASGI [1] Sent {'type': 'lifespan.shutdown'}
2019-10-16 13:35:32,129 DEBUG    None - ASGI [1] Received {'type': 'lifespan.shutdown.complete'}
2019-10-16 13:35:32,129 DEBUG    None - ASGI [1] Completed
2019-10-16 13:35:32,129 INFO     Finished server process [87742]
2019-10-16 13:35:32,990 INFO     Started server process [87974]
2019-10-16 13:35:32,990 INFO     Waiting for application startup.
2019-10-16 13:35:32,991 DEBUG    None - ASGI [1] Started
2019-10-16 13:35:32,991 DEBUG    None - ASGI [1] Sent {'type': 'lifespan.startup'}
2019-10-16 13:35:32,991 DEBUG    None - ASGI [1] Received {'type': 'lifespan.startup.complete'}
2019-10-16 13:37:17,514 INFO     Shutting down
2019-10-16 13:37:17,615 INFO     Waiting for application shutdown.
2019-10-16 13:37:17,615 DEBUG    None - ASGI [1] Sent {'type': 'lifespan.shutdown'}
2019-10-16 13:37:17,615 DEBUG    None - ASGI [1] Received {'type': 'lifespan.shutdown.complete'}
2019-10-16 13:37:17,615 DEBUG    None - ASGI [1] Completed
2019-10-16 13:37:17,615 INFO     Finished server process [87974]
2019-10-16 13:37:18,465 INFO     Started server process [89214]
2019-10-16 13:37:18,465 INFO     Waiting for application startup.
2019-10-16 13:37:18,465 DEBUG    None - ASGI [1] Started
2019-10-16 13:37:18,466 DEBUG    None - ASGI [1] Sent {'type': 'lifespan.startup'}
2019-10-16 13:37:18,466 DEBUG    None - ASGI [1] Received {'type': 'lifespan.startup.complete'}
2019-10-16 13:37:29,174 INFO     Shutting down
2019-10-16 13:37:29,275 INFO     Waiting for application shutdown.
2019-10-16 13:37:29,276 DEBUG    None - ASGI [1] Sent {'type': 'lifespan.shutdown'}
2019-10-16 13:37:29,276 DEBUG    None - ASGI [1] Received {'type': 'lifespan.shutdown.complete'}
2019-10-16 13:37:29,276 DEBUG    None - ASGI [1] Completed
2019-10-16 13:37:29,276 INFO     Finished server process [89214]
2019-10-16 13:37:29,978 INFO     Started server process [89322]
2019-10-16 13:37:29,979 INFO     Waiting for application startup.
2019-10-16 13:37:29,979 DEBUG    None - ASGI [1] Started
2019-10-16 13:37:29,979 DEBUG    None - ASGI [1] Sent {'type': 'lifespan.startup'}
2019-10-16 13:37:29,980 DEBUG    None - ASGI [1] Received {'type': 'lifespan.startup.complete'}
2019-10-16 13:37:39,490 INFO     Shutting down
2019-10-16 13:37:39,592 INFO     Waiting for application shutdown.
2019-10-16 13:37:39,592 DEBUG    None - ASGI [1] Sent {'type': 'lifespan.shutdown'}
2019-10-16 13:37:39,593 DEBUG    None - ASGI [1] Received {'type': 'lifespan.shutdown.complete'}
2019-10-16 13:37:39,593 DEBUG    None - ASGI [1] Completed
2019-10-16 13:37:39,593 INFO     Finished server process [89322]
2019-10-16 13:37:40,468 INFO     Started server process [89490]
2019-10-16 13:37:40,468 INFO     Waiting for application startup.
2019-10-16 13:37:40,469 DEBUG    None - ASGI [1] Started
2019-10-16 13:37:40,469 DEBUG    None - ASGI [1] Sent {'type': 'lifespan.startup'}
2019-10-16 13:37:40,469 DEBUG    None - ASGI [1] Received {'type': 'lifespan.startup.complete'}
2019-10-16 13:38:14,872 INFO     Shutting down
2019-10-16 13:38:14,973 INFO     Waiting for application shutdown.
2019-10-16 13:38:14,974 DEBUG    None - ASGI [1] Sent {'type': 'lifespan.shutdown'}
2019-10-16 13:38:14,974 DEBUG    None - ASGI [1] Received {'type': 'lifespan.shutdown.complete'}
2019-10-16 13:38:14,974 DEBUG    None - ASGI [1] Completed
2019-10-16 13:38:14,974 INFO     Finished server process [89490]
2019-10-16 13:38:15,815 INFO     Started server process [89840]
2019-10-16 13:38:15,815 INFO     Waiting for application startup.
2019-10-16 13:38:15,815 DEBUG    None - ASGI [1] Started
2019-10-16 13:38:15,816 DEBUG    None - ASGI [1] Sent {'type': 'lifespan.startup'}
2019-10-16 13:38:15,816 DEBUG    None - ASGI [1] Received {'type': 'lifespan.startup.complete'}
2019-10-16 13:38:22,191 INFO     Shutting down
2019-10-16 13:38:22,291 INFO     Waiting for application shutdown.
2019-10-16 13:38:22,292 DEBUG    None - ASGI [1] Sent {'type': 'lifespan.shutdown'}
2019-10-16 13:38:22,292 DEBUG    None - ASGI [1] Received {'type': 'lifespan.shutdown.complete'}
2019-10-16 13:38:22,292 DEBUG    None - ASGI [1] Completed
2019-10-16 13:38:22,292 INFO     Finished server process [89840]
2019-10-16 13:38:23,149 INFO     Started server process [89929]
2019-10-16 13:38:23,150 INFO     Waiting for application startup.
2019-10-16 13:38:23,150 DEBUG    None - ASGI [1] Started
2019-10-16 13:38:23,150 DEBUG    None - ASGI [1] Sent {'type': 'lifespan.startup'}
2019-10-16 13:38:23,151 DEBUG    None - ASGI [1] Received {'type': 'lifespan.startup.complete'}
2019-10-16 13:38:28,117 INFO     Shutting down
2019-10-16 13:38:28,220 INFO     Waiting for application shutdown.
2019-10-16 13:38:28,221 DEBUG    None - ASGI [1] Sent {'type': 'lifespan.shutdown'}
2019-10-16 13:38:28,221 DEBUG    None - ASGI [1] Received {'type': 'lifespan.shutdown.complete'}
2019-10-16 13:38:28,221 DEBUG    None - ASGI [1] Completed
2019-10-16 13:38:28,222 INFO     Finished server process [89929]
2019-10-16 13:38:29,372 INFO     Started server process [90104]
2019-10-16 13:38:29,372 INFO     Waiting for application startup.
2019-10-16 13:38:29,372 DEBUG    None - ASGI [1] Started
2019-10-16 13:38:29,373 DEBUG    None - ASGI [1] Sent {'type': 'lifespan.startup'}
2019-10-16 13:38:29,373 DEBUG    None - ASGI [1] Received {'type': 'lifespan.startup.complete'}
2019-10-16 13:38:34,515 INFO     Shutting down
2019-10-16 13:38:34,615 INFO     Waiting for application shutdown.
2019-10-16 13:38:34,616 DEBUG    None - ASGI [1] Sent {'type': 'lifespan.shutdown'}
2019-10-16 13:38:34,616 DEBUG    None - ASGI [1] Received {'type': 'lifespan.shutdown.complete'}
2019-10-16 13:38:34,617 DEBUG    None - ASGI [1] Completed
2019-10-16 13:38:34,617 INFO     Finished server process [90104]
2019-10-16 13:38:35,487 INFO     Started server process [90210]
2019-10-16 13:38:35,487 INFO     Waiting for application startup.
2019-10-16 13:38:35,488 DEBUG    None - ASGI [1] Started
2019-10-16 13:38:35,488 DEBUG    None - ASGI [1] Sent {'type': 'lifespan.startup'}
2019-10-16 13:38:35,488 DEBUG    None - ASGI [1] Received {'type': 'lifespan.startup.complete'}
2019-10-16 13:38:39,415 INFO     Shutting down
2019-10-16 13:38:39,525 INFO     Waiting for application shutdown.
2019-10-16 13:38:39,526 DEBUG    None - ASGI [1] Sent {'type': 'lifespan.shutdown'}
2019-10-16 13:38:39,526 DEBUG    None - ASGI [1] Received {'type': 'lifespan.shutdown.complete'}
2019-10-16 13:38:39,526 DEBUG    None - ASGI [1] Completed
2019-10-16 13:38:39,526 INFO     Finished server process [90210]
2019-10-16 13:38:40,533 INFO     Started server process [90248]
2019-10-16 13:38:40,533 INFO     Waiting for application startup.
2019-10-16 13:38:40,534 DEBUG    None - ASGI [1] Started
2019-10-16 13:38:40,534 DEBUG    None - ASGI [1] Sent {'type': 'lifespan.startup'}
2019-10-16 13:38:40,534 DEBUG    None - ASGI [1] Received {'type': 'lifespan.startup.complete'}
2019-10-16 13:40:25,004 INFO     Shutting down
2019-10-16 13:40:25,105 INFO     Waiting for application shutdown.
2019-10-16 13:40:25,105 DEBUG    None - ASGI [1] Sent {'type': 'lifespan.shutdown'}
2019-10-16 13:40:25,105 DEBUG    None - ASGI [1] Received {'type': 'lifespan.shutdown.complete'}
2019-10-16 13:40:25,105 DEBUG    None - ASGI [1] Completed
2019-10-16 13:40:25,106 INFO     Finished server process [90248]
2019-10-16 13:40:26,104 INFO     Started server process [91427]
2019-10-16 13:40:26,106 INFO     Waiting for application startup.
2019-10-16 13:40:26,106 DEBUG    None - ASGI [1] Started
2019-10-16 13:40:26,106 DEBUG    None - ASGI [1] Sent {'type': 'lifespan.startup'}
2019-10-16 13:40:26,107 DEBUG    None - ASGI [1] Received {'type': 'lifespan.startup.complete'}
2019-10-16 13:47:46,846 DEBUG    ('127.0.0.1', 41842) - Connected
2019-10-16 13:47:46,847 DEBUG    ('127.0.0.1', 41842) - ASGI [2] Started
2019-10-16 13:47:46,848 DEBUG    ('127.0.0.1', 41842) - ASGI [2] Sent {'type': 'http.request', 'body': '<44 bytes>', 'more_body': False}
2019-10-16 13:47:46,849 DEBUG    received items: https://www.statcan.gc.ca/
2019-10-16 13:47:46,849 DEBUG    save to sessions_items.log
2019-10-16 13:47:46,851 DEBUG    ('127.0.0.1', 41842) - ASGI [2] Received {'type': 'http.response.start', 'status': 200, 'headers': '<...>'}
2019-10-16 13:47:46,851 INFO     ('127.0.0.1', 41842) - "POST /predict_next HTTP/1.1" 200
2019-10-16 13:47:46,852 DEBUG    ('127.0.0.1', 41842) - ASGI [2] Received {'type': 'http.response.body', 'body': '<42 bytes>'}
2019-10-16 13:47:46,852 DEBUG    ('127.0.0.1', 41842) - ASGI [2] Completed
2019-10-16 13:47:49,632 DEBUG    ('127.0.0.1', 41842) - ASGI [3] Started
2019-10-16 13:47:49,633 DEBUG    ('127.0.0.1', 41842) - ASGI [3] Sent {'type': 'http.request', 'body': '<82 bytes>', 'more_body': False}
2019-10-16 13:47:49,633 DEBUG    received items: https://www.statcan.gc.ca/,https://www.statcan.gc.ca/eng/start
2019-10-16 13:47:49,633 DEBUG    save to sessions_items.log
2019-10-16 13:47:49,634 DEBUG    ('127.0.0.1', 41842) - ASGI [3] Received {'type': 'http.response.start', 'status': 200, 'headers': '<...>'}
2019-10-16 13:47:49,634 INFO     ('127.0.0.1', 41842) - "POST /predict_next HTTP/1.1" 200
2019-10-16 13:47:49,634 DEBUG    ('127.0.0.1', 41842) - ASGI [3] Received {'type': 'http.response.body', 'body': '<51 bytes>'}
2019-10-16 13:47:49,634 DEBUG    ('127.0.0.1', 41842) - ASGI [3] Completed
2019-10-16 13:47:50,795 DEBUG    ('127.0.0.1', 41842) - ASGI [4] Started
2019-10-16 13:47:50,796 DEBUG    ('127.0.0.1', 41842) - ASGI [4] Sent {'type': 'http.request', 'body': '<109 bytes>', 'more_body': False}
2019-10-16 13:47:50,796 DEBUG    received items: https://canada.demdex.net/dest5.html?d_nsid=0#https%3A%2F%2Fwww.statcan.gc.ca%2Feng%2Fstart
2019-10-16 13:47:50,796 DEBUG    save to sessions_items.log
2019-10-16 13:47:50,797 DEBUG    ('127.0.0.1', 41842) - ASGI [4] Received {'type': 'http.response.start', 'status': 200, 'headers': '<...>'}
2019-10-16 13:47:50,797 INFO     ('127.0.0.1', 41842) - "POST /predict_next HTTP/1.1" 200
2019-10-16 13:47:50,797 DEBUG    ('127.0.0.1', 41842) - ASGI [4] Received {'type': 'http.response.body', 'body': '<107 bytes>'}
2019-10-16 13:47:50,798 DEBUG    ('127.0.0.1', 41842) - ASGI [4] Completed
2019-10-16 13:47:55,798 DEBUG    ('127.0.0.1', 41842) - Disconnected
2019-10-16 13:49:05,346 DEBUG    ('127.0.0.1', 43142) - Connected
2019-10-16 13:49:05,346 DEBUG    ('127.0.0.1', 43142) - ASGI [5] Started
2019-10-16 13:49:05,347 DEBUG    ('127.0.0.1', 43142) - ASGI [5] Sent {'type': 'http.request', 'body': '<197 bytes>', 'more_body': False}
2019-10-16 13:49:05,347 DEBUG    received items: https://www.statcan.gc.ca/,https://www.statcan.gc.ca/eng/start,https://www.statcan.gc.ca/eng/trust?utm_source=statcan&utm_medium=banner&utm_campaign=trust-confiance_2019&HPA=1
2019-10-16 13:49:05,347 DEBUG    save to sessions_items.log
2019-10-16 13:49:05,348 DEBUG    ('127.0.0.1', 43142) - ASGI [5] Received {'type': 'http.response.start', 'status': 200, 'headers': '<...>'}
2019-10-16 13:49:05,348 INFO     ('127.0.0.1', 43142) - "POST /predict_next HTTP/1.1" 200
2019-10-16 13:49:05,348 DEBUG    ('127.0.0.1', 43142) - ASGI [5] Received {'type': 'http.response.body', 'body': '<128 bytes>'}
2019-10-16 13:49:05,348 DEBUG    ('127.0.0.1', 43142) - ASGI [5] Completed
2019-10-16 13:49:10,348 DEBUG    ('127.0.0.1', 43142) - Disconnected
2019-10-16 13:55:49,944 INFO     Shutting down
2019-10-16 13:55:50,045 INFO     Waiting for application shutdown.
2019-10-16 13:55:50,046 DEBUG    None - ASGI [1] Sent {'type': 'lifespan.shutdown'}
2019-10-16 13:55:50,046 DEBUG    None - ASGI [1] Received {'type': 'lifespan.shutdown.complete'}
2019-10-16 13:55:50,046 DEBUG    None - ASGI [1] Completed
2019-10-16 13:55:50,046 INFO     Finished server process [91427]
2019-10-16 13:55:51,286 INFO     Started server process [102980]
2019-10-16 13:55:51,287 INFO     Waiting for application startup.
2019-10-16 13:55:51,287 DEBUG    None - ASGI [1] Started
2019-10-16 13:55:51,288 DEBUG    None - ASGI [1] Sent {'type': 'lifespan.startup'}
2019-10-16 13:55:51,288 DEBUG    None - ASGI [1] Received {'type': 'lifespan.startup.complete'}
2019-10-16 13:58:47,289 DEBUG    ('127.0.0.1', 52660) - Connected
2019-10-16 13:58:47,291 DEBUG    ('127.0.0.1', 52660) - ASGI [2] Started
2019-10-16 13:58:47,292 DEBUG    ('127.0.0.1', 52660) - ASGI [2] Sent {'type': 'http.request', 'body': '<235 bytes>', 'more_body': False}
2019-10-16 13:58:47,293 DEBUG    received items: https://www.statcan.gc.ca/,https://www.statcan.gc.ca/eng/start,https://www.statcan.gc.ca/eng/trust?utm_source=statcan&utm_medium=banner&utm_campaign=trust-confiance_2019&HPA=1,https://www.statcan.gc.ca/eng/start
2019-10-16 13:58:47,293 DEBUG    save to sessions_items.log
2019-10-16 13:58:47,295 DEBUG    ('127.0.0.1', 52660) - ASGI [2] Received {'type': 'http.response.start', 'status': 200, 'headers': '<...>'}
2019-10-16 13:58:47,295 INFO     ('127.0.0.1', 52660) - "POST /predict_next HTTP/1.1" 200
2019-10-16 13:58:47,296 DEBUG    ('127.0.0.1', 52660) - ASGI [2] Received {'type': 'http.response.body', 'body': '<51 bytes>'}
2019-10-16 13:58:47,296 DEBUG    ('127.0.0.1', 52660) - ASGI [2] Completed
2019-10-16 13:58:52,298 DEBUG    ('127.0.0.1', 52660) - Disconnected
2019-10-16 13:58:52,371 DEBUG    ('127.0.0.1', 52742) - Connected
2019-10-16 13:58:52,371 DEBUG    ('127.0.0.1', 52742) - ASGI [3] Started
2019-10-16 13:58:52,372 DEBUG    ('127.0.0.1', 52742) - ASGI [3] Sent {'type': 'http.request', 'body': '<273 bytes>', 'more_body': False}
2019-10-16 13:58:52,373 DEBUG    received items: https://www.statcan.gc.ca/,https://www.statcan.gc.ca/eng/start,https://www.statcan.gc.ca/eng/trust?utm_source=statcan&utm_medium=banner&utm_campaign=trust-confiance_2019&HPA=1,https://www.statcan.gc.ca/eng/start,https://www.statcan.gc.ca/eng/start
2019-10-16 13:58:52,373 DEBUG    save to sessions_items.log
2019-10-16 13:58:52,374 DEBUG    ('127.0.0.1', 52742) - ASGI [3] Received {'type': 'http.response.start', 'status': 200, 'headers': '<...>'}
2019-10-16 13:58:52,374 INFO     ('127.0.0.1', 52742) - "POST /predict_next HTTP/1.1" 200
2019-10-16 13:58:52,375 DEBUG    ('127.0.0.1', 52742) - ASGI [3] Received {'type': 'http.response.body', 'body': '<51 bytes>'}
2019-10-16 13:58:52,375 DEBUG    ('127.0.0.1', 52742) - ASGI [3] Completed
2019-10-16 13:58:56,600 DEBUG    ('127.0.0.1', 52742) - ASGI [4] Started
2019-10-16 13:58:56,601 DEBUG    ('127.0.0.1', 52742) - ASGI [4] Sent {'type': 'http.request', 'body': '<77 bytes>', 'more_body': False}
2019-10-16 13:58:56,601 DEBUG    received items: https://www150.statcan.gc.ca/n1/dai-quo/index-eng.htm?HPA=1
2019-10-16 13:58:56,601 DEBUG    save to sessions_items.log
2019-10-16 13:58:56,602 DEBUG    ('127.0.0.1', 52742) - ASGI [4] Received {'type': 'http.response.start', 'status': 200, 'headers': '<...>'}
2019-10-16 13:58:56,602 INFO     ('127.0.0.1', 52742) - "POST /predict_next HTTP/1.1" 200
2019-10-16 13:58:56,602 DEBUG    ('127.0.0.1', 52742) - ASGI [4] Received {'type': 'http.response.body', 'body': '<75 bytes>'}
2019-10-16 13:58:56,602 DEBUG    ('127.0.0.1', 52742) - ASGI [4] Completed
2019-10-16 13:59:01,603 DEBUG    ('127.0.0.1', 52742) - Disconnected
2019-10-16 14:21:21,448 DEBUG    ('127.0.0.1', 46410) - Connected
2019-10-16 14:21:21,448 DEBUG    ('127.0.0.1', 46410) - ASGI [5] Started
2019-10-16 14:21:21,449 DEBUG    ('127.0.0.1', 46410) - ASGI [5] Sent {'type': 'http.request', 'body': '<132 bytes>', 'more_body': False}
2019-10-16 14:21:21,449 DEBUG    received items: https://www150.statcan.gc.ca/n1/dai-quo/index-eng.htm?HPA=1,https://www150.statcan.gc.ca/n1/dai-quo/ind1-eng.htm
2019-10-16 14:21:21,449 DEBUG    save to sessions_items.log
2019-10-16 14:21:21,450 DEBUG    ('127.0.0.1', 46410) - ASGI [5] Received {'type': 'http.response.start', 'status': 200, 'headers': '<...>'}
2019-10-16 14:21:21,450 INFO     ('127.0.0.1', 46410) - "POST /predict_next HTTP/1.1" 200
2019-10-16 14:21:21,450 DEBUG    ('127.0.0.1', 46410) - ASGI [5] Received {'type': 'http.response.body', 'body': '<68 bytes>'}
2019-10-16 14:21:21,451 DEBUG    ('127.0.0.1', 46410) - ASGI [5] Completed
2019-10-16 14:21:26,451 DEBUG    ('127.0.0.1', 46410) - Disconnected
2019-10-16 14:21:26,712 DEBUG    ('127.0.0.1', 46488) - Connected
2019-10-16 14:21:26,712 DEBUG    ('127.0.0.1', 46488) - ASGI [6] Started
2019-10-16 14:21:26,712 DEBUG    ('127.0.0.1', 46488) - ASGI [6] Sent {'type': 'http.request', 'body': '<207 bytes>', 'more_body': False}
2019-10-16 14:21:26,713 DEBUG    received items: https://www150.statcan.gc.ca/n1/dai-quo/index-eng.htm?HPA=1,https://www150.statcan.gc.ca/n1/dai-quo/ind1-eng.htm,https://www150.statcan.gc.ca/n1/daily-quotidien/190829/dq190829b-eng.htm
2019-10-16 14:21:26,713 DEBUG    save to sessions_items.log
2019-10-16 14:21:26,713 DEBUG    ('127.0.0.1', 46488) - ASGI [6] Received {'type': 'http.response.start', 'status': 200, 'headers': '<...>'}
2019-10-16 14:21:26,713 INFO     ('127.0.0.1', 46488) - "POST /predict_next HTTP/1.1" 200
2019-10-16 14:21:26,714 DEBUG    ('127.0.0.1', 46488) - ASGI [6] Received {'type': 'http.response.body', 'body': '<88 bytes>'}
2019-10-16 14:21:26,714 DEBUG    ('127.0.0.1', 46488) - ASGI [6] Completed
2019-10-16 14:21:31,714 DEBUG    ('127.0.0.1', 46488) - Disconnected
2019-10-16 14:21:42,201 DEBUG    ('127.0.0.1', 46768) - Connected
2019-10-16 14:21:42,201 DEBUG    ('127.0.0.1', 46768) - ASGI [7] Started
2019-10-16 14:21:42,202 DEBUG    ('127.0.0.1', 46768) - ASGI [7] Sent {'type': 'http.request', 'body': '<270 bytes>', 'more_body': False}
2019-10-16 14:21:42,202 DEBUG    received items: https://www150.statcan.gc.ca/n1/dai-quo/index-eng.htm?HPA=1,https://www150.statcan.gc.ca/n1/dai-quo/ind1-eng.htm,https://www150.statcan.gc.ca/n1/daily-quotidien/190829/dq190829b-eng.htm,https://www150.statcan.gc.ca/n1/dai-quo/cal1-eng.htm?sk=1021
2019-10-16 14:21:42,202 DEBUG    save to sessions_items.log
2019-10-16 14:21:42,202 DEBUG    ('127.0.0.1', 46768) - ASGI [7] Received {'type': 'http.response.start', 'status': 200, 'headers': '<...>'}
2019-10-16 14:21:42,203 INFO     ('127.0.0.1', 46768) - "POST /predict_next HTTP/1.1" 200
2019-10-16 14:21:42,203 DEBUG    ('127.0.0.1', 46768) - ASGI [7] Received {'type': 'http.response.body', 'body': '<76 bytes>'}
2019-10-16 14:21:42,203 DEBUG    ('127.0.0.1', 46768) - ASGI [7] Completed
2019-10-16 14:21:45,338 DEBUG    ('127.0.0.1', 46768) - ASGI [8] Started
2019-10-16 14:21:45,338 DEBUG    ('127.0.0.1', 46768) - ASGI [8] Sent {'type': 'http.request', 'body': '<311 bytes>', 'more_body': False}
2019-10-16 14:21:45,339 DEBUG    received items: https://www.statcan.gc.ca/,https://www.statcan.gc.ca/eng/start,https://www.statcan.gc.ca/eng/trust?utm_source=statcan&utm_medium=banner&utm_campaign=trust-confiance_2019&HPA=1,https://www.statcan.gc.ca/eng/start,https://www.statcan.gc.ca/eng/start,https://www.statcan.gc.ca/eng/start
2019-10-16 14:21:45,340 DEBUG    save to sessions_items.log
2019-10-16 14:21:45,341 DEBUG    ('127.0.0.1', 46768) - ASGI [8] Received {'type': 'http.response.start', 'status': 200, 'headers': '<...>'}
2019-10-16 14:21:45,341 INFO     ('127.0.0.1', 46768) - "POST /predict_next HTTP/1.1" 200
2019-10-16 14:21:45,342 DEBUG    ('127.0.0.1', 46768) - ASGI [8] Received {'type': 'http.response.body', 'body': '<51 bytes>'}
2019-10-16 14:21:45,342 DEBUG    ('127.0.0.1', 46768) - ASGI [8] Completed
2019-10-16 14:21:48,918 DEBUG    ('127.0.0.1', 46768) - ASGI [9] Started
2019-10-16 14:21:48,919 DEBUG    ('127.0.0.1', 46768) - ASGI [9] Sent {'type': 'http.request', 'body': '<358 bytes>', 'more_body': False}
2019-10-16 14:21:48,920 DEBUG    received items: https://www.statcan.gc.ca/,https://www.statcan.gc.ca/eng/start,https://www.statcan.gc.ca/eng/trust?utm_source=statcan&utm_medium=banner&utm_campaign=trust-confiance_2019&HPA=1,https://www.statcan.gc.ca/eng/start,https://www.statcan.gc.ca/eng/start,https://www.statcan.gc.ca/eng/start,https://www.statcan.gc.ca/eng/interact?HPA=1
2019-10-16 14:21:48,920 DEBUG    save to sessions_items.log
2019-10-16 14:21:48,921 DEBUG    ('127.0.0.1', 46768) - ASGI [9] Received {'type': 'http.response.start', 'status': 200, 'headers': '<...>'}
2019-10-16 14:21:48,921 INFO     ('127.0.0.1', 46768) - "POST /predict_next HTTP/1.1" 200
2019-10-16 14:21:48,921 DEBUG    ('127.0.0.1', 46768) - ASGI [9] Received {'type': 'http.response.body', 'body': '<60 bytes>'}
2019-10-16 14:21:48,921 DEBUG    ('127.0.0.1', 46768) - ASGI [9] Completed
2019-10-16 14:21:53,922 DEBUG    ('127.0.0.1', 46768) - Disconnected
2019-10-16 14:24:20,415 DEBUG    ('127.0.0.1', 49298) - Connected
2019-10-16 14:24:20,416 DEBUG    ('127.0.0.1', 49298) - ASGI [10] Started
2019-10-16 14:24:20,416 DEBUG    ('127.0.0.1', 49298) - ASGI [10] Received {'type': 'http.response.start', 'status': 200, 'headers': '<...>'}
2019-10-16 14:24:20,416 INFO     ('127.0.0.1', 49298) - "GET /docs HTTP/1.1" 200
2019-10-16 14:24:20,416 DEBUG    ('127.0.0.1', 49298) - ASGI [10] Received {'type': 'http.response.body', 'body': '<899 bytes>'}
2019-10-16 14:24:20,417 DEBUG    ('127.0.0.1', 49298) - ASGI [10] Completed
2019-10-16 14:24:20,793 DEBUG    ('127.0.0.1', 49298) - ASGI [11] Started
2019-10-16 14:24:20,799 DEBUG    ('127.0.0.1', 49298) - ASGI [11] Received {'type': 'http.response.start', 'status': 200, 'headers': '<...>'}
2019-10-16 14:24:20,800 INFO     ('127.0.0.1', 49298) - "GET /openapi.json HTTP/1.1" 200
2019-10-16 14:24:20,800 DEBUG    ('127.0.0.1', 49298) - ASGI [11] Received {'type': 'http.response.body', 'body': '<1458 bytes>'}
2019-10-16 14:24:20,800 DEBUG    ('127.0.0.1', 49298) - ASGI [11] Completed
2019-10-16 14:24:25,799 DEBUG    ('127.0.0.1', 49298) - Disconnected
2019-10-16 16:10:33,315 DEBUG    ('127.0.0.1', 40220) - Connected
2019-10-16 16:10:33,316 DEBUG    ('127.0.0.1', 40220) - ASGI [12] Started
2019-10-16 16:10:33,316 DEBUG    ('127.0.0.1', 40220) - ASGI [12] Sent {'type': 'http.request', 'body': '<396 bytes>', 'more_body': False}
2019-10-16 16:10:33,317 DEBUG    received items: https://www.statcan.gc.ca/,https://www.statcan.gc.ca/eng/start,https://www.statcan.gc.ca/eng/trust?utm_source=statcan&utm_medium=banner&utm_campaign=trust-confiance_2019&HPA=1,https://www.statcan.gc.ca/eng/start,https://www.statcan.gc.ca/eng/start,https://www.statcan.gc.ca/eng/start,https://www.statcan.gc.ca/eng/interact?HPA=1,https://www.statcan.gc.ca/eng/start
2019-10-16 16:10:33,317 DEBUG    save to sessions_items.log
2019-10-16 16:10:33,317 DEBUG    ('127.0.0.1', 40220) - ASGI [12] Received {'type': 'http.response.start', 'status': 200, 'headers': '<...>'}
2019-10-16 16:10:33,317 INFO     ('127.0.0.1', 40220) - "POST /predict_next HTTP/1.1" 200
2019-10-16 16:10:33,318 DEBUG    ('127.0.0.1', 40220) - ASGI [12] Received {'type': 'http.response.body', 'body': '<51 bytes>'}
2019-10-16 16:10:33,318 DEBUG    ('127.0.0.1', 40220) - ASGI [12] Completed
2019-10-16 16:10:34,486 DEBUG    ('127.0.0.1', 40220) - ASGI [13] Started
2019-10-16 16:10:34,486 DEBUG    ('127.0.0.1', 40220) - ASGI [13] Sent {'type': 'http.request', 'body': '<203 bytes>', 'more_body': False}
2019-10-16 16:10:34,487 DEBUG    received items: https://canada.demdex.net/dest5.html?d_nsid=0#https%3A%2F%2Fwww.statcan.gc.ca%2Feng%2Fstart,https://canada.demdex.net/dest5.html?d_nsid=0#https%3A%2F%2Fwww.statcan.gc.ca%2Feng%2Fstart
2019-10-16 16:10:34,488 DEBUG    save to sessions_items.log
2019-10-16 16:10:34,488 DEBUG    ('127.0.0.1', 40220) - ASGI [13] Received {'type': 'http.response.start', 'status': 200, 'headers': '<...>'}
2019-10-16 16:10:34,489 INFO     ('127.0.0.1', 40220) - "POST /predict_next HTTP/1.1" 200
2019-10-16 16:10:34,489 DEBUG    ('127.0.0.1', 40220) - ASGI [13] Received {'type': 'http.response.body', 'body': '<107 bytes>'}
2019-10-16 16:10:34,489 DEBUG    ('127.0.0.1', 40220) - ASGI [13] Completed
2019-10-16 16:10:39,490 DEBUG    ('127.0.0.1', 40220) - Disconnected
2019-10-16 16:10:46,433 DEBUG    ('127.0.0.1', 40456) - Connected
2019-10-16 16:10:46,434 DEBUG    ('127.0.0.1', 40456) - ASGI [14] Started
2019-10-16 16:10:46,434 DEBUG    ('127.0.0.1', 40456) - ASGI [14] Sent {'type': 'http.request', 'body': '<373 bytes>', 'more_body': False}
2019-10-16 16:10:46,435 DEBUG    received items: https://www150.statcan.gc.ca/n1/dai-quo/index-eng.htm?HPA=1,https://www150.statcan.gc.ca/n1/dai-quo/ind1-eng.htm,https://www150.statcan.gc.ca/n1/daily-quotidien/190829/dq190829b-eng.htm,https://www150.statcan.gc.ca/n1/dai-quo/cal1-eng.htm?sk=1021,https://www150.statcan.gc.ca/n1/daily-quotidien/190930/dq190930f-eng.htm?HPA=1&indid=4098-1&indgeo=0
2019-10-16 16:10:46,435 DEBUG    save to sessions_items.log
2019-10-16 16:10:46,435 DEBUG    ('127.0.0.1', 40456) - ASGI [14] Received {'type': 'http.response.start', 'status': 200, 'headers': '<...>'}
2019-10-16 16:10:46,436 INFO     ('127.0.0.1', 40456) - "POST /predict_next HTTP/1.1" 200
2019-10-16 16:10:46,436 DEBUG    ('127.0.0.1', 40456) - ASGI [14] Received {'type': 'http.response.body', 'body': '<116 bytes>'}
2019-10-16 16:10:46,436 DEBUG    ('127.0.0.1', 40456) - ASGI [14] Completed
2019-10-16 16:10:51,436 DEBUG    ('127.0.0.1', 40456) - Disconnected
2019-10-16 16:10:57,492 DEBUG    ('127.0.0.1', 40652) - Connected
2019-10-16 16:10:57,492 DEBUG    ('127.0.0.1', 40652) - ASGI [15] Started
2019-10-16 16:10:57,493 DEBUG    ('127.0.0.1', 40652) - ASGI [15] Sent {'type': 'http.request', 'body': '<455 bytes>', 'more_body': False}
2019-10-16 16:10:57,493 DEBUG    received items: https://www150.statcan.gc.ca/n1/dai-quo/index-eng.htm?HPA=1,https://www150.statcan.gc.ca/n1/dai-quo/ind1-eng.htm,https://www150.statcan.gc.ca/n1/daily-quotidien/190829/dq190829b-eng.htm,https://www150.statcan.gc.ca/n1/dai-quo/cal1-eng.htm?sk=1021,https://www150.statcan.gc.ca/n1/daily-quotidien/190930/dq190930f-eng.htm?HPA=1&indid=4098-1&indgeo=0,https://www150.statcan.gc.ca/n1/daily-quotidien/190930/dq190930f-cansim-eng.htm
2019-10-16 16:10:57,494 DEBUG    save to sessions_items.log
2019-10-16 16:10:57,494 DEBUG    ('127.0.0.1', 40652) - ASGI [15] Received {'type': 'http.response.start', 'status': 200, 'headers': '<...>'}
2019-10-16 16:10:57,494 INFO     ('127.0.0.1', 40652) - "POST /predict_next HTTP/1.1" 200
2019-10-16 16:10:57,495 DEBUG    ('127.0.0.1', 40652) - ASGI [15] Received {'type': 'http.response.body', 'body': '<95 bytes>'}
2019-10-16 16:10:57,495 DEBUG    ('127.0.0.1', 40652) - ASGI [15] Completed
2019-10-16 16:11:02,500 DEBUG    ('127.0.0.1', 40652) - Disconnected
2019-10-16 16:35:00,592 INFO     Shutting down
2019-10-16 16:35:00,693 INFO     Waiting for application shutdown.
2019-10-16 16:35:00,693 DEBUG    None - ASGI [1] Sent {'type': 'lifespan.shutdown'}
2019-10-16 16:35:00,694 DEBUG    None - ASGI [1] Received {'type': 'lifespan.shutdown.complete'}
2019-10-16 16:35:00,694 DEBUG    None - ASGI [1] Completed
2019-10-16 16:35:00,694 INFO     Finished server process [102980]
2019-10-19 18:17:59,733 INFO     Started server process [46352]
2019-10-19 18:17:59,733 INFO     Waiting for application startup.
2019-10-19 18:17:59,733 DEBUG    None - ASGI [1] Started
2019-10-19 18:17:59,733 DEBUG    None - ASGI [1] Sent {'type': 'lifespan.startup'}
2019-10-19 18:17:59,733 DEBUG    None - ASGI [1] Received {'type': 'lifespan.startup.complete'}
2019-10-19 18:18:30,445 DEBUG    ('127.0.0.1', 64158) - Connected
2019-10-19 18:18:30,493 DEBUG    ('127.0.0.1', 64158) - ASGI [2] Started
2019-10-19 18:18:30,497 DEBUG    ('127.0.0.1', 64158) - ASGI [2] Received {'type': 'http.response.start', 'status': 200, 'headers': '<...>'}
2019-10-19 18:18:30,497 INFO     ('127.0.0.1', 64158) - "GET / HTTP/1.1" 200
2019-10-19 18:18:30,497 DEBUG    ('127.0.0.1', 64158) - ASGI [2] Received {'type': 'http.response.body', 'body': '<29 bytes>'}
2019-10-19 18:18:30,497 DEBUG    ('127.0.0.1', 64158) - ASGI [2] Completed
2019-10-19 18:18:33,700 DEBUG    ('127.0.0.1', 64158) - ASGI [3] Started
2019-10-19 18:18:33,700 DEBUG    ('127.0.0.1', 64158) - ASGI [3] Received {'type': 'http.response.start', 'status': 200, 'headers': '<...>'}
2019-10-19 18:18:33,701 INFO     ('127.0.0.1', 64158) - "GET /docs HTTP/1.1" 200
2019-10-19 18:18:33,701 DEBUG    ('127.0.0.1', 64158) - ASGI [3] Received {'type': 'http.response.body', 'body': '<899 bytes>'}
2019-10-19 18:18:33,702 DEBUG    ('127.0.0.1', 64158) - ASGI [3] Completed
2019-10-19 18:18:34,288 DEBUG    ('127.0.0.1', 64158) - ASGI [4] Started
2019-10-19 18:18:34,301 DEBUG    ('127.0.0.1', 64158) - ASGI [4] Received {'type': 'http.response.start', 'status': 200, 'headers': '<...>'}
2019-10-19 18:18:34,301 INFO     ('127.0.0.1', 64158) - "GET /openapi.json HTTP/1.1" 200
2019-10-19 18:18:34,301 DEBUG    ('127.0.0.1', 64158) - ASGI [4] Received {'type': 'http.response.body', 'body': '<1458 bytes>'}
2019-10-19 18:18:34,302 DEBUG    ('127.0.0.1', 64158) - ASGI [4] Completed
2019-10-19 18:18:39,305 DEBUG    ('127.0.0.1', 64158) - Disconnected
2019-10-19 18:23:58,838 DEBUG    ('127.0.0.1', 64780) - Connected
2019-10-19 18:23:58,839 DEBUG    ('127.0.0.1', 64780) - ASGI [5] Started
2019-10-19 18:23:58,840 DEBUG    ('127.0.0.1', 64780) - ASGI [5] Received {'type': 'http.response.start', 'status': 405, 'headers': '<...>'}
2019-10-19 18:23:58,840 INFO     ('127.0.0.1', 64780) - "OPTIONS /predict_next HTTP/1.1" 405
2019-10-19 18:23:58,841 DEBUG    ('127.0.0.1', 64780) - ASGI [5] Received {'type': 'http.response.body', 'body': '<31 bytes>'}
2019-10-19 18:23:58,841 DEBUG    ('127.0.0.1', 64780) - ASGI [5] Completed
2019-10-19 18:24:03,842 DEBUG    ('127.0.0.1', 64780) - Disconnected
2019-10-19 18:25:55,728 DEBUG    ('127.0.0.1', 65288) - Connected
2019-10-19 18:25:55,730 DEBUG    ('127.0.0.1', 65288) - ASGI [6] Started
2019-10-19 18:25:55,731 DEBUG    ('127.0.0.1', 65288) - ASGI [6] Sent {'type': 'http.request', 'body': '<24 bytes>', 'more_body': False}
2019-10-19 18:25:55,738 DEBUG    received items: string
2019-10-19 18:25:55,739 DEBUG    save to sessions_items.log
2019-10-19 18:25:55,741 DEBUG    ('127.0.0.1', 65288) - ASGI [6] Received {'type': 'http.response.start', 'status': 200, 'headers': '<...>'}
2019-10-19 18:25:55,742 INFO     ('127.0.0.1', 65288) - "POST /predict_next HTTP/1.1" 200
2019-10-19 18:25:55,742 DEBUG    ('127.0.0.1', 65288) - ASGI [6] Received {'type': 'http.response.body', 'body': '<22 bytes>'}
2019-10-19 18:25:55,742 DEBUG    ('127.0.0.1', 65288) - ASGI [6] Completed
2019-10-19 18:26:00,742 DEBUG    ('127.0.0.1', 65288) - Disconnected
2019-10-19 18:26:52,302 INFO     Shutting down
2019-10-19 18:26:52,411 INFO     Waiting for application shutdown.
2019-10-19 18:26:52,412 DEBUG    None - ASGI [1] Sent {'type': 'lifespan.shutdown'}
2019-10-19 18:26:52,413 DEBUG    None - ASGI [1] Received {'type': 'lifespan.shutdown.complete'}
2019-10-19 18:26:52,413 DEBUG    None - ASGI [1] Completed
2019-10-19 18:26:52,414 INFO     Finished server process [46352]
2019-10-19 18:26:56,756 INFO     Started server process [46571]
2019-10-19 18:26:56,757 INFO     Waiting for application startup.
2019-10-19 18:26:56,757 DEBUG    None - ASGI [1] Started
2019-10-19 18:26:56,757 DEBUG    None - ASGI [1] Sent {'type': 'lifespan.startup'}
2019-10-19 18:26:56,757 DEBUG    None - ASGI [1] Received {'type': 'lifespan.startup.complete'}
2019-10-19 18:36:28,389 DEBUG    ('127.0.0.1', 51636) - Connected
2019-10-19 18:36:28,395 DEBUG    ('127.0.0.1', 51636) - ASGI [2] Started
2019-10-19 18:36:28,398 DEBUG    ('127.0.0.1', 51636) - ASGI [2] Received {'type': 'http.response.start', 'status': 405, 'headers': '<...>'}
2019-10-19 18:36:28,398 INFO     ('127.0.0.1', 51636) - "OPTIONS /predict_next HTTP/1.1" 405
2019-10-19 18:36:28,399 DEBUG    ('127.0.0.1', 51636) - ASGI [2] Received {'type': 'http.response.body', 'body': '<31 bytes>'}
2019-10-19 18:36:28,399 DEBUG    ('127.0.0.1', 51636) - ASGI [2] Completed
2019-10-19 18:36:33,400 DEBUG    ('127.0.0.1', 51636) - Disconnected
2019-10-19 18:36:35,782 DEBUG    ('127.0.0.1', 51667) - Connected
2019-10-19 18:36:41,519 DEBUG    ('127.0.0.1', 51667) - Disconnected
2019-10-19 18:36:51,511 DEBUG    ('127.0.0.1', 51732) - Connected
2019-10-19 18:36:51,512 DEBUG    ('127.0.0.1', 51732) - ASGI [3] Started
2019-10-19 18:36:51,512 DEBUG    ('127.0.0.1', 51732) - ASGI [3] Received {'type': 'http.response.start', 'status': 405, 'headers': '<...>'}
2019-10-19 18:36:51,512 INFO     ('127.0.0.1', 51732) - "OPTIONS /predict_next HTTP/1.1" 405
2019-10-19 18:36:51,512 DEBUG    ('127.0.0.1', 51732) - ASGI [3] Received {'type': 'http.response.body', 'body': '<31 bytes>'}
2019-10-19 18:36:51,513 DEBUG    ('127.0.0.1', 51732) - ASGI [3] Completed
2019-10-19 18:36:53,517 DEBUG    ('127.0.0.1', 51732) - ASGI [4] Started
2019-10-19 18:36:53,518 DEBUG    ('127.0.0.1', 51732) - ASGI [4] Received {'type': 'http.response.start', 'status': 405, 'headers': '<...>'}
2019-10-19 18:36:53,518 INFO     ('127.0.0.1', 51732) - "OPTIONS /predict_next HTTP/1.1" 405
2019-10-19 18:36:53,518 DEBUG    ('127.0.0.1', 51732) - ASGI [4] Received {'type': 'http.response.body', 'body': '<31 bytes>'}
2019-10-19 18:36:53,519 DEBUG    ('127.0.0.1', 51732) - ASGI [4] Completed
2019-10-19 18:36:55,965 DEBUG    ('127.0.0.1', 51732) - ASGI [5] Started
2019-10-19 18:36:55,966 DEBUG    ('127.0.0.1', 51732) - ASGI [5] Received {'type': 'http.response.start', 'status': 405, 'headers': '<...>'}
2019-10-19 18:36:55,966 INFO     ('127.0.0.1', 51732) - "OPTIONS /predict_next HTTP/1.1" 405
2019-10-19 18:36:55,966 DEBUG    ('127.0.0.1', 51732) - ASGI [5] Received {'type': 'http.response.body', 'body': '<31 bytes>'}
2019-10-19 18:36:55,966 DEBUG    ('127.0.0.1', 51732) - ASGI [5] Completed
2019-10-19 18:37:00,969 DEBUG    ('127.0.0.1', 51732) - Disconnected
2019-10-19 18:37:01,046 DEBUG    ('127.0.0.1', 51774) - Connected
2019-10-19 18:37:01,046 DEBUG    ('127.0.0.1', 51774) - ASGI [6] Started
2019-10-19 18:37:01,046 DEBUG    ('127.0.0.1', 51774) - ASGI [6] Received {'type': 'http.response.start', 'status': 405, 'headers': '<...>'}
2019-10-19 18:37:01,046 INFO     ('127.0.0.1', 51774) - "OPTIONS /predict_next HTTP/1.1" 405
2019-10-19 18:37:01,046 DEBUG    ('127.0.0.1', 51774) - ASGI [6] Received {'type': 'http.response.body', 'body': '<31 bytes>'}
2019-10-19 18:37:01,047 DEBUG    ('127.0.0.1', 51774) - ASGI [6] Completed
2019-10-19 18:37:06,047 DEBUG    ('127.0.0.1', 51774) - Disconnected
2019-10-19 18:37:11,918 DEBUG    ('127.0.0.1', 51825) - Connected
2019-10-19 18:37:11,936 DEBUG    ('127.0.0.1', 51825) - ASGI [7] Started
2019-10-19 18:37:11,947 DEBUG    ('127.0.0.1', 51825) - ASGI [7] Received {'type': 'http.response.start', 'status': 405, 'headers': '<...>'}
2019-10-19 18:37:11,966 INFO     ('127.0.0.1', 51825) - "OPTIONS /predict_next HTTP/1.1" 405
2019-10-19 18:37:11,966 DEBUG    ('127.0.0.1', 51825) - ASGI [7] Received {'type': 'http.response.body', 'body': '<31 bytes>'}
2019-10-19 18:37:11,967 DEBUG    ('127.0.0.1', 51825) - ASGI [7] Completed
2019-10-19 18:37:12,709 DEBUG    ('127.0.0.1', 51825) - ASGI [8] Started
2019-10-19 18:37:12,709 DEBUG    ('127.0.0.1', 51825) - ASGI [8] Received {'type': 'http.response.start', 'status': 405, 'headers': '<...>'}
2019-10-19 18:37:12,709 INFO     ('127.0.0.1', 51825) - "OPTIONS /predict_next HTTP/1.1" 405
2019-10-19 18:37:12,710 DEBUG    ('127.0.0.1', 51825) - ASGI [8] Received {'type': 'http.response.body', 'body': '<31 bytes>'}
2019-10-19 18:37:12,710 DEBUG    ('127.0.0.1', 51825) - ASGI [8] Completed
2019-10-19 18:37:17,713 DEBUG    ('127.0.0.1', 51825) - Disconnected
2019-10-19 18:37:38,685 DEBUG    ('127.0.0.1', 51947) - Connected
2019-10-19 18:37:38,687 DEBUG    ('127.0.0.1', 51947) - ASGI [9] Started
2019-10-19 18:37:38,688 DEBUG    ('127.0.0.1', 51947) - ASGI [9] Received {'type': 'http.response.start', 'status': 405, 'headers': '<...>'}
2019-10-19 18:37:38,688 INFO     ('127.0.0.1', 51947) - "OPTIONS /predict_next HTTP/1.1" 405
2019-10-19 18:37:38,689 DEBUG    ('127.0.0.1', 51947) - ASGI [9] Received {'type': 'http.response.body', 'body': '<31 bytes>'}
2019-10-19 18:37:38,689 DEBUG    ('127.0.0.1', 51947) - ASGI [9] Completed
2019-10-19 18:37:43,694 DEBUG    ('127.0.0.1', 51947) - Disconnected
2019-10-19 18:37:48,087 DEBUG    ('127.0.0.1', 51990) - Connected
2019-10-19 18:37:48,089 DEBUG    ('127.0.0.1', 51991) - Connected
2019-10-19 18:37:48,105 DEBUG    ('127.0.0.1', 51990) - ASGI [10] Started
2019-10-19 18:37:48,105 DEBUG    ('127.0.0.1', 51990) - ASGI [10] Received {'type': 'http.response.start', 'status': 405, 'headers': '<...>'}
2019-10-19 18:37:48,106 INFO     ('127.0.0.1', 51990) - "GET /predict_next HTTP/1.1" 405
2019-10-19 18:37:48,106 DEBUG    ('127.0.0.1', 51990) - ASGI [10] Received {'type': 'http.response.body', 'body': '<31 bytes>'}
2019-10-19 18:37:48,106 DEBUG    ('127.0.0.1', 51990) - ASGI [10] Completed
2019-10-19 18:37:48,371 DEBUG    ('127.0.0.1', 51990) - ASGI [11] Started
2019-10-19 18:37:48,372 DEBUG    ('127.0.0.1', 51990) - ASGI [11] Sent {'type': 'http.request', 'body': '<52 bytes>', 'more_body': False}
2019-10-19 18:37:48,375 DEBUG    received items: http://127.0.0.1:8000/predict_next
2019-10-19 18:37:48,375 DEBUG    save to sessions_items.log
2019-10-19 18:37:48,381 DEBUG    ('127.0.0.1', 51990) - ASGI [11] Received {'type': 'http.response.start', 'status': 200, 'headers': '<...>'}
2019-10-19 18:37:48,382 INFO     ('127.0.0.1', 51990) - "POST /predict_next HTTP/1.1" 200
2019-10-19 18:37:48,382 DEBUG    ('127.0.0.1', 51990) - ASGI [11] Received {'type': 'http.response.body', 'body': '<50 bytes>'}
2019-10-19 18:37:48,382 DEBUG    ('127.0.0.1', 51990) - ASGI [11] Completed
2019-10-19 18:37:53,384 DEBUG    ('127.0.0.1', 51990) - Disconnected
2019-10-19 18:38:13,254 DEBUG    ('127.0.0.1', 51991) - Disconnected
2019-10-19 18:40:03,612 DEBUG    ('127.0.0.1', 52522) - Connected
2019-10-19 18:40:03,615 DEBUG    ('127.0.0.1', 52522) - ASGI [12] Started
2019-10-19 18:40:03,616 DEBUG    ('127.0.0.1', 52522) - ASGI [12] Received {'type': 'http.response.start', 'status': 405, 'headers': '<...>'}
2019-10-19 18:40:03,616 INFO     ('127.0.0.1', 52522) - "OPTIONS /predict_next HTTP/1.1" 405
2019-10-19 18:40:03,616 DEBUG    ('127.0.0.1', 52522) - ASGI [12] Received {'type': 'http.response.body', 'body': '<31 bytes>'}
2019-10-19 18:40:03,616 DEBUG    ('127.0.0.1', 52522) - ASGI [12] Completed
2019-10-19 18:40:04,286 DEBUG    ('127.0.0.1', 52522) - ASGI [13] Started
2019-10-19 18:40:04,287 DEBUG    ('127.0.0.1', 52522) - ASGI [13] Received {'type': 'http.response.start', 'status': 405, 'headers': '<...>'}
2019-10-19 18:40:04,287 INFO     ('127.0.0.1', 52522) - "OPTIONS /predict_next HTTP/1.1" 405
2019-10-19 18:40:04,288 DEBUG    ('127.0.0.1', 52522) - ASGI [13] Received {'type': 'http.response.body', 'body': '<31 bytes>'}
2019-10-19 18:40:04,288 DEBUG    ('127.0.0.1', 52522) - ASGI [13] Completed
2019-10-19 18:40:05,953 DEBUG    ('127.0.0.1', 52522) - ASGI [14] Started
2019-10-19 18:40:05,953 DEBUG    ('127.0.0.1', 52522) - ASGI [14] Received {'type': 'http.response.start', 'status': 405, 'headers': '<...>'}
2019-10-19 18:40:05,954 INFO     ('127.0.0.1', 52522) - "OPTIONS /predict_next HTTP/1.1" 405
2019-10-19 18:40:05,954 DEBUG    ('127.0.0.1', 52522) - ASGI [14] Received {'type': 'http.response.body', 'body': '<31 bytes>'}
2019-10-19 18:40:05,954 DEBUG    ('127.0.0.1', 52522) - ASGI [14] Completed
2019-10-19 18:40:10,957 DEBUG    ('127.0.0.1', 52522) - Disconnected
2019-10-19 18:41:33,993 DEBUG    ('127.0.0.1', 52836) - Connected
2019-10-19 18:41:39,185 DEBUG    ('127.0.0.1', 52836) - Disconnected
2019-10-19 19:02:41,396 DEBUG    ('127.0.0.1', 58029) - Connected
2019-10-19 19:02:41,399 DEBUG    ('127.0.0.1', 58029) - ASGI [15] Started
2019-10-19 19:02:41,404 DEBUG    ('127.0.0.1', 58029) - ASGI [15] Received {'type': 'http.response.start', 'status': 405, 'headers': '<...>'}
2019-10-19 19:02:41,406 INFO     ('127.0.0.1', 58029) - "OPTIONS /predict_next HTTP/1.1" 405
2019-10-19 19:02:41,406 DEBUG    ('127.0.0.1', 58029) - ASGI [15] Received {'type': 'http.response.body', 'body': '<31 bytes>'}
2019-10-19 19:02:41,406 DEBUG    ('127.0.0.1', 58029) - ASGI [15] Completed
2019-10-19 19:02:46,410 DEBUG    ('127.0.0.1', 58029) - Disconnected
2019-10-19 19:02:53,183 DEBUG    ('127.0.0.1', 58078) - Connected
2019-10-19 19:02:53,183 DEBUG    ('127.0.0.1', 58078) - ASGI [16] Started
2019-10-19 19:02:53,184 DEBUG    ('127.0.0.1', 58078) - ASGI [16] Received {'type': 'http.response.start', 'status': 405, 'headers': '<...>'}
2019-10-19 19:02:53,185 INFO     ('127.0.0.1', 58078) - "OPTIONS /predict_next HTTP/1.1" 405
2019-10-19 19:02:53,185 DEBUG    ('127.0.0.1', 58078) - ASGI [16] Received {'type': 'http.response.body', 'body': '<31 bytes>'}
2019-10-19 19:02:53,185 DEBUG    ('127.0.0.1', 58078) - ASGI [16] Completed
2019-10-19 19:02:56,112 DEBUG    ('127.0.0.1', 58078) - ASGI [17] Started
2019-10-19 19:02:56,112 DEBUG    ('127.0.0.1', 58078) - ASGI [17] Received {'type': 'http.response.start', 'status': 405, 'headers': '<...>'}
2019-10-19 19:02:56,112 INFO     ('127.0.0.1', 58078) - "OPTIONS /predict_next HTTP/1.1" 405
2019-10-19 19:02:56,112 DEBUG    ('127.0.0.1', 58078) - ASGI [17] Received {'type': 'http.response.body', 'body': '<31 bytes>'}
2019-10-19 19:02:56,113 DEBUG    ('127.0.0.1', 58078) - ASGI [17] Completed
2019-10-19 19:02:59,784 DEBUG    ('127.0.0.1', 58078) - ASGI [18] Started
2019-10-19 19:02:59,785 DEBUG    ('127.0.0.1', 58078) - ASGI [18] Received {'type': 'http.response.start', 'status': 405, 'headers': '<...>'}
2019-10-19 19:02:59,785 INFO     ('127.0.0.1', 58078) - "OPTIONS /predict_next HTTP/1.1" 405
2019-10-19 19:02:59,785 DEBUG    ('127.0.0.1', 58078) - ASGI [18] Received {'type': 'http.response.body', 'body': '<31 bytes>'}
2019-10-19 19:02:59,785 DEBUG    ('127.0.0.1', 58078) - ASGI [18] Completed
2019-10-19 19:03:04,788 DEBUG    ('127.0.0.1', 58078) - Disconnected
2019-10-19 19:03:45,553 DEBUG    ('127.0.0.1', 58306) - Connected
2019-10-19 19:03:45,554 DEBUG    ('127.0.0.1', 58306) - ASGI [19] Started
2019-10-19 19:03:45,554 DEBUG    ('127.0.0.1', 58306) - ASGI [19] Received {'type': 'http.response.start', 'status': 405, 'headers': '<...>'}
2019-10-19 19:03:45,554 INFO     ('127.0.0.1', 58306) - "OPTIONS /predict_next HTTP/1.1" 405
2019-10-19 19:03:45,554 DEBUG    ('127.0.0.1', 58306) - ASGI [19] Received {'type': 'http.response.body', 'body': '<31 bytes>'}
2019-10-19 19:03:45,555 DEBUG    ('127.0.0.1', 58306) - ASGI [19] Completed
2019-10-19 19:03:50,556 DEBUG    ('127.0.0.1', 58306) - Disconnected
2019-10-19 19:04:03,765 DEBUG    ('127.0.0.1', 58383) - Connected
2019-10-19 19:04:03,769 DEBUG    ('127.0.0.1', 58383) - ASGI [20] Started
2019-10-19 19:04:03,769 DEBUG    ('127.0.0.1', 58383) - ASGI [20] Received {'type': 'http.response.start', 'status': 405, 'headers': '<...>'}
2019-10-19 19:04:03,769 INFO     ('127.0.0.1', 58383) - "OPTIONS /predict_next HTTP/1.1" 405
2019-10-19 19:04:03,769 DEBUG    ('127.0.0.1', 58383) - ASGI [20] Received {'type': 'http.response.body', 'body': '<31 bytes>'}
2019-10-19 19:04:03,770 DEBUG    ('127.0.0.1', 58383) - ASGI [20] Completed
2019-10-19 19:04:08,774 DEBUG    ('127.0.0.1', 58383) - Disconnected
2019-10-19 19:04:29,421 DEBUG    ('127.0.0.1', 58491) - Connected
2019-10-19 19:04:29,421 DEBUG    ('127.0.0.1', 58491) - ASGI [21] Started
2019-10-19 19:04:29,421 DEBUG    ('127.0.0.1', 58491) - ASGI [21] Received {'type': 'http.response.start', 'status': 405, 'headers': '<...>'}
2019-10-19 19:04:29,422 INFO     ('127.0.0.1', 58491) - "OPTIONS /predict_next HTTP/1.1" 405
2019-10-19 19:04:29,422 DEBUG    ('127.0.0.1', 58491) - ASGI [21] Received {'type': 'http.response.body', 'body': '<31 bytes>'}
2019-10-19 19:04:29,422 DEBUG    ('127.0.0.1', 58491) - ASGI [21] Completed
2019-10-19 19:04:31,855 DEBUG    ('127.0.0.1', 58491) - ASGI [22] Started
2019-10-19 19:04:31,856 DEBUG    ('127.0.0.1', 58491) - ASGI [22] Received {'type': 'http.response.start', 'status': 405, 'headers': '<...>'}
2019-10-19 19:04:31,856 INFO     ('127.0.0.1', 58491) - "OPTIONS /predict_next HTTP/1.1" 405
2019-10-19 19:04:31,856 DEBUG    ('127.0.0.1', 58491) - ASGI [22] Received {'type': 'http.response.body', 'body': '<31 bytes>'}
2019-10-19 19:04:31,856 DEBUG    ('127.0.0.1', 58491) - ASGI [22] Completed
2019-10-19 19:04:36,861 DEBUG    ('127.0.0.1', 58491) - Disconnected
2019-10-19 19:11:37,584 DEBUG    ('127.0.0.1', 60008) - Connected
2019-10-19 19:11:37,584 DEBUG    ('127.0.0.1', 60008) - ASGI [23] Started
2019-10-19 19:11:37,585 DEBUG    ('127.0.0.1', 60008) - ASGI [23] Received {'type': 'http.response.start', 'status': 405, 'headers': '<...>'}
2019-10-19 19:11:37,585 INFO     ('127.0.0.1', 60008) - "OPTIONS /predict_next HTTP/1.1" 405
2019-10-19 19:11:37,585 DEBUG    ('127.0.0.1', 60008) - ASGI [23] Received {'type': 'http.response.body', 'body': '<31 bytes>'}
2019-10-19 19:11:37,585 DEBUG    ('127.0.0.1', 60008) - ASGI [23] Completed
2019-10-19 19:11:42,587 DEBUG    ('127.0.0.1', 60008) - Disconnected
2019-10-19 19:11:43,330 DEBUG    ('127.0.0.1', 60010) - Connected
2019-10-19 19:11:43,330 DEBUG    ('127.0.0.1', 60010) - ASGI [24] Started
2019-10-19 19:11:43,331 DEBUG    ('127.0.0.1', 60010) - ASGI [24] Received {'type': 'http.response.start', 'status': 405, 'headers': '<...>'}
2019-10-19 19:11:43,331 INFO     ('127.0.0.1', 60010) - "OPTIONS /predict_next HTTP/1.1" 405
2019-10-19 19:11:43,331 DEBUG    ('127.0.0.1', 60010) - ASGI [24] Received {'type': 'http.response.body', 'body': '<31 bytes>'}
2019-10-19 19:11:43,331 DEBUG    ('127.0.0.1', 60010) - ASGI [24] Completed
2019-10-19 19:11:48,333 DEBUG    ('127.0.0.1', 60010) - Disconnected
2019-10-19 19:11:55,012 DEBUG    ('127.0.0.1', 60016) - Connected
2019-10-19 19:11:55,013 DEBUG    ('127.0.0.1', 60016) - ASGI [25] Started
2019-10-19 19:11:55,013 DEBUG    ('127.0.0.1', 60016) - ASGI [25] Received {'type': 'http.response.start', 'status': 405, 'headers': '<...>'}
2019-10-19 19:11:55,013 INFO     ('127.0.0.1', 60016) - "OPTIONS /predict_next HTTP/1.1" 405
2019-10-19 19:11:55,013 DEBUG    ('127.0.0.1', 60016) - ASGI [25] Received {'type': 'http.response.body', 'body': '<31 bytes>'}
2019-10-19 19:11:55,013 DEBUG    ('127.0.0.1', 60016) - ASGI [25] Completed
2019-10-19 19:12:00,017 DEBUG    ('127.0.0.1', 60016) - Disconnected
2019-10-19 19:19:30,012 DEBUG    ('127.0.0.1', 60186) - Connected
2019-10-19 19:19:30,015 DEBUG    ('127.0.0.1', 60186) - ASGI [26] Started
2019-10-19 19:19:30,017 DEBUG    ('127.0.0.1', 60186) - ASGI [26] Sent {'type': 'http.request', 'body': '<98 bytes>', 'more_body': False}
2019-10-19 19:19:30,021 DEBUG    received items: https://mybrowseraddon.com/access-control-allow-origin.html?v=0.1.1&type=install
2019-10-19 19:19:30,021 DEBUG    save to sessions_items.log
2019-10-19 19:19:30,026 DEBUG    ('127.0.0.1', 60186) - ASGI [26] Received {'type': 'http.response.start', 'status': 200, 'headers': '<...>'}
2019-10-19 19:19:30,026 INFO     ('127.0.0.1', 60186) - "POST /predict_next HTTP/1.1" 200
2019-10-19 19:19:30,027 DEBUG    ('127.0.0.1', 60186) - ASGI [26] Received {'type': 'http.response.body', 'body': '<96 bytes>'}
2019-10-19 19:19:30,027 DEBUG    ('127.0.0.1', 60186) - ASGI [26] Completed
2019-10-19 19:19:30,488 DEBUG    ('127.0.0.1', 60186) - ASGI [27] Started
2019-10-19 19:19:30,488 DEBUG    ('127.0.0.1', 60186) - ASGI [27] Sent {'type': 'http.request', 'body': '<102 bytes>', 'more_body': False}
2019-10-19 19:19:30,489 DEBUG    received items: https://googleads.g.doubleclick.net/pagead/html/r20191015/r20190131/zrt_lookup.html#
2019-10-19 19:19:30,489 DEBUG    save to sessions_items.log
2019-10-19 19:19:30,490 DEBUG    ('127.0.0.1', 60186) - ASGI [27] Received {'type': 'http.response.start', 'status': 200, 'headers': '<...>'}
2019-10-19 19:19:30,490 INFO     ('127.0.0.1', 60186) - "POST /predict_next HTTP/1.1" 200
2019-10-19 19:19:30,490 DEBUG    ('127.0.0.1', 60186) - ASGI [27] Received {'type': 'http.response.body', 'body': '<100 bytes>'}
2019-10-19 19:19:30,491 DEBUG    ('127.0.0.1', 60186) - ASGI [27] Completed
2019-10-19 19:19:31,328 DEBUG    ('127.0.0.1', 60186) - ASGI [28] Started
2019-10-19 19:19:31,329 DEBUG    ('127.0.0.1', 60186) - ASGI [28] Sent {'type': 'http.request', 'body': '<1161 bytes>', 'more_body': False}
2019-10-19 19:19:31,329 DEBUG    received items: https://googleads.g.doubleclick.net/pagead/html/r20191015/r20190131/zrt_lookup.html#,https://googleads.g.doubleclick.net/pagead/ads?client=ca-pub-5858701597017660&output=html&h=280&slotname=7828966593&adk=3299903954&adf=3235933448&w=971&fwrn=4&fwrnh=100&lmt=1570009795&rafmt=1&guci=2.2.0.0.2.2.0.0&format=971x280&url=https%3A%2F%2Fmybrowseraddon.com%2Faccess-control-allow-origin.html%3Fv%3D0.1.1%26type%3Dinstall&flash=0&fwr=0&fwrattr=true&rpe=1&resp_fmts=3&wgl=1&dt=1571527170275&bpp=30&bdt=387&fdt=543&idt=543&shv=r20191015&cbv=r20190131&saldr=aa&abxe=1&correlator=5506079372879&frm=20&pv=2&ga_vid=90157528.1571527171&ga_sid=1571527171&ga_hid=744484908&ga_fc=0&iag=0&icsg=2099880&dssz=24&mdo=0&mso=0&u_tz=-240&u_his=1&u_java=0&u_h=900&u_w=1440&u_ah=877&u_aw=1440&u_cd=24&u_nplug=3&u_nmime=4&adx=235&ady=103&biw=1440&bih=766&scr_x=0&scr_y=0&eid=229739146%2C229739148%2C368226300%2C368226305%2C368226310&oid=3&pvsid=2713466773715290&pem=587&rx=0&eae=0&fc=896&brdim=0%2C23%2C0%2C23%2C1440%2C23%2C1440%2C877%2C1440%2C766&vis=1&rsz=%7C%7CeE%7C&abl=CS&pfx=0&fu=144&bc=31&ifi=1&uci=a!1&fsb=1&xpc=bBgOYcbh1R&p=https%3A//mybrowseraddon.com&dtd=656
2019-10-19 19:19:31,329 DEBUG    save to sessions_items.log
2019-10-19 19:19:31,330 DEBUG    ('127.0.0.1', 60186) - ASGI [28] Received {'type': 'http.response.start', 'status': 200, 'headers': '<...>'}
2019-10-19 19:19:31,330 INFO     ('127.0.0.1', 60186) - "POST /predict_next HTTP/1.1" 200
2019-10-19 19:19:31,330 DEBUG    ('127.0.0.1', 60186) - ASGI [28] Received {'type': 'http.response.body', 'body': '<1072 bytes>'}
2019-10-19 19:19:31,331 DEBUG    ('127.0.0.1', 60186) - ASGI [28] Completed
2019-10-19 19:19:31,838 DEBUG    ('127.0.0.1', 60186) - ASGI [29] Started
2019-10-19 19:19:31,838 DEBUG    ('127.0.0.1', 60186) - ASGI [29] Sent {'type': 'http.request', 'body': '<2371 bytes>', 'more_body': False}
2019-10-19 19:19:31,839 DEBUG    received items: https://googleads.g.doubleclick.net/pagead/html/r20191015/r20190131/zrt_lookup.html#,https://googleads.g.doubleclick.net/pagead/ads?client=ca-pub-5858701597017660&output=html&h=280&slotname=7828966593&adk=3299903954&adf=3235933448&w=971&fwrn=4&fwrnh=100&lmt=1570009795&rafmt=1&guci=2.2.0.0.2.2.0.0&format=971x280&url=https%3A%2F%2Fmybrowseraddon.com%2Faccess-control-allow-origin.html%3Fv%3D0.1.1%26type%3Dinstall&flash=0&fwr=0&fwrattr=true&rpe=1&resp_fmts=3&wgl=1&dt=1571527170275&bpp=30&bdt=387&fdt=543&idt=543&shv=r20191015&cbv=r20190131&saldr=aa&abxe=1&correlator=5506079372879&frm=20&pv=2&ga_vid=90157528.1571527171&ga_sid=1571527171&ga_hid=744484908&ga_fc=0&iag=0&icsg=2099880&dssz=24&mdo=0&mso=0&u_tz=-240&u_his=1&u_java=0&u_h=900&u_w=1440&u_ah=877&u_aw=1440&u_cd=24&u_nplug=3&u_nmime=4&adx=235&ady=103&biw=1440&bih=766&scr_x=0&scr_y=0&eid=229739146%2C229739148%2C368226300%2C368226305%2C368226310&oid=3&pvsid=2713466773715290&pem=587&rx=0&eae=0&fc=896&brdim=0%2C23%2C0%2C23%2C1440%2C23%2C1440%2C877%2C1440%2C766&vis=1&rsz=%7C%7CeE%7C&abl=CS&pfx=0&fu=144&bc=31&ifi=1&uci=a!1&fsb=1&xpc=bBgOYcbh1R&p=https%3A//mybrowseraddon.com&dtd=656,https://googleads.g.doubleclick.net/pagead/ads?client=ca-pub-5858701597017660&output=html&h=485&slotname=1295581943&adk=1765358486&adf=563619230&w=971&cr_col=4&cr_row=2&fwrn=2&lmt=1570009795&rafmt=9&guci=2.2.0.0.2.2.0.0&format=971x485&url=https%3A%2F%2Fmybrowseraddon.com%2Faccess-control-allow-origin.html%3Fv%3D0.1.1%26type%3Dinstall&flash=0&crui=image_stacked&fwr=0&wgl=1&adsid=ChAI8Oiq7QUQ4ce-9ura39YJEj0AGHIuZKSfrBXfU6U7ZGcs2y-ZHypjd3M4ttMP0L655zQvSDfFdB-Ad9t2IyX9uZ4OdO1TdEsogsgw5KGQ&dt=1571527170307&bpp=53&bdt=420&fdt=686&idt=686&shv=r20191015&cbv=r20190131&saldr=aa&abxe=1&prev_fmts=971x280&correlator=5506079372879&frm=20&pv=1&ga_vid=90157528.1571527171&ga_sid=1571527171&ga_hid=744484908&ga_fc=0&iag=0&icsg=136317608&dssz=25&mdo=0&mso=0&u_tz=-240&u_his=1&u_java=0&u_h=900&u_w=1440&u_ah=877&u_aw=1440&u_cd=24&u_nplug=3&u_nmime=4&adx=235&ady=1016&biw=1440&bih=766&scr_x=0&scr_y=0&eid=229739146%2C229739148%2C368226300%2C368226305%2C368226310&oid=3&pvsid=2713466773715290&pem=587&rx=0&eae=0&fc=896&brdim=0%2C23%2C0%2C23%2C1440%2C23%2C1440%2C877%2C1440%2C766&vis=1&rsz=%7C%7CeEbr%7C&abl=CS&pfx=0&fu=144&bc=31&jar=2019-10-19-23&ifi=2&uci=a!2&fsb=1&xpc=iOgQ3D4ix1&p=https%3A//mybrowseraddon.com&dtd=718
2019-10-19 19:19:31,839 DEBUG    save to sessions_items.log
2019-10-19 19:19:31,840 DEBUG    ('127.0.0.1', 60186) - ASGI [29] Received {'type': 'http.response.start', 'status': 200, 'headers': '<...>'}
2019-10-19 19:19:31,840 INFO     ('127.0.0.1', 60186) - "POST /predict_next HTTP/1.1" 200
2019-10-19 19:19:31,840 DEBUG    ('127.0.0.1', 60186) - ASGI [29] Received {'type': 'http.response.body', 'body': '<1223 bytes>'}
2019-10-19 19:19:31,841 DEBUG    ('127.0.0.1', 60186) - ASGI [29] Completed
2019-10-19 19:19:36,845 DEBUG    ('127.0.0.1', 60186) - Disconnected
2019-10-19 19:19:45,430 DEBUG    ('127.0.0.1', 60216) - Connected
2019-10-19 19:19:45,431 DEBUG    ('127.0.0.1', 60216) - ASGI [30] Started
2019-10-19 19:19:45,431 DEBUG    ('127.0.0.1', 60216) - ASGI [30] Sent {'type': 'http.request', 'body': '<83 bytes>', 'more_body': False}
2019-10-19 19:19:45,432 DEBUG    received items: https://vars.hotjar.com/box-74dcf4e32eff343c96838bf3a780ac1d.html
2019-10-19 19:19:45,432 DEBUG    save to sessions_items.log
2019-10-19 19:19:45,432 DEBUG    ('127.0.0.1', 60216) - ASGI [30] Received {'type': 'http.response.start', 'status': 200, 'headers': '<...>'}
2019-10-19 19:19:45,433 INFO     ('127.0.0.1', 60216) - "POST /predict_next HTTP/1.1" 200
2019-10-19 19:19:45,433 DEBUG    ('127.0.0.1', 60216) - ASGI [30] Received {'type': 'http.response.body', 'body': '<81 bytes>'}
2019-10-19 19:19:45,433 DEBUG    ('127.0.0.1', 60216) - ASGI [30] Completed
2019-10-19 19:19:45,448 DEBUG    ('127.0.0.1', 60216) - ASGI [31] Started
2019-10-19 19:19:45,449 DEBUG    ('127.0.0.1', 60216) - ASGI [31] Sent {'type': 'http.request', 'body': '<235 bytes>', 'more_body': False}
2019-10-19 19:19:45,449 DEBUG    received items: https://platform.twitter.com/widgets/follow_button.e3a0e1b01ae601b6c9cf798a93ab7e69.en.html#dnt=false&id=twitter-widget-0&lang=en&screen_name=RequestlyIO&show_count=true&show_screen_name=true&size=m&time=1571527185174
2019-10-19 19:19:45,450 DEBUG    save to sessions_items.log
2019-10-19 19:19:45,450 DEBUG    ('127.0.0.1', 60216) - ASGI [31] Received {'type': 'http.response.start', 'status': 200, 'headers': '<...>'}
2019-10-19 19:19:45,451 INFO     ('127.0.0.1', 60216) - "POST /predict_next HTTP/1.1" 200
2019-10-19 19:19:45,451 DEBUG    ('127.0.0.1', 60216) - ASGI [31] Received {'type': 'http.response.body', 'body': '<233 bytes>'}
2019-10-19 19:19:45,451 DEBUG    ('127.0.0.1', 60216) - ASGI [31] Completed
2019-10-19 19:19:50,456 DEBUG    ('127.0.0.1', 60216) - Disconnected
2019-10-19 19:20:06,654 DEBUG    ('127.0.0.1', 60233) - Connected
2019-10-19 19:20:06,655 DEBUG    ('127.0.0.1', 60233) - ASGI [32] Started
2019-10-19 19:20:06,655 DEBUG    ('127.0.0.1', 60233) - ASGI [32] Sent {'type': 'http.request', 'body': '<157 bytes>', 'more_body': False}
2019-10-19 19:20:06,655 DEBUG    received items: https://www.google.com/search?q=statcan&rlz=1C5CHFA_enCA815CA815&oq=statcan&aqs=chrome..69i57j0j35i39j0l3.1207j0j8&sourceid=chrome&ie=UTF-8
2019-10-19 19:20:06,656 DEBUG    save to sessions_items.log
2019-10-19 19:20:06,659 DEBUG    ('127.0.0.1', 60233) - ASGI [32] Received {'type': 'http.response.start', 'status': 200, 'headers': '<...>'}
2019-10-19 19:20:06,660 INFO     ('127.0.0.1', 60233) - "POST /predict_next HTTP/1.1" 200
2019-10-19 19:20:06,660 DEBUG    ('127.0.0.1', 60233) - ASGI [32] Received {'type': 'http.response.body', 'body': '<155 bytes>'}
2019-10-19 19:20:06,660 DEBUG    ('127.0.0.1', 60233) - ASGI [32] Completed
2019-10-19 19:20:11,662 DEBUG    ('127.0.0.1', 60233) - Disconnected
2019-10-19 19:20:45,876 DEBUG    ('127.0.0.1', 60303) - Connected
2019-10-19 19:20:45,877 DEBUG    ('127.0.0.1', 60303) - ASGI [33] Started
2019-10-19 19:20:45,877 DEBUG    ('127.0.0.1', 60303) - ASGI [33] Sent {'type': 'http.request', 'body': '<264 bytes>', 'more_body': False}
2019-10-19 19:20:45,878 DEBUG    received items: https://www.statcan.gc.ca/,https://www.statcan.gc.ca/,https://www.statcan.gc.ca/eng/start,https://www.statcan.gc.ca/eng/trust?utm_source=statcan&utm_medium=banner&utm_campaign=trust-confiance_2019&HPA=1,https://www.statcan.gc.ca/eng/start
2019-10-19 19:20:45,878 DEBUG    save to sessions_items.log
2019-10-19 19:20:45,882 DEBUG    ('127.0.0.1', 60303) - ASGI [33] Received {'type': 'http.response.start', 'status': 200, 'headers': '<...>'}
2019-10-19 19:20:45,883 INFO     ('127.0.0.1', 60303) - "POST /predict_next HTTP/1.1" 200
2019-10-19 19:20:45,884 DEBUG    ('127.0.0.1', 60303) - ASGI [33] Received {'type': 'http.response.body', 'body': '<51 bytes>'}
2019-10-19 19:20:45,884 DEBUG    ('127.0.0.1', 60303) - ASGI [33] Completed
2019-10-19 19:20:50,886 DEBUG    ('127.0.0.1', 60303) - Disconnected
2019-10-19 19:22:09,154 DEBUG    ('127.0.0.1', 60634) - Connected
2019-10-19 19:22:09,154 DEBUG    ('127.0.0.1', 60634) - ASGI [34] Started
2019-10-19 19:22:09,154 DEBUG    ('127.0.0.1', 60634) - ASGI [34] Sent {'type': 'http.request', 'body': '<379 bytes>', 'more_body': False}
2019-10-19 19:22:09,155 DEBUG    received items: https://www.statcan.gc.ca/,https://www.statcan.gc.ca/,https://www.statcan.gc.ca/eng/start,https://www.statcan.gc.ca/eng/trust?utm_source=statcan&utm_medium=banner&utm_campaign=trust-confiance_2019&HPA=1,https://www.statcan.gc.ca/eng/start,https://www.statcan.gc.ca/eng/trust?utm_source=statcan&utm_medium=banner&utm_campaign=trust-confiance_2019&HPA=1
2019-10-19 19:22:09,155 DEBUG    save to sessions_items.log
2019-10-19 19:22:09,157 DEBUG    ('127.0.0.1', 60634) - ASGI [34] Received {'type': 'http.response.start', 'status': 200, 'headers': '<...>'}
2019-10-19 19:22:09,157 INFO     ('127.0.0.1', 60634) - "POST /predict_next HTTP/1.1" 200
2019-10-19 19:22:09,157 DEBUG    ('127.0.0.1', 60634) - ASGI [34] Received {'type': 'http.response.body', 'body': '<128 bytes>'}
2019-10-19 19:22:09,158 DEBUG    ('127.0.0.1', 60634) - ASGI [34] Completed
2019-10-19 19:22:13,939 DEBUG    ('127.0.0.1', 60634) - ASGI [35] Started
2019-10-19 19:22:13,939 DEBUG    ('127.0.0.1', 60634) - ASGI [35] Sent {'type': 'http.request', 'body': '<425 bytes>', 'more_body': False}
2019-10-19 19:22:13,940 DEBUG    received items: https://www.statcan.gc.ca/,https://www.statcan.gc.ca/,https://www.statcan.gc.ca/eng/start,https://www.statcan.gc.ca/eng/trust?utm_source=statcan&utm_medium=banner&utm_campaign=trust-confiance_2019&HPA=1,https://www.statcan.gc.ca/eng/start,https://www.statcan.gc.ca/eng/trust?utm_source=statcan&utm_medium=banner&utm_campaign=trust-confiance_2019&HPA=1,https://www.statcan.gc.ca/eng/trust/privacy
2019-10-19 19:22:13,940 DEBUG    save to sessions_items.log
2019-10-19 19:22:13,941 DEBUG    ('127.0.0.1', 60634) - ASGI [35] Received {'type': 'http.response.start', 'status': 200, 'headers': '<...>'}
2019-10-19 19:22:13,941 INFO     ('127.0.0.1', 60634) - "POST /predict_next HTTP/1.1" 200
2019-10-19 19:22:13,941 DEBUG    ('127.0.0.1', 60634) - ASGI [35] Received {'type': 'http.response.body', 'body': '<59 bytes>'}
2019-10-19 19:22:13,941 DEBUG    ('127.0.0.1', 60634) - ASGI [35] Completed
2019-10-19 19:22:18,943 DEBUG    ('127.0.0.1', 60634) - Disconnected
2019-10-19 19:22:23,809 DEBUG    ('127.0.0.1', 60646) - Connected
2019-10-19 19:22:23,809 DEBUG    ('127.0.0.1', 60646) - ASGI [36] Started
2019-10-19 19:22:23,809 DEBUG    ('127.0.0.1', 60646) - ASGI [36] Sent {'type': 'http.request', 'body': '<463 bytes>', 'more_body': False}
2019-10-19 19:22:23,810 DEBUG    received items: https://www.statcan.gc.ca/,https://www.statcan.gc.ca/,https://www.statcan.gc.ca/eng/start,https://www.statcan.gc.ca/eng/trust?utm_source=statcan&utm_medium=banner&utm_campaign=trust-confiance_2019&HPA=1,https://www.statcan.gc.ca/eng/start,https://www.statcan.gc.ca/eng/trust?utm_source=statcan&utm_medium=banner&utm_campaign=trust-confiance_2019&HPA=1,https://www.statcan.gc.ca/eng/trust/privacy,https://www.statcan.gc.ca/eng/start
2019-10-19 19:22:23,810 DEBUG    save to sessions_items.log
2019-10-19 19:22:23,811 DEBUG    ('127.0.0.1', 60646) - ASGI [36] Received {'type': 'http.response.start', 'status': 200, 'headers': '<...>'}
2019-10-19 19:22:23,812 INFO     ('127.0.0.1', 60646) - "POST /predict_next HTTP/1.1" 200
2019-10-19 19:22:23,812 DEBUG    ('127.0.0.1', 60646) - ASGI [36] Received {'type': 'http.response.body', 'body': '<51 bytes>'}
2019-10-19 19:22:23,812 DEBUG    ('127.0.0.1', 60646) - ASGI [36] Completed
2019-10-19 19:22:28,817 DEBUG    ('127.0.0.1', 60646) - Disconnected
2019-10-19 19:22:54,960 DEBUG    ('127.0.0.1', 60671) - Connected
2019-10-19 19:22:54,961 DEBUG    ('127.0.0.1', 60671) - ASGI [37] Started
2019-10-19 19:22:54,961 DEBUG    ('127.0.0.1', 60671) - ASGI [37] Sent {'type': 'http.request', 'body': '<578 bytes>', 'more_body': False}
2019-10-19 19:22:54,962 DEBUG    received items: https://www.statcan.gc.ca/,https://www.statcan.gc.ca/,https://www.statcan.gc.ca/eng/start,https://www.statcan.gc.ca/eng/trust?utm_source=statcan&utm_medium=banner&utm_campaign=trust-confiance_2019&HPA=1,https://www.statcan.gc.ca/eng/start,https://www.statcan.gc.ca/eng/trust?utm_source=statcan&utm_medium=banner&utm_campaign=trust-confiance_2019&HPA=1,https://www.statcan.gc.ca/eng/trust/privacy,https://www.statcan.gc.ca/eng/start,https://www.statcan.gc.ca/eng/trust?utm_source=statcan&utm_medium=banner&utm_campaign=trust-confiance_2019&HPA=1
2019-10-19 19:22:54,962 DEBUG    save to sessions_items.log
2019-10-19 19:22:54,962 DEBUG    ('127.0.0.1', 60671) - ASGI [37] Received {'type': 'http.response.start', 'status': 200, 'headers': '<...>'}
2019-10-19 19:22:54,962 INFO     ('127.0.0.1', 60671) - "POST /predict_next HTTP/1.1" 200
2019-10-19 19:22:54,962 DEBUG    ('127.0.0.1', 60671) - ASGI [37] Received {'type': 'http.response.body', 'body': '<128 bytes>'}
2019-10-19 19:22:54,963 DEBUG    ('127.0.0.1', 60671) - ASGI [37] Completed
2019-10-19 19:22:57,802 DEBUG    ('127.0.0.1', 60671) - ASGI [38] Started
2019-10-19 19:22:57,802 DEBUG    ('127.0.0.1', 60671) - ASGI [38] Sent {'type': 'http.request', 'body': '<624 bytes>', 'more_body': False}
2019-10-19 19:22:57,803 DEBUG    received items: https://www.statcan.gc.ca/,https://www.statcan.gc.ca/,https://www.statcan.gc.ca/eng/start,https://www.statcan.gc.ca/eng/trust?utm_source=statcan&utm_medium=banner&utm_campaign=trust-confiance_2019&HPA=1,https://www.statcan.gc.ca/eng/start,https://www.statcan.gc.ca/eng/trust?utm_source=statcan&utm_medium=banner&utm_campaign=trust-confiance_2019&HPA=1,https://www.statcan.gc.ca/eng/trust/privacy,https://www.statcan.gc.ca/eng/start,https://www.statcan.gc.ca/eng/trust?utm_source=statcan&utm_medium=banner&utm_campaign=trust-confiance_2019&HPA=1,https://www.statcan.gc.ca/eng/trust/privacy
2019-10-19 19:22:57,803 DEBUG    save to sessions_items.log
2019-10-19 19:22:57,804 DEBUG    ('127.0.0.1', 60671) - ASGI [38] Received {'type': 'http.response.start', 'status': 200, 'headers': '<...>'}
2019-10-19 19:22:57,804 INFO     ('127.0.0.1', 60671) - "POST /predict_next HTTP/1.1" 200
2019-10-19 19:22:57,805 DEBUG    ('127.0.0.1', 60671) - ASGI [38] Received {'type': 'http.response.body', 'body': '<59 bytes>'}
2019-10-19 19:22:57,805 DEBUG    ('127.0.0.1', 60671) - ASGI [38] Completed
2019-10-19 19:23:02,810 DEBUG    ('127.0.0.1', 60671) - Disconnected
2019-10-19 19:23:31,923 DEBUG    ('127.0.0.1', 60692) - Connected
2019-10-19 19:23:31,924 DEBUG    ('127.0.0.1', 60692) - ASGI [39] Started
2019-10-19 19:23:31,924 DEBUG    ('127.0.0.1', 60692) - ASGI [39] Sent {'type': 'http.request', 'body': '<662 bytes>', 'more_body': False}
2019-10-19 19:23:31,924 DEBUG    received items: https://www.statcan.gc.ca/,https://www.statcan.gc.ca/,https://www.statcan.gc.ca/eng/start,https://www.statcan.gc.ca/eng/trust?utm_source=statcan&utm_medium=banner&utm_campaign=trust-confiance_2019&HPA=1,https://www.statcan.gc.ca/eng/start,https://www.statcan.gc.ca/eng/trust?utm_source=statcan&utm_medium=banner&utm_campaign=trust-confiance_2019&HPA=1,https://www.statcan.gc.ca/eng/trust/privacy,https://www.statcan.gc.ca/eng/start,https://www.statcan.gc.ca/eng/trust?utm_source=statcan&utm_medium=banner&utm_campaign=trust-confiance_2019&HPA=1,https://www.statcan.gc.ca/eng/trust/privacy,https://www.statcan.gc.ca/eng/start
2019-10-19 19:23:31,925 DEBUG    save to sessions_items.log
2019-10-19 19:23:31,925 DEBUG    ('127.0.0.1', 60692) - ASGI [39] Received {'type': 'http.response.start', 'status': 200, 'headers': '<...>'}
2019-10-19 19:23:31,925 INFO     ('127.0.0.1', 60692) - "POST /predict_next HTTP/1.1" 200
2019-10-19 19:23:31,925 DEBUG    ('127.0.0.1', 60692) - ASGI [39] Received {'type': 'http.response.body', 'body': '<51 bytes>'}
2019-10-19 19:23:31,925 DEBUG    ('127.0.0.1', 60692) - ASGI [39] Completed
2019-10-19 19:23:36,925 DEBUG    ('127.0.0.1', 60692) - Disconnected
2019-10-19 19:25:04,497 INFO     Shutting down
2019-10-19 19:25:04,599 INFO     Waiting for application shutdown.
2019-10-19 19:25:04,599 DEBUG    None - ASGI [1] Sent {'type': 'lifespan.shutdown'}
2019-10-19 19:25:04,600 DEBUG    None - ASGI [1] Received {'type': 'lifespan.shutdown.complete'}
2019-10-19 19:25:04,600 DEBUG    None - ASGI [1] Completed
2019-10-19 19:25:04,600 INFO     Finished server process [46571]
2019-10-19 19:25:05,402 INFO     Started server process [47314]
2019-10-19 19:25:05,403 INFO     Waiting for application startup.
2019-10-19 19:25:05,403 DEBUG    None - ASGI [1] Started
2019-10-19 19:25:05,403 DEBUG    None - ASGI [1] Sent {'type': 'lifespan.startup'}
2019-10-19 19:25:05,403 DEBUG    None - ASGI [1] Received {'type': 'lifespan.startup.complete'}
2019-10-19 19:25:16,008 INFO     Shutting down
2019-10-19 19:25:16,112 INFO     Waiting for application shutdown.
2019-10-19 19:25:16,113 DEBUG    None - ASGI [1] Sent {'type': 'lifespan.shutdown'}
2019-10-19 19:25:16,113 DEBUG    None - ASGI [1] Received {'type': 'lifespan.shutdown.complete'}
2019-10-19 19:25:16,113 DEBUG    None - ASGI [1] Completed
2019-10-19 19:25:16,113 INFO     Finished server process [47314]
2019-10-19 19:25:16,772 INFO     Started server process [47322]
2019-10-19 19:25:16,772 INFO     Waiting for application startup.
2019-10-19 19:25:16,773 DEBUG    None - ASGI [1] Started
2019-10-19 19:25:16,773 DEBUG    None - ASGI [1] Sent {'type': 'lifespan.startup'}
2019-10-19 19:25:16,773 DEBUG    None - ASGI [1] Received {'type': 'lifespan.startup.complete'}
2019-10-19 19:25:23,772 INFO     Shutting down
2019-10-19 19:25:23,874 INFO     Waiting for application shutdown.
2019-10-19 19:25:23,874 DEBUG    None - ASGI [1] Sent {'type': 'lifespan.shutdown'}
2019-10-19 19:25:23,874 DEBUG    None - ASGI [1] Received {'type': 'lifespan.shutdown.complete'}
2019-10-19 19:25:23,875 DEBUG    None - ASGI [1] Completed
2019-10-19 19:25:23,875 INFO     Finished server process [47322]
2019-10-19 19:25:24,302 INFO     Started server process [47332]
2019-10-19 19:25:24,302 INFO     Waiting for application startup.
2019-10-19 19:25:24,303 DEBUG    None - ASGI [1] Started
2019-10-19 19:25:24,303 DEBUG    None - ASGI [1] Sent {'type': 'lifespan.startup'}
2019-10-19 19:25:24,303 DEBUG    None - ASGI [1] Received {'type': 'lifespan.startup.complete'}
2019-10-19 19:26:10,156 DEBUG    ('127.0.0.1', 60842) - Connected
2019-10-19 19:26:10,161 DEBUG    ('127.0.0.1', 60842) - ASGI [2] Started
2019-10-19 19:26:10,164 DEBUG    ('127.0.0.1', 60842) - ASGI [2] Sent {'type': 'http.request', 'body': '<77 bytes>', 'more_body': False}
2019-10-19 19:26:10,166 DEBUG    received items: https://www150.statcan.gc.ca/n1/dai-quo/index-eng.htm?HPA=1
2019-10-19 19:26:10,166 DEBUG    save to sessions_items.log
2019-10-19 19:26:10,170 DEBUG    ('127.0.0.1', 60842) - ASGI [2] Received {'type': 'http.response.start', 'status': 200, 'headers': '<...>'}
2019-10-19 19:26:10,170 INFO     ('127.0.0.1', 60842) - "POST /predict_next HTTP/1.1" 200
2019-10-19 19:26:10,170 DEBUG    ('127.0.0.1', 60842) - ASGI [2] Received {'type': 'http.response.body', 'body': '<75 bytes>'}
2019-10-19 19:26:10,170 DEBUG    ('127.0.0.1', 60842) - ASGI [2] Completed
2019-10-19 19:26:15,173 DEBUG    ('127.0.0.1', 60842) - Disconnected
2019-10-19 19:26:19,523 DEBUG    ('127.0.0.1', 60866) - Connected
2019-10-19 19:26:19,524 DEBUG    ('127.0.0.1', 60866) - ASGI [3] Started
2019-10-19 19:26:19,524 DEBUG    ('127.0.0.1', 60866) - ASGI [3] Sent {'type': 'http.request', 'body': '<133 bytes>', 'more_body': False}
2019-10-19 19:26:19,524 DEBUG    received items: https://www150.statcan.gc.ca/n1/dai-quo/index-eng.htm?HPA=1,https://www150.statcan.gc.ca/n1/dai-quo/info1-eng.htm
2019-10-19 19:26:19,525 DEBUG    save to sessions_items.log
2019-10-19 19:26:19,525 DEBUG    ('127.0.0.1', 60866) - ASGI [3] Received {'type': 'http.response.start', 'status': 200, 'headers': '<...>'}
2019-10-19 19:26:19,525 INFO     ('127.0.0.1', 60866) - "POST /predict_next HTTP/1.1" 200
2019-10-19 19:26:19,526 DEBUG    ('127.0.0.1', 60866) - ASGI [3] Received {'type': 'http.response.body', 'body': '<69 bytes>'}
2019-10-19 19:26:19,526 DEBUG    ('127.0.0.1', 60866) - ASGI [3] Completed
2019-10-19 19:26:24,528 DEBUG    ('127.0.0.1', 60866) - Disconnected
2019-10-19 19:26:26,394 DEBUG    ('127.0.0.1', 60884) - Connected
2019-10-19 19:26:26,394 DEBUG    ('127.0.0.1', 60884) - ASGI [4] Started
2019-10-19 19:26:26,395 DEBUG    ('127.0.0.1', 60884) - ASGI [4] Sent {'type': 'http.request', 'body': '<188 bytes>', 'more_body': False}
2019-10-19 19:26:26,395 DEBUG    received items: https://www150.statcan.gc.ca/n1/dai-quo/index-eng.htm?HPA=1,https://www150.statcan.gc.ca/n1/dai-quo/info1-eng.htm,https://www150.statcan.gc.ca/n1/dai-quo/ind1-eng.htm
2019-10-19 19:26:26,396 DEBUG    save to sessions_items.log
2019-10-19 19:26:26,396 DEBUG    ('127.0.0.1', 60884) - ASGI [4] Received {'type': 'http.response.start', 'status': 200, 'headers': '<...>'}
2019-10-19 19:26:26,396 INFO     ('127.0.0.1', 60884) - "POST /predict_next HTTP/1.1" 200
2019-10-19 19:26:26,397 DEBUG    ('127.0.0.1', 60884) - ASGI [4] Received {'type': 'http.response.body', 'body': '<68 bytes>'}
2019-10-19 19:26:26,397 DEBUG    ('127.0.0.1', 60884) - ASGI [4] Completed
2019-10-19 19:26:28,189 DEBUG    ('127.0.0.1', 60884) - ASGI [5] Started
2019-10-19 19:26:28,190 DEBUG    ('127.0.0.1', 60884) - ASGI [5] Sent {'type': 'http.request', 'body': '<244 bytes>', 'more_body': False}
2019-10-19 19:26:28,190 DEBUG    received items: https://www150.statcan.gc.ca/n1/dai-quo/index-eng.htm?HPA=1,https://www150.statcan.gc.ca/n1/dai-quo/info1-eng.htm,https://www150.statcan.gc.ca/n1/dai-quo/ind1-eng.htm,https://www150.statcan.gc.ca/n1/dai-quo/info1-eng.htm
2019-10-19 19:26:28,190 DEBUG    save to sessions_items.log
2019-10-19 19:26:28,191 DEBUG    ('127.0.0.1', 60884) - ASGI [5] Received {'type': 'http.response.start', 'status': 200, 'headers': '<...>'}
2019-10-19 19:26:28,191 INFO     ('127.0.0.1', 60884) - "POST /predict_next HTTP/1.1" 200
2019-10-19 19:26:28,191 DEBUG    ('127.0.0.1', 60884) - ASGI [5] Received {'type': 'http.response.body', 'body': '<69 bytes>'}
2019-10-19 19:26:28,191 DEBUG    ('127.0.0.1', 60884) - ASGI [5] Completed
2019-10-19 19:26:30,033 DEBUG    ('127.0.0.1', 60884) - ASGI [6] Started
2019-10-19 19:26:30,034 DEBUG    ('127.0.0.1', 60884) - ASGI [6] Sent {'type': 'http.request', 'body': '<310 bytes>', 'more_body': False}
2019-10-19 19:26:30,034 DEBUG    received items: https://www150.statcan.gc.ca/n1/dai-quo/index-eng.htm?HPA=1,https://www150.statcan.gc.ca/n1/dai-quo/info1-eng.htm,https://www150.statcan.gc.ca/n1/dai-quo/ind1-eng.htm,https://www150.statcan.gc.ca/n1/dai-quo/info1-eng.htm,https://www150.statcan.gc.ca/n1/dai-quo/subjects_sujets-eng.htm
2019-10-19 19:26:30,034 DEBUG    save to sessions_items.log
2019-10-19 19:26:30,035 DEBUG    ('127.0.0.1', 60884) - ASGI [6] Received {'type': 'http.response.start', 'status': 200, 'headers': '<...>'}
2019-10-19 19:26:30,035 INFO     ('127.0.0.1', 60884) - "POST /predict_next HTTP/1.1" 200
2019-10-19 19:26:30,036 DEBUG    ('127.0.0.1', 60884) - ASGI [6] Received {'type': 'http.response.body', 'body': '<79 bytes>'}
2019-10-19 19:26:30,036 DEBUG    ('127.0.0.1', 60884) - ASGI [6] Completed
2019-10-19 19:26:32,073 DEBUG    ('127.0.0.1', 60884) - ASGI [7] Started
2019-10-19 19:26:32,073 DEBUG    ('127.0.0.1', 60884) - ASGI [7] Sent {'type': 'http.request', 'body': '<700 bytes>', 'more_body': False}
2019-10-19 19:26:32,074 DEBUG    received items: https://www.statcan.gc.ca/,https://www.statcan.gc.ca/,https://www.statcan.gc.ca/eng/start,https://www.statcan.gc.ca/eng/trust?utm_source=statcan&utm_medium=banner&utm_campaign=trust-confiance_2019&HPA=1,https://www.statcan.gc.ca/eng/start,https://www.statcan.gc.ca/eng/trust?utm_source=statcan&utm_medium=banner&utm_campaign=trust-confiance_2019&HPA=1,https://www.statcan.gc.ca/eng/trust/privacy,https://www.statcan.gc.ca/eng/start,https://www.statcan.gc.ca/eng/trust?utm_source=statcan&utm_medium=banner&utm_campaign=trust-confiance_2019&HPA=1,https://www.statcan.gc.ca/eng/trust/privacy,https://www.statcan.gc.ca/eng/start,https://www.statcan.gc.ca/eng/start
2019-10-19 19:26:32,074 DEBUG    save to sessions_items.log
2019-10-19 19:26:32,075 DEBUG    ('127.0.0.1', 60884) - ASGI [7] Received {'type': 'http.response.start', 'status': 200, 'headers': '<...>'}
2019-10-19 19:26:32,076 INFO     ('127.0.0.1', 60884) - "POST /predict_next HTTP/1.1" 200
2019-10-19 19:26:32,076 DEBUG    ('127.0.0.1', 60884) - ASGI [7] Received {'type': 'http.response.body', 'body': '<51 bytes>'}
2019-10-19 19:26:32,076 DEBUG    ('127.0.0.1', 60884) - ASGI [7] Completed
2019-10-19 19:26:37,061 DEBUG    ('127.0.0.1', 60884) - ASGI [8] Started
2019-10-19 19:26:37,061 DEBUG    ('127.0.0.1', 60884) - ASGI [8] Sent {'type': 'http.request', 'body': '<815 bytes>', 'more_body': False}
2019-10-19 19:26:37,061 DEBUG    received items: https://www.statcan.gc.ca/,https://www.statcan.gc.ca/,https://www.statcan.gc.ca/eng/start,https://www.statcan.gc.ca/eng/trust?utm_source=statcan&utm_medium=banner&utm_campaign=trust-confiance_2019&HPA=1,https://www.statcan.gc.ca/eng/start,https://www.statcan.gc.ca/eng/trust?utm_source=statcan&utm_medium=banner&utm_campaign=trust-confiance_2019&HPA=1,https://www.statcan.gc.ca/eng/trust/privacy,https://www.statcan.gc.ca/eng/start,https://www.statcan.gc.ca/eng/trust?utm_source=statcan&utm_medium=banner&utm_campaign=trust-confiance_2019&HPA=1,https://www.statcan.gc.ca/eng/trust/privacy,https://www.statcan.gc.ca/eng/start,https://www.statcan.gc.ca/eng/start,https://www.statcan.gc.ca/eng/trust?utm_source=statcan&utm_medium=banner&utm_campaign=trust-confiance_2019&HPA=1
2019-10-19 19:26:37,063 DEBUG    save to sessions_items.log
2019-10-19 19:26:37,063 DEBUG    ('127.0.0.1', 60884) - ASGI [8] Received {'type': 'http.response.start', 'status': 200, 'headers': '<...>'}
2019-10-19 19:26:37,063 INFO     ('127.0.0.1', 60884) - "POST /predict_next HTTP/1.1" 200
2019-10-19 19:26:37,064 DEBUG    ('127.0.0.1', 60884) - ASGI [8] Received {'type': 'http.response.body', 'body': '<128 bytes>'}
2019-10-19 19:26:37,064 DEBUG    ('127.0.0.1', 60884) - ASGI [8] Completed
2019-10-19 19:26:42,065 DEBUG    ('127.0.0.1', 60884) - Disconnected
2019-10-19 19:28:07,258 DEBUG    ('127.0.0.1', 61097) - Connected
2019-10-19 19:28:07,258 DEBUG    ('127.0.0.1', 61097) - ASGI [9] Started
2019-10-19 19:28:07,259 DEBUG    ('127.0.0.1', 61097) - ASGI [9] Sent {'type': 'http.request', 'body': '<861 bytes>', 'more_body': False}
2019-10-19 19:28:07,259 DEBUG    received items: https://www.statcan.gc.ca/,https://www.statcan.gc.ca/,https://www.statcan.gc.ca/eng/start,https://www.statcan.gc.ca/eng/trust?utm_source=statcan&utm_medium=banner&utm_campaign=trust-confiance_2019&HPA=1,https://www.statcan.gc.ca/eng/start,https://www.statcan.gc.ca/eng/trust?utm_source=statcan&utm_medium=banner&utm_campaign=trust-confiance_2019&HPA=1,https://www.statcan.gc.ca/eng/trust/privacy,https://www.statcan.gc.ca/eng/start,https://www.statcan.gc.ca/eng/trust?utm_source=statcan&utm_medium=banner&utm_campaign=trust-confiance_2019&HPA=1,https://www.statcan.gc.ca/eng/trust/privacy,https://www.statcan.gc.ca/eng/start,https://www.statcan.gc.ca/eng/start,https://www.statcan.gc.ca/eng/trust?utm_source=statcan&utm_medium=banner&utm_campaign=trust-confiance_2019&HPA=1,https://www.statcan.gc.ca/eng/trust/privacy
2019-10-19 19:28:07,259 DEBUG    save to sessions_items.log
2019-10-19 19:28:07,260 DEBUG    ('127.0.0.1', 61097) - ASGI [9] Received {'type': 'http.response.start', 'status': 200, 'headers': '<...>'}
2019-10-19 19:28:07,260 INFO     ('127.0.0.1', 61097) - "POST /predict_next HTTP/1.1" 200
2019-10-19 19:28:07,260 DEBUG    ('127.0.0.1', 61097) - ASGI [9] Received {'type': 'http.response.body', 'body': '<59 bytes>'}
2019-10-19 19:28:07,261 DEBUG    ('127.0.0.1', 61097) - ASGI [9] Completed
2019-10-19 19:28:12,263 DEBUG    ('127.0.0.1', 61097) - Disconnected
2019-10-19 19:29:13,695 INFO     Shutting down
2019-10-19 19:29:13,798 INFO     Waiting for application shutdown.
2019-10-19 19:29:13,799 DEBUG    None - ASGI [1] Sent {'type': 'lifespan.shutdown'}
2019-10-19 19:29:13,799 DEBUG    None - ASGI [1] Received {'type': 'lifespan.shutdown.complete'}
2019-10-19 19:29:13,799 DEBUG    None - ASGI [1] Completed
2019-10-19 19:29:13,799 INFO     Finished server process [47332]
2019-10-19 19:35:27,679 INFO     Started server process [47388]
2019-10-19 19:35:27,679 INFO     Waiting for application startup.
2019-10-19 19:35:27,679 DEBUG    None - ASGI [1] Started
2019-10-19 19:35:27,679 DEBUG    None - ASGI [1] Sent {'type': 'lifespan.startup'}
2019-10-19 19:35:27,679 DEBUG    None - ASGI [1] Received {'type': 'lifespan.startup.complete'}
2019-10-19 19:35:32,927 INFO     Shutting down
2019-10-19 19:35:33,029 INFO     Waiting for application shutdown.
2019-10-19 19:35:33,030 DEBUG    None - ASGI [1] Sent {'type': 'lifespan.shutdown'}
2019-10-19 19:35:33,030 DEBUG    None - ASGI [1] Received {'type': 'lifespan.shutdown.complete'}
2019-10-19 19:35:33,030 DEBUG    None - ASGI [1] Completed
2019-10-19 19:35:33,030 INFO     Finished server process [47388]
2019-10-19 19:35:33,513 INFO     Started server process [47390]
2019-10-19 19:35:33,513 INFO     Waiting for application startup.
2019-10-19 19:35:33,514 DEBUG    None - ASGI [1] Started
2019-10-19 19:35:33,514 DEBUG    None - ASGI [1] Sent {'type': 'lifespan.startup'}
2019-10-19 19:35:33,514 DEBUG    None - ASGI [1] Received {'type': 'lifespan.startup.complete'}
2019-10-19 19:35:43,525 DEBUG    ('127.0.0.1', 62199) - Connected
2019-10-19 19:35:43,532 DEBUG    ('127.0.0.1', 62199) - ASGI [2] Started
2019-10-19 19:35:43,532 DEBUG    ('127.0.0.1', 62199) - ASGI [2] Sent {'type': 'http.request', 'body': '<899 bytes>', 'more_body': False}
2019-10-19 19:35:43,533 DEBUG    received items: https://www.statcan.gc.ca/,https://www.statcan.gc.ca/,https://www.statcan.gc.ca/eng/start,https://www.statcan.gc.ca/eng/trust?utm_source=statcan&utm_medium=banner&utm_campaign=trust-confiance_2019&HPA=1,https://www.statcan.gc.ca/eng/start,https://www.statcan.gc.ca/eng/trust?utm_source=statcan&utm_medium=banner&utm_campaign=trust-confiance_2019&HPA=1,https://www.statcan.gc.ca/eng/trust/privacy,https://www.statcan.gc.ca/eng/start,https://www.statcan.gc.ca/eng/trust?utm_source=statcan&utm_medium=banner&utm_campaign=trust-confiance_2019&HPA=1,https://www.statcan.gc.ca/eng/trust/privacy,https://www.statcan.gc.ca/eng/start,https://www.statcan.gc.ca/eng/start,https://www.statcan.gc.ca/eng/trust?utm_source=statcan&utm_medium=banner&utm_campaign=trust-confiance_2019&HPA=1,https://www.statcan.gc.ca/eng/trust/privacy,https://www.statcan.gc.ca/eng/start
2019-10-19 19:35:43,533 DEBUG    save to sessions_items.log
2019-10-19 19:35:43,539 DEBUG    ('127.0.0.1', 62199) - ASGI [2] Received {'type': 'http.response.start', 'status': 200, 'headers': '<...>'}
2019-10-19 19:35:43,539 INFO     ('127.0.0.1', 62199) - "POST /predict_next HTTP/1.1" 200
2019-10-19 19:35:43,540 DEBUG    ('127.0.0.1', 62199) - ASGI [2] Received {'type': 'http.response.body', 'body': '<53 bytes>'}
2019-10-19 19:35:43,540 DEBUG    ('127.0.0.1', 62199) - ASGI [2] Completed
2019-10-19 19:35:48,543 DEBUG    ('127.0.0.1', 62199) - Disconnected
2019-10-19 19:35:58,763 DEBUG    ('127.0.0.1', 62242) - Connected
2019-10-19 19:35:58,763 DEBUG    ('127.0.0.1', 62242) - ASGI [3] Started
2019-10-19 19:35:58,763 DEBUG    ('127.0.0.1', 62242) - ASGI [3] Sent {'type': 'http.request', 'body': '<53 bytes>', 'more_body': False}
2019-10-19 19:35:58,764 DEBUG    received items: https://www.statcan.gc.ca/eng/start
2019-10-19 19:35:58,764 DEBUG    save to sessions_items.log
2019-10-19 19:35:58,764 DEBUG    ('127.0.0.1', 62242) - ASGI [3] Received {'type': 'http.response.start', 'status': 200, 'headers': '<...>'}
2019-10-19 19:35:58,764 INFO     ('127.0.0.1', 62242) - "POST /predict_next HTTP/1.1" 200
2019-10-19 19:35:58,765 DEBUG    ('127.0.0.1', 62242) - ASGI [3] Received {'type': 'http.response.body', 'body': '<53 bytes>'}
2019-10-19 19:35:58,765 DEBUG    ('127.0.0.1', 62242) - ASGI [3] Completed
2019-10-19 19:36:03,768 DEBUG    ('127.0.0.1', 62242) - Disconnected
2019-10-19 19:36:04,289 DEBUG    ('127.0.0.1', 62256) - Connected
2019-10-19 19:36:04,290 DEBUG    ('127.0.0.1', 62256) - ASGI [4] Started
2019-10-19 19:36:04,291 DEBUG    ('127.0.0.1', 62256) - ASGI [4] Sent {'type': 'http.request', 'body': '<77 bytes>', 'more_body': False}
2019-10-19 19:36:04,292 DEBUG    received items: https://www150.statcan.gc.ca/n1/dai-quo/index-eng.htm?HPA=1
2019-10-19 19:36:04,292 DEBUG    save to sessions_items.log
2019-10-19 19:36:04,293 DEBUG    ('127.0.0.1', 62256) - ASGI [4] Received {'type': 'http.response.start', 'status': 200, 'headers': '<...>'}
2019-10-19 19:36:04,293 INFO     ('127.0.0.1', 62256) - "POST /predict_next HTTP/1.1" 200
2019-10-19 19:36:04,294 DEBUG    ('127.0.0.1', 62256) - ASGI [4] Received {'type': 'http.response.body', 'body': '<77 bytes>'}
2019-10-19 19:36:04,294 DEBUG    ('127.0.0.1', 62256) - ASGI [4] Completed
2019-10-19 19:36:09,297 DEBUG    ('127.0.0.1', 62256) - Disconnected
2019-10-19 19:36:11,702 DEBUG    ('127.0.0.1', 62276) - Connected
2019-10-19 19:36:11,703 DEBUG    ('127.0.0.1', 62276) - ASGI [5] Started
2019-10-19 19:36:11,704 DEBUG    ('127.0.0.1', 62276) - ASGI [5] Sent {'type': 'http.request', 'body': '<132 bytes>', 'more_body': False}
2019-10-19 19:36:11,704 DEBUG    received items: https://www150.statcan.gc.ca/n1/dai-quo/index-eng.htm?HPA=1,https://www150.statcan.gc.ca/n1/dai-quo/ind1-eng.htm
2019-10-19 19:36:11,704 DEBUG    save to sessions_items.log
2019-10-19 19:36:11,706 DEBUG    ('127.0.0.1', 62276) - ASGI [5] Received {'type': 'http.response.start', 'status': 200, 'headers': '<...>'}
2019-10-19 19:36:11,706 INFO     ('127.0.0.1', 62276) - "POST /predict_next HTTP/1.1" 200
2019-10-19 19:36:11,706 DEBUG    ('127.0.0.1', 62276) - ASGI [5] Received {'type': 'http.response.body', 'body': '<70 bytes>'}
2019-10-19 19:36:11,707 DEBUG    ('127.0.0.1', 62276) - ASGI [5] Completed
2019-10-19 19:36:11,905 DEBUG    ('127.0.0.1', 62276) - ASGI [6] Started
2019-10-19 19:36:11,905 DEBUG    ('127.0.0.1', 62276) - ASGI [6] Sent {'type': 'http.request', 'body': '<187 bytes>', 'more_body': False}
2019-10-19 19:36:11,906 DEBUG    received items: https://www150.statcan.gc.ca/n1/dai-quo/index-eng.htm?HPA=1,https://www150.statcan.gc.ca/n1/dai-quo/ind1-eng.htm,https://www150.statcan.gc.ca/n1/dai-quo/ind1-eng.htm
2019-10-19 19:36:11,906 DEBUG    save to sessions_items.log
2019-10-19 19:36:11,906 DEBUG    ('127.0.0.1', 62276) - ASGI [6] Received {'type': 'http.response.start', 'status': 200, 'headers': '<...>'}
2019-10-19 19:36:11,907 INFO     ('127.0.0.1', 62276) - "POST /predict_next HTTP/1.1" 200
2019-10-19 19:36:11,908 DEBUG    ('127.0.0.1', 62276) - ASGI [6] Received {'type': 'http.response.body', 'body': '<70 bytes>'}
2019-10-19 19:36:11,908 DEBUG    ('127.0.0.1', 62276) - ASGI [6] Completed
2019-10-19 19:36:16,912 DEBUG    ('127.0.0.1', 62276) - Disconnected
2019-10-19 19:36:48,527 INFO     Shutting down
2019-10-19 19:36:48,631 INFO     Waiting for application shutdown.
2019-10-19 19:36:48,632 DEBUG    None - ASGI [1] Sent {'type': 'lifespan.shutdown'}
2019-10-19 19:36:48,632 DEBUG    None - ASGI [1] Received {'type': 'lifespan.shutdown.complete'}
2019-10-19 19:36:48,633 DEBUG    None - ASGI [1] Completed
2019-10-19 19:36:48,633 INFO     Finished server process [47390]
2019-10-19 19:36:49,523 INFO     Started server process [47409]
2019-10-19 19:36:49,523 INFO     Waiting for application startup.
2019-10-19 19:36:49,524 DEBUG    None - ASGI [1] Started
2019-10-19 19:36:49,524 DEBUG    None - ASGI [1] Sent {'type': 'lifespan.startup'}
2019-10-19 19:36:49,524 DEBUG    None - ASGI [1] Received {'type': 'lifespan.startup.complete'}
2019-10-19 19:37:59,956 INFO     Shutting down
2019-10-19 19:38:00,059 INFO     Waiting for application shutdown.
2019-10-19 19:38:00,061 DEBUG    None - ASGI [1] Sent {'type': 'lifespan.shutdown'}
2019-10-19 19:38:00,061 DEBUG    None - ASGI [1] Received {'type': 'lifespan.shutdown.complete'}
2019-10-19 19:38:00,062 DEBUG    None - ASGI [1] Completed
2019-10-19 19:38:00,062 INFO     Finished server process [47409]
2019-10-19 19:38:00,983 INFO     Started server process [47422]
2019-10-19 19:38:00,984 INFO     Waiting for application startup.
2019-10-19 19:38:00,984 DEBUG    None - ASGI [1] Started
2019-10-19 19:38:00,984 DEBUG    None - ASGI [1] Sent {'type': 'lifespan.startup'}
2019-10-19 19:38:00,985 DEBUG    None - ASGI [1] Received {'type': 'lifespan.startup.complete'}
2019-10-19 19:38:40,170 INFO     Shutting down
2019-10-19 19:38:40,279 INFO     Waiting for application shutdown.
2019-10-19 19:38:40,280 DEBUG    None - ASGI [1] Sent {'type': 'lifespan.shutdown'}
2019-10-19 19:38:40,280 DEBUG    None - ASGI [1] Received {'type': 'lifespan.shutdown.complete'}
2019-10-19 19:38:40,280 DEBUG    None - ASGI [1] Completed
2019-10-19 19:38:40,280 INFO     Finished server process [47422]
2019-10-19 19:38:40,958 INFO     Started server process [47433]
2019-10-19 19:38:40,958 INFO     Waiting for application startup.
2019-10-19 19:38:40,958 DEBUG    None - ASGI [1] Started
2019-10-19 19:38:40,958 DEBUG    None - ASGI [1] Sent {'type': 'lifespan.startup'}
2019-10-19 19:38:40,958 DEBUG    None - ASGI [1] Received {'type': 'lifespan.startup.complete'}
2019-10-19 19:38:43,012 INFO     Shutting down
2019-10-19 19:38:43,113 INFO     Waiting for application shutdown.
2019-10-19 19:38:43,114 DEBUG    None - ASGI [1] Sent {'type': 'lifespan.shutdown'}
2019-10-19 19:38:43,114 DEBUG    None - ASGI [1] Received {'type': 'lifespan.shutdown.complete'}
2019-10-19 19:38:43,114 DEBUG    None - ASGI [1] Completed
2019-10-19 19:38:43,114 INFO     Finished server process [47433]
2019-10-19 19:38:43,683 INFO     Started server process [47439]
2019-10-19 19:38:43,684 INFO     Waiting for application startup.
2019-10-19 19:38:43,684 DEBUG    None - ASGI [1] Started
2019-10-19 19:38:43,684 DEBUG    None - ASGI [1] Sent {'type': 'lifespan.startup'}
2019-10-19 19:38:43,684 DEBUG    None - ASGI [1] Received {'type': 'lifespan.startup.complete'}
2019-10-19 19:39:04,445 DEBUG    ('127.0.0.1', 62499) - Connected
2019-10-19 19:39:04,446 DEBUG    ('127.0.0.1', 62499) - ASGI [2] Started
2019-10-19 19:39:04,447 DEBUG    ('127.0.0.1', 62499) - ASGI [2] Sent {'type': 'http.request', 'body': '<245 bytes>', 'more_body': False}
2019-10-19 19:39:04,447 DEBUG    received items: https://www150.statcan.gc.ca/n1/dai-quo/index-eng.htm?HPA=1,https://www150.statcan.gc.ca/n1/dai-quo/ind1-eng.htm,https://www150.statcan.gc.ca/n1/dai-quo/ind1-eng.htm,https://www150.statcan.gc.ca/n1/dai-quo/special-eng.htm
2019-10-19 19:39:04,448 DEBUG    save to sessions_items.log
2019-10-19 19:39:04,451 DEBUG    ('127.0.0.1', 62499) - ASGI [2] Received {'type': 'http.response.start', 'status': 200, 'headers': '<...>'}
2019-10-19 19:39:04,451 INFO     ('127.0.0.1', 62499) - "POST /predict_next HTTP/1.1" 200
2019-10-19 19:39:04,451 DEBUG    ('127.0.0.1', 62499) - ASGI [2] Received {'type': 'http.response.body', 'body': '<73 bytes>'}
2019-10-19 19:39:04,451 DEBUG    ('127.0.0.1', 62499) - ASGI [2] Completed
2019-10-19 19:39:09,456 DEBUG    ('127.0.0.1', 62499) - Disconnected
2019-10-19 19:39:42,510 INFO     Shutting down
2019-10-19 19:39:42,610 INFO     Waiting for application shutdown.
2019-10-19 19:39:42,611 DEBUG    None - ASGI [1] Sent {'type': 'lifespan.shutdown'}
2019-10-19 19:39:42,611 DEBUG    None - ASGI [1] Received {'type': 'lifespan.shutdown.complete'}
2019-10-19 19:39:42,611 DEBUG    None - ASGI [1] Completed
2019-10-19 19:39:42,611 INFO     Finished server process [47439]
2019-10-19 19:39:43,340 INFO     Started server process [47452]
2019-10-19 19:39:43,341 INFO     Waiting for application startup.
2019-10-19 19:39:43,341 DEBUG    None - ASGI [1] Started
2019-10-19 19:39:43,341 DEBUG    None - ASGI [1] Sent {'type': 'lifespan.startup'}
2019-10-19 19:39:43,341 DEBUG    None - ASGI [1] Received {'type': 'lifespan.startup.complete'}
2019-10-19 19:40:10,794 INFO     Shutting down
2019-10-19 19:40:10,895 INFO     Waiting for application shutdown.
2019-10-19 19:40:10,895 DEBUG    None - ASGI [1] Sent {'type': 'lifespan.shutdown'}
2019-10-19 19:40:10,895 DEBUG    None - ASGI [1] Received {'type': 'lifespan.shutdown.complete'}
2019-10-19 19:40:10,895 DEBUG    None - ASGI [1] Completed
2019-10-19 19:40:10,895 INFO     Finished server process [47452]
2019-10-19 19:40:11,720 INFO     Started server process [47465]
2019-10-19 19:40:11,720 INFO     Waiting for application startup.
2019-10-19 19:40:11,721 DEBUG    None - ASGI [1] Started
2019-10-19 19:40:11,722 DEBUG    None - ASGI [1] Sent {'type': 'lifespan.startup'}
2019-10-19 19:40:11,722 DEBUG    None - ASGI [1] Received {'type': 'lifespan.startup.complete'}
2019-10-19 19:40:32,697 INFO     Shutting down
2019-10-19 19:40:32,802 INFO     Waiting for application shutdown.
2019-10-19 19:40:32,802 DEBUG    None - ASGI [1] Sent {'type': 'lifespan.shutdown'}
2019-10-19 19:40:32,802 DEBUG    None - ASGI [1] Received {'type': 'lifespan.shutdown.complete'}
2019-10-19 19:40:32,802 DEBUG    None - ASGI [1] Completed
2019-10-19 19:40:32,803 INFO     Finished server process [47465]
2019-10-19 19:40:34,060 INFO     Started server process [47473]
2019-10-19 19:40:34,060 INFO     Waiting for application startup.
2019-10-19 19:40:34,061 DEBUG    None - ASGI [1] Started
2019-10-19 19:40:34,110 DEBUG    None - ASGI [1] Sent {'type': 'lifespan.startup'}
2019-10-19 19:40:34,110 DEBUG    None - ASGI [1] Received {'type': 'lifespan.startup.complete'}
2019-10-19 19:40:37,419 INFO     Shutting down
2019-10-19 19:40:37,524 INFO     Waiting for application shutdown.
2019-10-19 19:40:37,528 DEBUG    None - ASGI [1] Sent {'type': 'lifespan.shutdown'}
2019-10-19 19:40:37,529 DEBUG    None - ASGI [1] Received {'type': 'lifespan.shutdown.complete'}
2019-10-19 19:40:37,530 DEBUG    None - ASGI [1] Completed
2019-10-19 19:40:37,530 INFO     Finished server process [47473]
2019-10-19 19:40:38,164 INFO     Started server process [47478]
2019-10-19 19:40:38,166 INFO     Waiting for application startup.
2019-10-19 19:40:38,167 DEBUG    None - ASGI [1] Started
2019-10-19 19:40:38,167 DEBUG    None - ASGI [1] Sent {'type': 'lifespan.startup'}
2019-10-19 19:40:38,167 DEBUG    None - ASGI [1] Received {'type': 'lifespan.startup.complete'}
2019-10-19 19:40:46,326 INFO     Shutting down
2019-10-19 19:40:46,430 INFO     Waiting for application shutdown.
2019-10-19 19:40:46,431 DEBUG    None - ASGI [1] Sent {'type': 'lifespan.shutdown'}
2019-10-19 19:40:46,431 DEBUG    None - ASGI [1] Received {'type': 'lifespan.shutdown.complete'}
2019-10-19 19:40:46,431 DEBUG    None - ASGI [1] Completed
2019-10-19 19:40:46,431 INFO     Finished server process [47478]
2019-10-19 19:40:47,137 INFO     Started server process [47484]
2019-10-19 19:40:47,137 INFO     Waiting for application startup.
2019-10-19 19:40:47,138 DEBUG    None - ASGI [1] Started
2019-10-19 19:40:47,138 DEBUG    None - ASGI [1] Sent {'type': 'lifespan.startup'}
2019-10-19 19:40:47,138 DEBUG    None - ASGI [1] Received {'type': 'lifespan.startup.complete'}
2019-10-19 19:41:00,220 INFO     Shutting down
2019-10-19 19:41:00,323 INFO     Waiting for application shutdown.
2019-10-19 19:41:00,323 DEBUG    None - ASGI [1] Sent {'type': 'lifespan.shutdown'}
2019-10-19 19:41:00,323 DEBUG    None - ASGI [1] Received {'type': 'lifespan.shutdown.complete'}
2019-10-19 19:41:00,323 DEBUG    None - ASGI [1] Completed
2019-10-19 19:41:00,323 INFO     Finished server process [47484]
2019-10-19 19:41:01,274 INFO     Started server process [47492]
2019-10-19 19:41:01,274 INFO     Waiting for application startup.
2019-10-19 19:41:01,275 DEBUG    None - ASGI [1] Started
2019-10-19 19:41:01,275 DEBUG    None - ASGI [1] Sent {'type': 'lifespan.startup'}
2019-10-19 19:41:01,275 DEBUG    None - ASGI [1] Received {'type': 'lifespan.startup.complete'}
2019-10-19 19:41:05,707 INFO     Shutting down
2019-10-19 19:41:05,810 INFO     Waiting for application shutdown.
2019-10-19 19:41:05,811 DEBUG    None - ASGI [1] Sent {'type': 'lifespan.shutdown'}
2019-10-19 19:41:05,811 DEBUG    None - ASGI [1] Received {'type': 'lifespan.shutdown.complete'}
2019-10-19 19:41:05,811 DEBUG    None - ASGI [1] Completed
2019-10-19 19:41:05,812 INFO     Finished server process [47492]
2019-10-19 19:41:06,207 INFO     Started server process [47500]
2019-10-19 19:41:06,207 INFO     Waiting for application startup.
2019-10-19 19:41:06,207 DEBUG    None - ASGI [1] Started
2019-10-19 19:41:06,207 DEBUG    None - ASGI [1] Sent {'type': 'lifespan.startup'}
2019-10-19 19:41:06,207 DEBUG    None - ASGI [1] Received {'type': 'lifespan.startup.complete'}
2019-10-19 19:41:12,175 INFO     Shutting down
2019-10-19 19:41:12,279 INFO     Waiting for application shutdown.
2019-10-19 19:41:12,280 DEBUG    None - ASGI [1] Sent {'type': 'lifespan.shutdown'}
2019-10-19 19:41:12,280 DEBUG    None - ASGI [1] Received {'type': 'lifespan.shutdown.complete'}
2019-10-19 19:41:12,280 DEBUG    None - ASGI [1] Completed
2019-10-19 19:41:12,280 INFO     Finished server process [47500]
2019-10-19 19:41:12,729 INFO     Started server process [47505]
2019-10-19 19:41:12,729 INFO     Waiting for application startup.
2019-10-19 19:41:12,730 DEBUG    None - ASGI [1] Started
2019-10-19 19:41:12,730 DEBUG    None - ASGI [1] Sent {'type': 'lifespan.startup'}
2019-10-19 19:41:12,730 DEBUG    None - ASGI [1] Received {'type': 'lifespan.startup.complete'}
2019-10-19 19:41:25,465 DEBUG    ('127.0.0.1', 62675) - Connected
2019-10-19 19:41:25,468 DEBUG    ('127.0.0.1', 62675) - ASGI [2] Started
2019-10-19 19:41:25,469 DEBUG    ('127.0.0.1', 62675) - ASGI [2] Sent {'type': 'http.request', 'body': '<99 bytes>', 'more_body': False}
2019-10-19 19:41:25,470 DEBUG    received items: https://www.statcan.gc.ca/eng/start,https://www.statcan.gc.ca/eng/dai/btd/index
2019-10-19 19:41:25,470 DEBUG    save to sessions_items.log
2019-10-19 19:41:25,474 DEBUG    ('127.0.0.1', 62675) - ASGI [2] Received {'type': 'http.response.start', 'status': 200, 'headers': '<...>'}
2019-10-19 19:41:25,474 INFO     ('127.0.0.1', 62675) - "POST /predict_next HTTP/1.1" 200
2019-10-19 19:41:25,474 DEBUG    ('127.0.0.1', 62675) - ASGI [2] Received {'type': 'http.response.body', 'body': '<61 bytes>'}
2019-10-19 19:41:25,474 DEBUG    ('127.0.0.1', 62675) - ASGI [2] Completed
2019-10-19 19:41:29,362 DEBUG    ('127.0.0.1', 62675) - ASGI [3] Started
2019-10-19 19:41:29,362 DEBUG    ('127.0.0.1', 62675) - ASGI [3] Sent {'type': 'http.request', 'body': '<147 bytes>', 'more_body': False}
2019-10-19 19:41:29,363 DEBUG    received items: https://www.statcan.gc.ca/eng/start,https://www.statcan.gc.ca/eng/dai/btd/index,https://www.statcan.gc.ca/eng/dai/btd/tce-faq
2019-10-19 19:41:29,363 DEBUG    save to sessions_items.log
2019-10-19 19:41:29,364 DEBUG    ('127.0.0.1', 62675) - ASGI [3] Received {'type': 'http.response.start', 'status': 200, 'headers': '<...>'}
2019-10-19 19:41:29,364 INFO     ('127.0.0.1', 62675) - "POST /predict_next HTTP/1.1" 200
2019-10-19 19:41:29,364 DEBUG    ('127.0.0.1', 62675) - ASGI [3] Received {'type': 'http.response.body', 'body': '<63 bytes>'}
2019-10-19 19:41:29,364 DEBUG    ('127.0.0.1', 62675) - ASGI [3] Completed
2019-10-19 19:41:32,959 DEBUG    ('127.0.0.1', 62675) - ASGI [4] Started
2019-10-19 19:41:32,960 DEBUG    ('127.0.0.1', 62675) - ASGI [4] Sent {'type': 'http.request', 'body': '<198 bytes>', 'more_body': False}
2019-10-19 19:41:32,960 DEBUG    received items: https://www.statcan.gc.ca/eng/start,https://www.statcan.gc.ca/eng/dai/btd/index,https://www.statcan.gc.ca/eng/dai/btd/tce-faq,https://www.statcan.gc.ca/eng/about/statcan?MM=1
2019-10-19 19:41:32,961 DEBUG    save to sessions_items.log
2019-10-19 19:41:32,961 DEBUG    ('127.0.0.1', 62675) - ASGI [4] Received {'type': 'http.response.start', 'status': 200, 'headers': '<...>'}
2019-10-19 19:41:32,961 INFO     ('127.0.0.1', 62675) - "POST /predict_next HTTP/1.1" 200
2019-10-19 19:41:32,962 DEBUG    ('127.0.0.1', 62675) - ASGI [4] Received {'type': 'http.response.body', 'body': '<66 bytes>'}
2019-10-19 19:41:32,962 DEBUG    ('127.0.0.1', 62675) - ASGI [4] Completed
2019-10-19 19:41:36,591 DEBUG    ('127.0.0.1', 62675) - ASGI [5] Started
2019-10-19 19:41:36,592 DEBUG    ('127.0.0.1', 62675) - ASGI [5] Sent {'type': 'http.request', 'body': '<297 bytes>', 'more_body': False}
2019-10-19 19:41:36,593 DEBUG    received items: https://www150.statcan.gc.ca/n1/dai-quo/index-eng.htm?HPA=1,https://www150.statcan.gc.ca/n1/dai-quo/ind1-eng.htm,https://www150.statcan.gc.ca/n1/dai-quo/ind1-eng.htm,https://www150.statcan.gc.ca/n1/dai-quo/special-eng.htm,https://www150.statcan.gc.ca/n1/en/type/data?MM=1
2019-10-19 19:41:36,593 DEBUG    save to sessions_items.log
2019-10-19 19:41:36,594 DEBUG    ('127.0.0.1', 62675) - ASGI [5] Received {'type': 'http.response.start', 'status': 200, 'headers': '<...>'}
2019-10-19 19:41:36,595 INFO     ('127.0.0.1', 62675) - "POST /predict_next HTTP/1.1" 200
2019-10-19 19:41:36,595 DEBUG    ('127.0.0.1', 62675) - ASGI [5] Received {'type': 'http.response.body', 'body': '<67 bytes>'}
2019-10-19 19:41:36,596 DEBUG    ('127.0.0.1', 62675) - ASGI [5] Completed
2019-10-19 19:41:41,598 DEBUG    ('127.0.0.1', 62675) - Disconnected
2019-10-19 19:41:49,886 INFO     Shutting down
2019-10-19 19:41:49,991 INFO     Waiting for application shutdown.
2019-10-19 19:41:49,991 DEBUG    None - ASGI [1] Sent {'type': 'lifespan.shutdown'}
2019-10-19 19:41:49,991 DEBUG    None - ASGI [1] Received {'type': 'lifespan.shutdown.complete'}
2019-10-19 19:41:49,991 DEBUG    None - ASGI [1] Completed
2019-10-19 19:41:49,991 INFO     Finished server process [47505]
2019-10-19 19:41:51,845 INFO     Started server process [47513]
2019-10-19 19:41:51,846 INFO     Waiting for application startup.
2019-10-19 19:41:51,852 DEBUG    None - ASGI [1] Started
2019-10-19 19:41:51,853 DEBUG    None - ASGI [1] Sent {'type': 'lifespan.startup'}
2019-10-19 19:41:51,853 DEBUG    None - ASGI [1] Received {'type': 'lifespan.startup.complete'}
2019-10-19 19:41:56,200 DEBUG    ('127.0.0.1', 62755) - Connected
2019-10-19 19:41:56,202 DEBUG    ('127.0.0.1', 62755) - ASGI [2] Started
2019-10-19 19:41:56,202 DEBUG    ('127.0.0.1', 62755) - ASGI [2] Sent {'type': 'http.request', 'body': '<307 bytes>', 'more_body': False}
2019-10-19 19:41:56,202 DEBUG    received items: https://www.statcan.gc.ca/eng/start,https://www.statcan.gc.ca/eng/dai/btd/index,https://www.statcan.gc.ca/eng/dai/btd/tce-faq,https://www.statcan.gc.ca/eng/about/statcan?MM=1,https://www.statcan.gc.ca/eng/trust?utm_source=statcan&utm_medium=banner&utm_campaign=trust-confiance_2019
2019-10-19 19:41:56,202 DEBUG    save to sessions_items.log
2019-10-19 19:41:56,204 DEBUG    ('127.0.0.1', 62755) - ASGI [2] Received {'type': 'http.response.start', 'status': 200, 'headers': '<...>'}
2019-10-19 19:41:56,205 INFO     ('127.0.0.1', 62755) - "POST /predict_next HTTP/1.1" 200
2019-10-19 19:41:56,205 DEBUG    ('127.0.0.1', 62755) - ASGI [2] Received {'type': 'http.response.body', 'body': '<233 bytes>'}
2019-10-19 19:41:56,205 DEBUG    ('127.0.0.1', 62755) - ASGI [2] Completed
2019-10-19 19:42:01,207 DEBUG    ('127.0.0.1', 62755) - Disconnected
2019-10-19 19:42:11,889 DEBUG    ('127.0.0.1', 62792) - Connected
2019-10-19 19:42:11,889 DEBUG    ('127.0.0.1', 62792) - ASGI [3] Started
2019-10-19 19:42:11,889 DEBUG    ('127.0.0.1', 62792) - ASGI [3] Sent {'type': 'http.request', 'body': '<353 bytes>', 'more_body': False}
2019-10-19 19:42:11,890 DEBUG    received items: https://www.statcan.gc.ca/eng/start,https://www.statcan.gc.ca/eng/dai/btd/index,https://www.statcan.gc.ca/eng/dai/btd/tce-faq,https://www.statcan.gc.ca/eng/about/statcan?MM=1,https://www.statcan.gc.ca/eng/trust?utm_source=statcan&utm_medium=banner&utm_campaign=trust-confiance_2019,https://www.statcan.gc.ca/eng/trust/privacy
2019-10-19 19:42:11,890 DEBUG    save to sessions_items.log
2019-10-19 19:42:11,891 DEBUG    ('127.0.0.1', 62792) - ASGI [3] Received {'type': 'http.response.start', 'status': 200, 'headers': '<...>'}
2019-10-19 19:42:11,891 INFO     ('127.0.0.1', 62792) - "POST /predict_next HTTP/1.1" 200
2019-10-19 19:42:11,891 DEBUG    ('127.0.0.1', 62792) - ASGI [3] Received {'type': 'http.response.body', 'body': '<107 bytes>'}
2019-10-19 19:42:11,892 DEBUG    ('127.0.0.1', 62792) - ASGI [3] Completed
2019-10-19 19:42:15,083 DEBUG    ('127.0.0.1', 62792) - ASGI [4] Started
2019-10-19 19:42:15,085 DEBUG    ('127.0.0.1', 62792) - ASGI [4] Sent {'type': 'http.request', 'body': '<391 bytes>', 'more_body': False}
2019-10-19 19:42:15,086 DEBUG    received items: https://www.statcan.gc.ca/eng/start,https://www.statcan.gc.ca/eng/dai/btd/index,https://www.statcan.gc.ca/eng/dai/btd/tce-faq,https://www.statcan.gc.ca/eng/about/statcan?MM=1,https://www.statcan.gc.ca/eng/trust?utm_source=statcan&utm_medium=banner&utm_campaign=trust-confiance_2019,https://www.statcan.gc.ca/eng/trust/privacy,https://www.statcan.gc.ca/eng/trust
2019-10-19 19:42:15,086 DEBUG    save to sessions_items.log
2019-10-19 19:42:15,087 DEBUG    ('127.0.0.1', 62792) - ASGI [4] Received {'type': 'http.response.start', 'status': 200, 'headers': '<...>'}
2019-10-19 19:42:15,087 INFO     ('127.0.0.1', 62792) - "POST /predict_next HTTP/1.1" 200
2019-10-19 19:42:15,087 DEBUG    ('127.0.0.1', 62792) - ASGI [4] Received {'type': 'http.response.body', 'body': '<91 bytes>'}
2019-10-19 19:42:15,087 DEBUG    ('127.0.0.1', 62792) - ASGI [4] Completed
2019-10-19 19:42:20,086 DEBUG    ('127.0.0.1', 62792) - Disconnected
2019-10-19 19:43:26,507 INFO     Shutting down
2019-10-19 19:43:26,611 INFO     Waiting for application shutdown.
2019-10-19 19:43:26,611 DEBUG    None - ASGI [1] Sent {'type': 'lifespan.shutdown'}
2019-10-19 19:43:26,611 DEBUG    None - ASGI [1] Received {'type': 'lifespan.shutdown.complete'}
2019-10-19 19:43:26,611 DEBUG    None - ASGI [1] Completed
2019-10-19 19:43:26,611 INFO     Finished server process [47513]
2019-10-19 19:43:27,760 INFO     Started server process [47533]
2019-10-19 19:43:27,760 INFO     Waiting for application startup.
2019-10-19 19:43:27,761 DEBUG    None - ASGI [1] Started
2019-10-19 19:43:27,761 DEBUG    None - ASGI [1] Sent {'type': 'lifespan.startup'}
2019-10-19 19:43:27,761 DEBUG    None - ASGI [1] Received {'type': 'lifespan.startup.complete'}
2019-10-19 19:43:46,393 INFO     Shutting down
2019-10-19 19:43:46,500 INFO     Waiting for application shutdown.
2019-10-19 19:43:46,500 DEBUG    None - ASGI [1] Sent {'type': 'lifespan.shutdown'}
2019-10-19 19:43:46,501 DEBUG    None - ASGI [1] Received {'type': 'lifespan.shutdown.complete'}
2019-10-19 19:43:46,501 DEBUG    None - ASGI [1] Completed
2019-10-19 19:43:46,501 INFO     Finished server process [47533]
2019-10-19 19:43:47,351 INFO     Started server process [47544]
2019-10-19 19:43:47,351 INFO     Waiting for application startup.
2019-10-19 19:43:47,352 DEBUG    None - ASGI [1] Started
2019-10-19 19:43:47,352 DEBUG    None - ASGI [1] Sent {'type': 'lifespan.startup'}
2019-10-19 19:43:47,352 DEBUG    None - ASGI [1] Received {'type': 'lifespan.startup.complete'}
2019-10-19 19:44:05,897 INFO     Shutting down
2019-10-19 19:44:06,000 INFO     Waiting for application shutdown.
2019-10-19 19:44:06,000 DEBUG    None - ASGI [1] Sent {'type': 'lifespan.shutdown'}
2019-10-19 19:44:06,000 DEBUG    None - ASGI [1] Received {'type': 'lifespan.shutdown.complete'}
2019-10-19 19:44:06,000 DEBUG    None - ASGI [1] Completed
2019-10-19 19:44:06,001 INFO     Finished server process [47544]
2019-10-19 19:44:06,596 INFO     Started server process [47553]
2019-10-19 19:44:06,597 INFO     Waiting for application startup.
2019-10-19 19:44:06,597 DEBUG    None - ASGI [1] Started
2019-10-19 19:44:06,597 DEBUG    None - ASGI [1] Sent {'type': 'lifespan.startup'}
2019-10-19 19:44:06,597 DEBUG    None - ASGI [1] Received {'type': 'lifespan.startup.complete'}
2019-10-19 19:44:38,690 INFO     Shutting down
2019-10-19 19:44:38,795 INFO     Waiting for application shutdown.
2019-10-19 19:44:38,795 DEBUG    None - ASGI [1] Sent {'type': 'lifespan.shutdown'}
2019-10-19 19:44:38,795 DEBUG    None - ASGI [1] Received {'type': 'lifespan.shutdown.complete'}
2019-10-19 19:44:38,796 DEBUG    None - ASGI [1] Completed
2019-10-19 19:44:38,796 INFO     Finished server process [47553]
2019-10-19 19:44:39,884 INFO     Started server process [47561]
2019-10-19 19:44:39,884 INFO     Waiting for application startup.
2019-10-19 19:44:39,884 DEBUG    None - ASGI [1] Started
2019-10-19 19:44:39,884 DEBUG    None - ASGI [1] Sent {'type': 'lifespan.startup'}
2019-10-19 19:44:39,885 DEBUG    None - ASGI [1] Received {'type': 'lifespan.startup.complete'}
2019-10-19 19:44:46,478 INFO     Shutting down
2019-10-19 19:44:46,581 INFO     Waiting for application shutdown.
2019-10-19 19:44:46,582 DEBUG    None - ASGI [1] Sent {'type': 'lifespan.shutdown'}
2019-10-19 19:44:46,582 DEBUG    None - ASGI [1] Received {'type': 'lifespan.shutdown.complete'}
2019-10-19 19:44:46,582 DEBUG    None - ASGI [1] Completed
2019-10-19 19:44:46,582 INFO     Finished server process [47561]
2019-10-19 19:44:47,178 INFO     Started server process [47568]
2019-10-19 19:44:47,178 INFO     Waiting for application startup.
2019-10-19 19:44:47,179 DEBUG    None - ASGI [1] Started
2019-10-19 19:44:47,179 DEBUG    None - ASGI [1] Sent {'type': 'lifespan.startup'}
2019-10-19 19:44:47,179 DEBUG    None - ASGI [1] Received {'type': 'lifespan.startup.complete'}
2019-10-19 19:44:51,088 INFO     Shutting down
2019-10-19 19:44:51,193 INFO     Waiting for application shutdown.
2019-10-19 19:44:51,193 DEBUG    None - ASGI [1] Sent {'type': 'lifespan.shutdown'}
2019-10-19 19:44:51,193 DEBUG    None - ASGI [1] Received {'type': 'lifespan.shutdown.complete'}
2019-10-19 19:44:51,194 DEBUG    None - ASGI [1] Completed
2019-10-19 19:44:51,194 INFO     Finished server process [47568]
2019-10-19 19:44:53,026 INFO     Started server process [47571]
2019-10-19 19:44:53,026 INFO     Waiting for application startup.
2019-10-19 19:44:53,027 DEBUG    None - ASGI [1] Started
2019-10-19 19:44:53,027 DEBUG    None - ASGI [1] Sent {'type': 'lifespan.startup'}
2019-10-19 19:44:53,027 DEBUG    None - ASGI [1] Received {'type': 'lifespan.startup.complete'}
2019-10-19 19:44:55,421 INFO     Shutting down
2019-10-19 19:44:55,524 INFO     Waiting for application shutdown.
2019-10-19 19:44:55,524 DEBUG    None - ASGI [1] Sent {'type': 'lifespan.shutdown'}
2019-10-19 19:44:55,524 DEBUG    None - ASGI [1] Received {'type': 'lifespan.shutdown.complete'}
2019-10-19 19:44:55,525 DEBUG    None - ASGI [1] Completed
2019-10-19 19:44:55,525 INFO     Finished server process [47571]
2019-10-19 19:44:55,973 INFO     Started server process [47575]
2019-10-19 19:44:55,973 INFO     Waiting for application startup.
2019-10-19 19:44:55,974 DEBUG    None - ASGI [1] Started
2019-10-19 19:44:55,974 DEBUG    None - ASGI [1] Sent {'type': 'lifespan.startup'}
2019-10-19 19:44:55,974 DEBUG    None - ASGI [1] Received {'type': 'lifespan.startup.complete'}
2019-10-19 19:45:03,184 INFO     Shutting down
2019-10-19 19:45:03,287 INFO     Waiting for application shutdown.
2019-10-19 19:45:03,287 DEBUG    None - ASGI [1] Sent {'type': 'lifespan.shutdown'}
2019-10-19 19:45:03,287 DEBUG    None - ASGI [1] Received {'type': 'lifespan.shutdown.complete'}
2019-10-19 19:45:03,287 DEBUG    None - ASGI [1] Completed
2019-10-19 19:45:03,288 INFO     Finished server process [47575]
2019-10-19 19:45:03,798 INFO     Started server process [47578]
2019-10-19 19:45:03,799 INFO     Waiting for application startup.
2019-10-19 19:45:03,799 DEBUG    None - ASGI [1] Started
2019-10-19 19:45:03,800 DEBUG    None - ASGI [1] Sent {'type': 'lifespan.startup'}
2019-10-19 19:45:03,800 DEBUG    None - ASGI [1] Received {'type': 'lifespan.startup.complete'}
2019-10-19 19:46:01,503 INFO     Shutting down
2019-10-19 19:46:01,607 INFO     Waiting for application shutdown.
2019-10-19 19:46:01,607 DEBUG    None - ASGI [1] Sent {'type': 'lifespan.shutdown'}
2019-10-19 19:46:01,607 DEBUG    None - ASGI [1] Received {'type': 'lifespan.shutdown.complete'}
2019-10-19 19:46:01,607 DEBUG    None - ASGI [1] Completed
2019-10-19 19:46:01,607 INFO     Finished server process [47578]
2019-10-19 19:46:02,203 INFO     Started server process [47599]
2019-10-19 19:46:02,204 INFO     Waiting for application startup.
2019-10-19 19:46:02,204 DEBUG    None - ASGI [1] Started
2019-10-19 19:46:02,205 DEBUG    None - ASGI [1] Sent {'type': 'lifespan.startup'}
2019-10-19 19:46:02,206 DEBUG    None - ASGI [1] Received {'type': 'lifespan.startup.complete'}
2019-10-19 19:46:04,824 INFO     Shutting down
2019-10-19 19:46:04,929 INFO     Waiting for application shutdown.
2019-10-19 19:46:04,929 DEBUG    None - ASGI [1] Sent {'type': 'lifespan.shutdown'}
2019-10-19 19:46:04,930 DEBUG    None - ASGI [1] Received {'type': 'lifespan.shutdown.complete'}
2019-10-19 19:46:04,930 DEBUG    None - ASGI [1] Completed
2019-10-19 19:46:04,930 INFO     Finished server process [47599]
2019-10-19 19:46:05,687 INFO     Started server process [47602]
2019-10-19 19:46:05,695 INFO     Waiting for application startup.
2019-10-19 19:46:05,695 DEBUG    None - ASGI [1] Started
2019-10-19 19:46:05,696 DEBUG    None - ASGI [1] Sent {'type': 'lifespan.startup'}
2019-10-19 19:46:05,697 DEBUG    None - ASGI [1] Received {'type': 'lifespan.startup.complete'}
2019-10-19 19:46:32,272 INFO     Shutting down
2019-10-19 19:46:32,381 INFO     Waiting for application shutdown.
2019-10-19 19:46:32,381 DEBUG    None - ASGI [1] Sent {'type': 'lifespan.shutdown'}
2019-10-19 19:46:32,381 DEBUG    None - ASGI [1] Received {'type': 'lifespan.shutdown.complete'}
2019-10-19 19:46:32,381 DEBUG    None - ASGI [1] Completed
2019-10-19 19:46:32,381 INFO     Finished server process [47602]
2019-10-19 19:46:33,155 INFO     Started server process [47617]
2019-10-19 19:46:33,155 INFO     Waiting for application startup.
2019-10-19 19:46:33,156 DEBUG    None - ASGI [1] Started
2019-10-19 19:46:33,156 DEBUG    None - ASGI [1] Sent {'type': 'lifespan.startup'}
2019-10-19 19:46:33,156 DEBUG    None - ASGI [1] Received {'type': 'lifespan.startup.complete'}
2019-10-19 19:47:04,824 INFO     Shutting down
2019-10-19 19:47:04,929 INFO     Waiting for application shutdown.
2019-10-19 19:47:04,929 DEBUG    None - ASGI [1] Sent {'type': 'lifespan.shutdown'}
2019-10-19 19:47:04,929 DEBUG    None - ASGI [1] Received {'type': 'lifespan.shutdown.complete'}
2019-10-19 19:47:04,930 DEBUG    None - ASGI [1] Completed
2019-10-19 19:47:04,930 INFO     Finished server process [47617]
2019-10-19 19:47:05,560 INFO     Started server process [47627]
2019-10-19 19:47:05,560 INFO     Waiting for application startup.
2019-10-19 19:47:05,561 DEBUG    None - ASGI [1] Started
2019-10-19 19:47:05,561 DEBUG    None - ASGI [1] Sent {'type': 'lifespan.startup'}
2019-10-19 19:47:05,561 DEBUG    None - ASGI [1] Received {'type': 'lifespan.startup.complete'}
2019-10-19 19:47:13,696 INFO     Shutting down
2019-10-19 19:47:13,800 INFO     Waiting for application shutdown.
2019-10-19 19:47:13,800 DEBUG    None - ASGI [1] Sent {'type': 'lifespan.shutdown'}
2019-10-19 19:47:13,800 DEBUG    None - ASGI [1] Received {'type': 'lifespan.shutdown.complete'}
2019-10-19 19:47:13,800 DEBUG    None - ASGI [1] Completed
2019-10-19 19:47:13,800 INFO     Finished server process [47627]
2019-10-19 19:47:14,395 INFO     Started server process [47637]
2019-10-19 19:47:14,395 INFO     Waiting for application startup.
2019-10-19 19:47:14,396 DEBUG    None - ASGI [1] Started
2019-10-19 19:47:14,396 DEBUG    None - ASGI [1] Sent {'type': 'lifespan.startup'}
2019-10-19 19:47:14,396 DEBUG    None - ASGI [1] Received {'type': 'lifespan.startup.complete'}
2019-10-19 19:47:17,090 INFO     Shutting down
2019-10-19 19:47:17,191 INFO     Waiting for application shutdown.
2019-10-19 19:47:17,191 DEBUG    None - ASGI [1] Sent {'type': 'lifespan.shutdown'}
2019-10-19 19:47:17,192 DEBUG    None - ASGI [1] Received {'type': 'lifespan.shutdown.complete'}
2019-10-19 19:47:17,192 DEBUG    None - ASGI [1] Completed
2019-10-19 19:47:17,192 INFO     Finished server process [47637]
2019-10-19 19:47:17,904 INFO     Started server process [47644]
2019-10-19 19:47:17,905 INFO     Waiting for application startup.
2019-10-19 19:47:17,906 DEBUG    None - ASGI [1] Started
2019-10-19 19:47:17,906 DEBUG    None - ASGI [1] Sent {'type': 'lifespan.startup'}
2019-10-19 19:47:17,906 DEBUG    None - ASGI [1] Received {'type': 'lifespan.startup.complete'}
2019-10-19 19:47:23,819 INFO     Shutting down
2019-10-19 19:47:23,924 INFO     Waiting for application shutdown.
2019-10-19 19:47:23,924 DEBUG    None - ASGI [1] Sent {'type': 'lifespan.shutdown'}
2019-10-19 19:47:23,925 DEBUG    None - ASGI [1] Received {'type': 'lifespan.shutdown.complete'}
2019-10-19 19:47:23,926 DEBUG    None - ASGI [1] Completed
2019-10-19 19:47:23,926 INFO     Finished server process [47644]
2019-10-19 19:47:24,876 INFO     Started server process [47652]
2019-10-19 19:47:24,876 INFO     Waiting for application startup.
2019-10-19 19:47:24,876 DEBUG    None - ASGI [1] Started
2019-10-19 19:47:24,877 DEBUG    None - ASGI [1] Sent {'type': 'lifespan.startup'}
2019-10-19 19:47:24,877 DEBUG    None - ASGI [1] Received {'type': 'lifespan.startup.complete'}
2019-10-19 19:48:39,013 INFO     Shutting down
2019-10-19 19:48:39,115 INFO     Waiting for application shutdown.
2019-10-19 19:48:39,115 DEBUG    None - ASGI [1] Sent {'type': 'lifespan.shutdown'}
2019-10-19 19:48:39,115 DEBUG    None - ASGI [1] Received {'type': 'lifespan.shutdown.complete'}
2019-10-19 19:48:39,115 DEBUG    None - ASGI [1] Completed
2019-10-19 19:48:39,116 INFO     Finished server process [47652]
2019-10-19 19:48:39,722 INFO     Started server process [47667]
2019-10-19 19:48:39,722 INFO     Waiting for application startup.
2019-10-19 19:48:39,723 DEBUG    None - ASGI [1] Started
2019-10-19 19:48:39,723 DEBUG    None - ASGI [1] Sent {'type': 'lifespan.startup'}
2019-10-19 19:48:39,723 DEBUG    None - ASGI [1] Received {'type': 'lifespan.startup.complete'}
2019-10-19 19:48:59,900 INFO     Shutting down
2019-10-19 19:49:00,004 INFO     Waiting for application shutdown.
2019-10-19 19:49:00,004 DEBUG    None - ASGI [1] Sent {'type': 'lifespan.shutdown'}
2019-10-19 19:49:00,004 DEBUG    None - ASGI [1] Received {'type': 'lifespan.shutdown.complete'}
2019-10-19 19:49:00,004 DEBUG    None - ASGI [1] Completed
2019-10-19 19:49:00,005 INFO     Finished server process [47667]
2019-10-19 19:49:00,619 INFO     Started server process [47676]
2019-10-19 19:49:00,619 INFO     Waiting for application startup.
2019-10-19 19:49:00,619 DEBUG    None - ASGI [1] Started
2019-10-19 19:49:00,620 DEBUG    None - ASGI [1] Sent {'type': 'lifespan.startup'}
2019-10-19 19:49:00,620 DEBUG    None - ASGI [1] Received {'type': 'lifespan.startup.complete'}
2019-10-19 19:49:51,809 INFO     Shutting down
2019-10-19 19:49:51,912 INFO     Waiting for application shutdown.
2019-10-19 19:49:51,912 DEBUG    None - ASGI [1] Sent {'type': 'lifespan.shutdown'}
2019-10-19 19:49:51,912 DEBUG    None - ASGI [1] Received {'type': 'lifespan.shutdown.complete'}
2019-10-19 19:49:51,913 DEBUG    None - ASGI [1] Completed
2019-10-19 19:49:51,913 INFO     Finished server process [47676]
2019-10-19 19:49:52,440 INFO     Started server process [47683]
2019-10-19 19:49:52,440 INFO     Waiting for application startup.
2019-10-19 19:49:52,441 DEBUG    None - ASGI [1] Started
2019-10-19 19:49:52,441 DEBUG    None - ASGI [1] Sent {'type': 'lifespan.startup'}
2019-10-19 19:49:52,441 DEBUG    None - ASGI [1] Received {'type': 'lifespan.startup.complete'}
2019-10-19 19:50:05,730 INFO     Shutting down
2019-10-19 19:50:05,832 INFO     Waiting for application shutdown.
2019-10-19 19:50:05,832 DEBUG    None - ASGI [1] Sent {'type': 'lifespan.shutdown'}
2019-10-19 19:50:05,832 DEBUG    None - ASGI [1] Received {'type': 'lifespan.shutdown.complete'}
2019-10-19 19:50:05,832 DEBUG    None - ASGI [1] Completed
2019-10-19 19:50:05,832 INFO     Finished server process [47683]
2019-10-19 19:50:06,257 INFO     Started server process [47696]
2019-10-19 19:50:06,257 INFO     Waiting for application startup.
2019-10-19 19:50:06,258 DEBUG    None - ASGI [1] Started
2019-10-19 19:50:06,258 DEBUG    None - ASGI [1] Sent {'type': 'lifespan.startup'}
2019-10-19 19:50:06,258 DEBUG    None - ASGI [1] Received {'type': 'lifespan.startup.complete'}
2019-10-19 20:06:11,946 DEBUG    ('127.0.0.1', 51579) - Connected
2019-10-19 20:06:11,953 DEBUG    ('127.0.0.1', 51579) - ASGI [2] Started
2019-10-19 20:06:11,958 DEBUG    ('127.0.0.1', 51579) - ASGI [2] Sent {'type': 'http.request', 'body': '<434 bytes>', 'more_body': False}
2019-10-19 20:06:11,962 DEBUG    received items: https://www.statcan.gc.ca/eng/start,https://www.statcan.gc.ca/eng/dai/btd/index,https://www.statcan.gc.ca/eng/dai/btd/tce-faq,https://www.statcan.gc.ca/eng/about/statcan?MM=1,https://www.statcan.gc.ca/eng/trust?utm_source=statcan&utm_medium=banner&utm_campaign=trust-confiance_2019,https://www.statcan.gc.ca/eng/trust/privacy,https://www.statcan.gc.ca/eng/trust,https://www.statcan.gc.ca/eng/trust/safe
2019-10-19 20:06:11,962 DEBUG    save to sessions_items.log
2019-10-19 20:06:11,969 DEBUG    ('127.0.0.1', 51579) - ASGI [2] Received {'type': 'http.response.start', 'status': 200, 'headers': '<...>'}
2019-10-19 20:06:11,969 INFO     ('127.0.0.1', 51579) - "POST /predict_next HTTP/1.1" 200
2019-10-19 20:06:11,970 DEBUG    ('127.0.0.1', 51579) - ASGI [2] Received {'type': 'http.response.body', 'body': '<101 bytes>'}
2019-10-19 20:06:11,970 DEBUG    ('127.0.0.1', 51579) - ASGI [2] Completed
2019-10-19 20:06:16,971 DEBUG    ('127.0.0.1', 51579) - Disconnected
2019-10-19 20:06:28,399 DEBUG    ('127.0.0.1', 51664) - Connected
2019-10-19 20:06:28,399 DEBUG    ('127.0.0.1', 51664) - ASGI [3] Started
2019-10-19 20:06:28,399 DEBUG    ('127.0.0.1', 51664) - ASGI [3] Sent {'type': 'http.request', 'body': '<353 bytes>', 'more_body': False}
2019-10-19 20:06:28,401 DEBUG    received items: https://www150.statcan.gc.ca/n1/dai-quo/index-eng.htm?HPA=1,https://www150.statcan.gc.ca/n1/dai-quo/ind1-eng.htm,https://www150.statcan.gc.ca/n1/dai-quo/ind1-eng.htm,https://www150.statcan.gc.ca/n1/dai-quo/special-eng.htm,https://www150.statcan.gc.ca/n1/en/type/data?MM=1,https://www150.statcan.gc.ca/n1/en/type/analysis?MM=1
2019-10-19 20:06:28,402 DEBUG    save to sessions_items.log
2019-10-19 20:06:28,402 DEBUG    ('127.0.0.1', 51664) - ASGI [3] Received {'type': 'http.response.start', 'status': 200, 'headers': '<...>'}
2019-10-19 20:06:28,403 INFO     ('127.0.0.1', 51664) - "POST /predict_next HTTP/1.1" 200
2019-10-19 20:06:28,403 DEBUG    ('127.0.0.1', 51664) - ASGI [3] Received {'type': 'http.response.body', 'body': '<127 bytes>'}
2019-10-19 20:06:28,403 DEBUG    ('127.0.0.1', 51664) - ASGI [3] Completed
2019-10-19 20:06:32,100 DEBUG    ('127.0.0.1', 51664) - ASGI [4] Started
2019-10-19 20:06:32,100 DEBUG    ('127.0.0.1', 51664) - ASGI [4] Sent {'type': 'http.request', 'body': '<428 bytes>', 'more_body': False}
2019-10-19 20:06:32,101 DEBUG    received items: https://www150.statcan.gc.ca/n1/dai-quo/index-eng.htm?HPA=1,https://www150.statcan.gc.ca/n1/dai-quo/ind1-eng.htm,https://www150.statcan.gc.ca/n1/dai-quo/ind1-eng.htm,https://www150.statcan.gc.ca/n1/dai-quo/special-eng.htm,https://www150.statcan.gc.ca/n1/en/type/data?MM=1,https://www150.statcan.gc.ca/n1/en/type/analysis?MM=1,https://www150.statcan.gc.ca/n1/daily-quotidien/191018/dq191018a-eng.htm
2019-10-19 20:06:32,101 DEBUG    save to sessions_items.log
2019-10-19 20:06:32,101 DEBUG    ('127.0.0.1', 51664) - ASGI [4] Received {'type': 'http.response.start', 'status': 200, 'headers': '<...>'}
2019-10-19 20:06:32,101 INFO     ('127.0.0.1', 51664) - "POST /predict_next HTTP/1.1" 200
2019-10-19 20:06:32,102 DEBUG    ('127.0.0.1', 51664) - ASGI [4] Received {'type': 'http.response.body', 'body': '<165 bytes>'}
2019-10-19 20:06:32,102 DEBUG    ('127.0.0.1', 51664) - ASGI [4] Completed
2019-10-19 20:06:37,107 DEBUG    ('127.0.0.1', 51664) - Disconnected
2019-10-19 20:16:57,027 DEBUG    ('127.0.0.1', 54614) - Connected
2019-10-19 20:16:57,033 DEBUG    ('127.0.0.1', 54614) - ASGI [5] Started
2019-10-19 20:16:57,034 DEBUG    ('127.0.0.1', 54614) - ASGI [5] Sent {'type': 'http.request', 'body': '<472 bytes>', 'more_body': False}
2019-10-19 20:16:57,034 DEBUG    received items: https://www.statcan.gc.ca/eng/start,https://www.statcan.gc.ca/eng/dai/btd/index,https://www.statcan.gc.ca/eng/dai/btd/tce-faq,https://www.statcan.gc.ca/eng/about/statcan?MM=1,https://www.statcan.gc.ca/eng/trust?utm_source=statcan&utm_medium=banner&utm_campaign=trust-confiance_2019,https://www.statcan.gc.ca/eng/trust/privacy,https://www.statcan.gc.ca/eng/trust,https://www.statcan.gc.ca/eng/trust/safe,https://www.statcan.gc.ca/eng/start
2019-10-19 20:16:57,035 DEBUG    save to sessions_items.log
2019-10-19 20:16:57,037 DEBUG    ('127.0.0.1', 54614) - ASGI [5] Received {'type': 'http.response.start', 'status': 200, 'headers': '<...>'}
2019-10-19 20:16:57,037 INFO     ('127.0.0.1', 54614) - "POST /predict_next HTTP/1.1" 200
2019-10-19 20:16:57,037 DEBUG    ('127.0.0.1', 54614) - ASGI [5] Received {'type': 'http.response.body', 'body': '<91 bytes>'}
2019-10-19 20:16:57,038 DEBUG    ('127.0.0.1', 54614) - ASGI [5] Completed
2019-10-19 20:17:02,039 DEBUG    ('127.0.0.1', 54614) - Disconnected
2019-10-19 20:17:02,188 DEBUG    ('127.0.0.1', 54643) - Connected
2019-10-19 20:17:02,189 DEBUG    ('127.0.0.1', 54643) - ASGI [6] Started
2019-10-19 20:17:02,189 DEBUG    ('127.0.0.1', 54643) - ASGI [6] Sent {'type': 'http.request', 'body': '<531 bytes>', 'more_body': False}
2019-10-19 20:17:02,189 DEBUG    received items: https://www150.statcan.gc.ca/n1/dai-quo/index-eng.htm?HPA=1,https://www150.statcan.gc.ca/n1/dai-quo/ind1-eng.htm,https://www150.statcan.gc.ca/n1/dai-quo/ind1-eng.htm,https://www150.statcan.gc.ca/n1/dai-quo/special-eng.htm,https://www150.statcan.gc.ca/n1/en/type/data?MM=1,https://www150.statcan.gc.ca/n1/en/type/analysis?MM=1,https://www150.statcan.gc.ca/n1/daily-quotidien/191018/dq191018a-eng.htm,https://www150.statcan.gc.ca/n1/daily-quotidien/190930/dq190930f-eng.htm?HPA=1&indid=4098-1&indgeo=0
2019-10-19 20:17:02,190 DEBUG    save to sessions_items.log
2019-10-19 20:17:02,192 DEBUG    ('127.0.0.1', 54643) - ASGI [6] Received {'type': 'http.response.start', 'status': 200, 'headers': '<...>'}
2019-10-19 20:17:02,193 INFO     ('127.0.0.1', 54643) - "POST /predict_next HTTP/1.1" 200
2019-10-19 20:17:02,193 DEBUG    ('127.0.0.1', 54643) - ASGI [6] Received {'type': 'http.response.body', 'body': '<221 bytes>'}
2019-10-19 20:17:02,193 DEBUG    ('127.0.0.1', 54643) - ASGI [6] Completed
2019-10-19 20:17:07,197 DEBUG    ('127.0.0.1', 54643) - Disconnected
2019-10-19 20:18:30,219 DEBUG    ('127.0.0.1', 55056) - Connected
2019-10-19 20:18:30,220 DEBUG    ('127.0.0.1', 55056) - ASGI [7] Started
2019-10-19 20:18:30,220 DEBUG    ('127.0.0.1', 55056) - ASGI [7] Sent {'type': 'http.request', 'body': '<41 bytes>', 'more_body': False}
2019-10-19 20:18:30,220 DEBUG    received items: https://www.google.com/
2019-10-19 20:18:30,221 DEBUG    save to sessions_items.log
2019-10-19 20:18:30,221 DEBUG    ('127.0.0.1', 55056) - ASGI [7] Received {'type': 'http.response.start', 'status': 200, 'headers': '<...>'}
2019-10-19 20:18:30,221 INFO     ('127.0.0.1', 55056) - "POST /predict_next HTTP/1.1" 200
2019-10-19 20:18:30,221 DEBUG    ('127.0.0.1', 55056) - ASGI [7] Received {'type': 'http.response.body', 'body': '<67 bytes>'}
2019-10-19 20:18:30,221 DEBUG    ('127.0.0.1', 55056) - ASGI [7] Completed
2019-10-19 20:18:31,047 DEBUG    ('127.0.0.1', 55056) - ASGI [8] Started
2019-10-19 20:18:31,048 DEBUG    ('127.0.0.1', 55056) - ASGI [8] Sent {'type': 'http.request', 'body': '<60 bytes>', 'more_body': False}
2019-10-19 20:18:31,049 DEBUG    received items: https://clients5.google.com/pagead/drt/dn/
2019-10-19 20:18:31,049 DEBUG    save to sessions_items.log
2019-10-19 20:18:31,049 DEBUG    ('127.0.0.1', 55056) - ASGI [8] Received {'type': 'http.response.start', 'status': 200, 'headers': '<...>'}
2019-10-19 20:18:31,050 INFO     ('127.0.0.1', 55056) - "POST /predict_next HTTP/1.1" 200
2019-10-19 20:18:31,050 DEBUG    ('127.0.0.1', 55056) - ASGI [8] Received {'type': 'http.response.body', 'body': '<105 bytes>'}
2019-10-19 20:18:31,050 DEBUG    ('127.0.0.1', 55056) - ASGI [8] Completed
2019-10-19 20:18:31,508 DEBUG    ('127.0.0.1', 55056) - ASGI [9] Started
2019-10-19 20:18:31,509 DEBUG    ('127.0.0.1', 55056) - ASGI [9] Sent {'type': 'http.request', 'body': '<389 bytes>', 'more_body': False}
2019-10-19 20:18:31,509 DEBUG    received items: https://www.google.com/,https://www.google.com/search?sxsrf=ACYBGNRjfo5Na1BTHCQrtdhPrLKWexRS6Q%3A1571530710024&source=hp&ei=1aerXcWdO86t_QaYwYfgCg&q=https%3A%2F%2Fwww150.statcan.gc.ca&oq=https%3A%2F%2Fwww150.statcan.gc.ca&gs_l=psy-ab.3..0j0i22i30l2.223.223..419...0.0..0.112.112.0j1......0....2j1..gws-wiz.NsdxBtOHneo&ved=0ahUKEwiF3OKNyKnlAhXOVt8KHZjgAawQ4dUDCAg&uact=5
2019-10-19 20:18:31,509 DEBUG    save to sessions_items.log
2019-10-19 20:18:31,510 DEBUG    ('127.0.0.1', 55056) - ASGI [9] Received {'type': 'http.response.start', 'status': 200, 'headers': '<...>'}
2019-10-19 20:18:31,510 INFO     ('127.0.0.1', 55056) - "POST /predict_next HTTP/1.1" 200
2019-10-19 20:18:31,510 DEBUG    ('127.0.0.1', 55056) - ASGI [9] Received {'type': 'http.response.body', 'body': '<711 bytes>'}
2019-10-19 20:18:31,510 DEBUG    ('127.0.0.1', 55056) - ASGI [9] Completed
2019-10-19 20:18:33,583 DEBUG    ('127.0.0.1', 55056) - ASGI [10] Started
2019-10-19 20:18:33,583 DEBUG    ('127.0.0.1', 55056) - ASGI [10] Sent {'type': 'http.request', 'body': '<44 bytes>', 'more_body': False}
2019-10-19 20:18:33,583 DEBUG    received items: https://www.statcan.gc.ca/
2019-10-19 20:18:33,584 DEBUG    save to sessions_items.log
2019-10-19 20:18:33,584 DEBUG    ('127.0.0.1', 55056) - ASGI [10] Received {'type': 'http.response.start', 'status': 200, 'headers': '<...>'}
2019-10-19 20:18:33,585 INFO     ('127.0.0.1', 55056) - "POST /predict_next HTTP/1.1" 200
2019-10-19 20:18:33,585 DEBUG    ('127.0.0.1', 55056) - ASGI [10] Received {'type': 'http.response.body', 'body': '<73 bytes>'}
2019-10-19 20:18:33,585 DEBUG    ('127.0.0.1', 55056) - ASGI [10] Completed
2019-10-19 20:18:35,264 DEBUG    ('127.0.0.1', 55056) - ASGI [11] Started
2019-10-19 20:18:35,265 DEBUG    ('127.0.0.1', 55056) - ASGI [11] Sent {'type': 'http.request', 'body': '<82 bytes>', 'more_body': False}
2019-10-19 20:18:35,265 DEBUG    received items: https://www.statcan.gc.ca/,https://www.statcan.gc.ca/eng/start
2019-10-19 20:18:35,265 DEBUG    save to sessions_items.log
2019-10-19 20:18:35,265 DEBUG    ('127.0.0.1', 55056) - ASGI [11] Received {'type': 'http.response.start', 'status': 200, 'headers': '<...>'}
2019-10-19 20:18:35,266 INFO     ('127.0.0.1', 55056) - "POST /predict_next HTTP/1.1" 200
2019-10-19 20:18:35,266 DEBUG    ('127.0.0.1', 55056) - ASGI [11] Received {'type': 'http.response.body', 'body': '<91 bytes>'}
2019-10-19 20:18:35,266 DEBUG    ('127.0.0.1', 55056) - ASGI [11] Completed
2019-10-19 20:18:40,271 DEBUG    ('127.0.0.1', 55056) - Disconnected
2019-10-19 20:54:31,632 DEBUG    ('127.0.0.1', 49467) - Connected
2019-10-19 20:54:31,637 DEBUG    ('127.0.0.1', 49467) - ASGI [12] Started
2019-10-19 20:54:31,642 DEBUG    ('127.0.0.1', 49467) - ASGI [12] Sent {'type': 'http.request', 'body': '<62 bytes>', 'more_body': False}
2019-10-19 20:54:31,647 DEBUG    received items: https://www.canada.ca/en/report-problem.html
2019-10-19 20:54:31,647 DEBUG    save to sessions_items.log
2019-10-19 20:54:31,651 DEBUG    ('127.0.0.1', 49467) - ASGI [12] Received {'type': 'http.response.start', 'status': 200, 'headers': '<...>'}
2019-10-19 20:54:31,651 INFO     ('127.0.0.1', 49467) - "POST /predict_next HTTP/1.1" 200
2019-10-19 20:54:31,651 DEBUG    ('127.0.0.1', 49467) - ASGI [12] Received {'type': 'http.response.body', 'body': '<109 bytes>'}
2019-10-19 20:54:31,654 DEBUG    ('127.0.0.1', 49467) - ASGI [12] Completed
2019-10-19 20:54:32,633 DEBUG    ('127.0.0.1', 49467) - ASGI [13] Started
2019-10-19 20:54:32,633 DEBUG    ('127.0.0.1', 49467) - ASGI [13] Sent {'type': 'http.request', 'body': '<91 bytes>', 'more_body': False}
2019-10-19 20:54:32,634 DEBUG    received items: https://canada.demdex.net/dest5.html?d_nsid=0#https%3A%2F%2Fwww.canada.ca
2019-10-19 20:54:32,634 DEBUG    save to sessions_items.log
2019-10-19 20:54:32,634 DEBUG    ('127.0.0.1', 49467) - ASGI [13] Received {'type': 'http.response.start', 'status': 200, 'headers': '<...>'}
2019-10-19 20:54:32,634 INFO     ('127.0.0.1', 49467) - "POST /predict_next HTTP/1.1" 200
2019-10-19 20:54:32,635 DEBUG    ('127.0.0.1', 49467) - ASGI [13] Received {'type': 'http.response.body', 'body': '<167 bytes>'}
2019-10-19 20:54:32,635 DEBUG    ('127.0.0.1', 49467) - ASGI [13] Completed
2019-10-19 20:54:37,635 DEBUG    ('127.0.0.1', 49467) - Disconnected
2019-10-19 21:04:52,413 DEBUG    ('127.0.0.1', 52532) - Connected
2019-10-19 21:04:52,415 DEBUG    ('127.0.0.1', 52532) - ASGI [14] Started
2019-10-19 21:04:52,420 DEBUG    ('127.0.0.1', 52532) - ASGI [14] Sent {'type': 'http.request', 'body': '<455 bytes>', 'more_body': False}
2019-10-19 21:04:52,425 DEBUG    received items: https://platform.twitter.com/widgets/follow_button.e3a0e1b01ae601b6c9cf798a93ab7e69.en.html#dnt=false&id=twitter-widget-0&lang=en&screen_name=RequestlyIO&show_count=true&show_screen_name=true&size=m&time=1571527185174,https://platform.twitter.com/widgets/follow_button.e3a0e1b01ae601b6c9cf798a93ab7e69.en.html#dnt=false&id=twitter-widget-0&lang=en&screen_name=RequestlyIO&show_count=true&show_screen_name=true&size=m&time=1571533492006
2019-10-19 21:04:52,425 DEBUG    save to sessions_items.log
2019-10-19 21:04:52,428 DEBUG    ('127.0.0.1', 52532) - ASGI [14] Received {'type': 'http.response.start', 'status': 200, 'headers': '<...>'}
2019-10-19 21:04:52,429 INFO     ('127.0.0.1', 52532) - "POST /predict_next HTTP/1.1" 200
2019-10-19 21:04:52,429 DEBUG    ('127.0.0.1', 52532) - ASGI [14] Received {'type': 'http.response.body', 'body': '<455 bytes>'}
2019-10-19 21:04:52,429 DEBUG    ('127.0.0.1', 52532) - ASGI [14] Completed
2019-10-19 21:04:52,605 DEBUG    ('127.0.0.1', 52532) - ASGI [15] Started
2019-10-19 21:04:52,605 DEBUG    ('127.0.0.1', 52532) - ASGI [15] Sent {'type': 'http.request', 'body': '<151 bytes>', 'more_body': False}
2019-10-19 21:04:52,606 DEBUG    received items: https://vars.hotjar.com/box-74dcf4e32eff343c96838bf3a780ac1d.html,https://vars.hotjar.com/box-74dcf4e32eff343c96838bf3a780ac1d.html
2019-10-19 21:04:52,607 DEBUG    save to sessions_items.log
2019-10-19 21:04:52,607 DEBUG    ('127.0.0.1', 52532) - ASGI [15] Received {'type': 'http.response.start', 'status': 200, 'headers': '<...>'}
2019-10-19 21:04:52,608 INFO     ('127.0.0.1', 52532) - "POST /predict_next HTTP/1.1" 200
2019-10-19 21:04:52,608 DEBUG    ('127.0.0.1', 52532) - ASGI [15] Received {'type': 'http.response.body', 'body': '<151 bytes>'}
2019-10-19 21:04:52,608 DEBUG    ('127.0.0.1', 52532) - ASGI [15] Completed
2019-10-19 21:04:52,612 DEBUG    ('127.0.0.1', 52534) - Connected
2019-10-19 21:04:52,612 DEBUG    ('127.0.0.1', 52532) - ASGI [16] Started
2019-10-19 21:04:52,613 DEBUG    ('127.0.0.1', 52532) - ASGI [16] Sent {'type': 'http.request', 'body': '<102 bytes>', 'more_body': False}
2019-10-19 21:04:52,613 DEBUG    received items: https://googleads.g.doubleclick.net/pagead/html/r20191015/r20190131/zrt_lookup.html#
2019-10-19 21:04:52,613 DEBUG    save to sessions_items.log
2019-10-19 21:04:52,614 DEBUG    ('127.0.0.1', 52532) - ASGI [16] Received {'type': 'http.response.start', 'status': 200, 'headers': '<...>'}
2019-10-19 21:04:52,614 INFO     ('127.0.0.1', 52532) - "POST /predict_next HTTP/1.1" 200
2019-10-19 21:04:52,614 DEBUG    ('127.0.0.1', 52532) - ASGI [16] Received {'type': 'http.response.body', 'body': '<189 bytes>'}
2019-10-19 21:04:52,614 DEBUG    ('127.0.0.1', 52532) - ASGI [16] Completed
2019-10-19 21:04:53,265 DEBUG    ('127.0.0.1', 52532) - ASGI [17] Started
2019-10-19 21:04:53,266 DEBUG    ('127.0.0.1', 52532) - ASGI [17] Sent {'type': 'http.request', 'body': '<275 bytes>', 'more_body': False}
2019-10-19 21:04:53,266 DEBUG    received items: https://googleads.g.doubleclick.net/pagead/html/r20191015/r20190131/zrt_lookup.html#,https://googleads.g.doubleclick.net/xbbe/pixel?d=CMmZKBC_3S4Yr5fVXDAB&v=APEucNUIzBQrZnJbXHZTF2-hgTU3TR0VC4wQgi8ynQurRW2u8D4NfgET3Igi0jNttK9pbMUfKrSHLJyosnUqWEr_ojW3X3qFrg
2019-10-19 21:04:53,267 DEBUG    save to sessions_items.log
2019-10-19 21:04:53,267 DEBUG    ('127.0.0.1', 52532) - ASGI [17] Received {'type': 'http.response.start', 'status': 200, 'headers': '<...>'}
2019-10-19 21:04:53,268 INFO     ('127.0.0.1', 52532) - "POST /predict_next HTTP/1.1" 200
2019-10-19 21:04:53,268 DEBUG    ('127.0.0.1', 52532) - ASGI [17] Received {'type': 'http.response.body', 'body': '<361 bytes>'}
2019-10-19 21:04:53,268 DEBUG    ('127.0.0.1', 52532) - ASGI [17] Completed
2019-10-19 21:04:53,669 DEBUG    ('127.0.0.1', 52532) - ASGI [18] Started
2019-10-19 21:04:53,671 DEBUG    ('127.0.0.1', 52532) - ASGI [18] Sent {'type': 'http.request', 'body': '<71 bytes>', 'more_body': False}
2019-10-19 21:04:53,671 DEBUG    received items: https://tpc.googlesyndication.com/sodar/Enqz_20U.html
2019-10-19 21:04:53,671 DEBUG    save to sessions_items.log
2019-10-19 21:04:53,672 DEBUG    ('127.0.0.1', 52532) - ASGI [18] Received {'type': 'http.response.start', 'status': 200, 'headers': '<...>'}
2019-10-19 21:04:53,672 INFO     ('127.0.0.1', 52532) - "POST /predict_next HTTP/1.1" 200
2019-10-19 21:04:53,673 DEBUG    ('127.0.0.1', 52532) - ASGI [18] Received {'type': 'http.response.body', 'body': '<127 bytes>'}
2019-10-19 21:04:53,673 DEBUG    ('127.0.0.1', 52532) - ASGI [18] Completed
2019-10-19 21:04:54,312 DEBUG    ('127.0.0.1', 52532) - ASGI [19] Started
2019-10-19 21:04:54,312 DEBUG    ('127.0.0.1', 52532) - ASGI [19] Sent {'type': 'http.request', 'body': '<991 bytes>', 'more_body': False}
2019-10-19 21:04:54,313 DEBUG    received items: https://pagead2.googlesyndication.com/pagead/s/cookie_push.html?cb=20190204#aHR0cHM6Ly9pbWFnZTYucHVibWF0aWMuY29tL0FkU2VydmVyL1VDb29raWVTZXRQdWc_b2lkPTEmcmQ9aHR0cHMlM0ElMkYlMkZjbS5nLmRvdWJsZWNsaWNrLm5ldCUyRnBpeGVsJTNGZ29vZ2xlX25pZCUzRHBtZWIlMjZnb29nbGVfc2MlM0QxJTI2Z29vZ2xlX2htJTNEJTIzJTIzQjY0XzE2Ql9QTV9VSUQlMjZnb29nbGVfcmVkaXIlM0RodHRwcyUyNTI1M0ElMjUyNTJGJTI1MjUyRmltYWdlOC5wdWJtYXRpYy5jb20lMjUyNTJGQWRTZXJ2ZXIlMjUyNTJGSW1nU3luYyUyNTI1M0ZzZWMlMjUyNTNEMSUyNTI1MjZwJTI1MjUzRDE1NjU3OCUyNTI1MjZtcGMlMjUyNTNENCUyNTI1MjZmcCUyNTI1M0QxJTI1MjUyNnB1JTI1MjUzRGh0dHBzJTI1MjUyNTNBJTI1MjUyNTJGJTI1MjUyNTJGaW1hZ2U0LnB1Ym1hdGljLmNvbSUyNTI1MjUyRkFkU2VydmVyJTI1MjUyNTJGU1B1ZyUyNTI1MjUzRnAlMjUyNTI1M0QxNTY1NzglMjUyNTI1MjZzYyUyNTI1MjUzRDEmZ29vZ2xlX2dpZD1DQUVTRUVLeTBLaFNHckR4SmpOMGp1Zmg4TVEmZ29vZ2xlX2N2ZXI9MSZnb29nbGVfcHVzaD1BSE5GMTNMdkktZHRieXVKVVp4Y1prcXJSVWktQ2Q3alNCNl9MNUJVODNQVXhB,aHR0cHM6Ly9jbS5nLmRvdWJsZWNsaWNrLm5ldC9waXhlbC9hdHRyP2Q9QUhORjEzTGl4R0RjUXpJSXotMXhieG1RVXdSM25Tby0zMEdR
2019-10-19 21:04:54,313 DEBUG    save to sessions_items.log
2019-10-19 21:04:54,313 DEBUG    ('127.0.0.1', 52532) - ASGI [19] Received {'type': 'http.response.start', 'status': 200, 'headers': '<...>'}
2019-10-19 21:04:54,314 INFO     ('127.0.0.1', 52532) - "POST /predict_next HTTP/1.1" 200
2019-10-19 21:04:54,314 DEBUG    ('127.0.0.1', 52532) - ASGI [19] Received {'type': 'http.response.body', 'body': '<1967 bytes>'}
2019-10-19 21:04:54,314 DEBUG    ('127.0.0.1', 52532) - ASGI [19] Completed
2019-10-19 21:04:58,057 DEBUG    ('127.0.0.1', 52532) - ASGI [20] Started
2019-10-19 21:04:58,057 DEBUG    ('127.0.0.1', 52532) - ASGI [20] Sent {'type': 'http.request', 'body': '<219 bytes>', 'more_body': False}
2019-10-19 21:04:58,057 DEBUG    received items: https://vars.hotjar.com/box-74dcf4e32eff343c96838bf3a780ac1d.html,https://vars.hotjar.com/box-74dcf4e32eff343c96838bf3a780ac1d.html,https://vars.hotjar.com/box-74dcf4e32eff343c96838bf3a780ac1d.html
2019-10-19 21:04:58,058 DEBUG    save to sessions_items.log
2019-10-19 21:04:58,058 DEBUG    ('127.0.0.1', 52532) - ASGI [20] Received {'type': 'http.response.start', 'status': 200, 'headers': '<...>'}
2019-10-19 21:04:58,058 INFO     ('127.0.0.1', 52532) - "POST /predict_next HTTP/1.1" 200
2019-10-19 21:04:58,059 DEBUG    ('127.0.0.1', 52532) - ASGI [20] Received {'type': 'http.response.body', 'body': '<151 bytes>'}
2019-10-19 21:04:58,059 DEBUG    ('127.0.0.1', 52532) - ASGI [20] Completed
2019-10-19 21:04:58,227 DEBUG    ('127.0.0.1', 52532) - ASGI [21] Started
2019-10-19 21:04:58,227 DEBUG    ('127.0.0.1', 52532) - ASGI [21] Sent {'type': 'http.request', 'body': '<675 bytes>', 'more_body': False}
2019-10-19 21:04:58,228 DEBUG    received items: https://platform.twitter.com/widgets/follow_button.e3a0e1b01ae601b6c9cf798a93ab7e69.en.html#dnt=false&id=twitter-widget-0&lang=en&screen_name=RequestlyIO&show_count=true&show_screen_name=true&size=m&time=1571527185174,https://platform.twitter.com/widgets/follow_button.e3a0e1b01ae601b6c9cf798a93ab7e69.en.html#dnt=false&id=twitter-widget-0&lang=en&screen_name=RequestlyIO&show_count=true&show_screen_name=true&size=m&time=1571533492006,https://platform.twitter.com/widgets/follow_button.e3a0e1b01ae601b6c9cf798a93ab7e69.en.html#dnt=false&id=twitter-widget-0&lang=en&screen_name=RequestlyIO&show_count=true&show_screen_name=true&size=m&time=1571533497928
2019-10-19 21:04:58,228 DEBUG    save to sessions_items.log
2019-10-19 21:04:58,228 DEBUG    ('127.0.0.1', 52532) - ASGI [21] Received {'type': 'http.response.start', 'status': 200, 'headers': '<...>'}
2019-10-19 21:04:58,229 INFO     ('127.0.0.1', 52532) - "POST /predict_next HTTP/1.1" 200
2019-10-19 21:04:58,229 DEBUG    ('127.0.0.1', 52532) - ASGI [21] Received {'type': 'http.response.body', 'body': '<455 bytes>'}
2019-10-19 21:04:58,229 DEBUG    ('127.0.0.1', 52532) - ASGI [21] Completed
2019-10-19 21:05:03,230 DEBUG    ('127.0.0.1', 52532) - Disconnected
2019-10-19 21:05:03,559 DEBUG    ('127.0.0.1', 52534) - Disconnected
2019-10-19 21:05:59,929 DEBUG    ('127.0.0.1', 52876) - Connected
2019-10-19 21:05:59,930 DEBUG    ('127.0.0.1', 52876) - ASGI [22] Started
2019-10-19 21:05:59,931 DEBUG    ('127.0.0.1', 52876) - ASGI [22] Sent {'type': 'http.request', 'body': '<109 bytes>', 'more_body': False}
2019-10-19 21:05:59,932 DEBUG    received items: https://www.canada.ca/en/report-problem.html,https://www.canada.ca/en/report-problem.html
2019-10-19 21:05:59,932 DEBUG    save to sessions_items.log
2019-10-19 21:05:59,933 DEBUG    ('127.0.0.1', 52876) - ASGI [22] Received {'type': 'http.response.start', 'status': 200, 'headers': '<...>'}
2019-10-19 21:05:59,933 INFO     ('127.0.0.1', 52876) - "POST /predict_next HTTP/1.1" 200
2019-10-19 21:05:59,933 DEBUG    ('127.0.0.1', 52876) - ASGI [22] Received {'type': 'http.response.body', 'body': '<109 bytes>'}
2019-10-19 21:05:59,934 DEBUG    ('127.0.0.1', 52876) - ASGI [22] Completed
2019-10-19 21:06:04,934 DEBUG    ('127.0.0.1', 52876) - Disconnected
2019-10-19 21:06:47,952 DEBUG    ('127.0.0.1', 53106) - Connected
2019-10-19 21:06:47,952 DEBUG    ('127.0.0.1', 53106) - ASGI [23] Started
2019-10-19 21:06:47,953 DEBUG    ('127.0.0.1', 53106) - ASGI [23] Sent {'type': 'http.request', 'body': '<156 bytes>', 'more_body': False}
2019-10-19 21:06:47,954 DEBUG    received items: https://www.canada.ca/en/report-problem.html,https://www.canada.ca/en/report-problem.html,https://www.canada.ca/en/report-problem.html
2019-10-19 21:06:47,954 DEBUG    save to sessions_items.log
2019-10-19 21:06:47,956 DEBUG    ('127.0.0.1', 53106) - ASGI [23] Received {'type': 'http.response.start', 'status': 200, 'headers': '<...>'}
2019-10-19 21:06:47,956 INFO     ('127.0.0.1', 53106) - "POST /predict_next HTTP/1.1" 200
2019-10-19 21:06:47,957 DEBUG    ('127.0.0.1', 53106) - ASGI [23] Received {'type': 'http.response.body', 'body': '<109 bytes>'}
2019-10-19 21:06:47,958 DEBUG    ('127.0.0.1', 53106) - ASGI [23] Completed
2019-10-19 21:06:52,959 DEBUG    ('127.0.0.1', 53106) - Disconnected
2019-10-19 21:08:07,147 DEBUG    ('127.0.0.1', 53473) - Connected
2019-10-19 21:08:07,148 DEBUG    ('127.0.0.1', 53473) - ASGI [24] Started
2019-10-19 21:08:07,148 DEBUG    ('127.0.0.1', 53473) - ASGI [24] Sent {'type': 'http.request', 'body': '<203 bytes>', 'more_body': False}
2019-10-19 21:08:07,149 DEBUG    received items: https://www.canada.ca/en/report-problem.html,https://www.canada.ca/en/report-problem.html,https://www.canada.ca/en/report-problem.html,https://www.canada.ca/en/report-problem.html
2019-10-19 21:08:07,149 DEBUG    save to sessions_items.log
2019-10-19 21:08:07,149 DEBUG    ('127.0.0.1', 53473) - ASGI [24] Received {'type': 'http.response.start', 'status': 200, 'headers': '<...>'}
2019-10-19 21:08:07,150 INFO     ('127.0.0.1', 53473) - "POST /predict_next HTTP/1.1" 200
2019-10-19 21:08:07,150 DEBUG    ('127.0.0.1', 53473) - ASGI [24] Received {'type': 'http.response.body', 'body': '<109 bytes>'}
2019-10-19 21:08:07,150 DEBUG    ('127.0.0.1', 53473) - ASGI [24] Completed
2019-10-19 21:08:12,157 DEBUG    ('127.0.0.1', 53473) - Disconnected
2019-10-19 21:08:18,990 DEBUG    ('127.0.0.1', 53535) - Connected
2019-10-19 21:08:18,992 DEBUG    ('127.0.0.1', 53535) - ASGI [25] Started
2019-10-19 21:08:18,993 DEBUG    ('127.0.0.1', 53535) - ASGI [25] Sent {'type': 'http.request', 'body': '<237 bytes>', 'more_body': False}
2019-10-19 21:08:18,994 DEBUG    received items: https://www.canada.ca/en/report-problem.html,https://www.canada.ca/en/report-problem.html,https://www.canada.ca/en/report-problem.html,https://www.canada.ca/en/report-problem.html,https://www.canada.ca/home.html
2019-10-19 21:08:18,994 DEBUG    save to sessions_items.log
2019-10-19 21:08:18,994 DEBUG    ('127.0.0.1', 53535) - ASGI [25] Received {'type': 'http.response.start', 'status': 200, 'headers': '<...>'}
2019-10-19 21:08:18,995 INFO     ('127.0.0.1', 53535) - "POST /predict_next HTTP/1.1" 200
2019-10-19 21:08:18,995 DEBUG    ('127.0.0.1', 53535) - ASGI [25] Received {'type': 'http.response.body', 'body': '<83 bytes>'}
2019-10-19 21:08:18,995 DEBUG    ('127.0.0.1', 53535) - ASGI [25] Completed
2019-10-19 21:08:20,988 DEBUG    ('127.0.0.1', 53535) - ASGI [26] Started
2019-10-19 21:08:20,989 DEBUG    ('127.0.0.1', 53535) - ASGI [26] Sent {'type': 'http.request', 'body': '<269 bytes>', 'more_body': False}
2019-10-19 21:08:20,989 DEBUG    received items: https://www.canada.ca/en/report-problem.html,https://www.canada.ca/en/report-problem.html,https://www.canada.ca/en/report-problem.html,https://www.canada.ca/en/report-problem.html,https://www.canada.ca/home.html,https://www.canada.ca/en.html
2019-10-19 21:08:20,989 DEBUG    save to sessions_items.log
2019-10-19 21:08:20,990 DEBUG    ('127.0.0.1', 53535) - ASGI [26] Received {'type': 'http.response.start', 'status': 200, 'headers': '<...>'}
2019-10-19 21:08:20,990 INFO     ('127.0.0.1', 53535) - "POST /predict_next HTTP/1.1" 200
2019-10-19 21:08:20,990 DEBUG    ('127.0.0.1', 53535) - ASGI [26] Received {'type': 'http.response.body', 'body': '<79 bytes>'}
2019-10-19 21:08:20,990 DEBUG    ('127.0.0.1', 53535) - ASGI [26] Completed
2019-10-19 21:08:25,993 DEBUG    ('127.0.0.1', 53535) - Disconnected
2019-10-19 21:08:26,932 DEBUG    ('127.0.0.1', 53577) - Connected
2019-10-19 21:08:26,934 DEBUG    ('127.0.0.1', 53577) - ASGI [27] Started
2019-10-19 21:08:26,934 DEBUG    ('127.0.0.1', 53577) - ASGI [27] Sent {'type': 'http.request', 'body': '<303 bytes>', 'more_body': False}
2019-10-19 21:08:26,935 DEBUG    received items: https://www.canada.ca/en/report-problem.html,https://www.canada.ca/en/report-problem.html,https://www.canada.ca/en/report-problem.html,https://www.canada.ca/en/report-problem.html,https://www.canada.ca/home.html,https://www.canada.ca/en.html,https://www.canada.ca/home.html
2019-10-19 21:08:26,935 DEBUG    save to sessions_items.log
2019-10-19 21:08:26,936 DEBUG    ('127.0.0.1', 53577) - ASGI [27] Received {'type': 'http.response.start', 'status': 200, 'headers': '<...>'}
2019-10-19 21:08:26,936 INFO     ('127.0.0.1', 53577) - "POST /predict_next HTTP/1.1" 200
2019-10-19 21:08:26,937 DEBUG    ('127.0.0.1', 53577) - ASGI [27] Received {'type': 'http.response.body', 'body': '<83 bytes>'}
2019-10-19 21:08:26,937 DEBUG    ('127.0.0.1', 53577) - ASGI [27] Completed
2019-10-19 21:08:27,749 DEBUG    ('127.0.0.1', 53577) - ASGI [28] Started
2019-10-19 21:08:27,749 DEBUG    ('127.0.0.1', 53577) - ASGI [28] Sent {'type': 'http.request', 'body': '<350 bytes>', 'more_body': False}
2019-10-19 21:08:27,749 DEBUG    received items: https://www.canada.ca/en/report-problem.html,https://www.canada.ca/en/report-problem.html,https://www.canada.ca/en/report-problem.html,https://www.canada.ca/en/report-problem.html,https://www.canada.ca/home.html,https://www.canada.ca/en.html,https://www.canada.ca/home.html,https://www.canada.ca/en/report-problem.html
2019-10-19 21:08:27,750 DEBUG    save to sessions_items.log
2019-10-19 21:08:27,750 DEBUG    ('127.0.0.1', 53577) - ASGI [28] Received {'type': 'http.response.start', 'status': 200, 'headers': '<...>'}
2019-10-19 21:08:27,750 INFO     ('127.0.0.1', 53577) - "POST /predict_next HTTP/1.1" 200
2019-10-19 21:08:27,750 DEBUG    ('127.0.0.1', 53577) - ASGI [28] Received {'type': 'http.response.body', 'body': '<109 bytes>'}
2019-10-19 21:08:27,751 DEBUG    ('127.0.0.1', 53577) - ASGI [28] Completed
2019-10-19 21:08:32,753 DEBUG    ('127.0.0.1', 53577) - Disconnected
2019-10-19 21:08:32,875 DEBUG    ('127.0.0.1', 53609) - Connected
2019-10-19 21:08:32,876 DEBUG    ('127.0.0.1', 53609) - ASGI [29] Started
2019-10-19 21:08:32,876 DEBUG    ('127.0.0.1', 53609) - ASGI [29] Sent {'type': 'http.request', 'body': '<164 bytes>', 'more_body': False}
2019-10-19 21:08:32,877 DEBUG    received items: https://www.google.com/search?q=statcan&rlz=1C5CHFA_enCA815CA815&oq=statcan&aqs=chrome.0.69i59j69i60l2j0l2j69i60.1010j0j4&sourceid=chrome&ie=UTF-8
2019-10-19 21:08:32,877 DEBUG    save to sessions_items.log
2019-10-19 21:08:32,878 DEBUG    ('127.0.0.1', 53609) - ASGI [29] Received {'type': 'http.response.start', 'status': 200, 'headers': '<...>'}
2019-10-19 21:08:32,878 INFO     ('127.0.0.1', 53609) - "POST /predict_next HTTP/1.1" 200
2019-10-19 21:08:32,878 DEBUG    ('127.0.0.1', 53609) - ASGI [29] Received {'type': 'http.response.body', 'body': '<313 bytes>'}
2019-10-19 21:08:32,878 DEBUG    ('127.0.0.1', 53609) - ASGI [29] Completed
2019-10-19 21:08:34,492 DEBUG    ('127.0.0.1', 53609) - ASGI [30] Started
2019-10-19 21:08:34,492 DEBUG    ('127.0.0.1', 53609) - ASGI [30] Sent {'type': 'http.request', 'body': '<44 bytes>', 'more_body': False}
2019-10-19 21:08:34,492 DEBUG    received items: https://www.statcan.gc.ca/
2019-10-19 21:08:34,492 DEBUG    save to sessions_items.log
2019-10-19 21:08:34,493 DEBUG    ('127.0.0.1', 53609) - ASGI [30] Received {'type': 'http.response.start', 'status': 200, 'headers': '<...>'}
2019-10-19 21:08:34,493 INFO     ('127.0.0.1', 53609) - "POST /predict_next HTTP/1.1" 200
2019-10-19 21:08:34,493 DEBUG    ('127.0.0.1', 53609) - ASGI [30] Received {'type': 'http.response.body', 'body': '<73 bytes>'}
2019-10-19 21:08:34,493 DEBUG    ('127.0.0.1', 53609) - ASGI [30] Completed
2019-10-19 21:08:35,915 DEBUG    ('127.0.0.1', 53609) - ASGI [31] Started
2019-10-19 21:08:35,915 DEBUG    ('127.0.0.1', 53609) - ASGI [31] Sent {'type': 'http.request', 'body': '<82 bytes>', 'more_body': False}
2019-10-19 21:08:35,916 DEBUG    received items: https://www.statcan.gc.ca/,https://www.statcan.gc.ca/eng/start
2019-10-19 21:08:35,917 DEBUG    save to sessions_items.log
2019-10-19 21:08:35,917 DEBUG    ('127.0.0.1', 53609) - ASGI [31] Received {'type': 'http.response.start', 'status': 200, 'headers': '<...>'}
2019-10-19 21:08:35,917 INFO     ('127.0.0.1', 53609) - "POST /predict_next HTTP/1.1" 200
2019-10-19 21:08:35,917 DEBUG    ('127.0.0.1', 53609) - ASGI [31] Received {'type': 'http.response.body', 'body': '<91 bytes>'}
2019-10-19 21:08:35,917 DEBUG    ('127.0.0.1', 53609) - ASGI [31] Completed
2019-10-19 21:08:40,921 DEBUG    ('127.0.0.1', 53609) - Disconnected
2019-10-19 21:08:43,540 DEBUG    ('127.0.0.1', 53664) - Connected
2019-10-19 21:08:43,540 DEBUG    ('127.0.0.1', 53664) - ASGI [32] Started
2019-10-19 21:08:43,541 DEBUG    ('127.0.0.1', 53664) - ASGI [32] Sent {'type': 'http.request', 'body': '<145 bytes>', 'more_body': False}
2019-10-19 21:08:43,541 DEBUG    received items: https://www.statcan.gc.ca/,https://www.statcan.gc.ca/eng/start,https://www.statcan.gc.ca/eng/reference/refcentre/index?MM=1
2019-10-19 21:08:43,541 DEBUG    save to sessions_items.log
2019-10-19 21:08:43,542 DEBUG    ('127.0.0.1', 53664) - ASGI [32] Received {'type': 'http.response.start', 'status': 200, 'headers': '<...>'}
2019-10-19 21:08:43,542 INFO     ('127.0.0.1', 53664) - "POST /predict_next HTTP/1.1" 200
2019-10-19 21:08:43,543 DEBUG    ('127.0.0.1', 53664) - ASGI [32] Received {'type': 'http.response.body', 'body': '<141 bytes>'}
2019-10-19 21:08:43,543 DEBUG    ('127.0.0.1', 53664) - ASGI [32] Completed
2019-10-19 21:08:48,548 DEBUG    ('127.0.0.1', 53664) - Disconnected
2019-10-19 21:09:38,764 DEBUG    ('127.0.0.1', 53929) - Connected
2019-10-19 21:09:38,764 DEBUG    ('127.0.0.1', 53929) - ASGI [33] Started
2019-10-19 21:09:38,764 DEBUG    ('127.0.0.1', 53929) - ASGI [33] Sent {'type': 'http.request', 'body': '<287 bytes>', 'more_body': False}
2019-10-19 21:09:38,765 DEBUG    received items: https://vars.hotjar.com/box-74dcf4e32eff343c96838bf3a780ac1d.html,https://vars.hotjar.com/box-74dcf4e32eff343c96838bf3a780ac1d.html,https://vars.hotjar.com/box-74dcf4e32eff343c96838bf3a780ac1d.html,https://vars.hotjar.com/box-74dcf4e32eff343c96838bf3a780ac1d.html
2019-10-19 21:09:38,765 DEBUG    save to sessions_items.log
2019-10-19 21:09:38,766 DEBUG    ('127.0.0.1', 53929) - ASGI [33] Received {'type': 'http.response.start', 'status': 200, 'headers': '<...>'}
2019-10-19 21:09:38,766 INFO     ('127.0.0.1', 53929) - "POST /predict_next HTTP/1.1" 200
2019-10-19 21:09:38,766 DEBUG    ('127.0.0.1', 53929) - ASGI [33] Received {'type': 'http.response.body', 'body': '<151 bytes>'}
2019-10-19 21:09:38,766 DEBUG    ('127.0.0.1', 53929) - ASGI [33] Completed
2019-10-19 21:09:43,769 DEBUG    ('127.0.0.1', 53929) - Disconnected
2019-10-19 21:09:45,714 DEBUG    ('127.0.0.1', 53963) - Connected
2019-10-19 21:09:45,716 DEBUG    ('127.0.0.1', 53963) - ASGI [34] Started
2019-10-19 21:09:45,716 DEBUG    ('127.0.0.1', 53963) - ASGI [34] Sent {'type': 'http.request', 'body': '<895 bytes>', 'more_body': False}
2019-10-19 21:09:45,717 DEBUG    received items: https://platform.twitter.com/widgets/follow_button.e3a0e1b01ae601b6c9cf798a93ab7e69.en.html#dnt=false&id=twitter-widget-0&lang=en&screen_name=RequestlyIO&show_count=true&show_screen_name=true&size=m&time=1571527185174,https://platform.twitter.com/widgets/follow_button.e3a0e1b01ae601b6c9cf798a93ab7e69.en.html#dnt=false&id=twitter-widget-0&lang=en&screen_name=RequestlyIO&show_count=true&show_screen_name=true&size=m&time=1571533492006,https://platform.twitter.com/widgets/follow_button.e3a0e1b01ae601b6c9cf798a93ab7e69.en.html#dnt=false&id=twitter-widget-0&lang=en&screen_name=RequestlyIO&show_count=true&show_screen_name=true&size=m&time=1571533497928,https://platform.twitter.com/widgets/follow_button.e3a0e1b01ae601b6c9cf798a93ab7e69.en.html#dnt=false&id=twitter-widget-0&lang=en&screen_name=RequestlyIO&show_count=true&show_screen_name=true&size=m&time=1571533785650
2019-10-19 21:09:45,717 DEBUG    save to sessions_items.log
2019-10-19 21:09:45,718 DEBUG    ('127.0.0.1', 53963) - ASGI [34] Received {'type': 'http.response.start', 'status': 200, 'headers': '<...>'}
2019-10-19 21:09:45,718 INFO     ('127.0.0.1', 53963) - "POST /predict_next HTTP/1.1" 200
2019-10-19 21:09:45,718 DEBUG    ('127.0.0.1', 53963) - ASGI [34] Received {'type': 'http.response.body', 'body': '<455 bytes>'}
2019-10-19 21:09:45,718 DEBUG    ('127.0.0.1', 53963) - ASGI [34] Completed
2019-10-19 21:09:46,061 DEBUG    ('127.0.0.1', 53963) - ASGI [35] Started
2019-10-19 21:09:46,061 DEBUG    ('127.0.0.1', 53963) - ASGI [35] Sent {'type': 'http.request', 'body': '<355 bytes>', 'more_body': False}
2019-10-19 21:09:46,061 DEBUG    received items: https://vars.hotjar.com/box-74dcf4e32eff343c96838bf3a780ac1d.html,https://vars.hotjar.com/box-74dcf4e32eff343c96838bf3a780ac1d.html,https://vars.hotjar.com/box-74dcf4e32eff343c96838bf3a780ac1d.html,https://vars.hotjar.com/box-74dcf4e32eff343c96838bf3a780ac1d.html,https://vars.hotjar.com/box-74dcf4e32eff343c96838bf3a780ac1d.html
2019-10-19 21:09:46,062 DEBUG    save to sessions_items.log
2019-10-19 21:09:46,062 DEBUG    ('127.0.0.1', 53963) - ASGI [35] Received {'type': 'http.response.start', 'status': 200, 'headers': '<...>'}
2019-10-19 21:09:46,062 INFO     ('127.0.0.1', 53963) - "POST /predict_next HTTP/1.1" 200
2019-10-19 21:09:46,063 DEBUG    ('127.0.0.1', 53963) - ASGI [35] Received {'type': 'http.response.body', 'body': '<151 bytes>'}
2019-10-19 21:09:46,063 DEBUG    ('127.0.0.1', 53963) - ASGI [35] Completed
2019-10-19 21:09:51,066 DEBUG    ('127.0.0.1', 53963) - Disconnected
2019-10-19 21:11:41,043 DEBUG    ('127.0.0.1', 54666) - Connected
2019-10-19 21:11:41,043 DEBUG    ('127.0.0.1', 54666) - ASGI [36] Started
2019-10-19 21:11:41,044 DEBUG    ('127.0.0.1', 54666) - ASGI [36] Sent {'type': 'http.request', 'body': '<423 bytes>', 'more_body': False}
2019-10-19 21:11:41,044 DEBUG    received items: https://vars.hotjar.com/box-74dcf4e32eff343c96838bf3a780ac1d.html,https://vars.hotjar.com/box-74dcf4e32eff343c96838bf3a780ac1d.html,https://vars.hotjar.com/box-74dcf4e32eff343c96838bf3a780ac1d.html,https://vars.hotjar.com/box-74dcf4e32eff343c96838bf3a780ac1d.html,https://vars.hotjar.com/box-74dcf4e32eff343c96838bf3a780ac1d.html,https://vars.hotjar.com/box-74dcf4e32eff343c96838bf3a780ac1d.html
2019-10-19 21:11:41,044 DEBUG    save to sessions_items.log
2019-10-19 21:11:41,045 DEBUG    ('127.0.0.1', 54666) - ASGI [36] Received {'type': 'http.response.start', 'status': 200, 'headers': '<...>'}
2019-10-19 21:11:41,045 INFO     ('127.0.0.1', 54666) - "POST /predict_next HTTP/1.1" 200
2019-10-19 21:11:41,045 DEBUG    ('127.0.0.1', 54666) - ASGI [36] Received {'type': 'http.response.body', 'body': '<151 bytes>'}
2019-10-19 21:11:41,045 DEBUG    ('127.0.0.1', 54666) - ASGI [36] Completed
2019-10-19 21:11:41,066 DEBUG    ('127.0.0.1', 54666) - ASGI [37] Started
2019-10-19 21:11:41,066 DEBUG    ('127.0.0.1', 54666) - ASGI [37] Sent {'type': 'http.request', 'body': '<1115 bytes>', 'more_body': False}
2019-10-19 21:11:41,066 DEBUG    received items: https://platform.twitter.com/widgets/follow_button.e3a0e1b01ae601b6c9cf798a93ab7e69.en.html#dnt=false&id=twitter-widget-0&lang=en&screen_name=RequestlyIO&show_count=true&show_screen_name=true&size=m&time=1571527185174,https://platform.twitter.com/widgets/follow_button.e3a0e1b01ae601b6c9cf798a93ab7e69.en.html#dnt=false&id=twitter-widget-0&lang=en&screen_name=RequestlyIO&show_count=true&show_screen_name=true&size=m&time=1571533492006,https://platform.twitter.com/widgets/follow_button.e3a0e1b01ae601b6c9cf798a93ab7e69.en.html#dnt=false&id=twitter-widget-0&lang=en&screen_name=RequestlyIO&show_count=true&show_screen_name=true&size=m&time=1571533497928,https://platform.twitter.com/widgets/follow_button.e3a0e1b01ae601b6c9cf798a93ab7e69.en.html#dnt=false&id=twitter-widget-0&lang=en&screen_name=RequestlyIO&show_count=true&show_screen_name=true&size=m&time=1571533785650,https://platform.twitter.com/widgets/follow_button.e3a0e1b01ae601b6c9cf798a93ab7e69.en.html#dnt=false&id=twitter-widget-0&lang=en&screen_name=RequestlyIO&show_count=true&show_screen_name=true&size=m&time=1571533900711
2019-10-19 21:11:41,066 DEBUG    save to sessions_items.log
2019-10-19 21:11:41,067 DEBUG    ('127.0.0.1', 54666) - ASGI [37] Received {'type': 'http.response.start', 'status': 200, 'headers': '<...>'}
2019-10-19 21:11:41,067 INFO     ('127.0.0.1', 54666) - "POST /predict_next HTTP/1.1" 200
2019-10-19 21:11:41,067 DEBUG    ('127.0.0.1', 54666) - ASGI [37] Received {'type': 'http.response.body', 'body': '<455 bytes>'}
2019-10-19 21:11:41,067 DEBUG    ('127.0.0.1', 54666) - ASGI [37] Completed
2019-10-19 21:11:46,068 DEBUG    ('127.0.0.1', 54666) - Disconnected
2019-10-19 21:13:09,390 DEBUG    ('127.0.0.1', 55139) - Connected
2019-10-19 21:13:09,391 DEBUG    ('127.0.0.1', 55139) - ASGI [38] Started
2019-10-19 21:13:09,391 DEBUG    ('127.0.0.1', 55139) - ASGI [38] Sent {'type': 'http.request', 'body': '<208 bytes>', 'more_body': False}
2019-10-19 21:13:09,391 DEBUG    received items: https://www.statcan.gc.ca/,https://www.statcan.gc.ca/eng/start,https://www.statcan.gc.ca/eng/reference/refcentre/index?MM=1,https://www.statcan.gc.ca/eng/reference/refcentre/index?MM=1
2019-10-19 21:13:09,392 DEBUG    save to sessions_items.log
2019-10-19 21:13:09,394 DEBUG    ('127.0.0.1', 55139) - ASGI [38] Received {'type': 'http.response.start', 'status': 200, 'headers': '<...>'}
2019-10-19 21:13:09,394 INFO     ('127.0.0.1', 55139) - "POST /predict_next HTTP/1.1" 200
2019-10-19 21:13:09,395 DEBUG    ('127.0.0.1', 55139) - ASGI [38] Received {'type': 'http.response.body', 'body': '<141 bytes>'}
2019-10-19 21:13:09,395 DEBUG    ('127.0.0.1', 55139) - ASGI [38] Completed
2019-10-19 21:13:14,399 DEBUG    ('127.0.0.1', 55139) - Disconnected
2019-10-19 21:13:17,707 DEBUG    ('127.0.0.1', 55182) - Connected
2019-10-19 21:13:17,708 DEBUG    ('127.0.0.1', 55182) - ASGI [39] Started
2019-10-19 21:13:17,708 DEBUG    ('127.0.0.1', 55182) - ASGI [39] Sent {'type': 'http.request', 'body': '<67 bytes>', 'more_body': False}
2019-10-19 21:13:17,709 DEBUG    received items: https://www150.statcan.gc.ca/n1/en/type/data?MM=1
2019-10-19 21:13:17,709 DEBUG    save to sessions_items.log
2019-10-19 21:13:17,710 DEBUG    ('127.0.0.1', 55182) - ASGI [39] Received {'type': 'http.response.start', 'status': 200, 'headers': '<...>'}
2019-10-19 21:13:17,710 INFO     ('127.0.0.1', 55182) - "POST /predict_next HTTP/1.1" 200
2019-10-19 21:13:17,710 DEBUG    ('127.0.0.1', 55182) - ASGI [39] Received {'type': 'http.response.body', 'body': '<119 bytes>'}
2019-10-19 21:13:17,710 DEBUG    ('127.0.0.1', 55182) - ASGI [39] Completed
2019-10-19 21:13:18,455 DEBUG    ('127.0.0.1', 55182) - ASGI [40] Started
2019-10-19 21:13:18,455 DEBUG    ('127.0.0.1', 55182) - ASGI [40] Sent {'type': 'http.request', 'body': '<119 bytes>', 'more_body': False}
2019-10-19 21:13:18,456 DEBUG    received items: https://www150.statcan.gc.ca/n1/en/type/data?MM=1,https://www150.statcan.gc.ca/n1/en/type/data?MM=1
2019-10-19 21:13:18,456 DEBUG    save to sessions_items.log
2019-10-19 21:13:18,457 DEBUG    ('127.0.0.1', 55182) - ASGI [40] Received {'type': 'http.response.start', 'status': 200, 'headers': '<...>'}
2019-10-19 21:13:18,458 INFO     ('127.0.0.1', 55182) - "POST /predict_next HTTP/1.1" 200
2019-10-19 21:13:18,458 DEBUG    ('127.0.0.1', 55182) - ASGI [40] Received {'type': 'http.response.body', 'body': '<119 bytes>'}
2019-10-19 21:13:18,458 DEBUG    ('127.0.0.1', 55182) - ASGI [40] Completed
2019-10-19 21:13:23,461 DEBUG    ('127.0.0.1', 55182) - Disconnected
2019-10-19 21:13:43,700 DEBUG    ('127.0.0.1', 55304) - Connected
2019-10-19 21:13:43,701 DEBUG    ('127.0.0.1', 55304) - ASGI [41] Started
2019-10-19 21:13:43,701 DEBUG    ('127.0.0.1', 55304) - ASGI [41] Sent {'type': 'http.request', 'body': '<120 bytes>', 'more_body': False}
2019-10-19 21:13:43,702 DEBUG    received items: https://www.statcan.gc.ca/,https://www.statcan.gc.ca/eng/start,https://www.statcan.gc.ca/eng/start
2019-10-19 21:13:43,702 DEBUG    save to sessions_items.log
2019-10-19 21:13:43,702 DEBUG    ('127.0.0.1', 55304) - ASGI [41] Received {'type': 'http.response.start', 'status': 200, 'headers': '<...>'}
2019-10-19 21:13:43,703 INFO     ('127.0.0.1', 55304) - "POST /predict_next HTTP/1.1" 200
2019-10-19 21:13:43,703 DEBUG    ('127.0.0.1', 55304) - ASGI [41] Received {'type': 'http.response.body', 'body': '<91 bytes>'}
2019-10-19 21:13:43,703 DEBUG    ('127.0.0.1', 55304) - ASGI [41] Completed
2019-10-19 21:13:48,706 DEBUG    ('127.0.0.1', 55304) - Disconnected
2019-10-19 21:31:01,658 DEBUG    ('127.0.0.1', 60738) - Connected
2019-10-19 21:31:01,660 DEBUG    ('127.0.0.1', 60738) - ASGI [42] Started
2019-10-19 21:31:01,663 DEBUG    ('127.0.0.1', 60738) - ASGI [42] Sent {'type': 'http.request', 'body': '<171 bytes>', 'more_body': False}
2019-10-19 21:31:01,666 DEBUG    received items: https://www150.statcan.gc.ca/n1/en/type/data?MM=1,https://www150.statcan.gc.ca/n1/en/type/data?MM=1,https://www150.statcan.gc.ca/n1/en/type/data?MM=1
2019-10-19 21:31:01,666 DEBUG    save to sessions_items.log
2019-10-19 21:31:01,669 DEBUG    ('127.0.0.1', 60738) - ASGI [42] Received {'type': 'http.response.start', 'status': 200, 'headers': '<...>'}
2019-10-19 21:31:01,669 INFO     ('127.0.0.1', 60738) - "POST /predict_next HTTP/1.1" 200
2019-10-19 21:31:01,670 DEBUG    ('127.0.0.1', 60738) - ASGI [42] Received {'type': 'http.response.body', 'body': '<119 bytes>'}
2019-10-19 21:31:01,670 DEBUG    ('127.0.0.1', 60738) - ASGI [42] Completed
2019-10-19 21:31:04,102 DEBUG    ('127.0.0.1', 60738) - ASGI [43] Started
2019-10-19 21:31:04,103 DEBUG    ('127.0.0.1', 60738) - ASGI [43] Sent {'type': 'http.request', 'body': '<207 bytes>', 'more_body': False}
2019-10-19 21:31:04,103 DEBUG    received items: https://canada.demdex.net/dest5.html?d_nsid=0#https%3A%2F%2Fwww.canada.ca,https://canada.demdex.net/dest5.html?d_nsid=0#https%3A%2F%2Fwww150.statcan.gc.ca%2Fn1%2Fen%2Ftype%2Fdata%3FMM%3D1
2019-10-19 21:31:04,104 DEBUG    save to sessions_items.log
2019-10-19 21:31:04,105 DEBUG    ('127.0.0.1', 60738) - ASGI [43] Received {'type': 'http.response.start', 'status': 200, 'headers': '<...>'}
2019-10-19 21:31:04,105 INFO     ('127.0.0.1', 60738) - "POST /predict_next HTTP/1.1" 200
2019-10-19 21:31:04,105 DEBUG    ('127.0.0.1', 60738) - ASGI [43] Received {'type': 'http.response.body', 'body': '<247 bytes>'}
2019-10-19 21:31:04,105 DEBUG    ('127.0.0.1', 60738) - ASGI [43] Completed
2019-10-19 21:31:09,110 DEBUG    ('127.0.0.1', 60738) - Disconnected
2019-10-19 21:32:08,891 DEBUG    ('127.0.0.1', 61051) - Connected
2019-10-19 21:32:08,896 DEBUG    ('127.0.0.1', 61051) - ASGI [44] Started
2019-10-19 21:32:08,897 DEBUG    ('127.0.0.1', 61051) - ASGI [44] Sent {'type': 'http.request', 'body': '<223 bytes>', 'more_body': False}
2019-10-19 21:32:08,897 DEBUG    received items: https://www150.statcan.gc.ca/n1/en/type/data?MM=1,https://www150.statcan.gc.ca/n1/en/type/data?MM=1,https://www150.statcan.gc.ca/n1/en/type/data?MM=1,https://www150.statcan.gc.ca/n1/en/type/data?MM=1
2019-10-19 21:32:08,897 DEBUG    save to sessions_items.log
2019-10-19 21:32:08,898 DEBUG    ('127.0.0.1', 61051) - ASGI [44] Received {'type': 'http.response.start', 'status': 200, 'headers': '<...>'}
2019-10-19 21:32:08,898 INFO     ('127.0.0.1', 61051) - "POST /predict_next HTTP/1.1" 200
2019-10-19 21:32:08,898 DEBUG    ('127.0.0.1', 61051) - ASGI [44] Received {'type': 'http.response.body', 'body': '<119 bytes>'}
2019-10-19 21:32:08,898 DEBUG    ('127.0.0.1', 61051) - ASGI [44] Completed
2019-10-19 21:32:13,898 DEBUG    ('127.0.0.1', 61051) - Disconnected
2019-10-19 21:32:49,796 DEBUG    ('127.0.0.1', 61246) - Connected
2019-10-19 21:32:49,799 DEBUG    ('127.0.0.1', 61246) - ASGI [45] Started
2019-10-19 21:32:49,799 DEBUG    ('127.0.0.1', 61246) - ASGI [45] Sent {'type': 'http.request', 'body': '<275 bytes>', 'more_body': False}
2019-10-19 21:32:49,800 DEBUG    received items: https://www150.statcan.gc.ca/n1/en/type/data?MM=1,https://www150.statcan.gc.ca/n1/en/type/data?MM=1,https://www150.statcan.gc.ca/n1/en/type/data?MM=1,https://www150.statcan.gc.ca/n1/en/type/data?MM=1,https://www150.statcan.gc.ca/n1/en/type/data?MM=1
2019-10-19 21:32:49,800 DEBUG    save to sessions_items.log
2019-10-19 21:32:49,800 DEBUG    ('127.0.0.1', 61246) - ASGI [45] Received {'type': 'http.response.start', 'status': 200, 'headers': '<...>'}
2019-10-19 21:32:49,801 INFO     ('127.0.0.1', 61246) - "POST /predict_next HTTP/1.1" 200
2019-10-19 21:32:49,801 DEBUG    ('127.0.0.1', 61246) - ASGI [45] Received {'type': 'http.response.body', 'body': '<119 bytes>'}
2019-10-19 21:32:49,801 DEBUG    ('127.0.0.1', 61246) - ASGI [45] Completed
2019-10-19 21:32:54,801 DEBUG    ('127.0.0.1', 61246) - Disconnected
2019-10-19 21:33:25,904 DEBUG    ('127.0.0.1', 61416) - Connected
2019-10-19 21:33:25,906 DEBUG    ('127.0.0.1', 61416) - ASGI [46] Started
2019-10-19 21:33:25,906 DEBUG    ('127.0.0.1', 61416) - ASGI [46] Sent {'type': 'http.request', 'body': '<75 bytes>', 'more_body': False}
2019-10-19 21:33:25,906 DEBUG    received items: https://www150.statcan.gc.ca/n1/en/type/data?MM=1#wb-info
2019-10-19 21:33:25,907 DEBUG    save to sessions_items.log
2019-10-19 21:33:25,907 DEBUG    ('127.0.0.1', 61416) - ASGI [46] Received {'type': 'http.response.start', 'status': 200, 'headers': '<...>'}
2019-10-19 21:33:25,907 INFO     ('127.0.0.1', 61416) - "POST /predict_next HTTP/1.1" 200
2019-10-19 21:33:25,907 DEBUG    ('127.0.0.1', 61416) - ASGI [46] Received {'type': 'http.response.body', 'body': '<135 bytes>'}
2019-10-19 21:33:25,907 DEBUG    ('127.0.0.1', 61416) - ASGI [46] Completed
2019-10-19 21:33:30,911 DEBUG    ('127.0.0.1', 61416) - Disconnected
2019-10-19 21:34:48,540 DEBUG    ('127.0.0.1', 61861) - Connected
2019-10-19 21:34:48,541 DEBUG    ('127.0.0.1', 61861) - ASGI [47] Started
2019-10-19 21:34:48,542 DEBUG    ('127.0.0.1', 61861) - ASGI [47] Sent {'type': 'http.request', 'body': '<327 bytes>', 'more_body': False}
2019-10-19 21:34:48,542 DEBUG    received items: https://www150.statcan.gc.ca/n1/en/type/data?MM=1,https://www150.statcan.gc.ca/n1/en/type/data?MM=1,https://www150.statcan.gc.ca/n1/en/type/data?MM=1,https://www150.statcan.gc.ca/n1/en/type/data?MM=1,https://www150.statcan.gc.ca/n1/en/type/data?MM=1,https://www150.statcan.gc.ca/n1/en/type/data?MM=1
2019-10-19 21:34:48,542 DEBUG    save to sessions_items.log
2019-10-19 21:34:48,543 DEBUG    ('127.0.0.1', 61861) - ASGI [47] Received {'type': 'http.response.start', 'status': 200, 'headers': '<...>'}
2019-10-19 21:34:48,543 INFO     ('127.0.0.1', 61861) - "POST /predict_next HTTP/1.1" 200
2019-10-19 21:34:48,543 DEBUG    ('127.0.0.1', 61861) - ASGI [47] Received {'type': 'http.response.body', 'body': '<119 bytes>'}
2019-10-19 21:34:48,544 DEBUG    ('127.0.0.1', 61861) - ASGI [47] Completed
2019-10-19 21:34:53,549 DEBUG    ('127.0.0.1', 61861) - Disconnected
2019-10-19 21:34:57,326 DEBUG    ('127.0.0.1', 61902) - Connected
2019-10-19 21:34:57,326 DEBUG    ('127.0.0.1', 61902) - ASGI [48] Started
2019-10-19 21:34:57,327 DEBUG    ('127.0.0.1', 61902) - ASGI [48] Sent {'type': 'http.request', 'body': '<317 bytes>', 'more_body': False}
2019-10-19 21:34:57,327 DEBUG    received items: https://www.statcan.gc.ca/,https://www.statcan.gc.ca/eng/start,https://www.statcan.gc.ca/eng/reference/refcentre/index?MM=1,https://www.statcan.gc.ca/eng/reference/refcentre/index?MM=1,https://www.statcan.gc.ca/eng/trust?utm_source=statcan&utm_medium=banner&utm_campaign=trust-confiance_2019
2019-10-19 21:34:57,327 DEBUG    save to sessions_items.log
2019-10-19 21:34:57,328 DEBUG    ('127.0.0.1', 61902) - ASGI [48] Received {'type': 'http.response.start', 'status': 200, 'headers': '<...>'}
2019-10-19 21:34:57,328 INFO     ('127.0.0.1', 61902) - "POST /predict_next HTTP/1.1" 200
2019-10-19 21:34:57,328 DEBUG    ('127.0.0.1', 61902) - ASGI [48] Received {'type': 'http.response.body', 'body': '<233 bytes>'}
2019-10-19 21:34:57,329 DEBUG    ('127.0.0.1', 61902) - ASGI [48] Completed
2019-10-19 21:35:02,329 DEBUG    ('127.0.0.1', 61902) - Disconnected
2019-10-19 21:35:18,925 DEBUG    ('127.0.0.1', 62008) - Connected
2019-10-19 21:35:18,927 DEBUG    ('127.0.0.1', 62008) - ASGI [49] Started
2019-10-19 21:35:18,928 DEBUG    ('127.0.0.1', 62008) - ASGI [49] Sent {'type': 'http.request', 'body': '<171 bytes>', 'more_body': False}
2019-10-19 21:35:18,928 DEBUG    received items: https://www.google.com/search?q=chrome+inject+html&rlz=1C5CHFA_enCA815CA815&oq=chrome+inject+html&aqs=chrome..69i57j0l5.2667j0j8&sourceid=chrome&ie=UTF-8
2019-10-19 21:35:18,928 DEBUG    save to sessions_items.log
2019-10-19 21:35:18,929 DEBUG    ('127.0.0.1', 62008) - ASGI [49] Received {'type': 'http.response.start', 'status': 200, 'headers': '<...>'}
2019-10-19 21:35:18,929 INFO     ('127.0.0.1', 62008) - "POST /predict_next HTTP/1.1" 200
2019-10-19 21:35:18,929 DEBUG    ('127.0.0.1', 62008) - ASGI [49] Received {'type': 'http.response.body', 'body': '<327 bytes>'}
2019-10-19 21:35:18,929 DEBUG    ('127.0.0.1', 62008) - ASGI [49] Completed
2019-10-19 21:35:20,874 DEBUG    ('127.0.0.1', 62008) - ASGI [50] Started
2019-10-19 21:35:20,875 DEBUG    ('127.0.0.1', 62008) - ASGI [50] Sent {'type': 'http.request', 'body': '<108 bytes>', 'more_body': False}
2019-10-19 21:35:20,875 DEBUG    received items: https://stackoverflow.com/questions/16334054/inject-html-into-a-page-from-a-content-script
2019-10-19 21:35:20,875 DEBUG    save to sessions_items.log
2019-10-19 21:35:20,876 DEBUG    ('127.0.0.1', 62008) - ASGI [50] Received {'type': 'http.response.start', 'status': 200, 'headers': '<...>'}
2019-10-19 21:35:20,876 INFO     ('127.0.0.1', 62008) - "POST /predict_next HTTP/1.1" 200
2019-10-19 21:35:20,877 DEBUG    ('127.0.0.1', 62008) - ASGI [50] Received {'type': 'http.response.body', 'body': '<201 bytes>'}
2019-10-19 21:35:20,877 DEBUG    ('127.0.0.1', 62008) - ASGI [50] Completed
2019-10-19 21:35:22,781 DEBUG    ('127.0.0.1', 62008) - ASGI [51] Started
2019-10-19 21:35:22,782 DEBUG    ('127.0.0.1', 62008) - ASGI [51] Sent {'type': 'http.request', 'body': '<88 bytes>', 'more_body': False}
2019-10-19 21:35:22,782 DEBUG    received items: https://tpc.googlesyndication.com/safeframe/1-0-35/html/container.html
2019-10-19 21:35:22,782 DEBUG    save to sessions_items.log
2019-10-19 21:35:22,783 DEBUG    ('127.0.0.1', 62008) - ASGI [51] Received {'type': 'http.response.start', 'status': 200, 'headers': '<...>'}
2019-10-19 21:35:22,783 INFO     ('127.0.0.1', 62008) - "POST /predict_next HTTP/1.1" 200
2019-10-19 21:35:22,783 DEBUG    ('127.0.0.1', 62008) - ASGI [51] Received {'type': 'http.response.body', 'body': '<161 bytes>'}
2019-10-19 21:35:22,783 DEBUG    ('127.0.0.1', 62008) - ASGI [51] Completed
2019-10-19 21:35:22,972 DEBUG    ('127.0.0.1', 62008) - ASGI [52] Started
2019-10-19 21:35:22,973 DEBUG    ('127.0.0.1', 62008) - ASGI [52] Sent {'type': 'http.request', 'body': '<161 bytes>', 'more_body': False}
2019-10-19 21:35:22,973 DEBUG    received items: https://tpc.googlesyndication.com/safeframe/1-0-35/html/container.html,https://tpc.googlesyndication.com/safeframe/1-0-35/html/container.html
2019-10-19 21:35:22,973 DEBUG    save to sessions_items.log
2019-10-19 21:35:22,974 DEBUG    ('127.0.0.1', 62008) - ASGI [52] Received {'type': 'http.response.start', 'status': 200, 'headers': '<...>'}
2019-10-19 21:35:22,974 INFO     ('127.0.0.1', 62008) - "POST /predict_next HTTP/1.1" 200
2019-10-19 21:35:22,974 DEBUG    ('127.0.0.1', 62008) - ASGI [52] Received {'type': 'http.response.body', 'body': '<161 bytes>'}
2019-10-19 21:35:22,974 DEBUG    ('127.0.0.1', 62008) - ASGI [52] Completed
2019-10-19 21:35:22,983 DEBUG    ('127.0.0.1', 62008) - ASGI [53] Started
2019-10-19 21:35:22,983 DEBUG    ('127.0.0.1', 62008) - ASGI [53] Sent {'type': 'http.request', 'body': '<234 bytes>', 'more_body': False}
2019-10-19 21:35:22,983 DEBUG    received items: https://tpc.googlesyndication.com/safeframe/1-0-35/html/container.html,https://tpc.googlesyndication.com/safeframe/1-0-35/html/container.html,https://tpc.googlesyndication.com/safeframe/1-0-35/html/container.html
2019-10-19 21:35:22,983 DEBUG    save to sessions_items.log
2019-10-19 21:35:22,984 DEBUG    ('127.0.0.1', 62008) - ASGI [53] Received {'type': 'http.response.start', 'status': 200, 'headers': '<...>'}
2019-10-19 21:35:22,985 INFO     ('127.0.0.1', 62008) - "POST /predict_next HTTP/1.1" 200
2019-10-19 21:35:22,985 DEBUG    ('127.0.0.1', 62008) - ASGI [53] Received {'type': 'http.response.body', 'body': '<161 bytes>'}
2019-10-19 21:35:22,985 DEBUG    ('127.0.0.1', 62008) - ASGI [53] Completed
2019-10-19 21:35:23,002 DEBUG    ('127.0.0.1', 62008) - ASGI [54] Started
2019-10-19 21:35:23,002 DEBUG    ('127.0.0.1', 62008) - ASGI [54] Sent {'type': 'http.request', 'body': '<307 bytes>', 'more_body': False}
2019-10-19 21:35:23,003 DEBUG    received items: https://tpc.googlesyndication.com/safeframe/1-0-35/html/container.html,https://tpc.googlesyndication.com/safeframe/1-0-35/html/container.html,https://tpc.googlesyndication.com/safeframe/1-0-35/html/container.html,https://tpc.googlesyndication.com/safeframe/1-0-35/html/container.html
2019-10-19 21:35:23,003 DEBUG    save to sessions_items.log
2019-10-19 21:35:23,004 DEBUG    ('127.0.0.1', 62008) - ASGI [54] Received {'type': 'http.response.start', 'status': 200, 'headers': '<...>'}
2019-10-19 21:35:23,004 INFO     ('127.0.0.1', 62008) - "POST /predict_next HTTP/1.1" 200
2019-10-19 21:35:23,004 DEBUG    ('127.0.0.1', 62008) - ASGI [54] Received {'type': 'http.response.body', 'body': '<161 bytes>'}
2019-10-19 21:35:23,004 DEBUG    ('127.0.0.1', 62008) - ASGI [54] Completed
2019-10-19 21:35:24,377 DEBUG    ('127.0.0.1', 62008) - ASGI [55] Started
2019-10-19 21:35:24,378 DEBUG    ('127.0.0.1', 62008) - ASGI [55] Sent {'type': 'http.request', 'body': '<121 bytes>', 'more_body': False}
2019-10-19 21:35:24,378 DEBUG    received items: https://dco-assets.everestads.net/ics-campaign/static/dco/html5-ad-script_v4.html?data=Xau53AAAL9j2ehJN
2019-10-19 21:35:24,378 DEBUG    save to sessions_items.log
2019-10-19 21:35:24,379 DEBUG    ('127.0.0.1', 62008) - ASGI [55] Received {'type': 'http.response.start', 'status': 200, 'headers': '<...>'}
2019-10-19 21:35:24,379 INFO     ('127.0.0.1', 62008) - "POST /predict_next HTTP/1.1" 200
2019-10-19 21:35:24,379 DEBUG    ('127.0.0.1', 62008) - ASGI [55] Received {'type': 'http.response.body', 'body': '<227 bytes>'}
2019-10-19 21:35:24,379 DEBUG    ('127.0.0.1', 62008) - ASGI [55] Completed
2019-10-19 21:35:24,664 DEBUG    ('127.0.0.1', 62008) - ASGI [56] Started
2019-10-19 21:35:24,673 DEBUG    ('127.0.0.1', 62008) - ASGI [56] Sent {'type': 'http.request', 'body': '<197 bytes>', 'more_body': False}
2019-10-19 21:35:24,676 DEBUG    received items: https://dco-assets.everestads.net/ics-campaign/static/dco/html5-ad-script_v4.html?data=Xau53AAAL9j2ehJN,https://dco-assets.everestads.net/ics-campaign//5031/t/7178/7/728x90.html
2019-10-19 21:35:24,676 DEBUG    save to sessions_items.log
2019-10-19 21:35:24,677 DEBUG    ('127.0.0.1', 62008) - ASGI [56] Received {'type': 'http.response.start', 'status': 200, 'headers': '<...>'}
2019-10-19 21:35:24,677 INFO     ('127.0.0.1', 62008) - "POST /predict_next HTTP/1.1" 200
2019-10-19 21:35:24,677 DEBUG    ('127.0.0.1', 62008) - ASGI [56] Received {'type': 'http.response.body', 'body': '<167 bytes>'}
2019-10-19 21:35:24,678 DEBUG    ('127.0.0.1', 62008) - ASGI [56] Completed
2019-10-19 21:35:24,831 DEBUG    ('127.0.0.1', 62008) - ASGI [57] Started
2019-10-19 21:35:24,831 DEBUG    ('127.0.0.1', 62008) - ASGI [57] Sent {'type': 'http.request', 'body': '<579 bytes>', 'more_body': False}
2019-10-19 21:35:24,831 DEBUG    received items: https://pagead2.googlesyndication.com/pagead/s/cookie_push.html?cb=20190204#aHR0cHM6Ly93d3cuZmFjZWJvb2suY29tL2F1ZGllbmNlbmV0d29yay9pZHN5bmM_cGFydG5lcj0zNDM4MTY3ODYzODkyNzEmY2FsbGJhY2s9aHR0cHMlM0EvL2NtLmcuZG91YmxlY2xpY2submV0L3BpeGVsJTNGZ29vZ2xlX25pZCUzRGpiX25iJTI2Z29vZ2xlX2N2ZXI9MSUyNmdvb2dsZV9wdXNoPUFITkYxM0piQkxiMmlJa01UYVU4VnZLQnRyVHZQSnFlRjNhUkU1VDJxUmFlUnclMjZnb29nbGVfaG0lM0QlMjRCVVlFUlVJRCZnb29nbGVfZ2lkPUNBRVNFS3BzaTUtdVBwQ0hFd2hqNFVCX2FTRQ==,aHR0cHM6Ly9jbS5nLmRvdWJsZWNsaWNrLm5ldC9waXhlbC9hdHRyP2Q9QUhORjEzSmhLM1JCZGFUdk1lN3hWbFFBNXEwcHhBclVlbnBNTlE=
2019-10-19 21:35:24,832 DEBUG    save to sessions_items.log
2019-10-19 21:35:24,832 DEBUG    ('127.0.0.1', 62008) - ASGI [57] Received {'type': 'http.response.start', 'status': 200, 'headers': '<...>'}
2019-10-19 21:35:24,833 INFO     ('127.0.0.1', 62008) - "POST /predict_next HTTP/1.1" 200
2019-10-19 21:35:24,833 DEBUG    ('127.0.0.1', 62008) - ASGI [57] Received {'type': 'http.response.body', 'body': '<1143 bytes>'}
2019-10-19 21:35:24,833 DEBUG    ('127.0.0.1', 62008) - ASGI [57] Completed
2019-10-19 21:35:24,897 DEBUG    ('127.0.0.1', 62008) - ASGI [58] Started
2019-10-19 21:35:24,897 DEBUG    ('127.0.0.1', 62008) - ASGI [58] Sent {'type': 'http.request', 'body': '<50 bytes>', 'more_body': False}
2019-10-19 21:35:24,898 DEBUG    received items: https://pr.ybp.yahoo.com/adxsync
2019-10-19 21:35:24,898 DEBUG    save to sessions_items.log
2019-10-19 21:35:24,898 DEBUG    ('127.0.0.1', 62008) - ASGI [58] Received {'type': 'http.response.start', 'status': 200, 'headers': '<...>'}
2019-10-19 21:35:24,898 INFO     ('127.0.0.1', 62008) - "POST /predict_next HTTP/1.1" 200
2019-10-19 21:35:24,898 DEBUG    ('127.0.0.1', 62008) - ASGI [58] Received {'type': 'http.response.body', 'body': '<85 bytes>'}
2019-10-19 21:35:24,899 DEBUG    ('127.0.0.1', 62008) - ASGI [58] Completed
2019-10-19 21:35:29,903 DEBUG    ('127.0.0.1', 62008) - Disconnected
2019-10-19 21:36:04,167 DEBUG    ('127.0.0.1', 62264) - Connected
2019-10-19 21:36:04,167 DEBUG    ('127.0.0.1', 62264) - ASGI [59] Started
2019-10-19 21:36:04,167 DEBUG    ('127.0.0.1', 62264) - ASGI [59] Sent {'type': 'http.request', 'body': '<327 bytes>', 'more_body': False}
2019-10-19 21:36:04,168 DEBUG    received items: https://www.google.com/search?q=chrome+inject+html&rlz=1C5CHFA_enCA815CA815&oq=chrome+inject+html&aqs=chrome..69i57j0l5.2667j0j8&sourceid=chrome&ie=UTF-8,https://www.google.com/search?q=chrome+inject+html&rlz=1C5CHFA_enCA815CA815&oq=chrome+inject+html&aqs=chrome..69i57j0l5.2667j0j8&sourceid=chrome&ie=UTF-8
2019-10-19 21:36:04,168 DEBUG    save to sessions_items.log
2019-10-19 21:36:04,168 DEBUG    ('127.0.0.1', 62264) - ASGI [59] Received {'type': 'http.response.start', 'status': 200, 'headers': '<...>'}
2019-10-19 21:36:04,169 INFO     ('127.0.0.1', 62264) - "POST /predict_next HTTP/1.1" 200
2019-10-19 21:36:04,169 DEBUG    ('127.0.0.1', 62264) - ASGI [59] Received {'type': 'http.response.body', 'body': '<327 bytes>'}
2019-10-19 21:36:04,169 DEBUG    ('127.0.0.1', 62264) - ASGI [59] Completed
2019-10-19 21:36:08,520 DEBUG    ('127.0.0.1', 62264) - ASGI [60] Started
2019-10-19 21:36:08,520 DEBUG    ('127.0.0.1', 62264) - ASGI [60] Sent {'type': 'http.request', 'body': '<200 bytes>', 'more_body': False}
2019-10-19 21:36:08,520 DEBUG    received items: https://stackoverflow.com/questions/16334054/inject-html-into-a-page-from-a-content-script,https://stackoverflow.com/questions/23882666/chrome-extension-inject-html-to-specific-div
2019-10-19 21:36:08,520 DEBUG    save to sessions_items.log
2019-10-19 21:36:08,521 DEBUG    ('127.0.0.1', 62264) - ASGI [60] Received {'type': 'http.response.start', 'status': 200, 'headers': '<...>'}
2019-10-19 21:36:08,521 INFO     ('127.0.0.1', 62264) - "POST /predict_next HTTP/1.1" 200
2019-10-19 21:36:08,521 DEBUG    ('127.0.0.1', 62264) - ASGI [60] Received {'type': 'http.response.body', 'body': '<199 bytes>'}
2019-10-19 21:36:08,521 DEBUG    ('127.0.0.1', 62264) - ASGI [60] Completed
2019-10-19 21:36:09,826 DEBUG    ('127.0.0.1', 62264) - ASGI [61] Started
2019-10-19 21:36:09,826 DEBUG    ('127.0.0.1', 62264) - ASGI [61] Sent {'type': 'http.request', 'body': '<380 bytes>', 'more_body': False}
2019-10-19 21:36:09,827 DEBUG    received items: https://tpc.googlesyndication.com/safeframe/1-0-35/html/container.html,https://tpc.googlesyndication.com/safeframe/1-0-35/html/container.html,https://tpc.googlesyndication.com/safeframe/1-0-35/html/container.html,https://tpc.googlesyndication.com/safeframe/1-0-35/html/container.html,https://tpc.googlesyndication.com/safeframe/1-0-35/html/container.html
2019-10-19 21:36:09,827 DEBUG    save to sessions_items.log
2019-10-19 21:36:09,827 DEBUG    ('127.0.0.1', 62264) - ASGI [61] Received {'type': 'http.response.start', 'status': 200, 'headers': '<...>'}
2019-10-19 21:36:09,828 INFO     ('127.0.0.1', 62264) - "POST /predict_next HTTP/1.1" 200
2019-10-19 21:36:09,828 DEBUG    ('127.0.0.1', 62264) - ASGI [61] Received {'type': 'http.response.body', 'body': '<161 bytes>'}
2019-10-19 21:36:09,828 DEBUG    ('127.0.0.1', 62264) - ASGI [61] Completed
2019-10-19 21:36:10,077 DEBUG    ('127.0.0.1', 62264) - ASGI [62] Started
2019-10-19 21:36:10,077 DEBUG    ('127.0.0.1', 62264) - ASGI [62] Sent {'type': 'http.request', 'body': '<453 bytes>', 'more_body': False}
2019-10-19 21:36:10,078 DEBUG    received items: https://tpc.googlesyndication.com/safeframe/1-0-35/html/container.html,https://tpc.googlesyndication.com/safeframe/1-0-35/html/container.html,https://tpc.googlesyndication.com/safeframe/1-0-35/html/container.html,https://tpc.googlesyndication.com/safeframe/1-0-35/html/container.html,https://tpc.googlesyndication.com/safeframe/1-0-35/html/container.html,https://tpc.googlesyndication.com/safeframe/1-0-35/html/container.html
2019-10-19 21:36:10,078 DEBUG    save to sessions_items.log
2019-10-19 21:36:10,080 DEBUG    ('127.0.0.1', 62264) - ASGI [62] Received {'type': 'http.response.start', 'status': 200, 'headers': '<...>'}
2019-10-19 21:36:10,080 INFO     ('127.0.0.1', 62264) - "POST /predict_next HTTP/1.1" 200
2019-10-19 21:36:10,080 DEBUG    ('127.0.0.1', 62264) - ASGI [62] Received {'type': 'http.response.body', 'body': '<161 bytes>'}
2019-10-19 21:36:10,081 DEBUG    ('127.0.0.1', 62264) - ASGI [62] Completed
2019-10-19 21:36:15,086 DEBUG    ('127.0.0.1', 62264) - Disconnected
2019-10-19 21:43:28,655 DEBUG    ('127.0.0.1', 64498) - Connected
2019-10-19 21:43:28,660 DEBUG    ('127.0.0.1', 64498) - ASGI [63] Started
2019-10-19 21:43:28,662 DEBUG    ('127.0.0.1', 64498) - ASGI [63] Sent {'type': 'http.request', 'body': '<426 bytes>', 'more_body': False}
2019-10-19 21:43:28,721 DEBUG    received items: https://www.statcan.gc.ca/,https://www.statcan.gc.ca/eng/start,https://www.statcan.gc.ca/eng/reference/refcentre/index?MM=1,https://www.statcan.gc.ca/eng/reference/refcentre/index?MM=1,https://www.statcan.gc.ca/eng/trust?utm_source=statcan&utm_medium=banner&utm_campaign=trust-confiance_2019,https://www.statcan.gc.ca/eng/trust?utm_source=statcan&utm_medium=banner&utm_campaign=trust-confiance_2019
2019-10-19 21:43:28,722 DEBUG    save to sessions_items.log
2019-10-19 21:43:28,726 DEBUG    ('127.0.0.1', 64498) - ASGI [63] Received {'type': 'http.response.start', 'status': 200, 'headers': '<...>'}
2019-10-19 21:43:28,726 INFO     ('127.0.0.1', 64498) - "POST /predict_next HTTP/1.1" 200
2019-10-19 21:43:28,726 DEBUG    ('127.0.0.1', 64498) - ASGI [63] Received {'type': 'http.response.body', 'body': '<233 bytes>'}
2019-10-19 21:43:28,727 DEBUG    ('127.0.0.1', 64498) - ASGI [63] Completed
2019-10-19 21:43:33,731 DEBUG    ('127.0.0.1', 64498) - Disconnected
2019-10-19 21:43:54,045 DEBUG    ('127.0.0.1', 64617) - Connected
2019-10-19 21:43:54,046 DEBUG    ('127.0.0.1', 64617) - ASGI [64] Started
2019-10-19 21:43:54,046 DEBUG    ('127.0.0.1', 64617) - ASGI [64] Sent {'type': 'http.request', 'body': '<535 bytes>', 'more_body': False}
2019-10-19 21:43:54,047 DEBUG    received items: https://www.statcan.gc.ca/,https://www.statcan.gc.ca/eng/start,https://www.statcan.gc.ca/eng/reference/refcentre/index?MM=1,https://www.statcan.gc.ca/eng/reference/refcentre/index?MM=1,https://www.statcan.gc.ca/eng/trust?utm_source=statcan&utm_medium=banner&utm_campaign=trust-confiance_2019,https://www.statcan.gc.ca/eng/trust?utm_source=statcan&utm_medium=banner&utm_campaign=trust-confiance_2019,https://www.statcan.gc.ca/eng/trust?utm_source=statcan&utm_medium=banner&utm_campaign=trust-confiance_2019
2019-10-19 21:43:54,047 DEBUG    save to sessions_items.log
2019-10-19 21:43:54,047 DEBUG    ('127.0.0.1', 64617) - ASGI [64] Received {'type': 'http.response.start', 'status': 200, 'headers': '<...>'}
2019-10-19 21:43:54,048 INFO     ('127.0.0.1', 64617) - "POST /predict_next HTTP/1.1" 200
2019-10-19 21:43:54,048 DEBUG    ('127.0.0.1', 64617) - ASGI [64] Received {'type': 'http.response.body', 'body': '<233 bytes>'}
2019-10-19 21:43:54,048 DEBUG    ('127.0.0.1', 64617) - ASGI [64] Completed
2019-10-19 21:43:59,052 DEBUG    ('127.0.0.1', 64617) - Disconnected
2019-10-19 21:47:33,421 DEBUG    ('127.0.0.1', 49492) - Connected
2019-10-19 21:47:33,422 DEBUG    ('127.0.0.1', 49492) - ASGI [65] Started
2019-10-19 21:47:33,423 DEBUG    ('127.0.0.1', 49492) - ASGI [65] Sent {'type': 'http.request', 'body': '<644 bytes>', 'more_body': False}
2019-10-19 21:47:33,423 DEBUG    received items: https://www.statcan.gc.ca/,https://www.statcan.gc.ca/eng/start,https://www.statcan.gc.ca/eng/reference/refcentre/index?MM=1,https://www.statcan.gc.ca/eng/reference/refcentre/index?MM=1,https://www.statcan.gc.ca/eng/trust?utm_source=statcan&utm_medium=banner&utm_campaign=trust-confiance_2019,https://www.statcan.gc.ca/eng/trust?utm_source=statcan&utm_medium=banner&utm_campaign=trust-confiance_2019,https://www.statcan.gc.ca/eng/trust?utm_source=statcan&utm_medium=banner&utm_campaign=trust-confiance_2019,https://www.statcan.gc.ca/eng/trust?utm_source=statcan&utm_medium=banner&utm_campaign=trust-confiance_2019
2019-10-19 21:47:33,424 DEBUG    save to sessions_items.log
2019-10-19 21:47:33,426 DEBUG    ('127.0.0.1', 49492) - ASGI [65] Received {'type': 'http.response.start', 'status': 200, 'headers': '<...>'}
2019-10-19 21:47:33,426 INFO     ('127.0.0.1', 49492) - "POST /predict_next HTTP/1.1" 200
2019-10-19 21:47:33,426 DEBUG    ('127.0.0.1', 49492) - ASGI [65] Received {'type': 'http.response.body', 'body': '<233 bytes>'}
2019-10-19 21:47:33,426 DEBUG    ('127.0.0.1', 49492) - ASGI [65] Completed
2019-10-19 21:47:38,428 DEBUG    ('127.0.0.1', 49492) - Disconnected
2019-10-19 21:48:00,641 DEBUG    ('127.0.0.1', 49620) - Connected
2019-10-19 21:48:00,642 DEBUG    ('127.0.0.1', 49620) - ASGI [66] Started
2019-10-19 21:48:00,642 DEBUG    ('127.0.0.1', 49620) - ASGI [66] Sent {'type': 'http.request', 'body': '<634 bytes>', 'more_body': False}
2019-10-19 21:48:00,643 DEBUG    received items: https://www150.statcan.gc.ca/n1/dai-quo/index-eng.htm?HPA=1,https://www150.statcan.gc.ca/n1/dai-quo/ind1-eng.htm,https://www150.statcan.gc.ca/n1/dai-quo/ind1-eng.htm,https://www150.statcan.gc.ca/n1/dai-quo/special-eng.htm,https://www150.statcan.gc.ca/n1/en/type/data?MM=1,https://www150.statcan.gc.ca/n1/en/type/analysis?MM=1,https://www150.statcan.gc.ca/n1/daily-quotidien/191018/dq191018a-eng.htm,https://www150.statcan.gc.ca/n1/daily-quotidien/190930/dq190930f-eng.htm?HPA=1&indid=4098-1&indgeo=0,https://www150.statcan.gc.ca/n1/daily-quotidien/190930/dq190930f-eng.htm?HPA=1&indid=4098-1&indgeo=0
2019-10-19 21:48:00,643 DEBUG    save to sessions_items.log
2019-10-19 21:48:00,644 DEBUG    ('127.0.0.1', 49620) - ASGI [66] Received {'type': 'http.response.start', 'status': 200, 'headers': '<...>'}
2019-10-19 21:48:00,644 INFO     ('127.0.0.1', 49620) - "POST /predict_next HTTP/1.1" 200
2019-10-19 21:48:00,644 DEBUG    ('127.0.0.1', 49620) - ASGI [66] Received {'type': 'http.response.body', 'body': '<221 bytes>'}
2019-10-19 21:48:00,645 DEBUG    ('127.0.0.1', 49620) - ASGI [66] Completed
2019-10-19 21:48:05,645 DEBUG    ('127.0.0.1', 49620) - Disconnected
2019-10-19 21:48:57,001 DEBUG    ('127.0.0.1', 49888) - Connected
2019-10-19 21:48:57,001 DEBUG    ('127.0.0.1', 49888) - ASGI [67] Started
2019-10-19 21:48:57,002 DEBUG    ('127.0.0.1', 49888) - ASGI [67] Sent {'type': 'http.request', 'body': '<753 bytes>', 'more_body': False}
2019-10-19 21:48:57,002 DEBUG    received items: https://www.statcan.gc.ca/,https://www.statcan.gc.ca/eng/start,https://www.statcan.gc.ca/eng/reference/refcentre/index?MM=1,https://www.statcan.gc.ca/eng/reference/refcentre/index?MM=1,https://www.statcan.gc.ca/eng/trust?utm_source=statcan&utm_medium=banner&utm_campaign=trust-confiance_2019,https://www.statcan.gc.ca/eng/trust?utm_source=statcan&utm_medium=banner&utm_campaign=trust-confiance_2019,https://www.statcan.gc.ca/eng/trust?utm_source=statcan&utm_medium=banner&utm_campaign=trust-confiance_2019,https://www.statcan.gc.ca/eng/trust?utm_source=statcan&utm_medium=banner&utm_campaign=trust-confiance_2019,https://www.statcan.gc.ca/eng/trust?utm_source=statcan&utm_medium=banner&utm_campaign=trust-confiance_2019
2019-10-19 21:48:57,002 DEBUG    save to sessions_items.log
2019-10-19 21:48:57,003 DEBUG    ('127.0.0.1', 49888) - ASGI [67] Received {'type': 'http.response.start', 'status': 200, 'headers': '<...>'}
2019-10-19 21:48:57,003 INFO     ('127.0.0.1', 49888) - "POST /predict_next HTTP/1.1" 200
2019-10-19 21:48:57,003 DEBUG    ('127.0.0.1', 49888) - ASGI [67] Received {'type': 'http.response.body', 'body': '<233 bytes>'}
2019-10-19 21:48:57,003 DEBUG    ('127.0.0.1', 49888) - ASGI [67] Completed
2019-10-19 21:49:02,008 DEBUG    ('127.0.0.1', 49888) - Disconnected
2019-10-19 21:50:18,507 DEBUG    ('127.0.0.1', 50263) - Connected
2019-10-19 21:50:18,507 DEBUG    ('127.0.0.1', 50263) - ASGI [68] Started
2019-10-19 21:50:18,508 DEBUG    ('127.0.0.1', 50263) - ASGI [68] Sent {'type': 'http.request', 'body': '<862 bytes>', 'more_body': False}
2019-10-19 21:50:18,509 DEBUG    received items: https://www.statcan.gc.ca/,https://www.statcan.gc.ca/eng/start,https://www.statcan.gc.ca/eng/reference/refcentre/index?MM=1,https://www.statcan.gc.ca/eng/reference/refcentre/index?MM=1,https://www.statcan.gc.ca/eng/trust?utm_source=statcan&utm_medium=banner&utm_campaign=trust-confiance_2019,https://www.statcan.gc.ca/eng/trust?utm_source=statcan&utm_medium=banner&utm_campaign=trust-confiance_2019,https://www.statcan.gc.ca/eng/trust?utm_source=statcan&utm_medium=banner&utm_campaign=trust-confiance_2019,https://www.statcan.gc.ca/eng/trust?utm_source=statcan&utm_medium=banner&utm_campaign=trust-confiance_2019,https://www.statcan.gc.ca/eng/trust?utm_source=statcan&utm_medium=banner&utm_campaign=trust-confiance_2019,https://www.statcan.gc.ca/eng/trust?utm_source=statcan&utm_medium=banner&utm_campaign=trust-confiance_2019
2019-10-19 21:50:18,509 DEBUG    save to sessions_items.log
2019-10-19 21:50:18,510 DEBUG    ('127.0.0.1', 50263) - ASGI [68] Received {'type': 'http.response.start', 'status': 200, 'headers': '<...>'}
2019-10-19 21:50:18,510 INFO     ('127.0.0.1', 50263) - "POST /predict_next HTTP/1.1" 200
2019-10-19 21:50:18,510 DEBUG    ('127.0.0.1', 50263) - ASGI [68] Received {'type': 'http.response.body', 'body': '<233 bytes>'}
2019-10-19 21:50:18,510 DEBUG    ('127.0.0.1', 50263) - ASGI [68] Completed
2019-10-19 21:50:23,512 DEBUG    ('127.0.0.1', 50263) - Disconnected
2019-10-19 21:50:27,023 DEBUG    ('127.0.0.1', 50302) - Connected
2019-10-19 21:50:27,024 DEBUG    ('127.0.0.1', 50302) - ASGI [69] Started
2019-10-19 21:50:27,024 DEBUG    ('127.0.0.1', 50302) - ASGI [69] Sent {'type': 'http.request', 'body': '<971 bytes>', 'more_body': False}
2019-10-19 21:50:27,026 DEBUG    received items: https://www.statcan.gc.ca/,https://www.statcan.gc.ca/eng/start,https://www.statcan.gc.ca/eng/reference/refcentre/index?MM=1,https://www.statcan.gc.ca/eng/reference/refcentre/index?MM=1,https://www.statcan.gc.ca/eng/trust?utm_source=statcan&utm_medium=banner&utm_campaign=trust-confiance_2019,https://www.statcan.gc.ca/eng/trust?utm_source=statcan&utm_medium=banner&utm_campaign=trust-confiance_2019,https://www.statcan.gc.ca/eng/trust?utm_source=statcan&utm_medium=banner&utm_campaign=trust-confiance_2019,https://www.statcan.gc.ca/eng/trust?utm_source=statcan&utm_medium=banner&utm_campaign=trust-confiance_2019,https://www.statcan.gc.ca/eng/trust?utm_source=statcan&utm_medium=banner&utm_campaign=trust-confiance_2019,https://www.statcan.gc.ca/eng/trust?utm_source=statcan&utm_medium=banner&utm_campaign=trust-confiance_2019,https://www.statcan.gc.ca/eng/trust?utm_source=statcan&utm_medium=banner&utm_campaign=trust-confiance_2019
2019-10-19 21:50:27,026 DEBUG    save to sessions_items.log
2019-10-19 21:50:27,027 DEBUG    ('127.0.0.1', 50302) - ASGI [69] Received {'type': 'http.response.start', 'status': 200, 'headers': '<...>'}
2019-10-19 21:50:27,027 INFO     ('127.0.0.1', 50302) - "POST /predict_next HTTP/1.1" 200
2019-10-19 21:50:27,027 DEBUG    ('127.0.0.1', 50302) - ASGI [69] Received {'type': 'http.response.body', 'body': '<233 bytes>'}
2019-10-19 21:50:27,027 DEBUG    ('127.0.0.1', 50302) - ASGI [69] Completed
2019-10-19 21:50:32,033 DEBUG    ('127.0.0.1', 50302) - Disconnected
2019-10-19 21:51:09,065 DEBUG    ('127.0.0.1', 50496) - Connected
2019-10-19 21:51:09,066 DEBUG    ('127.0.0.1', 50496) - ASGI [70] Started
2019-10-19 21:51:09,066 DEBUG    ('127.0.0.1', 50496) - ASGI [70] Sent {'type': 'http.request', 'body': '<1080 bytes>', 'more_body': False}
2019-10-19 21:51:09,067 DEBUG    received items: https://www.statcan.gc.ca/,https://www.statcan.gc.ca/eng/start,https://www.statcan.gc.ca/eng/reference/refcentre/index?MM=1,https://www.statcan.gc.ca/eng/reference/refcentre/index?MM=1,https://www.statcan.gc.ca/eng/trust?utm_source=statcan&utm_medium=banner&utm_campaign=trust-confiance_2019,https://www.statcan.gc.ca/eng/trust?utm_source=statcan&utm_medium=banner&utm_campaign=trust-confiance_2019,https://www.statcan.gc.ca/eng/trust?utm_source=statcan&utm_medium=banner&utm_campaign=trust-confiance_2019,https://www.statcan.gc.ca/eng/trust?utm_source=statcan&utm_medium=banner&utm_campaign=trust-confiance_2019,https://www.statcan.gc.ca/eng/trust?utm_source=statcan&utm_medium=banner&utm_campaign=trust-confiance_2019,https://www.statcan.gc.ca/eng/trust?utm_source=statcan&utm_medium=banner&utm_campaign=trust-confiance_2019,https://www.statcan.gc.ca/eng/trust?utm_source=statcan&utm_medium=banner&utm_campaign=trust-confiance_2019,https://www.statcan.gc.ca/eng/trust?utm_source=statcan&utm_medium=banner&utm_campaign=trust-confiance_2019
2019-10-19 21:51:09,068 DEBUG    save to sessions_items.log
2019-10-19 21:51:09,069 DEBUG    ('127.0.0.1', 50496) - ASGI [70] Received {'type': 'http.response.start', 'status': 200, 'headers': '<...>'}
2019-10-19 21:51:09,069 INFO     ('127.0.0.1', 50496) - "POST /predict_next HTTP/1.1" 200
2019-10-19 21:51:09,069 DEBUG    ('127.0.0.1', 50496) - ASGI [70] Received {'type': 'http.response.body', 'body': '<233 bytes>'}
2019-10-19 21:51:09,069 DEBUG    ('127.0.0.1', 50496) - ASGI [70] Completed
2019-10-19 21:51:14,071 DEBUG    ('127.0.0.1', 50496) - Disconnected
2019-10-19 21:51:21,636 DEBUG    ('127.0.0.1', 50556) - Connected
2019-10-19 21:51:21,637 DEBUG    ('127.0.0.1', 50556) - ASGI [71] Started
2019-10-19 21:51:21,638 DEBUG    ('127.0.0.1', 50556) - ASGI [71] Sent {'type': 'http.request', 'body': '<1189 bytes>', 'more_body': False}
2019-10-19 21:51:21,638 DEBUG    received items: https://www.statcan.gc.ca/,https://www.statcan.gc.ca/eng/start,https://www.statcan.gc.ca/eng/reference/refcentre/index?MM=1,https://www.statcan.gc.ca/eng/reference/refcentre/index?MM=1,https://www.statcan.gc.ca/eng/trust?utm_source=statcan&utm_medium=banner&utm_campaign=trust-confiance_2019,https://www.statcan.gc.ca/eng/trust?utm_source=statcan&utm_medium=banner&utm_campaign=trust-confiance_2019,https://www.statcan.gc.ca/eng/trust?utm_source=statcan&utm_medium=banner&utm_campaign=trust-confiance_2019,https://www.statcan.gc.ca/eng/trust?utm_source=statcan&utm_medium=banner&utm_campaign=trust-confiance_2019,https://www.statcan.gc.ca/eng/trust?utm_source=statcan&utm_medium=banner&utm_campaign=trust-confiance_2019,https://www.statcan.gc.ca/eng/trust?utm_source=statcan&utm_medium=banner&utm_campaign=trust-confiance_2019,https://www.statcan.gc.ca/eng/trust?utm_source=statcan&utm_medium=banner&utm_campaign=trust-confiance_2019,https://www.statcan.gc.ca/eng/trust?utm_source=statcan&utm_medium=banner&utm_campaign=trust-confiance_2019,https://www.statcan.gc.ca/eng/trust?utm_source=statcan&utm_medium=banner&utm_campaign=trust-confiance_2019
2019-10-19 21:51:21,638 DEBUG    save to sessions_items.log
2019-10-19 21:51:21,639 DEBUG    ('127.0.0.1', 50556) - ASGI [71] Received {'type': 'http.response.start', 'status': 200, 'headers': '<...>'}
2019-10-19 21:51:21,639 INFO     ('127.0.0.1', 50556) - "POST /predict_next HTTP/1.1" 200
2019-10-19 21:51:21,639 DEBUG    ('127.0.0.1', 50556) - ASGI [71] Received {'type': 'http.response.body', 'body': '<233 bytes>'}
2019-10-19 21:51:21,639 DEBUG    ('127.0.0.1', 50556) - ASGI [71] Completed
2019-10-19 21:51:26,641 DEBUG    ('127.0.0.1', 50556) - Disconnected
2019-10-19 21:51:44,133 DEBUG    ('127.0.0.1', 50657) - Connected
2019-10-19 21:51:44,134 DEBUG    ('127.0.0.1', 50657) - ASGI [72] Started
2019-10-19 21:51:44,135 DEBUG    ('127.0.0.1', 50657) - ASGI [72] Sent {'type': 'http.request', 'body': '<1298 bytes>', 'more_body': False}
2019-10-19 21:51:44,136 DEBUG    received items: https://www.statcan.gc.ca/,https://www.statcan.gc.ca/eng/start,https://www.statcan.gc.ca/eng/reference/refcentre/index?MM=1,https://www.statcan.gc.ca/eng/reference/refcentre/index?MM=1,https://www.statcan.gc.ca/eng/trust?utm_source=statcan&utm_medium=banner&utm_campaign=trust-confiance_2019,https://www.statcan.gc.ca/eng/trust?utm_source=statcan&utm_medium=banner&utm_campaign=trust-confiance_2019,https://www.statcan.gc.ca/eng/trust?utm_source=statcan&utm_medium=banner&utm_campaign=trust-confiance_2019,https://www.statcan.gc.ca/eng/trust?utm_source=statcan&utm_medium=banner&utm_campaign=trust-confiance_2019,https://www.statcan.gc.ca/eng/trust?utm_source=statcan&utm_medium=banner&utm_campaign=trust-confiance_2019,https://www.statcan.gc.ca/eng/trust?utm_source=statcan&utm_medium=banner&utm_campaign=trust-confiance_2019,https://www.statcan.gc.ca/eng/trust?utm_source=statcan&utm_medium=banner&utm_campaign=trust-confiance_2019,https://www.statcan.gc.ca/eng/trust?utm_source=statcan&utm_medium=banner&utm_campaign=trust-confiance_2019,https://www.statcan.gc.ca/eng/trust?utm_source=statcan&utm_medium=banner&utm_campaign=trust-confiance_2019,https://www.statcan.gc.ca/eng/trust?utm_source=statcan&utm_medium=banner&utm_campaign=trust-confiance_2019
2019-10-19 21:51:44,136 DEBUG    save to sessions_items.log
2019-10-19 21:51:44,137 DEBUG    ('127.0.0.1', 50657) - ASGI [72] Received {'type': 'http.response.start', 'status': 200, 'headers': '<...>'}
2019-10-19 21:51:44,137 INFO     ('127.0.0.1', 50657) - "POST /predict_next HTTP/1.1" 200
2019-10-19 21:51:44,137 DEBUG    ('127.0.0.1', 50657) - ASGI [72] Received {'type': 'http.response.body', 'body': '<233 bytes>'}
2019-10-19 21:51:44,138 DEBUG    ('127.0.0.1', 50657) - ASGI [72] Completed
2019-10-19 21:51:49,138 DEBUG    ('127.0.0.1', 50657) - Disconnected
2019-10-19 21:52:29,558 DEBUG    ('127.0.0.1', 50869) - Connected
2019-10-19 21:52:29,559 DEBUG    ('127.0.0.1', 50869) - ASGI [73] Started
2019-10-19 21:52:29,559 DEBUG    ('127.0.0.1', 50869) - ASGI [73] Sent {'type': 'http.request', 'body': '<1407 bytes>', 'more_body': False}
2019-10-19 21:52:29,560 DEBUG    received items: https://www.statcan.gc.ca/,https://www.statcan.gc.ca/eng/start,https://www.statcan.gc.ca/eng/reference/refcentre/index?MM=1,https://www.statcan.gc.ca/eng/reference/refcentre/index?MM=1,https://www.statcan.gc.ca/eng/trust?utm_source=statcan&utm_medium=banner&utm_campaign=trust-confiance_2019,https://www.statcan.gc.ca/eng/trust?utm_source=statcan&utm_medium=banner&utm_campaign=trust-confiance_2019,https://www.statcan.gc.ca/eng/trust?utm_source=statcan&utm_medium=banner&utm_campaign=trust-confiance_2019,https://www.statcan.gc.ca/eng/trust?utm_source=statcan&utm_medium=banner&utm_campaign=trust-confiance_2019,https://www.statcan.gc.ca/eng/trust?utm_source=statcan&utm_medium=banner&utm_campaign=trust-confiance_2019,https://www.statcan.gc.ca/eng/trust?utm_source=statcan&utm_medium=banner&utm_campaign=trust-confiance_2019,https://www.statcan.gc.ca/eng/trust?utm_source=statcan&utm_medium=banner&utm_campaign=trust-confiance_2019,https://www.statcan.gc.ca/eng/trust?utm_source=statcan&utm_medium=banner&utm_campaign=trust-confiance_2019,https://www.statcan.gc.ca/eng/trust?utm_source=statcan&utm_medium=banner&utm_campaign=trust-confiance_2019,https://www.statcan.gc.ca/eng/trust?utm_source=statcan&utm_medium=banner&utm_campaign=trust-confiance_2019,https://www.statcan.gc.ca/eng/trust?utm_source=statcan&utm_medium=banner&utm_campaign=trust-confiance_2019
2019-10-19 21:52:29,560 DEBUG    save to sessions_items.log
2019-10-19 21:52:29,561 DEBUG    ('127.0.0.1', 50869) - ASGI [73] Received {'type': 'http.response.start', 'status': 200, 'headers': '<...>'}
2019-10-19 21:52:29,561 INFO     ('127.0.0.1', 50869) - "POST /predict_next HTTP/1.1" 200
2019-10-19 21:52:29,561 DEBUG    ('127.0.0.1', 50869) - ASGI [73] Received {'type': 'http.response.body', 'body': '<233 bytes>'}
2019-10-19 21:52:29,561 DEBUG    ('127.0.0.1', 50869) - ASGI [73] Completed
2019-10-19 21:52:34,565 DEBUG    ('127.0.0.1', 50869) - Disconnected
2019-10-19 21:53:09,704 DEBUG    ('127.0.0.1', 51059) - Connected
2019-10-19 21:53:09,704 DEBUG    ('127.0.0.1', 51059) - ASGI [74] Started
2019-10-19 21:53:09,704 DEBUG    ('127.0.0.1', 51059) - ASGI [74] Sent {'type': 'http.request', 'body': '<476 bytes>', 'more_body': False}
2019-10-19 21:53:09,705 DEBUG    received items: https://www.google.com/search?q=chrome+inject+html&rlz=1C5CHFA_enCA815CA815&oq=chrome+inject+html&aqs=chrome..69i57j0l5.2667j0j8&sourceid=chrome&ie=UTF-8,https://www.google.com/search?q=chrome+inject+html&rlz=1C5CHFA_enCA815CA815&oq=chrome+inject+html&aqs=chrome..69i57j0l5.2667j0j8&sourceid=chrome&ie=UTF-8,https://www.google.com/search?q=getelementbyid&rlz=1C5CHFA_enCA815CA815&oq=getelementby&aqs=chrome.0.0l4j69i57j0.2736j0j4&sourceid=chrome&ie=UTF-8
2019-10-19 21:53:09,705 DEBUG    save to sessions_items.log
2019-10-19 21:53:09,705 DEBUG    ('127.0.0.1', 51059) - ASGI [74] Received {'type': 'http.response.start', 'status': 200, 'headers': '<...>'}
2019-10-19 21:53:09,706 INFO     ('127.0.0.1', 51059) - "POST /predict_next HTTP/1.1" 200
2019-10-19 21:53:09,706 DEBUG    ('127.0.0.1', 51059) - ASGI [74] Received {'type': 'http.response.body', 'body': '<313 bytes>'}
2019-10-19 21:53:09,706 DEBUG    ('127.0.0.1', 51059) - ASGI [74] Completed
2019-10-19 21:53:14,707 DEBUG    ('127.0.0.1', 51059) - Disconnected
2019-10-19 21:53:19,600 DEBUG    ('127.0.0.1', 51108) - Connected
2019-10-19 21:53:19,601 DEBUG    ('127.0.0.1', 51108) - ASGI [75] Started
2019-10-19 21:53:19,601 DEBUG    ('127.0.0.1', 51108) - ASGI [75] Sent {'type': 'http.request', 'body': '<889 bytes>', 'more_body': False}
2019-10-19 21:53:19,602 DEBUG    received items: https://www.google.com/search?q=chrome+inject+html&rlz=1C5CHFA_enCA815CA815&oq=chrome+inject+html&aqs=chrome..69i57j0l5.2667j0j8&sourceid=chrome&ie=UTF-8,https://www.google.com/search?q=chrome+inject+html&rlz=1C5CHFA_enCA815CA815&oq=chrome+inject+html&aqs=chrome..69i57j0l5.2667j0j8&sourceid=chrome&ie=UTF-8,https://www.google.com/search?q=getelementbyid&rlz=1C5CHFA_enCA815CA815&oq=getelementby&aqs=chrome.0.0l4j69i57j0.2736j0j4&sourceid=chrome&ie=UTF-8,https://www.google.com/search?rlz=1C5CHFA_enCA815CA815&sxsrf=ACYBGNSjOlo20LGVDmqlfp9ipfgI4K57Sw%3A1571536389451&ei=Bb6rXeWUG6S1ggeFhKPYBw&q=html+get+element&oq=html+get+element&gs_l=psy-ab.3..0l10.2718.8249..8368...11.4..1.242.2524.20j2j3......0....1..gws-wiz.......0i71j35i39j0i67j0i131j0i22i30j0i22i10i30j0i13j0i13i30j0i13i5i30j0i8i13i30j33i160.FJ5XlWYjk7w&ved=0ahUKEwilq_qh3anlAhWkmuAKHQXCCHsQ4dUDCAs&uact=5
2019-10-19 21:53:19,602 DEBUG    save to sessions_items.log
2019-10-19 21:53:19,603 DEBUG    ('127.0.0.1', 51108) - ASGI [75] Received {'type': 'http.response.start', 'status': 200, 'headers': '<...>'}
2019-10-19 21:53:19,603 INFO     ('127.0.0.1', 51108) - "POST /predict_next HTTP/1.1" 200
2019-10-19 21:53:19,603 DEBUG    ('127.0.0.1', 51108) - ASGI [75] Received {'type': 'http.response.body', 'body': '<841 bytes>'}
2019-10-19 21:53:19,603 DEBUG    ('127.0.0.1', 51108) - ASGI [75] Completed
2019-10-19 21:53:24,604 DEBUG    ('127.0.0.1', 51108) - Disconnected
2019-10-19 21:53:32,801 DEBUG    ('127.0.0.1', 51171) - Connected
2019-10-19 21:53:32,802 DEBUG    ('127.0.0.1', 51171) - ASGI [76] Started
2019-10-19 21:53:32,802 DEBUG    ('127.0.0.1', 51171) - ASGI [76] Sent {'type': 'http.request', 'body': '<1296 bytes>', 'more_body': False}
2019-10-19 21:53:32,802 DEBUG    received items: https://www.google.com/search?q=chrome+inject+html&rlz=1C5CHFA_enCA815CA815&oq=chrome+inject+html&aqs=chrome..69i57j0l5.2667j0j8&sourceid=chrome&ie=UTF-8,https://www.google.com/search?q=chrome+inject+html&rlz=1C5CHFA_enCA815CA815&oq=chrome+inject+html&aqs=chrome..69i57j0l5.2667j0j8&sourceid=chrome&ie=UTF-8,https://www.google.com/search?q=getelementbyid&rlz=1C5CHFA_enCA815CA815&oq=getelementby&aqs=chrome.0.0l4j69i57j0.2736j0j4&sourceid=chrome&ie=UTF-8,https://www.google.com/search?rlz=1C5CHFA_enCA815CA815&sxsrf=ACYBGNSjOlo20LGVDmqlfp9ipfgI4K57Sw%3A1571536389451&ei=Bb6rXeWUG6S1ggeFhKPYBw&q=html+get+element&oq=html+get+element&gs_l=psy-ab.3..0l10.2718.8249..8368...11.4..1.242.2524.20j2j3......0....1..gws-wiz.......0i71j35i39j0i67j0i131j0i22i30j0i22i10i30j0i13j0i13i30j0i13i5i30j0i8i13i30j33i160.FJ5XlWYjk7w&ved=0ahUKEwilq_qh3anlAhWkmuAKHQXCCHsQ4dUDCAs&uact=5,https://www.google.com/search?rlz=1C5CHFA_enCA815CA815&sxsrf=ACYBGNQCwp0jVydWEZmDJuT5VazexhHC-Q%3A1571536399300&ei=D76rXf31EeTF_QaM-q2gDw&q=getelementbyid+append&oq=getelementbyid+append&gs_l=psy-ab.3..0i20i263j0l3j0i22i30l6.3429.11981..12075...6.4..0.474.2574.24j1j4-1......0....1..gws-wiz.......0i71j35i39j0i67j0i131i67j0i10j0i10i67j0i131.mAzLxrVwTDI&ved=0ahUKEwi9udOm3anlAhXkYt8KHQx9C_QQ4dUDCAs&uact=5
2019-10-19 21:53:32,804 DEBUG    save to sessions_items.log
2019-10-19 21:53:32,805 DEBUG    ('127.0.0.1', 51171) - ASGI [76] Received {'type': 'http.response.start', 'status': 200, 'headers': '<...>'}
2019-10-19 21:53:32,805 INFO     ('127.0.0.1', 51171) - "POST /predict_next HTTP/1.1" 200
2019-10-19 21:53:32,805 DEBUG    ('127.0.0.1', 51171) - ASGI [76] Received {'type': 'http.response.body', 'body': '<829 bytes>'}
2019-10-19 21:53:32,806 DEBUG    ('127.0.0.1', 51171) - ASGI [76] Completed
2019-10-19 21:53:34,612 DEBUG    ('127.0.0.1', 51171) - ASGI [77] Started
2019-10-19 21:53:34,613 DEBUG    ('127.0.0.1', 51171) - ASGI [77] Sent {'type': 'http.request', 'body': '<325 bytes>', 'more_body': False}
2019-10-19 21:53:34,613 DEBUG    received items: https://stackoverflow.com/questions/16334054/inject-html-into-a-page-from-a-content-script,https://stackoverflow.com/questions/23882666/chrome-extension-inject-html-to-specific-div,https://stackoverflow.com/questions/595808/is-it-possible-to-append-to-innerhtml-without-destroying-descendants-event-list
2019-10-19 21:53:34,613 DEBUG    save to sessions_items.log
2019-10-19 21:53:34,635 DEBUG    ('127.0.0.1', 51171) - ASGI [77] Received {'type': 'http.response.start', 'status': 200, 'headers': '<...>'}
2019-10-19 21:53:34,636 INFO     ('127.0.0.1', 51171) - "POST /predict_next HTTP/1.1" 200
2019-10-19 21:53:34,636 DEBUG    ('127.0.0.1', 51171) - ASGI [77] Received {'type': 'http.response.body', 'body': '<265 bytes>'}
2019-10-19 21:53:34,636 DEBUG    ('127.0.0.1', 51171) - ASGI [77] Completed
2019-10-19 21:53:36,815 DEBUG    ('127.0.0.1', 51171) - ASGI [78] Started
2019-10-19 21:53:36,816 DEBUG    ('127.0.0.1', 51171) - ASGI [78] Sent {'type': 'http.request', 'body': '<526 bytes>', 'more_body': False}
2019-10-19 21:53:36,816 DEBUG    received items: https://tpc.googlesyndication.com/safeframe/1-0-35/html/container.html,https://tpc.googlesyndication.com/safeframe/1-0-35/html/container.html,https://tpc.googlesyndication.com/safeframe/1-0-35/html/container.html,https://tpc.googlesyndication.com/safeframe/1-0-35/html/container.html,https://tpc.googlesyndication.com/safeframe/1-0-35/html/container.html,https://tpc.googlesyndication.com/safeframe/1-0-35/html/container.html,https://tpc.googlesyndication.com/safeframe/1-0-35/html/container.html
2019-10-19 21:53:36,816 DEBUG    save to sessions_items.log
2019-10-19 21:53:36,817 DEBUG    ('127.0.0.1', 51171) - ASGI [78] Received {'type': 'http.response.start', 'status': 200, 'headers': '<...>'}
2019-10-19 21:53:36,817 INFO     ('127.0.0.1', 51171) - "POST /predict_next HTTP/1.1" 200
2019-10-19 21:53:36,817 DEBUG    ('127.0.0.1', 51171) - ASGI [78] Received {'type': 'http.response.body', 'body': '<161 bytes>'}
2019-10-19 21:53:36,817 DEBUG    ('127.0.0.1', 51171) - ASGI [78] Completed
2019-10-19 21:53:37,282 DEBUG    ('127.0.0.1', 51171) - ASGI [79] Started
2019-10-19 21:53:37,282 DEBUG    ('127.0.0.1', 51171) - ASGI [79] Sent {'type': 'http.request', 'body': '<599 bytes>', 'more_body': False}
2019-10-19 21:53:37,282 DEBUG    received items: https://tpc.googlesyndication.com/safeframe/1-0-35/html/container.html,https://tpc.googlesyndication.com/safeframe/1-0-35/html/container.html,https://tpc.googlesyndication.com/safeframe/1-0-35/html/container.html,https://tpc.googlesyndication.com/safeframe/1-0-35/html/container.html,https://tpc.googlesyndication.com/safeframe/1-0-35/html/container.html,https://tpc.googlesyndication.com/safeframe/1-0-35/html/container.html,https://tpc.googlesyndication.com/safeframe/1-0-35/html/container.html,https://tpc.googlesyndication.com/safeframe/1-0-35/html/container.html
2019-10-19 21:53:37,283 DEBUG    save to sessions_items.log
2019-10-19 21:53:37,283 DEBUG    ('127.0.0.1', 51171) - ASGI [79] Received {'type': 'http.response.start', 'status': 200, 'headers': '<...>'}
2019-10-19 21:53:37,283 INFO     ('127.0.0.1', 51171) - "POST /predict_next HTTP/1.1" 200
2019-10-19 21:53:37,283 DEBUG    ('127.0.0.1', 51171) - ASGI [79] Received {'type': 'http.response.body', 'body': '<161 bytes>'}
2019-10-19 21:53:37,283 DEBUG    ('127.0.0.1', 51171) - ASGI [79] Completed
2019-10-19 21:53:37,344 DEBUG    ('127.0.0.1', 51171) - ASGI [80] Started
2019-10-19 21:53:37,344 DEBUG    ('127.0.0.1', 51171) - ASGI [80] Sent {'type': 'http.request', 'body': '<672 bytes>', 'more_body': False}
2019-10-19 21:53:37,345 DEBUG    received items: https://tpc.googlesyndication.com/safeframe/1-0-35/html/container.html,https://tpc.googlesyndication.com/safeframe/1-0-35/html/container.html,https://tpc.googlesyndication.com/safeframe/1-0-35/html/container.html,https://tpc.googlesyndication.com/safeframe/1-0-35/html/container.html,https://tpc.googlesyndication.com/safeframe/1-0-35/html/container.html,https://tpc.googlesyndication.com/safeframe/1-0-35/html/container.html,https://tpc.googlesyndication.com/safeframe/1-0-35/html/container.html,https://tpc.googlesyndication.com/safeframe/1-0-35/html/container.html,https://tpc.googlesyndication.com/safeframe/1-0-35/html/container.html
2019-10-19 21:53:37,345 DEBUG    save to sessions_items.log
2019-10-19 21:53:37,345 DEBUG    ('127.0.0.1', 51171) - ASGI [80] Received {'type': 'http.response.start', 'status': 200, 'headers': '<...>'}
2019-10-19 21:53:37,346 INFO     ('127.0.0.1', 51171) - "POST /predict_next HTTP/1.1" 200
2019-10-19 21:53:37,346 DEBUG    ('127.0.0.1', 51171) - ASGI [80] Received {'type': 'http.response.body', 'body': '<161 bytes>'}
2019-10-19 21:53:37,346 DEBUG    ('127.0.0.1', 51171) - ASGI [80] Completed
2019-10-19 21:53:38,181 DEBUG    ('127.0.0.1', 51171) - ASGI [81] Started
2019-10-19 21:53:38,181 DEBUG    ('127.0.0.1', 51171) - ASGI [81] Sent {'type': 'http.request', 'body': '<303 bytes>', 'more_body': False}
2019-10-19 21:53:38,181 DEBUG    received items: https://dco-assets.everestads.net/ics-campaign/static/dco/html5-ad-script_v4.html?data=Xau53AAAL9j2ehJN,https://dco-assets.everestads.net/ics-campaign//5031/t/7178/7/728x90.html,https://dco-assets.everestads.net/ics-campaign/static/dco/html5-ad-script_v4.html?data=Xau_IQAABJf0skpQ
2019-10-19 21:53:38,182 DEBUG    save to sessions_items.log
2019-10-19 21:53:38,183 DEBUG    ('127.0.0.1', 51171) - ASGI [81] Received {'type': 'http.response.start', 'status': 200, 'headers': '<...>'}
2019-10-19 21:53:38,183 INFO     ('127.0.0.1', 51171) - "POST /predict_next HTTP/1.1" 200
2019-10-19 21:53:38,183 DEBUG    ('127.0.0.1', 51171) - ASGI [81] Received {'type': 'http.response.body', 'body': '<227 bytes>'}
2019-10-19 21:53:38,183 DEBUG    ('127.0.0.1', 51171) - ASGI [81] Completed
2019-10-19 21:53:38,325 DEBUG    ('127.0.0.1', 51171) - ASGI [82] Started
2019-10-19 21:53:38,326 DEBUG    ('127.0.0.1', 51171) - ASGI [82] Sent {'type': 'http.request', 'body': '<379 bytes>', 'more_body': False}
2019-10-19 21:53:38,326 DEBUG    received items: https://dco-assets.everestads.net/ics-campaign/static/dco/html5-ad-script_v4.html?data=Xau53AAAL9j2ehJN,https://dco-assets.everestads.net/ics-campaign//5031/t/7178/7/728x90.html,https://dco-assets.everestads.net/ics-campaign/static/dco/html5-ad-script_v4.html?data=Xau_IQAABJf0skpQ,https://dco-assets.everestads.net/ics-campaign//5031/t/7178/7/728x90.html
2019-10-19 21:53:38,327 DEBUG    save to sessions_items.log
2019-10-19 21:53:38,327 DEBUG    ('127.0.0.1', 51171) - ASGI [82] Received {'type': 'http.response.start', 'status': 200, 'headers': '<...>'}
2019-10-19 21:53:38,327 INFO     ('127.0.0.1', 51171) - "POST /predict_next HTTP/1.1" 200
2019-10-19 21:53:38,328 DEBUG    ('127.0.0.1', 51171) - ASGI [82] Received {'type': 'http.response.body', 'body': '<167 bytes>'}
2019-10-19 21:53:38,328 DEBUG    ('127.0.0.1', 51171) - ASGI [82] Completed
2019-10-19 21:53:43,331 DEBUG    ('127.0.0.1', 51171) - Disconnected
2019-10-19 21:54:29,680 DEBUG    ('127.0.0.1', 51454) - Connected
2019-10-19 21:54:29,680 DEBUG    ('127.0.0.1', 51454) - ASGI [83] Started
2019-10-19 21:54:29,681 DEBUG    ('127.0.0.1', 51454) - ASGI [83] Sent {'type': 'http.request', 'body': '<1703 bytes>', 'more_body': False}
2019-10-19 21:54:29,683 DEBUG    received items: https://www.google.com/search?q=chrome+inject+html&rlz=1C5CHFA_enCA815CA815&oq=chrome+inject+html&aqs=chrome..69i57j0l5.2667j0j8&sourceid=chrome&ie=UTF-8,https://www.google.com/search?q=chrome+inject+html&rlz=1C5CHFA_enCA815CA815&oq=chrome+inject+html&aqs=chrome..69i57j0l5.2667j0j8&sourceid=chrome&ie=UTF-8,https://www.google.com/search?q=getelementbyid&rlz=1C5CHFA_enCA815CA815&oq=getelementby&aqs=chrome.0.0l4j69i57j0.2736j0j4&sourceid=chrome&ie=UTF-8,https://www.google.com/search?rlz=1C5CHFA_enCA815CA815&sxsrf=ACYBGNSjOlo20LGVDmqlfp9ipfgI4K57Sw%3A1571536389451&ei=Bb6rXeWUG6S1ggeFhKPYBw&q=html+get+element&oq=html+get+element&gs_l=psy-ab.3..0l10.2718.8249..8368...11.4..1.242.2524.20j2j3......0....1..gws-wiz.......0i71j35i39j0i67j0i131j0i22i30j0i22i10i30j0i13j0i13i30j0i13i5i30j0i8i13i30j33i160.FJ5XlWYjk7w&ved=0ahUKEwilq_qh3anlAhWkmuAKHQXCCHsQ4dUDCAs&uact=5,https://www.google.com/search?rlz=1C5CHFA_enCA815CA815&sxsrf=ACYBGNQCwp0jVydWEZmDJuT5VazexhHC-Q%3A1571536399300&ei=D76rXf31EeTF_QaM-q2gDw&q=getelementbyid+append&oq=getelementbyid+append&gs_l=psy-ab.3..0i20i263j0l3j0i22i30l6.3429.11981..12075...6.4..0.474.2574.24j1j4-1......0....1..gws-wiz.......0i71j35i39j0i67j0i131i67j0i10j0i10i67j0i131.mAzLxrVwTDI&ved=0ahUKEwi9udOm3anlAhXkYt8KHQx9C_QQ4dUDCAs&uact=5,https://www.google.com/search?rlz=1C5CHFA_enCA815CA815&sxsrf=ACYBGNQCwp0jVydWEZmDJuT5VazexhHC-Q%3A1571536399300&ei=D76rXf31EeTF_QaM-q2gDw&q=getelementbyid+append&oq=getelementbyid+append&gs_l=psy-ab.3..0i20i263j0l3j0i22i30l6.3429.11981..12075...6.4..0.474.2574.24j1j4-1......0....1..gws-wiz.......0i71j35i39j0i67j0i131i67j0i10j0i10i67j0i131.mAzLxrVwTDI&ved=0ahUKEwi9udOm3anlAhXkYt8KHQx9C_QQ4dUDCAs&uact=5
2019-10-19 21:54:29,683 DEBUG    save to sessions_items.log
2019-10-19 21:54:29,684 DEBUG    ('127.0.0.1', 51454) - ASGI [83] Received {'type': 'http.response.start', 'status': 200, 'headers': '<...>'}
2019-10-19 21:54:29,684 INFO     ('127.0.0.1', 51454) - "POST /predict_next HTTP/1.1" 200
2019-10-19 21:54:29,684 DEBUG    ('127.0.0.1', 51454) - ASGI [83] Received {'type': 'http.response.body', 'body': '<829 bytes>'}
2019-10-19 21:54:29,684 DEBUG    ('127.0.0.1', 51454) - ASGI [83] Completed
2019-10-19 21:54:34,686 DEBUG    ('127.0.0.1', 51454) - Disconnected
2019-10-19 21:54:35,026 DEBUG    ('127.0.0.1', 51477) - Connected
2019-10-19 21:54:35,028 DEBUG    ('127.0.0.1', 51477) - ASGI [84] Started
2019-10-19 21:54:35,028 DEBUG    ('127.0.0.1', 51477) - ASGI [84] Sent {'type': 'http.request', 'body': '<2092 bytes>', 'more_body': False}
2019-10-19 21:54:35,028 DEBUG    received items: https://www.google.com/search?q=chrome+inject+html&rlz=1C5CHFA_enCA815CA815&oq=chrome+inject+html&aqs=chrome..69i57j0l5.2667j0j8&sourceid=chrome&ie=UTF-8,https://www.google.com/search?q=chrome+inject+html&rlz=1C5CHFA_enCA815CA815&oq=chrome+inject+html&aqs=chrome..69i57j0l5.2667j0j8&sourceid=chrome&ie=UTF-8,https://www.google.com/search?q=getelementbyid&rlz=1C5CHFA_enCA815CA815&oq=getelementby&aqs=chrome.0.0l4j69i57j0.2736j0j4&sourceid=chrome&ie=UTF-8,https://www.google.com/search?rlz=1C5CHFA_enCA815CA815&sxsrf=ACYBGNSjOlo20LGVDmqlfp9ipfgI4K57Sw%3A1571536389451&ei=Bb6rXeWUG6S1ggeFhKPYBw&q=html+get+element&oq=html+get+element&gs_l=psy-ab.3..0l10.2718.8249..8368...11.4..1.242.2524.20j2j3......0....1..gws-wiz.......0i71j35i39j0i67j0i131j0i22i30j0i22i10i30j0i13j0i13i30j0i13i5i30j0i8i13i30j33i160.FJ5XlWYjk7w&ved=0ahUKEwilq_qh3anlAhWkmuAKHQXCCHsQ4dUDCAs&uact=5,https://www.google.com/search?rlz=1C5CHFA_enCA815CA815&sxsrf=ACYBGNQCwp0jVydWEZmDJuT5VazexhHC-Q%3A1571536399300&ei=D76rXf31EeTF_QaM-q2gDw&q=getelementbyid+append&oq=getelementbyid+append&gs_l=psy-ab.3..0i20i263j0l3j0i22i30l6.3429.11981..12075...6.4..0.474.2574.24j1j4-1......0....1..gws-wiz.......0i71j35i39j0i67j0i131i67j0i10j0i10i67j0i131.mAzLxrVwTDI&ved=0ahUKEwi9udOm3anlAhXkYt8KHQx9C_QQ4dUDCAs&uact=5,https://www.google.com/search?rlz=1C5CHFA_enCA815CA815&sxsrf=ACYBGNQCwp0jVydWEZmDJuT5VazexhHC-Q%3A1571536399300&ei=D76rXf31EeTF_QaM-q2gDw&q=getelementbyid+append&oq=getelementbyid+append&gs_l=psy-ab.3..0i20i263j0l3j0i22i30l6.3429.11981..12075...6.4..0.474.2574.24j1j4-1......0....1..gws-wiz.......0i71j35i39j0i67j0i131i67j0i10j0i10i67j0i131.mAzLxrVwTDI&ved=0ahUKEwi9udOm3anlAhXkYt8KHQx9C_QQ4dUDCAs&uact=5,https://www.google.com/search?rlz=1C5CHFA_enCA815CA815&sxsrf=ACYBGNTtqQUMdWH2yS7Euvi8vkjVJrlvhA%3A1571536412492&ei=HL6rXcbSHeGZ_QaS-ZzQDA&q=getelementbyid+append+before&oq=getelementbyid+append+before&gs_l=psy-ab.3...2827.3554..3994...0.2..0.256.1328.1j3j3......0....1..gws-wiz.......0i71j0j0i22i30j0i22i10i30j33i160j33i21.lSIy5S6va5Y&ved=0ahUKEwjG0Pis3anlAhXhTN8KHZI8B8oQ4dUDCAs&uact=5
2019-10-19 21:54:35,030 DEBUG    save to sessions_items.log
2019-10-19 21:54:35,031 DEBUG    ('127.0.0.1', 51477) - ASGI [84] Received {'type': 'http.response.start', 'status': 200, 'headers': '<...>'}
2019-10-19 21:54:35,031 INFO     ('127.0.0.1', 51477) - "POST /predict_next HTTP/1.1" 200
2019-10-19 21:54:35,032 DEBUG    ('127.0.0.1', 51477) - ASGI [84] Received {'type': 'http.response.body', 'body': '<793 bytes>'}
2019-10-19 21:54:35,032 DEBUG    ('127.0.0.1', 51477) - ASGI [84] Completed
2019-10-19 21:54:40,036 DEBUG    ('127.0.0.1', 51477) - Disconnected
2019-10-19 21:54:42,025 DEBUG    ('127.0.0.1', 51514) - Connected
2019-10-19 21:54:42,028 DEBUG    ('127.0.0.1', 51514) - ASGI [85] Started
2019-10-19 21:54:42,029 DEBUG    ('127.0.0.1', 51514) - ASGI [85] Sent {'type': 'http.request', 'body': '<74 bytes>', 'more_body': False}
2019-10-19 21:54:42,040 DEBUG    received items: https://www.w3schools.com/jsref/met_node_appendchild.asp
2019-10-19 21:54:42,052 DEBUG    save to sessions_items.log
2019-10-19 21:54:42,053 DEBUG    ('127.0.0.1', 51514) - ASGI [85] Received {'type': 'http.response.start', 'status': 200, 'headers': '<...>'}
2019-10-19 21:54:42,053 INFO     ('127.0.0.1', 51514) - "POST /predict_next HTTP/1.1" 200
2019-10-19 21:54:42,054 DEBUG    ('127.0.0.1', 51514) - ASGI [85] Received {'type': 'http.response.body', 'body': '<133 bytes>'}
2019-10-19 21:54:42,054 DEBUG    ('127.0.0.1', 51514) - ASGI [85] Completed
2019-10-19 21:54:43,712 DEBUG    ('127.0.0.1', 51514) - ASGI [86] Started
2019-10-19 21:54:43,712 DEBUG    ('127.0.0.1', 51514) - ASGI [86] Sent {'type': 'http.request', 'body': '<125 bytes>', 'more_body': False}
2019-10-19 21:54:43,713 DEBUG    received items: https://s.amazon-adsystem.com/iu3?cm3ppd=1&d=dtb-pub&csif=t&dl=rbd_brt_oath_rx_snb_dm_pm_an_sovrn_dmx&dcc=t
2019-10-19 21:54:43,713 DEBUG    save to sessions_items.log
2019-10-19 21:54:43,714 DEBUG    ('127.0.0.1', 51514) - ASGI [86] Received {'type': 'http.response.start', 'status': 200, 'headers': '<...>'}
2019-10-19 21:54:43,714 INFO     ('127.0.0.1', 51514) - "POST /predict_next HTTP/1.1" 200
2019-10-19 21:54:43,714 DEBUG    ('127.0.0.1', 51514) - ASGI [86] Received {'type': 'http.response.body', 'body': '<235 bytes>'}
2019-10-19 21:54:43,714 DEBUG    ('127.0.0.1', 51514) - ASGI [86] Completed
2019-10-19 21:54:43,763 DEBUG    ('127.0.0.1', 51514) - ASGI [87] Started
2019-10-19 21:54:43,764 DEBUG    ('127.0.0.1', 51514) - ASGI [87] Sent {'type': 'http.request', 'body': '<230 bytes>', 'more_body': False}
2019-10-19 21:54:43,764 DEBUG    received items: https://s.amazon-adsystem.com/iu3?cm3ppd=1&d=dtb-pub&csif=t&dl=rbd_brt_oath_rx_snb_dm_pm_an_sovrn_dmx&dcc=t,https://s.amazon-adsystem.com/v3/pr?exlist=rbd_brt_oath_rx_snb_dm_pm_an_sovrn_dmx&fv=1.0&a=cm&cm3ppd=1
2019-10-19 21:54:43,764 DEBUG    save to sessions_items.log
2019-10-19 21:54:43,765 DEBUG    ('127.0.0.1', 51514) - ASGI [87] Received {'type': 'http.response.start', 'status': 200, 'headers': '<...>'}
2019-10-19 21:54:43,765 INFO     ('127.0.0.1', 51514) - "POST /predict_next HTTP/1.1" 200
2019-10-19 21:54:43,765 DEBUG    ('127.0.0.1', 51514) - ASGI [87] Received {'type': 'http.response.body', 'body': '<225 bytes>'}
2019-10-19 21:54:43,766 DEBUG    ('127.0.0.1', 51514) - ASGI [87] Completed
2019-10-19 21:54:44,784 DEBUG    ('127.0.0.1', 51514) - ASGI [88] Started
2019-10-19 21:54:44,785 DEBUG    ('127.0.0.1', 51514) - ASGI [88] Sent {'type': 'http.request', 'body': '<303 bytes>', 'more_body': False}
2019-10-19 21:54:44,785 DEBUG    received items: https://s.amazon-adsystem.com/iu3?cm3ppd=1&d=dtb-pub&csif=t&dl=rbd_brt_oath_rx_snb_dm_pm_an_sovrn_dmx&dcc=t,https://s.amazon-adsystem.com/v3/pr?exlist=rbd_brt_oath_rx_snb_dm_pm_an_sovrn_dmx&fv=1.0&a=cm&cm3ppd=1,https://s.amazon-adsystem.com/ecm3?id=7981047338159745652&ex=districtm
2019-10-19 21:54:44,785 DEBUG    save to sessions_items.log
2019-10-19 21:54:44,787 DEBUG    ('127.0.0.1', 51514) - ASGI [88] Received {'type': 'http.response.start', 'status': 200, 'headers': '<...>'}
2019-10-19 21:54:44,787 INFO     ('127.0.0.1', 51514) - "POST /predict_next HTTP/1.1" 200
2019-10-19 21:54:44,787 DEBUG    ('127.0.0.1', 51514) - ASGI [88] Received {'type': 'http.response.body', 'body': '<161 bytes>'}
2019-10-19 21:54:44,787 DEBUG    ('127.0.0.1', 51514) - ASGI [88] Completed
2019-10-19 21:54:44,900 DEBUG    ('127.0.0.1', 51585) - Connected
2019-10-19 21:54:44,902 DEBUG    ('127.0.0.1', 51514) - ASGI [89] Started
2019-10-19 21:54:44,902 DEBUG    ('127.0.0.1', 51514) - ASGI [89] Sent {'type': 'http.request', 'body': '<69 bytes>', 'more_body': False}
2019-10-19 21:54:44,902 DEBUG    received items: https://sync.go.sonobi.com/uc.html?pubid=91e92b73fd
2019-10-19 21:54:44,903 DEBUG    save to sessions_items.log
2019-10-19 21:54:44,903 DEBUG    ('127.0.0.1', 51514) - ASGI [89] Received {'type': 'http.response.start', 'status': 200, 'headers': '<...>'}
2019-10-19 21:54:44,903 INFO     ('127.0.0.1', 51514) - "POST /predict_next HTTP/1.1" 200
2019-10-19 21:54:44,903 DEBUG    ('127.0.0.1', 51514) - ASGI [89] Received {'type': 'http.response.body', 'body': '<123 bytes>'}
2019-10-19 21:54:44,903 DEBUG    ('127.0.0.1', 51514) - ASGI [89] Completed
2019-10-19 21:54:44,903 DEBUG    ('127.0.0.1', 51585) - ASGI [90] Started
2019-10-19 21:54:44,904 DEBUG    ('127.0.0.1', 51585) - ASGI [90] Sent {'type': 'http.request', 'body': '<139 bytes>', 'more_body': False}
2019-10-19 21:54:44,904 DEBUG    received items: https://cdn.districtm.io/ids/?sellerid=10002&r=https%3A%2F%2Fs.amazon-adsystem.com%2Fecm3%3Fex%3Ddmx.com%26id%3D%7BUID%7D
2019-10-19 21:54:44,904 DEBUG    save to sessions_items.log
2019-10-19 21:54:44,905 DEBUG    ('127.0.0.1', 51585) - ASGI [90] Received {'type': 'http.response.start', 'status': 200, 'headers': '<...>'}
2019-10-19 21:54:44,905 INFO     ('127.0.0.1', 51585) - "POST /predict_next HTTP/1.1" 200
2019-10-19 21:54:44,905 DEBUG    ('127.0.0.1', 51585) - ASGI [90] Received {'type': 'http.response.body', 'body': '<263 bytes>'}
2019-10-19 21:54:44,905 DEBUG    ('127.0.0.1', 51585) - ASGI [90] Completed
2019-10-19 21:54:44,967 DEBUG    ('127.0.0.1', 51514) - ASGI [91] Started
2019-10-19 21:54:44,968 DEBUG    ('127.0.0.1', 51514) - ASGI [91] Sent {'type': 'http.request', 'body': '<379 bytes>', 'more_body': False}
2019-10-19 21:54:44,968 DEBUG    received items: https://s.amazon-adsystem.com/iu3?cm3ppd=1&d=dtb-pub&csif=t&dl=rbd_brt_oath_rx_snb_dm_pm_an_sovrn_dmx&dcc=t,https://s.amazon-adsystem.com/v3/pr?exlist=rbd_brt_oath_rx_snb_dm_pm_an_sovrn_dmx&fv=1.0&a=cm&cm3ppd=1,https://s.amazon-adsystem.com/ecm3?id=7981047338159745652&ex=districtm,https://s.amazon-adsystem.com/ecm3?id=7981047338159745652&ex=appnexus.com
2019-10-19 21:54:44,968 DEBUG    save to sessions_items.log
2019-10-19 21:54:44,969 DEBUG    ('127.0.0.1', 51514) - ASGI [91] Received {'type': 'http.response.start', 'status': 200, 'headers': '<...>'}
2019-10-19 21:54:44,969 INFO     ('127.0.0.1', 51514) - "POST /predict_next HTTP/1.1" 200
2019-10-19 21:54:44,969 DEBUG    ('127.0.0.1', 51514) - ASGI [91] Received {'type': 'http.response.body', 'body': '<167 bytes>'}
2019-10-19 21:54:44,969 DEBUG    ('127.0.0.1', 51514) - ASGI [91] Completed
2019-10-19 21:54:44,995 DEBUG    ('127.0.0.1', 51585) - ASGI [92] Started
2019-10-19 21:54:44,995 DEBUG    ('127.0.0.1', 51585) - ASGI [92] Sent {'type': 'http.request', 'body': '<193 bytes>', 'more_body': False}
2019-10-19 21:54:44,996 DEBUG    received items: https://ads.pubmatic.com/AdServer/js/user_sync.html?p=156011&s=165626&predirect=https%3A%2F%2Fs.amazon-adsystem.com%2Fecm3%3Fid%3DPM_UID%26ex%3Dpubmatic.com&userIdMacro=PM_UID
2019-10-19 21:54:44,996 DEBUG    save to sessions_items.log
2019-10-19 21:54:44,997 DEBUG    ('127.0.0.1', 51585) - ASGI [92] Received {'type': 'http.response.start', 'status': 200, 'headers': '<...>'}
2019-10-19 21:54:44,997 INFO     ('127.0.0.1', 51585) - "POST /predict_next HTTP/1.1" 200
2019-10-19 21:54:44,997 DEBUG    ('127.0.0.1', 51585) - ASGI [92] Received {'type': 'http.response.body', 'body': '<371 bytes>'}
2019-10-19 21:54:44,997 DEBUG    ('127.0.0.1', 51585) - ASGI [92] Completed
2019-10-19 21:54:45,124 DEBUG    ('127.0.0.1', 51585) - ASGI [93] Started
2019-10-19 21:54:45,125 DEBUG    ('127.0.0.1', 51585) - ASGI [93] Sent {'type': 'http.request', 'body': '<118 bytes>', 'more_body': False}
2019-10-19 21:54:45,125 DEBUG    received items: https://ap.lijit.com/beacon/amazon?url=https://s.amazon-adsystem.com/ecm3?id=$UID&ex=sovrn.com&dnr=1
2019-10-19 21:54:45,126 DEBUG    save to sessions_items.log
2019-10-19 21:54:45,126 DEBUG    ('127.0.0.1', 51585) - ASGI [93] Received {'type': 'http.response.start', 'status': 200, 'headers': '<...>'}
2019-10-19 21:54:45,127 INFO     ('127.0.0.1', 51585) - "POST /predict_next HTTP/1.1" 200
2019-10-19 21:54:45,127 DEBUG    ('127.0.0.1', 51585) - ASGI [93] Received {'type': 'http.response.body', 'body': '<221 bytes>'}
2019-10-19 21:54:45,127 DEBUG    ('127.0.0.1', 51585) - ASGI [93] Completed
2019-10-19 21:54:45,141 DEBUG    ('127.0.0.1', 51514) - ASGI [94] Started
2019-10-19 21:54:45,142 DEBUG    ('127.0.0.1', 51514) - ASGI [94] Sent {'type': 'http.request', 'body': '<470 bytes>', 'more_body': False}
2019-10-19 21:54:45,143 DEBUG    received items: https://s.amazon-adsystem.com/iu3?cm3ppd=1&d=dtb-pub&csif=t&dl=rbd_brt_oath_rx_snb_dm_pm_an_sovrn_dmx&dcc=t,https://s.amazon-adsystem.com/v3/pr?exlist=rbd_brt_oath_rx_snb_dm_pm_an_sovrn_dmx&fv=1.0&a=cm&cm3ppd=1,https://s.amazon-adsystem.com/ecm3?id=7981047338159745652&ex=districtm,https://s.amazon-adsystem.com/ecm3?id=7981047338159745652&ex=appnexus.com,https://s.amazon-adsystem.com/ecm3?id=1A9625c5c8-f2dc-11e9-9320-02040204edcc&ex=oath.com
2019-10-19 21:54:45,143 DEBUG    save to sessions_items.log
2019-10-19 21:54:45,144 DEBUG    ('127.0.0.1', 51514) - ASGI [94] Received {'type': 'http.response.start', 'status': 200, 'headers': '<...>'}
2019-10-19 21:54:45,144 INFO     ('127.0.0.1', 51514) - "POST /predict_next HTTP/1.1" 200
2019-10-19 21:54:45,144 DEBUG    ('127.0.0.1', 51514) - ASGI [94] Received {'type': 'http.response.body', 'body': '<197 bytes>'}
2019-10-19 21:54:45,144 DEBUG    ('127.0.0.1', 51514) - ASGI [94] Completed
2019-10-19 21:54:45,180 DEBUG    ('127.0.0.1', 51514) - ASGI [95] Started
2019-10-19 21:54:45,180 DEBUG    ('127.0.0.1', 51514) - ASGI [95] Sent {'type': 'http.request', 'body': '<407 bytes>', 'more_body': False}
2019-10-19 21:54:45,181 DEBUG    received items: https://ads.pubmatic.com/AdServer/js/user_sync.html?p=156011&s=165626&predirect=https%3A%2F%2Fs.amazon-adsystem.com%2Fecm3%3Fid%3DPM_UID%26ex%3Dpubmatic.com&userIdMacro=PM_UID,https://ads.pubmatic.com/AdServer/js/showad.js#PIX&kdntuid=1&SPug=true&p=156011&s=165626&predirect=https%3A%2F%2Fs.amazon-adsystem.com%2Fecm3%3Fid%3DPM_UID%26ex%3Dpubmatic.com&userIdMacro=PM_UID&it=0&gdpr=0&np=0
2019-10-19 21:54:45,181 DEBUG    save to sessions_items.log
2019-10-19 21:54:45,181 DEBUG    ('127.0.0.1', 51514) - ASGI [95] Received {'type': 'http.response.start', 'status': 200, 'headers': '<...>'}
2019-10-19 21:54:45,182 INFO     ('127.0.0.1', 51514) - "POST /predict_next HTTP/1.1" 200
2019-10-19 21:54:45,182 DEBUG    ('127.0.0.1', 51514) - ASGI [95] Received {'type': 'http.response.body', 'body': '<443 bytes>'}
2019-10-19 21:54:45,182 DEBUG    ('127.0.0.1', 51514) - ASGI [95] Completed
2019-10-19 21:54:46,723 DEBUG    ('127.0.0.1', 51514) - ASGI [96] Started
2019-10-19 21:54:46,724 DEBUG    ('127.0.0.1', 51514) - ASGI [96] Sent {'type': 'http.request', 'body': '<563 bytes>', 'more_body': False}
2019-10-19 21:54:46,724 DEBUG    received items: https://s.amazon-adsystem.com/iu3?cm3ppd=1&d=dtb-pub&csif=t&dl=rbd_brt_oath_rx_snb_dm_pm_an_sovrn_dmx&dcc=t,https://s.amazon-adsystem.com/v3/pr?exlist=rbd_brt_oath_rx_snb_dm_pm_an_sovrn_dmx&fv=1.0&a=cm&cm3ppd=1,https://s.amazon-adsystem.com/ecm3?id=7981047338159745652&ex=districtm,https://s.amazon-adsystem.com/ecm3?id=7981047338159745652&ex=appnexus.com,https://s.amazon-adsystem.com/ecm3?id=1A9625c5c8-f2dc-11e9-9320-02040204edcc&ex=oath.com,https://s.amazon-adsystem.com/ecm3?id=9D0A4133-29CB-4408-ABCC-8C799074A43D&ex=pubmatic.com
2019-10-19 21:54:46,724 DEBUG    save to sessions_items.log
2019-10-19 21:54:46,725 DEBUG    ('127.0.0.1', 51514) - ASGI [96] Received {'type': 'http.response.start', 'status': 200, 'headers': '<...>'}
2019-10-19 21:54:46,725 INFO     ('127.0.0.1', 51514) - "POST /predict_next HTTP/1.1" 200
2019-10-19 21:54:46,725 DEBUG    ('127.0.0.1', 51514) - ASGI [96] Received {'type': 'http.response.body', 'body': '<201 bytes>'}
2019-10-19 21:54:46,726 DEBUG    ('127.0.0.1', 51514) - ASGI [96] Completed
2019-10-19 21:54:46,860 DEBUG    ('127.0.0.1', 51514) - ASGI [97] Started
2019-10-19 21:54:46,860 DEBUG    ('127.0.0.1', 51514) - ASGI [97] Sent {'type': 'http.request', 'body': '<621 bytes>', 'more_body': False}
2019-10-19 21:54:46,861 DEBUG    received items: https://p.adsymptotic.com/d/px?_pid=10291&_psign=9769cbad30cb221a3996d786047e2b31&_pu=OPTIONAL_WEBSITE_URL&_puuid=YOUR_COOKIE_ID&_rand=RANDOM_NUMBER&gdpr=1&gdpr_consent=BOotW_eOotW_eDlABAENCr-AAAAm-AdAACAAoABsAGAAZAA4ACAAEgALQAZAA0ABwAD6AIoAjABMgCgAKIAWwA0ACEAEVAI4AkABNACfAFKALcAcgA_QDMAJPATe&_redirect=https%3A//image2.pubmatic.com/AdServer/Pug%3Fvcode%3Dbz0yJnR5cGU9MSZjb2RlPTMwNTAmdGw9MTI5NjAw%26piggybackCookie%3D%24%7BUUID%7D%26r%3Dhttps%253A%252F%252Fp.adsymptotic.com%252Fd%252Fpx%253F_pid%253D10291%2526_psign%253D9769cbad30cb221a3996d786047e2b31%2526_puuid%253D%2524%257BPUBMATIC_UID%257D%250A
2019-10-19 21:54:46,861 DEBUG    save to sessions_items.log
2019-10-19 21:54:46,862 DEBUG    ('127.0.0.1', 51514) - ASGI [97] Received {'type': 'http.response.start', 'status': 200, 'headers': '<...>'}
2019-10-19 21:54:46,862 INFO     ('127.0.0.1', 51514) - "POST /predict_next HTTP/1.1" 200
2019-10-19 21:54:46,862 DEBUG    ('127.0.0.1', 51514) - ASGI [97] Received {'type': 'http.response.body', 'body': '<1227 bytes>'}
2019-10-19 21:54:46,862 DEBUG    ('127.0.0.1', 51514) - ASGI [97] Completed
2019-10-19 21:54:46,906 DEBUG    ('127.0.0.1', 51632) - Connected
2019-10-19 21:54:46,906 DEBUG    ('127.0.0.1', 51633) - Connected
2019-10-19 21:54:46,906 DEBUG    ('127.0.0.1', 51585) - ASGI [98] Started
2019-10-19 21:54:46,906 DEBUG    ('127.0.0.1', 51585) - ASGI [98] Sent {'type': 'http.request', 'body': '<745 bytes>', 'more_body': False}
2019-10-19 21:54:46,908 DEBUG    received items: https://tpc.googlesyndication.com/safeframe/1-0-35/html/container.html,https://tpc.googlesyndication.com/safeframe/1-0-35/html/container.html,https://tpc.googlesyndication.com/safeframe/1-0-35/html/container.html,https://tpc.googlesyndication.com/safeframe/1-0-35/html/container.html,https://tpc.googlesyndication.com/safeframe/1-0-35/html/container.html,https://tpc.googlesyndication.com/safeframe/1-0-35/html/container.html,https://tpc.googlesyndication.com/safeframe/1-0-35/html/container.html,https://tpc.googlesyndication.com/safeframe/1-0-35/html/container.html,https://tpc.googlesyndication.com/safeframe/1-0-35/html/container.html,https://tpc.googlesyndication.com/safeframe/1-0-35/html/container.html
2019-10-19 21:54:46,909 DEBUG    save to sessions_items.log
2019-10-19 21:54:46,910 DEBUG    ('127.0.0.1', 51585) - ASGI [98] Received {'type': 'http.response.start', 'status': 200, 'headers': '<...>'}
2019-10-19 21:54:46,910 INFO     ('127.0.0.1', 51585) - "POST /predict_next HTTP/1.1" 200
2019-10-19 21:54:46,910 DEBUG    ('127.0.0.1', 51585) - ASGI [98] Received {'type': 'http.response.body', 'body': '<161 bytes>'}
2019-10-19 21:54:46,910 DEBUG    ('127.0.0.1', 51585) - ASGI [98] Completed
2019-10-19 21:54:46,918 DEBUG    ('127.0.0.1', 51632) - ASGI [99] Started
2019-10-19 21:54:46,918 DEBUG    ('127.0.0.1', 51632) - ASGI [99] Sent {'type': 'http.request', 'body': '<204 bytes>', 'more_body': False}
2019-10-19 21:54:46,919 DEBUG    received items: https://pubmatic2waycm-atl.netmng.com/cm/&gdpr=1&gdpr_consent=BOotW_eOotW_eDlABAENCr-AAAAm-AdAACAAoABsAGAAZAA4ACAAEgALQAZAA0ABwAD6AIoAjABMgCgAKIAWwA0ACEAEVAI4AkABNACfAFKALcAcgA_QDMAJPATe
2019-10-19 21:54:46,919 DEBUG    save to sessions_items.log
2019-10-19 21:54:46,920 DEBUG    ('127.0.0.1', 51632) - ASGI [99] Received {'type': 'http.response.start', 'status': 200, 'headers': '<...>'}
2019-10-19 21:54:46,920 INFO     ('127.0.0.1', 51632) - "POST /predict_next HTTP/1.1" 200
2019-10-19 21:54:46,920 DEBUG    ('127.0.0.1', 51632) - ASGI [99] Received {'type': 'http.response.body', 'body': '<393 bytes>'}
2019-10-19 21:54:46,920 DEBUG    ('127.0.0.1', 51632) - ASGI [99] Completed
2019-10-19 21:54:46,920 DEBUG    ('127.0.0.1', 51514) - ASGI [100] Started
2019-10-19 21:54:46,921 DEBUG    ('127.0.0.1', 51514) - ASGI [100] Sent {'type': 'http.request', 'body': '<818 bytes>', 'more_body': False}
2019-10-19 21:54:46,921 DEBUG    received items: https://tpc.googlesyndication.com/safeframe/1-0-35/html/container.html,https://tpc.googlesyndication.com/safeframe/1-0-35/html/container.html,https://tpc.googlesyndication.com/safeframe/1-0-35/html/container.html,https://tpc.googlesyndication.com/safeframe/1-0-35/html/container.html,https://tpc.googlesyndication.com/safeframe/1-0-35/html/container.html,https://tpc.googlesyndication.com/safeframe/1-0-35/html/container.html,https://tpc.googlesyndication.com/safeframe/1-0-35/html/container.html,https://tpc.googlesyndication.com/safeframe/1-0-35/html/container.html,https://tpc.googlesyndication.com/safeframe/1-0-35/html/container.html,https://tpc.googlesyndication.com/safeframe/1-0-35/html/container.html,https://tpc.googlesyndication.com/safeframe/1-0-35/html/container.html
2019-10-19 21:54:46,921 DEBUG    save to sessions_items.log
2019-10-19 21:54:46,921 DEBUG    ('127.0.0.1', 51514) - ASGI [100] Received {'type': 'http.response.start', 'status': 200, 'headers': '<...>'}
2019-10-19 21:54:46,921 INFO     ('127.0.0.1', 51514) - "POST /predict_next HTTP/1.1" 200
2019-10-19 21:54:46,922 DEBUG    ('127.0.0.1', 51514) - ASGI [100] Received {'type': 'http.response.body', 'body': '<161 bytes>'}
2019-10-19 21:54:46,922 DEBUG    ('127.0.0.1', 51514) - ASGI [100] Completed
2019-10-19 21:54:47,124 DEBUG    ('127.0.0.1', 51514) - ASGI [101] Started
2019-10-19 21:54:47,124 DEBUG    ('127.0.0.1', 51514) - ASGI [101] Sent {'type': 'http.request', 'body': '<891 bytes>', 'more_body': False}
2019-10-19 21:54:47,125 DEBUG    received items: https://tpc.googlesyndication.com/safeframe/1-0-35/html/container.html,https://tpc.googlesyndication.com/safeframe/1-0-35/html/container.html,https://tpc.googlesyndication.com/safeframe/1-0-35/html/container.html,https://tpc.googlesyndication.com/safeframe/1-0-35/html/container.html,https://tpc.googlesyndication.com/safeframe/1-0-35/html/container.html,https://tpc.googlesyndication.com/safeframe/1-0-35/html/container.html,https://tpc.googlesyndication.com/safeframe/1-0-35/html/container.html,https://tpc.googlesyndication.com/safeframe/1-0-35/html/container.html,https://tpc.googlesyndication.com/safeframe/1-0-35/html/container.html,https://tpc.googlesyndication.com/safeframe/1-0-35/html/container.html,https://tpc.googlesyndication.com/safeframe/1-0-35/html/container.html,https://tpc.googlesyndication.com/safeframe/1-0-35/html/container.html
2019-10-19 21:54:47,125 DEBUG    save to sessions_items.log
2019-10-19 21:54:47,125 DEBUG    ('127.0.0.1', 51514) - ASGI [101] Received {'type': 'http.response.start', 'status': 200, 'headers': '<...>'}
2019-10-19 21:54:47,125 INFO     ('127.0.0.1', 51514) - "POST /predict_next HTTP/1.1" 200
2019-10-19 21:54:47,126 DEBUG    ('127.0.0.1', 51514) - ASGI [101] Received {'type': 'http.response.body', 'body': '<161 bytes>'}
2019-10-19 21:54:47,126 DEBUG    ('127.0.0.1', 51514) - ASGI [101] Completed
2019-10-19 21:54:47,156 DEBUG    ('127.0.0.1', 51632) - ASGI [102] Started
2019-10-19 21:54:47,157 DEBUG    ('127.0.0.1', 51632) - ASGI [102] Sent {'type': 'http.request', 'body': '<163 bytes>', 'more_body': False}
2019-10-19 21:54:47,157 DEBUG    received items: https://simage2.pubmatic.com/AdServer/Pug?vcode=bz0yJnR5cGU9MSZjb2RlPTM2MiZ0bD00MzIwMA==&piggybackCookie=uid:d2fd5dab-b25d-4a00-87f1-4b31fa1377f8
2019-10-19 21:54:47,157 DEBUG    save to sessions_items.log
2019-10-19 21:54:47,158 DEBUG    ('127.0.0.1', 51632) - ASGI [102] Received {'type': 'http.response.start', 'status': 200, 'headers': '<...>'}
2019-10-19 21:54:47,158 INFO     ('127.0.0.1', 51632) - "POST /predict_next HTTP/1.1" 200
2019-10-19 21:54:47,158 DEBUG    ('127.0.0.1', 51632) - ASGI [102] Received {'type': 'http.response.body', 'body': '<311 bytes>'}
2019-10-19 21:54:47,158 DEBUG    ('127.0.0.1', 51632) - ASGI [102] Completed
2019-10-19 21:54:47,292 DEBUG    ('127.0.0.1', 51632) - ASGI [103] Started
2019-10-19 21:54:47,293 DEBUG    ('127.0.0.1', 51632) - ASGI [103] Sent {'type': 'http.request', 'body': '<964 bytes>', 'more_body': False}
2019-10-19 21:54:47,293 DEBUG    received items: https://tpc.googlesyndication.com/safeframe/1-0-35/html/container.html,https://tpc.googlesyndication.com/safeframe/1-0-35/html/container.html,https://tpc.googlesyndication.com/safeframe/1-0-35/html/container.html,https://tpc.googlesyndication.com/safeframe/1-0-35/html/container.html,https://tpc.googlesyndication.com/safeframe/1-0-35/html/container.html,https://tpc.googlesyndication.com/safeframe/1-0-35/html/container.html,https://tpc.googlesyndication.com/safeframe/1-0-35/html/container.html,https://tpc.googlesyndication.com/safeframe/1-0-35/html/container.html,https://tpc.googlesyndication.com/safeframe/1-0-35/html/container.html,https://tpc.googlesyndication.com/safeframe/1-0-35/html/container.html,https://tpc.googlesyndication.com/safeframe/1-0-35/html/container.html,https://tpc.googlesyndication.com/safeframe/1-0-35/html/container.html,https://tpc.googlesyndication.com/safeframe/1-0-35/html/container.html
2019-10-19 21:54:47,295 DEBUG    save to sessions_items.log
2019-10-19 21:54:47,295 DEBUG    ('127.0.0.1', 51632) - ASGI [103] Received {'type': 'http.response.start', 'status': 200, 'headers': '<...>'}
2019-10-19 21:54:47,296 INFO     ('127.0.0.1', 51632) - "POST /predict_next HTTP/1.1" 200
2019-10-19 21:54:47,296 DEBUG    ('127.0.0.1', 51632) - ASGI [103] Received {'type': 'http.response.body', 'body': '<161 bytes>'}
2019-10-19 21:54:47,296 DEBUG    ('127.0.0.1', 51632) - ASGI [103] Completed
2019-10-19 21:54:47,344 DEBUG    ('127.0.0.1', 51632) - ASGI [104] Started
2019-10-19 21:54:47,344 DEBUG    ('127.0.0.1', 51632) - ASGI [104] Sent {'type': 'http.request', 'body': '<188 bytes>', 'more_body': False}
2019-10-19 21:54:47,344 DEBUG    received items: https://googleads.g.doubleclick.net/xbbe/pixel?d=CNjMexDvnXwYoYOLJzAB&v=APEucNUFDIOjNCM7H6DAo27xX1bggmAZQPdtkROsCYLrh_CjZem-XFu6_ataRKWkAuZPM1BRb2iNCyPpIQzWhYGiPaXcBBdTsQ
2019-10-19 21:54:47,345 DEBUG    save to sessions_items.log
2019-10-19 21:54:47,345 DEBUG    ('127.0.0.1', 51632) - ASGI [104] Received {'type': 'http.response.start', 'status': 200, 'headers': '<...>'}
2019-10-19 21:54:47,345 INFO     ('127.0.0.1', 51632) - "POST /predict_next HTTP/1.1" 200
2019-10-19 21:54:47,346 DEBUG    ('127.0.0.1', 51632) - ASGI [104] Received {'type': 'http.response.body', 'body': '<361 bytes>'}
2019-10-19 21:54:47,346 DEBUG    ('127.0.0.1', 51632) - ASGI [104] Completed
2019-10-19 21:54:47,544 DEBUG    ('127.0.0.1', 51632) - ASGI [105] Started
2019-10-19 21:54:47,544 DEBUG    ('127.0.0.1', 51632) - ASGI [105] Sent {'type': 'http.request', 'body': '<361 bytes>', 'more_body': False}
2019-10-19 21:54:47,545 DEBUG    received items: https://googleads.g.doubleclick.net/xbbe/pixel?d=CNjMexDvnXwYoYOLJzAB&v=APEucNUFDIOjNCM7H6DAo27xX1bggmAZQPdtkROsCYLrh_CjZem-XFu6_ataRKWkAuZPM1BRb2iNCyPpIQzWhYGiPaXcBBdTsQ,https://googleads.g.doubleclick.net/xbbe/pixel?d=CIkCEIuDmgEYyoXuXjAB&v=APEucNWkNt5dJZlf8L-UhuzDrfxaUrV4xGZhulUgcZ8zIL241cgVbi17QWfaAUwX5G3mnbmOECe_zjq1g1stECT5ITVGUFvpUg
2019-10-19 21:54:47,545 DEBUG    save to sessions_items.log
2019-10-19 21:54:47,546 DEBUG    ('127.0.0.1', 51632) - ASGI [105] Received {'type': 'http.response.start', 'status': 200, 'headers': '<...>'}
2019-10-19 21:54:47,546 INFO     ('127.0.0.1', 51632) - "POST /predict_next HTTP/1.1" 200
2019-10-19 21:54:47,546 DEBUG    ('127.0.0.1', 51632) - ASGI [105] Received {'type': 'http.response.body', 'body': '<361 bytes>'}
2019-10-19 21:54:47,547 DEBUG    ('127.0.0.1', 51632) - ASGI [105] Completed
2019-10-19 21:54:47,617 DEBUG    ('127.0.0.1', 51632) - ASGI [106] Started
2019-10-19 21:54:47,617 DEBUG    ('127.0.0.1', 51632) - ASGI [106] Sent {'type': 'http.request', 'body': '<534 bytes>', 'more_body': False}
2019-10-19 21:54:47,618 DEBUG    received items: https://googleads.g.doubleclick.net/xbbe/pixel?d=CNjMexDvnXwYoYOLJzAB&v=APEucNUFDIOjNCM7H6DAo27xX1bggmAZQPdtkROsCYLrh_CjZem-XFu6_ataRKWkAuZPM1BRb2iNCyPpIQzWhYGiPaXcBBdTsQ,https://googleads.g.doubleclick.net/xbbe/pixel?d=CIkCEIuDmgEYyoXuXjAB&v=APEucNWkNt5dJZlf8L-UhuzDrfxaUrV4xGZhulUgcZ8zIL241cgVbi17QWfaAUwX5G3mnbmOECe_zjq1g1stECT5ITVGUFvpUg,https://googleads.g.doubleclick.net/xbbe/pixel?d=CNjMexDvnXwY1pOLJzAB&v=APEucNVqfuPoUxKpwPYLXGxKyPj7Vft_CzeCzZW3pIwHC3C1i_wRLJPORXaNYXLMVQ3T3O0tra08iM3OH2lCZIkZDOFk3QQimQ
2019-10-19 21:54:47,618 DEBUG    save to sessions_items.log
2019-10-19 21:54:47,619 DEBUG    ('127.0.0.1', 51632) - ASGI [106] Received {'type': 'http.response.start', 'status': 200, 'headers': '<...>'}
2019-10-19 21:54:47,619 INFO     ('127.0.0.1', 51632) - "POST /predict_next HTTP/1.1" 200
2019-10-19 21:54:47,619 DEBUG    ('127.0.0.1', 51632) - ASGI [106] Received {'type': 'http.response.body', 'body': '<361 bytes>'}
2019-10-19 21:54:47,619 DEBUG    ('127.0.0.1', 51632) - ASGI [106] Completed
2019-10-19 21:54:48,639 DEBUG    ('127.0.0.1', 51632) - ASGI [107] Started
2019-10-19 21:54:48,640 DEBUG    ('127.0.0.1', 51632) - ASGI [107] Sent {'type': 'http.request', 'body': '<707 bytes>', 'more_body': False}
2019-10-19 21:54:48,640 DEBUG    received items: https://googleads.g.doubleclick.net/xbbe/pixel?d=CNjMexDvnXwYoYOLJzAB&v=APEucNUFDIOjNCM7H6DAo27xX1bggmAZQPdtkROsCYLrh_CjZem-XFu6_ataRKWkAuZPM1BRb2iNCyPpIQzWhYGiPaXcBBdTsQ,https://googleads.g.doubleclick.net/xbbe/pixel?d=CIkCEIuDmgEYyoXuXjAB&v=APEucNWkNt5dJZlf8L-UhuzDrfxaUrV4xGZhulUgcZ8zIL241cgVbi17QWfaAUwX5G3mnbmOECe_zjq1g1stECT5ITVGUFvpUg,https://googleads.g.doubleclick.net/xbbe/pixel?d=CNjMexDvnXwY1pOLJzAB&v=APEucNVqfuPoUxKpwPYLXGxKyPj7Vft_CzeCzZW3pIwHC3C1i_wRLJPORXaNYXLMVQ3T3O0tra08iM3OH2lCZIkZDOFk3QQimQ,https://googleads.g.doubleclick.net/xbbe/pixel?d=CNjMexDvnXwY1pOLJzAB&v=APEucNVyT7FEHK9N-l6h2Om2y9wyJqitmTj3MQAEu4Y6jQ2PgySLheVdyOv704HL-Wq2OK2ME5vwBrjCAQAF0pVD32ezkBk16g
2019-10-19 21:54:48,640 DEBUG    save to sessions_items.log
2019-10-19 21:54:48,641 DEBUG    ('127.0.0.1', 51632) - ASGI [107] Received {'type': 'http.response.start', 'status': 200, 'headers': '<...>'}
2019-10-19 21:54:48,642 INFO     ('127.0.0.1', 51632) - "POST /predict_next HTTP/1.1" 200
2019-10-19 21:54:48,642 DEBUG    ('127.0.0.1', 51632) - ASGI [107] Received {'type': 'http.response.body', 'body': '<361 bytes>'}
2019-10-19 21:54:48,642 DEBUG    ('127.0.0.1', 51632) - ASGI [107] Completed
2019-10-19 21:54:48,902 DEBUG    ('127.0.0.1', 51632) - ASGI [108] Started
2019-10-19 21:54:48,903 DEBUG    ('127.0.0.1', 51632) - ASGI [108] Sent {'type': 'http.request', 'body': '<951 bytes>', 'more_body': False}
2019-10-19 21:54:48,903 DEBUG    received items: https://pagead2.googlesyndication.com/pagead/s/cookie_push.html?cb=20190204#aHR0cHM6Ly93d3cuZmFjZWJvb2suY29tL2F1ZGllbmNlbmV0d29yay9pZHN5bmM_cGFydG5lcj0zNDM4MTY3ODYzODkyNzEmY2FsbGJhY2s9aHR0cHMlM0EvL2NtLmcuZG91YmxlY2xpY2submV0L3BpeGVsJTNGZ29vZ2xlX25pZCUzRGpiX25iJTI2Z29vZ2xlX2N2ZXI9MSUyNmdvb2dsZV9wdXNoPUFITkYxM0piQkxiMmlJa01UYVU4VnZLQnRyVHZQSnFlRjNhUkU1VDJxUmFlUnclMjZnb29nbGVfaG0lM0QlMjRCVVlFUlVJRCZnb29nbGVfZ2lkPUNBRVNFS3BzaTUtdVBwQ0hFd2hqNFVCX2FTRQ==,aHR0cHM6Ly9jbS5nLmRvdWJsZWNsaWNrLm5ldC9waXhlbC9hdHRyP2Q9QUhORjEzSmhLM1JCZGFUdk1lN3hWbFFBNXEwcHhBclVlbnBNTlE=,https://pagead2.googlesyndication.com/pagead/s/cookie_push.html?cb=20190204#aHR0cHM6Ly9hZC50dXJuLmNvbS9yL2NzP3BpZD0zJmdvb2dsZV9naWQ9Q0FFU0VCOUdJczAwMGdyVVJWT0g1dnpHcmlvJmdvb2dsZV9jdmVyPTEmZ29vZ2xlX3B1c2g9QUhORjEzSzNrYjgyczBvbGIwMk5PSHUyZ2J0c2hKSC1BTWFrMFFmM0t3Vzk=,aHR0cHM6Ly9jbS5nLmRvdWJsZWNsaWNrLm5ldC9waXhlbC9hdHRyP2Q9QUhORjEzS3Utak8wM0hqRmlnNmdDMEJSQ3R5V0lLeUpUcVQ4
2019-10-19 21:54:48,903 DEBUG    save to sessions_items.log
2019-10-19 21:54:48,904 DEBUG    ('127.0.0.1', 51632) - ASGI [108] Received {'type': 'http.response.start', 'status': 200, 'headers': '<...>'}
2019-10-19 21:54:48,904 INFO     ('127.0.0.1', 51632) - "POST /predict_next HTTP/1.1" 200
2019-10-19 21:54:48,904 DEBUG    ('127.0.0.1', 51632) - ASGI [108] Received {'type': 'http.response.body', 'body': '<759 bytes>'}
2019-10-19 21:54:48,904 DEBUG    ('127.0.0.1', 51632) - ASGI [108] Completed
2019-10-19 21:54:49,123 DEBUG    ('127.0.0.1', 51514) - ASGI [109] Started
2019-10-19 21:54:49,123 DEBUG    ('127.0.0.1', 51514) - ASGI [109] Sent {'type': 'http.request', 'body': '<1020 bytes>', 'more_body': False}
2019-10-19 21:54:49,124 DEBUG    received items: https://tpc.googlesyndication.com/safeframe/1-0-35/html/container.html,https://tpc.googlesyndication.com/safeframe/1-0-35/html/container.html,https://tpc.googlesyndication.com/safeframe/1-0-35/html/container.html,https://tpc.googlesyndication.com/safeframe/1-0-35/html/container.html,https://tpc.googlesyndication.com/safeframe/1-0-35/html/container.html,https://tpc.googlesyndication.com/safeframe/1-0-35/html/container.html,https://tpc.googlesyndication.com/safeframe/1-0-35/html/container.html,https://tpc.googlesyndication.com/safeframe/1-0-35/html/container.html,https://tpc.googlesyndication.com/safeframe/1-0-35/html/container.html,https://tpc.googlesyndication.com/safeframe/1-0-35/html/container.html,https://tpc.googlesyndication.com/safeframe/1-0-35/html/container.html,https://tpc.googlesyndication.com/safeframe/1-0-35/html/container.html,https://tpc.googlesyndication.com/safeframe/1-0-35/html/container.html,https://tpc.googlesyndication.com/sodar/Enqz_20U.html
2019-10-19 21:54:49,124 DEBUG    save to sessions_items.log
2019-10-19 21:54:49,125 DEBUG    ('127.0.0.1', 51514) - ASGI [109] Received {'type': 'http.response.start', 'status': 200, 'headers': '<...>'}
2019-10-19 21:54:49,125 INFO     ('127.0.0.1', 51514) - "POST /predict_next HTTP/1.1" 200
2019-10-19 21:54:49,125 DEBUG    ('127.0.0.1', 51514) - ASGI [109] Received {'type': 'http.response.body', 'body': '<127 bytes>'}
2019-10-19 21:54:49,125 DEBUG    ('127.0.0.1', 51514) - ASGI [109] Completed
2019-10-19 21:54:49,127 DEBUG    ('127.0.0.1', 51585) - ASGI [110] Started
2019-10-19 21:54:49,127 DEBUG    ('127.0.0.1', 51585) - ASGI [110] Sent {'type': 'http.request', 'body': '<1076 bytes>', 'more_body': False}
2019-10-19 21:54:49,128 DEBUG    received items: https://tpc.googlesyndication.com/safeframe/1-0-35/html/container.html,https://tpc.googlesyndication.com/safeframe/1-0-35/html/container.html,https://tpc.googlesyndication.com/safeframe/1-0-35/html/container.html,https://tpc.googlesyndication.com/safeframe/1-0-35/html/container.html,https://tpc.googlesyndication.com/safeframe/1-0-35/html/container.html,https://tpc.googlesyndication.com/safeframe/1-0-35/html/container.html,https://tpc.googlesyndication.com/safeframe/1-0-35/html/container.html,https://tpc.googlesyndication.com/safeframe/1-0-35/html/container.html,https://tpc.googlesyndication.com/safeframe/1-0-35/html/container.html,https://tpc.googlesyndication.com/safeframe/1-0-35/html/container.html,https://tpc.googlesyndication.com/safeframe/1-0-35/html/container.html,https://tpc.googlesyndication.com/safeframe/1-0-35/html/container.html,https://tpc.googlesyndication.com/safeframe/1-0-35/html/container.html,https://tpc.googlesyndication.com/sodar/Enqz_20U.html,https://tpc.googlesyndication.com/sodar/Enqz_20U.html
2019-10-19 21:54:49,128 DEBUG    save to sessions_items.log
2019-10-19 21:54:49,129 DEBUG    ('127.0.0.1', 51585) - ASGI [110] Received {'type': 'http.response.start', 'status': 200, 'headers': '<...>'}
2019-10-19 21:54:49,130 INFO     ('127.0.0.1', 51585) - "POST /predict_next HTTP/1.1" 200
2019-10-19 21:54:49,130 DEBUG    ('127.0.0.1', 51585) - ASGI [110] Received {'type': 'http.response.body', 'body': '<127 bytes>'}
2019-10-19 21:54:49,130 DEBUG    ('127.0.0.1', 51585) - ASGI [110] Completed
2019-10-19 21:54:49,213 DEBUG    ('127.0.0.1', 51632) - ASGI [111] Started
2019-10-19 21:54:49,213 DEBUG    ('127.0.0.1', 51632) - ASGI [111] Sent {'type': 'http.request', 'body': '<168 bytes>', 'more_body': False}
2019-10-19 21:54:49,214 DEBUG    received items: https://aax-us-east.amazon-adsystem.com/e/dtb/admi?b=IrgbOkPQnU0Z4hJSJ689q7oAAAFt5t-_sQEAAA9XAe8RLk0&rnd=3351400708941571536487367&pp=1yygkxs&p=7a1rls
2019-10-19 21:54:49,214 DEBUG    save to sessions_items.log
2019-10-19 21:54:49,214 DEBUG    ('127.0.0.1', 51632) - ASGI [111] Received {'type': 'http.response.start', 'status': 200, 'headers': '<...>'}
2019-10-19 21:54:49,215 INFO     ('127.0.0.1', 51632) - "POST /predict_next HTTP/1.1" 200
2019-10-19 21:54:49,215 DEBUG    ('127.0.0.1', 51632) - ASGI [111] Received {'type': 'http.response.body', 'body': '<321 bytes>'}
2019-10-19 21:54:49,215 DEBUG    ('127.0.0.1', 51632) - ASGI [111] Completed
2019-10-19 21:54:49,216 DEBUG    ('127.0.0.1', 51633) - ASGI [112] Started
2019-10-19 21:54:49,216 DEBUG    ('127.0.0.1', 51633) - ASGI [112] Sent {'type': 'http.request', 'body': '<1132 bytes>', 'more_body': False}
2019-10-19 21:54:49,216 DEBUG    received items: https://tpc.googlesyndication.com/safeframe/1-0-35/html/container.html,https://tpc.googlesyndication.com/safeframe/1-0-35/html/container.html,https://tpc.googlesyndication.com/safeframe/1-0-35/html/container.html,https://tpc.googlesyndication.com/safeframe/1-0-35/html/container.html,https://tpc.googlesyndication.com/safeframe/1-0-35/html/container.html,https://tpc.googlesyndication.com/safeframe/1-0-35/html/container.html,https://tpc.googlesyndication.com/safeframe/1-0-35/html/container.html,https://tpc.googlesyndication.com/safeframe/1-0-35/html/container.html,https://tpc.googlesyndication.com/safeframe/1-0-35/html/container.html,https://tpc.googlesyndication.com/safeframe/1-0-35/html/container.html,https://tpc.googlesyndication.com/safeframe/1-0-35/html/container.html,https://tpc.googlesyndication.com/safeframe/1-0-35/html/container.html,https://tpc.googlesyndication.com/safeframe/1-0-35/html/container.html,https://tpc.googlesyndication.com/sodar/Enqz_20U.html,https://tpc.googlesyndication.com/sodar/Enqz_20U.html,https://tpc.googlesyndication.com/sodar/Enqz_20U.html
2019-10-19 21:54:49,217 DEBUG    save to sessions_items.log
2019-10-19 21:54:49,217 DEBUG    ('127.0.0.1', 51633) - ASGI [112] Received {'type': 'http.response.start', 'status': 200, 'headers': '<...>'}
2019-10-19 21:54:49,217 INFO     ('127.0.0.1', 51633) - "POST /predict_next HTTP/1.1" 200
2019-10-19 21:54:49,217 DEBUG    ('127.0.0.1', 51633) - ASGI [112] Received {'type': 'http.response.body', 'body': '<127 bytes>'}
2019-10-19 21:54:49,218 DEBUG    ('127.0.0.1', 51633) - ASGI [112] Completed
2019-10-19 21:54:49,219 DEBUG    ('127.0.0.1', 51667) - Connected
2019-10-19 21:54:49,220 DEBUG    ('127.0.0.1', 51514) - ASGI [113] Started
2019-10-19 21:54:49,221 DEBUG    ('127.0.0.1', 51514) - ASGI [113] Sent {'type': 'http.request', 'body': '<1323 bytes>', 'more_body': False}
2019-10-19 21:54:49,222 DEBUG    received items: https://pagead2.googlesyndication.com/pagead/s/cookie_push.html?cb=20190204#aHR0cHM6Ly93d3cuZmFjZWJvb2suY29tL2F1ZGllbmNlbmV0d29yay9pZHN5bmM_cGFydG5lcj0zNDM4MTY3ODYzODkyNzEmY2FsbGJhY2s9aHR0cHMlM0EvL2NtLmcuZG91YmxlY2xpY2submV0L3BpeGVsJTNGZ29vZ2xlX25pZCUzRGpiX25iJTI2Z29vZ2xlX2N2ZXI9MSUyNmdvb2dsZV9wdXNoPUFITkYxM0piQkxiMmlJa01UYVU4VnZLQnRyVHZQSnFlRjNhUkU1VDJxUmFlUnclMjZnb29nbGVfaG0lM0QlMjRCVVlFUlVJRCZnb29nbGVfZ2lkPUNBRVNFS3BzaTUtdVBwQ0hFd2hqNFVCX2FTRQ==,aHR0cHM6Ly9jbS5nLmRvdWJsZWNsaWNrLm5ldC9waXhlbC9hdHRyP2Q9QUhORjEzSmhLM1JCZGFUdk1lN3hWbFFBNXEwcHhBclVlbnBNTlE=,https://pagead2.googlesyndication.com/pagead/s/cookie_push.html?cb=20190204#aHR0cHM6Ly9hZC50dXJuLmNvbS9yL2NzP3BpZD0zJmdvb2dsZV9naWQ9Q0FFU0VCOUdJczAwMGdyVVJWT0g1dnpHcmlvJmdvb2dsZV9jdmVyPTEmZ29vZ2xlX3B1c2g9QUhORjEzSzNrYjgyczBvbGIwMk5PSHUyZ2J0c2hKSC1BTWFrMFFmM0t3Vzk=,aHR0cHM6Ly9jbS5nLmRvdWJsZWNsaWNrLm5ldC9waXhlbC9hdHRyP2Q9QUhORjEzS3Utak8wM0hqRmlnNmdDMEJSQ3R5V0lLeUpUcVQ4,https://pagead2.googlesyndication.com/pagead/s/cookie_push.html?cb=20190204#aHR0cHM6Ly9hZXAubXhwdGludC5uZXQvc24uYXNoeD9nb29nbGVfZ2lkPUNBRVNFQ2wxejJZY0dBcjcwdGJzQnFwZF9XNCZnb29nbGVfY3Zlcj0xJmdvb2dsZV9wdXNoPUFITkYxM0kydWM0SC1mOUpQdlFPQVRiRjFJRENJYm55X3BHbkJXUUtCVjNU,aHR0cHM6Ly9jbS5nLmRvdWJsZWNsaWNrLm5ldC9waXhlbC9hdHRyP2Q9QUhORjEzSXlIU0hxT3ByakFvWVhpV1JVRlZtdVRkRW9oSlRv
2019-10-19 21:54:49,224 DEBUG    save to sessions_items.log
2019-10-19 21:54:49,224 DEBUG    ('127.0.0.1', 51514) - ASGI [113] Received {'type': 'http.response.start', 'status': 200, 'headers': '<...>'}
2019-10-19 21:54:49,225 INFO     ('127.0.0.1', 51514) - "POST /predict_next HTTP/1.1" 200
2019-10-19 21:54:49,225 DEBUG    ('127.0.0.1', 51514) - ASGI [113] Received {'type': 'http.response.body', 'body': '<759 bytes>'}
2019-10-19 21:54:49,225 DEBUG    ('127.0.0.1', 51514) - ASGI [113] Completed
2019-10-19 21:54:49,311 DEBUG    ('127.0.0.1', 51585) - ASGI [114] Started
2019-10-19 21:54:49,311 DEBUG    ('127.0.0.1', 51585) - ASGI [114] Sent {'type': 'http.request', 'body': '<1205 bytes>', 'more_body': False}
2019-10-19 21:54:49,313 DEBUG    received items: https://tpc.googlesyndication.com/safeframe/1-0-35/html/container.html,https://tpc.googlesyndication.com/safeframe/1-0-35/html/container.html,https://tpc.googlesyndication.com/safeframe/1-0-35/html/container.html,https://tpc.googlesyndication.com/safeframe/1-0-35/html/container.html,https://tpc.googlesyndication.com/safeframe/1-0-35/html/container.html,https://tpc.googlesyndication.com/safeframe/1-0-35/html/container.html,https://tpc.googlesyndication.com/safeframe/1-0-35/html/container.html,https://tpc.googlesyndication.com/safeframe/1-0-35/html/container.html,https://tpc.googlesyndication.com/safeframe/1-0-35/html/container.html,https://tpc.googlesyndication.com/safeframe/1-0-35/html/container.html,https://tpc.googlesyndication.com/safeframe/1-0-35/html/container.html,https://tpc.googlesyndication.com/safeframe/1-0-35/html/container.html,https://tpc.googlesyndication.com/safeframe/1-0-35/html/container.html,https://tpc.googlesyndication.com/sodar/Enqz_20U.html,https://tpc.googlesyndication.com/sodar/Enqz_20U.html,https://tpc.googlesyndication.com/sodar/Enqz_20U.html,https://tpc.googlesyndication.com/safeframe/1-0-35/html/container.html
2019-10-19 21:54:49,313 DEBUG    save to sessions_items.log
2019-10-19 21:54:49,314 DEBUG    ('127.0.0.1', 51585) - ASGI [114] Received {'type': 'http.response.start', 'status': 200, 'headers': '<...>'}
2019-10-19 21:54:49,314 INFO     ('127.0.0.1', 51585) - "POST /predict_next HTTP/1.1" 200
2019-10-19 21:54:49,316 DEBUG    ('127.0.0.1', 51585) - ASGI [114] Received {'type': 'http.response.body', 'body': '<161 bytes>'}
2019-10-19 21:54:49,316 DEBUG    ('127.0.0.1', 51585) - ASGI [114] Completed
2019-10-19 21:54:49,530 DEBUG    ('127.0.0.1', 51585) - ASGI [115] Started
2019-10-19 21:54:49,531 DEBUG    ('127.0.0.1', 51585) - ASGI [115] Sent {'type': 'http.request', 'body': '<82 bytes>', 'more_body': False}
2019-10-19 21:54:49,532 DEBUG    received items: https://acdn.adnxs.com/ib/static/usersync/v3/async_usersync.html
2019-10-19 21:54:49,532 DEBUG    save to sessions_items.log
2019-10-19 21:54:49,532 DEBUG    ('127.0.0.1', 51585) - ASGI [115] Received {'type': 'http.response.start', 'status': 200, 'headers': '<...>'}
2019-10-19 21:54:49,533 INFO     ('127.0.0.1', 51585) - "POST /predict_next HTTP/1.1" 200
2019-10-19 21:54:49,533 DEBUG    ('127.0.0.1', 51585) - ASGI [115] Received {'type': 'http.response.body', 'body': '<149 bytes>'}
2019-10-19 21:54:49,533 DEBUG    ('127.0.0.1', 51585) - ASGI [115] Completed
2019-10-19 21:54:49,962 DEBUG    ('127.0.0.1', 51585) - ASGI [116] Started
2019-10-19 21:54:49,979 DEBUG    ('127.0.0.1', 51585) - ASGI [116] Sent {'type': 'http.request', 'body': '<240 bytes>', 'more_body': False}
2019-10-19 21:54:49,988 DEBUG    received items: https://us-u.openx.net/w/1.0/pd?plm=6&ph=8a7ca719-8c2c-4c16-98ad-37ac6dbf26e9&gdpr=0&gdpr_consent=BOotW_eOotW_eDlABAENCr-AAAAm-AdAACAAoABsAGAAZAA4ACAAEgALQAZAA0ABwAD6AIoAjABMgCgAKIAWwA0ACEAEVAI4AkABNACfAFKALcAcgA_QDMAJPATe
2019-10-19 21:54:49,989 DEBUG    save to sessions_items.log
2019-10-19 21:54:49,990 DEBUG    ('127.0.0.1', 51585) - ASGI [116] Received {'type': 'http.response.start', 'status': 200, 'headers': '<...>'}
2019-10-19 21:54:49,990 INFO     ('127.0.0.1', 51585) - "POST /predict_next HTTP/1.1" 200
2019-10-19 21:54:49,990 DEBUG    ('127.0.0.1', 51585) - ASGI [116] Received {'type': 'http.response.body', 'body': '<465 bytes>'}
2019-10-19 21:54:49,991 DEBUG    ('127.0.0.1', 51585) - ASGI [116] Completed
2019-10-19 21:54:49,991 DEBUG    ('127.0.0.1', 51514) - ASGI [117] Started
2019-10-19 21:54:49,991 DEBUG    ('127.0.0.1', 51514) - ASGI [117] Sent {'type': 'http.request', 'body': '<625 bytes>', 'more_body': False}
2019-10-19 21:54:49,992 DEBUG    received items: https://ads.pubmatic.com/AdServer/js/user_sync.html?p=156011&s=165626&predirect=https%3A%2F%2Fs.amazon-adsystem.com%2Fecm3%3Fid%3DPM_UID%26ex%3Dpubmatic.com&userIdMacro=PM_UID,https://ads.pubmatic.com/AdServer/js/showad.js#PIX&kdntuid=1&SPug=true&p=156011&s=165626&predirect=https%3A%2F%2Fs.amazon-adsystem.com%2Fecm3%3Fid%3DPM_UID%26ex%3Dpubmatic.com&userIdMacro=PM_UID&it=0&gdpr=0&np=0,https://ads.pubmatic.com/AdServer/js/showad.js#PIX&kdntuid=1&p=1743386&gdpr=0&gdpr_consent=BOotW_eOotW_eDlABAENCr-AAAAm-AdAACAAoABsAGAAZAA4ACAAEgALQAZAA0ABwAD6AIoAjABMgCgAKIAWwA0ACEAEVAI4AkABNACfAFKALcAcgA_QDMAJPATe
2019-10-19 21:54:49,992 DEBUG    save to sessions_items.log
2019-10-19 21:54:49,993 DEBUG    ('127.0.0.1', 51514) - ASGI [117] Received {'type': 'http.response.start', 'status': 200, 'headers': '<...>'}
2019-10-19 21:54:49,993 INFO     ('127.0.0.1', 51514) - "POST /predict_next HTTP/1.1" 200
2019-10-19 21:54:49,993 DEBUG    ('127.0.0.1', 51514) - ASGI [117] Received {'type': 'http.response.body', 'body': '<451 bytes>'}
2019-10-19 21:54:49,993 DEBUG    ('127.0.0.1', 51514) - ASGI [117] Completed
2019-10-19 21:54:49,993 DEBUG    ('127.0.0.1', 51633) - ASGI [118] Started
2019-10-19 21:54:49,993 DEBUG    ('127.0.0.1', 51633) - ASGI [118] Sent {'type': 'http.request', 'body': '<61 bytes>', 'more_body': False}
2019-10-19 21:54:49,993 DEBUG    received items: https://cdn.connectad.io/connectmyusers.php
2019-10-19 21:54:49,994 DEBUG    save to sessions_items.log
2019-10-19 21:54:49,994 DEBUG    ('127.0.0.1', 51633) - ASGI [118] Received {'type': 'http.response.start', 'status': 200, 'headers': '<...>'}
2019-10-19 21:54:49,994 INFO     ('127.0.0.1', 51633) - "POST /predict_next HTTP/1.1" 200
2019-10-19 21:54:49,994 DEBUG    ('127.0.0.1', 51633) - ASGI [118] Received {'type': 'http.response.body', 'body': '<107 bytes>'}
2019-10-19 21:54:49,995 DEBUG    ('127.0.0.1', 51633) - ASGI [118] Completed
2019-10-19 21:54:50,018 DEBUG    ('127.0.0.1', 51632) - ASGI [119] Started
2019-10-19 21:54:50,018 DEBUG    ('127.0.0.1', 51632) - ASGI [119] Sent {'type': 'http.request', 'body': '<149 bytes>', 'more_body': False}
2019-10-19 21:54:50,019 DEBUG    received items: https://acdn.adnxs.com/ib/static/usersync/v3/async_usersync.html,https://acdn.adnxs.com/ib/static/usersync/v3/async_usersync.html
2019-10-19 21:54:50,019 DEBUG    save to sessions_items.log
2019-10-19 21:54:50,019 DEBUG    ('127.0.0.1', 51632) - ASGI [119] Received {'type': 'http.response.start', 'status': 200, 'headers': '<...>'}
2019-10-19 21:54:50,020 INFO     ('127.0.0.1', 51632) - "POST /predict_next HTTP/1.1" 200
2019-10-19 21:54:50,020 DEBUG    ('127.0.0.1', 51632) - ASGI [119] Received {'type': 'http.response.body', 'body': '<149 bytes>'}
2019-10-19 21:54:50,020 DEBUG    ('127.0.0.1', 51632) - ASGI [119] Completed
2019-10-19 21:54:50,020 DEBUG    ('127.0.0.1', 51667) - ASGI [120] Started
2019-10-19 21:54:50,021 DEBUG    ('127.0.0.1', 51667) - ASGI [120] Sent {'type': 'http.request', 'body': '<465 bytes>', 'more_body': False}
2019-10-19 21:54:50,021 DEBUG    received items: https://us-u.openx.net/w/1.0/pd?plm=6&ph=8a7ca719-8c2c-4c16-98ad-37ac6dbf26e9&gdpr=0&gdpr_consent=BOotW_eOotW_eDlABAENCr-AAAAm-AdAACAAoABsAGAAZAA4ACAAEgALQAZAA0ABwAD6AIoAjABMgCgAKIAWwA0ACEAEVAI4AkABNACfAFKALcAcgA_QDMAJPATe,https://us-u.openx.net/w/1.0/pd?plm=6&ph=8a7ca719-8c2c-4c16-98ad-37ac6dbf26e9&gdpr=0&gdpr_consent=BOotW_eOotW_eDlABAENCr-AAAAm-AdAACAAoABsAGAAZAA4ACAAEgALQAZAA0ABwAD6AIoAjABMgCgAKIAWwA0ACEAEVAI4AkABNACfAFKALcAcgA_QDMAJPATe
2019-10-19 21:54:50,021 DEBUG    save to sessions_items.log
2019-10-19 21:54:50,024 DEBUG    ('127.0.0.1', 51667) - ASGI [120] Received {'type': 'http.response.start', 'status': 200, 'headers': '<...>'}
2019-10-19 21:54:50,024 INFO     ('127.0.0.1', 51667) - "POST /predict_next HTTP/1.1" 200
2019-10-19 21:54:50,024 DEBUG    ('127.0.0.1', 51667) - ASGI [120] Received {'type': 'http.response.body', 'body': '<465 bytes>'}
2019-10-19 21:54:50,024 DEBUG    ('127.0.0.1', 51667) - ASGI [120] Completed
2019-10-19 21:54:50,052 DEBUG    ('127.0.0.1', 51679) - Connected
2019-10-19 21:54:50,060 DEBUG    ('127.0.0.1', 51679) - ASGI [121] Started
2019-10-19 21:54:50,060 DEBUG    ('127.0.0.1', 51679) - ASGI [121] Sent {'type': 'http.request', 'body': '<842 bytes>', 'more_body': False}
2019-10-19 21:54:50,061 DEBUG    received items: https://ads.pubmatic.com/AdServer/js/user_sync.html?p=156011&s=165626&predirect=https%3A%2F%2Fs.amazon-adsystem.com%2Fecm3%3Fid%3DPM_UID%26ex%3Dpubmatic.com&userIdMacro=PM_UID,https://ads.pubmatic.com/AdServer/js/showad.js#PIX&kdntuid=1&SPug=true&p=156011&s=165626&predirect=https%3A%2F%2Fs.amazon-adsystem.com%2Fecm3%3Fid%3DPM_UID%26ex%3Dpubmatic.com&userIdMacro=PM_UID&it=0&gdpr=0&np=0,https://ads.pubmatic.com/AdServer/js/showad.js#PIX&kdntuid=1&p=1743386&gdpr=0&gdpr_consent=BOotW_eOotW_eDlABAENCr-AAAAm-AdAACAAoABsAGAAZAA4ACAAEgALQAZAA0ABwAD6AIoAjABMgCgAKIAWwA0ACEAEVAI4AkABNACfAFKALcAcgA_QDMAJPATe,https://ads.pubmatic.com/AdServer/js/showad.js#PIX&kdntuid=1&p=157369&gdpr=0&gdpr_consent=BOotW_eOotW_eDlABAENCr-AAAAm-AdAACAAoABsAGAAZAA4ACAAEgALQAZAA0ABwAD6AIoAjABMgCgAKIAWwA0ACEAEVAI4AkABNACfAFKALcAcgA_QDMAJPATe
2019-10-19 21:54:50,063 DEBUG    save to sessions_items.log
2019-10-19 21:54:50,064 DEBUG    ('127.0.0.1', 51679) - ASGI [121] Received {'type': 'http.response.start', 'status': 200, 'headers': '<...>'}
2019-10-19 21:54:50,064 INFO     ('127.0.0.1', 51679) - "POST /predict_next HTTP/1.1" 200
2019-10-19 21:54:50,064 DEBUG    ('127.0.0.1', 51679) - ASGI [121] Received {'type': 'http.response.body', 'body': '<449 bytes>'}
2019-10-19 21:54:50,064 DEBUG    ('127.0.0.1', 51679) - ASGI [121] Completed
2019-10-19 21:54:50,067 DEBUG    ('127.0.0.1', 51585) - ASGI [122] Started
2019-10-19 21:54:50,067 DEBUG    ('127.0.0.1', 51585) - ASGI [122] Sent {'type': 'http.request', 'body': '<107 bytes>', 'more_body': False}
2019-10-19 21:54:50,068 DEBUG    received items: https://cdn.connectad.io/connectmyusers.php,https://cdn.connectad.io/connectmyusers.php
2019-10-19 21:54:50,068 DEBUG    save to sessions_items.log
2019-10-19 21:54:50,069 DEBUG    ('127.0.0.1', 51585) - ASGI [122] Received {'type': 'http.response.start', 'status': 200, 'headers': '<...>'}
2019-10-19 21:54:50,069 INFO     ('127.0.0.1', 51585) - "POST /predict_next HTTP/1.1" 200
2019-10-19 21:54:50,069 DEBUG    ('127.0.0.1', 51585) - ASGI [122] Received {'type': 'http.response.body', 'body': '<107 bytes>'}
2019-10-19 21:54:50,070 DEBUG    ('127.0.0.1', 51585) - ASGI [122] Completed
2019-10-19 21:54:50,070 DEBUG    ('127.0.0.1', 51514) - ASGI [123] Started
2019-10-19 21:54:50,071 DEBUG    ('127.0.0.1', 51514) - ASGI [123] Sent {'type': 'http.request', 'body': '<216 bytes>', 'more_body': False}
2019-10-19 21:54:50,071 DEBUG    received items: https://acdn.adnxs.com/ib/static/usersync/v3/async_usersync.html,https://acdn.adnxs.com/ib/static/usersync/v3/async_usersync.html,https://acdn.adnxs.com/ib/static/usersync/v3/async_usersync.html
2019-10-19 21:54:50,071 DEBUG    save to sessions_items.log
2019-10-19 21:54:50,072 DEBUG    ('127.0.0.1', 51514) - ASGI [123] Received {'type': 'http.response.start', 'status': 200, 'headers': '<...>'}
2019-10-19 21:54:50,072 INFO     ('127.0.0.1', 51514) - "POST /predict_next HTTP/1.1" 200
2019-10-19 21:54:50,072 DEBUG    ('127.0.0.1', 51514) - ASGI [123] Received {'type': 'http.response.body', 'body': '<149 bytes>'}
2019-10-19 21:54:50,073 DEBUG    ('127.0.0.1', 51514) - ASGI [123] Completed
2019-10-19 21:54:50,073 DEBUG    ('127.0.0.1', 51633) - ASGI [124] Started
2019-10-19 21:54:50,073 DEBUG    ('127.0.0.1', 51633) - ASGI [124] Sent {'type': 'http.request', 'body': '<283 bytes>', 'more_body': False}
2019-10-19 21:54:50,074 DEBUG    received items: https://acdn.adnxs.com/ib/static/usersync/v3/async_usersync.html,https://acdn.adnxs.com/ib/static/usersync/v3/async_usersync.html,https://acdn.adnxs.com/ib/static/usersync/v3/async_usersync.html,https://acdn.adnxs.com/ib/static/usersync/v3/async_usersync.html
2019-10-19 21:54:50,074 DEBUG    save to sessions_items.log
2019-10-19 21:54:50,075 DEBUG    ('127.0.0.1', 51633) - ASGI [124] Received {'type': 'http.response.start', 'status': 200, 'headers': '<...>'}
2019-10-19 21:54:50,075 INFO     ('127.0.0.1', 51633) - "POST /predict_next HTTP/1.1" 200
2019-10-19 21:54:50,075 DEBUG    ('127.0.0.1', 51633) - ASGI [124] Received {'type': 'http.response.body', 'body': '<149 bytes>'}
2019-10-19 21:54:50,076 DEBUG    ('127.0.0.1', 51633) - ASGI [124] Completed
2019-10-19 21:54:50,108 DEBUG    ('127.0.0.1', 51667) - ASGI [125] Started
2019-10-19 21:54:50,109 DEBUG    ('127.0.0.1', 51667) - ASGI [125] Sent {'type': 'http.request', 'body': '<1261 bytes>', 'more_body': False}
2019-10-19 21:54:50,109 DEBUG    received items: https://tpc.googlesyndication.com/safeframe/1-0-35/html/container.html,https://tpc.googlesyndication.com/safeframe/1-0-35/html/container.html,https://tpc.googlesyndication.com/safeframe/1-0-35/html/container.html,https://tpc.googlesyndication.com/safeframe/1-0-35/html/container.html,https://tpc.googlesyndication.com/safeframe/1-0-35/html/container.html,https://tpc.googlesyndication.com/safeframe/1-0-35/html/container.html,https://tpc.googlesyndication.com/safeframe/1-0-35/html/container.html,https://tpc.googlesyndication.com/safeframe/1-0-35/html/container.html,https://tpc.googlesyndication.com/safeframe/1-0-35/html/container.html,https://tpc.googlesyndication.com/safeframe/1-0-35/html/container.html,https://tpc.googlesyndication.com/safeframe/1-0-35/html/container.html,https://tpc.googlesyndication.com/safeframe/1-0-35/html/container.html,https://tpc.googlesyndication.com/safeframe/1-0-35/html/container.html,https://tpc.googlesyndication.com/sodar/Enqz_20U.html,https://tpc.googlesyndication.com/sodar/Enqz_20U.html,https://tpc.googlesyndication.com/sodar/Enqz_20U.html,https://tpc.googlesyndication.com/safeframe/1-0-35/html/container.html,https://tpc.googlesyndication.com/sodar/Enqz_20U.html
2019-10-19 21:54:50,110 DEBUG    save to sessions_items.log
2019-10-19 21:54:50,111 DEBUG    ('127.0.0.1', 51667) - ASGI [125] Received {'type': 'http.response.start', 'status': 200, 'headers': '<...>'}
2019-10-19 21:54:50,111 INFO     ('127.0.0.1', 51667) - "POST /predict_next HTTP/1.1" 200
2019-10-19 21:54:50,111 DEBUG    ('127.0.0.1', 51667) - ASGI [125] Received {'type': 'http.response.body', 'body': '<127 bytes>'}
2019-10-19 21:54:50,111 DEBUG    ('127.0.0.1', 51667) - ASGI [125] Completed
2019-10-19 21:54:50,245 DEBUG    ('127.0.0.1', 51585) - ASGI [126] Started
2019-10-19 21:54:50,246 DEBUG    ('127.0.0.1', 51585) - ASGI [126] Sent {'type': 'http.request', 'body': '<1751 bytes>', 'more_body': False}
2019-10-19 21:54:50,247 DEBUG    received items: https://pagead2.googlesyndication.com/pagead/s/cookie_push.html?cb=20190204#aHR0cHM6Ly93d3cuZmFjZWJvb2suY29tL2F1ZGllbmNlbmV0d29yay9pZHN5bmM_cGFydG5lcj0zNDM4MTY3ODYzODkyNzEmY2FsbGJhY2s9aHR0cHMlM0EvL2NtLmcuZG91YmxlY2xpY2submV0L3BpeGVsJTNGZ29vZ2xlX25pZCUzRGpiX25iJTI2Z29vZ2xlX2N2ZXI9MSUyNmdvb2dsZV9wdXNoPUFITkYxM0piQkxiMmlJa01UYVU4VnZLQnRyVHZQSnFlRjNhUkU1VDJxUmFlUnclMjZnb29nbGVfaG0lM0QlMjRCVVlFUlVJRCZnb29nbGVfZ2lkPUNBRVNFS3BzaTUtdVBwQ0hFd2hqNFVCX2FTRQ==,aHR0cHM6Ly9jbS5nLmRvdWJsZWNsaWNrLm5ldC9waXhlbC9hdHRyP2Q9QUhORjEzSmhLM1JCZGFUdk1lN3hWbFFBNXEwcHhBclVlbnBNTlE=,https://pagead2.googlesyndication.com/pagead/s/cookie_push.html?cb=20190204#aHR0cHM6Ly9hZC50dXJuLmNvbS9yL2NzP3BpZD0zJmdvb2dsZV9naWQ9Q0FFU0VCOUdJczAwMGdyVVJWT0g1dnpHcmlvJmdvb2dsZV9jdmVyPTEmZ29vZ2xlX3B1c2g9QUhORjEzSzNrYjgyczBvbGIwMk5PSHUyZ2J0c2hKSC1BTWFrMFFmM0t3Vzk=,aHR0cHM6Ly9jbS5nLmRvdWJsZWNsaWNrLm5ldC9waXhlbC9hdHRyP2Q9QUhORjEzS3Utak8wM0hqRmlnNmdDMEJSQ3R5V0lLeUpUcVQ4,https://pagead2.googlesyndication.com/pagead/s/cookie_push.html?cb=20190204#aHR0cHM6Ly9hZXAubXhwdGludC5uZXQvc24uYXNoeD9nb29nbGVfZ2lkPUNBRVNFQ2wxejJZY0dBcjcwdGJzQnFwZF9XNCZnb29nbGVfY3Zlcj0xJmdvb2dsZV9wdXNoPUFITkYxM0kydWM0SC1mOUpQdlFPQVRiRjFJRENJYm55X3BHbkJXUUtCVjNU,aHR0cHM6Ly9jbS5nLmRvdWJsZWNsaWNrLm5ldC9waXhlbC9hdHRyP2Q9QUhORjEzSXlIU0hxT3ByakFvWVhpV1JVRlZtdVRkRW9oSlRv,https://pagead2.googlesyndication.com/pagead/s/cookie_push.html?cb=20190204#aHR0cHM6Ly9jbXMucXVhbnRzZXJ2ZS5jb20vZHBpeGVsP2E9cC1uNXZ2THZSZGpnMGVrJmVpZD0wJnFjX2dvb2dsZV9wdXNoPSZnb29nbGVfZ2lkPUNBRVNFQnJ4QlZJelE3S292LVR6QTQwSTV5dyZnb29nbGVfY3Zlcj0xJmdvb2dsZV9wdXNoPUFITkYxM0t6RnBTR29rX2ZNVW9QS0JUQ09kbDdSSGFZbnVHS2lPbHJGdjQ=,aHR0cHM6Ly9jbS5nLmRvdWJsZWNsaWNrLm5ldC9waXhlbC9hdHRyP2Q9QUhORjEzSzRiaG5uTWFUNlpRaHpCX2RKUlRHbG9zdG9iZ3Ix
2019-10-19 21:54:50,247 DEBUG    save to sessions_items.log
2019-10-19 21:54:50,248 DEBUG    ('127.0.0.1', 51585) - ASGI [126] Received {'type': 'http.response.start', 'status': 200, 'headers': '<...>'}
2019-10-19 21:54:50,248 INFO     ('127.0.0.1', 51585) - "POST /predict_next HTTP/1.1" 200
2019-10-19 21:54:50,248 DEBUG    ('127.0.0.1', 51585) - ASGI [126] Received {'type': 'http.response.body', 'body': '<871 bytes>'}
2019-10-19 21:54:50,248 DEBUG    ('127.0.0.1', 51585) - ASGI [126] Completed
2019-10-19 21:54:50,411 DEBUG    ('127.0.0.1', 51667) - ASGI [127] Started
2019-10-19 21:54:50,434 DEBUG    ('127.0.0.1', 51667) - ASGI [127] Sent {'type': 'http.request', 'body': '<131 bytes>', 'more_body': False}
2019-10-19 21:54:50,435 DEBUG    received items: https://secure-assets.rubiconproject.com/utils/xapi/multi-sync.html?region=na&country=us&endpoint=us-east&p=a9us&
2019-10-19 21:54:50,435 DEBUG    save to sessions_items.log
2019-10-19 21:54:50,436 DEBUG    ('127.0.0.1', 51667) - ASGI [127] Received {'type': 'http.response.start', 'status': 200, 'headers': '<...>'}
2019-10-19 21:54:50,436 INFO     ('127.0.0.1', 51667) - "POST /predict_next HTTP/1.1" 200
2019-10-19 21:54:50,436 DEBUG    ('127.0.0.1', 51667) - ASGI [127] Received {'type': 'http.response.body', 'body': '<247 bytes>'}
2019-10-19 21:54:50,436 DEBUG    ('127.0.0.1', 51667) - ASGI [127] Completed
2019-10-19 21:54:50,442 DEBUG    ('127.0.0.1', 51633) - ASGI [128] Started
2019-10-19 21:54:50,442 DEBUG    ('127.0.0.1', 51633) - ASGI [128] Sent {'type': 'http.request', 'body': '<204 bytes>', 'more_body': False}
2019-10-19 21:54:50,443 DEBUG    received items: https://eus.rubiconproject.com/usync.html?gdpr=0&gdpr_consent=BOotW_eOotW_eDlABAENCr-AAAAm-AdAACAAoABsAGAAZAA4ACAAEgALQAZAA0ABwAD6AIoAjABMgCgAKIAWwA0ACEAEVAI4AkABNACfAFKALcAcgA_QDMAJPATe
2019-10-19 21:54:50,443 DEBUG    save to sessions_items.log
2019-10-19 21:54:50,444 DEBUG    ('127.0.0.1', 51633) - ASGI [128] Received {'type': 'http.response.start', 'status': 200, 'headers': '<...>'}
2019-10-19 21:54:50,444 INFO     ('127.0.0.1', 51633) - "POST /predict_next HTTP/1.1" 200
2019-10-19 21:54:50,444 DEBUG    ('127.0.0.1', 51633) - ASGI [128] Received {'type': 'http.response.body', 'body': '<393 bytes>'}
2019-10-19 21:54:50,445 DEBUG    ('127.0.0.1', 51633) - ASGI [128] Completed
2019-10-19 21:54:51,514 DEBUG    ('127.0.0.1', 51633) - ASGI [129] Started
2019-10-19 21:54:51,514 DEBUG    ('127.0.0.1', 51633) - ASGI [129] Sent {'type': 'http.request', 'body': '<55 bytes>', 'more_body': False}
2019-10-19 21:54:51,515 DEBUG    received items: https://sync-eu.connectad.io/syncer/1
2019-10-19 21:54:51,515 DEBUG    save to sessions_items.log
2019-10-19 21:54:51,515 DEBUG    ('127.0.0.1', 51633) - ASGI [129] Received {'type': 'http.response.start', 'status': 200, 'headers': '<...>'}
2019-10-19 21:54:51,515 INFO     ('127.0.0.1', 51633) - "POST /predict_next HTTP/1.1" 200
2019-10-19 21:54:51,515 DEBUG    ('127.0.0.1', 51633) - ASGI [129] Received {'type': 'http.response.body', 'body': '<95 bytes>'}
2019-10-19 21:54:51,516 DEBUG    ('127.0.0.1', 51633) - ASGI [129] Completed
2019-10-19 21:54:51,812 DEBUG    ('127.0.0.1', 51667) - ASGI [130] Started
2019-10-19 21:54:51,812 DEBUG    ('127.0.0.1', 51667) - ASGI [130] Sent {'type': 'http.request', 'body': '<883 bytes>', 'more_body': False}
2019-10-19 21:54:51,812 DEBUG    received items: https://googleads.g.doubleclick.net/xbbe/pixel?d=CNjMexDvnXwYoYOLJzAB&v=APEucNUFDIOjNCM7H6DAo27xX1bggmAZQPdtkROsCYLrh_CjZem-XFu6_ataRKWkAuZPM1BRb2iNCyPpIQzWhYGiPaXcBBdTsQ,https://googleads.g.doubleclick.net/xbbe/pixel?d=CIkCEIuDmgEYyoXuXjAB&v=APEucNWkNt5dJZlf8L-UhuzDrfxaUrV4xGZhulUgcZ8zIL241cgVbi17QWfaAUwX5G3mnbmOECe_zjq1g1stECT5ITVGUFvpUg,https://googleads.g.doubleclick.net/xbbe/pixel?d=CNjMexDvnXwY1pOLJzAB&v=APEucNVqfuPoUxKpwPYLXGxKyPj7Vft_CzeCzZW3pIwHC3C1i_wRLJPORXaNYXLMVQ3T3O0tra08iM3OH2lCZIkZDOFk3QQimQ,https://googleads.g.doubleclick.net/xbbe/pixel?d=CNjMexDvnXwY1pOLJzAB&v=APEucNVyT7FEHK9N-l6h2Om2y9wyJqitmTj3MQAEu4Y6jQ2PgySLheVdyOv704HL-Wq2OK2ME5vwBrjCAQAF0pVD32ezkBk16g,https://googleads.g.doubleclick.net/xbbe/pixel?d=CJfnugEQw7j0ARiN4-9fMAE&v=APEucNX7oIt87BbUALRG-Xu74AVdjFvlM8a2Djwvy6NHATa5ORcR71rsosvqaJ-tY89YMFf4vyDvLECvdFgmaXXbq2JufPLsew
2019-10-19 21:54:51,813 DEBUG    save to sessions_items.log
2019-10-19 21:54:51,813 DEBUG    ('127.0.0.1', 51667) - ASGI [130] Received {'type': 'http.response.start', 'status': 200, 'headers': '<...>'}
2019-10-19 21:54:51,813 INFO     ('127.0.0.1', 51667) - "POST /predict_next HTTP/1.1" 200
2019-10-19 21:54:51,813 DEBUG    ('127.0.0.1', 51667) - ASGI [130] Received {'type': 'http.response.body', 'body': '<367 bytes>'}
2019-10-19 21:54:51,814 DEBUG    ('127.0.0.1', 51667) - ASGI [130] Completed
2019-10-19 21:54:51,985 DEBUG    ('127.0.0.1', 51633) - ASGI [131] Started
2019-10-19 21:54:51,985 DEBUG    ('127.0.0.1', 51633) - ASGI [131] Sent {'type': 'http.request', 'body': '<412 bytes>', 'more_body': False}
2019-10-19 21:54:51,985 DEBUG    received items: https://eus.rubiconproject.com/usync.html?gdpr=0&gdpr_consent=BOotW_eOotW_eDlABAENCr-AAAAm-AdAACAAoABsAGAAZAA4ACAAEgALQAZAA0ABwAD6AIoAjABMgCgAKIAWwA0ACEAEVAI4AkABNACfAFKALcAcgA_QDMAJPATe,https://eus.rubiconproject.com/usync.html?geo=na&co=us&s=ms2&gdpr_consent=BOotW_eOotW_eDlABAENCr-AAAAm-AdAACAAoABsAGAAZAA4ACAAEgALQAZAA0ABwAD6AIoAjABMgCgAKIAWwA0ACEAEVAI4AkABNACfAFKALcAcgA_QDMAJPATe&gdpr=0
2019-10-19 21:54:51,986 DEBUG    save to sessions_items.log
2019-10-19 21:54:51,986 DEBUG    ('127.0.0.1', 51633) - ASGI [131] Received {'type': 'http.response.start', 'status': 200, 'headers': '<...>'}
2019-10-19 21:54:51,987 INFO     ('127.0.0.1', 51633) - "POST /predict_next HTTP/1.1" 200
2019-10-19 21:54:51,988 DEBUG    ('127.0.0.1', 51633) - ASGI [131] Received {'type': 'http.response.body', 'body': '<431 bytes>'}
2019-10-19 21:54:51,988 DEBUG    ('127.0.0.1', 51633) - ASGI [131] Completed
2019-10-19 21:54:53,193 DEBUG    ('127.0.0.1', 51633) - ASGI [132] Started
2019-10-19 21:54:53,193 DEBUG    ('127.0.0.1', 51633) - ASGI [132] Sent {'type': 'http.request', 'body': '<95 bytes>', 'more_body': False}
2019-10-19 21:54:53,194 DEBUG    received items: https://sync-eu.connectad.io/syncer/1,https://sync-eu.connectad.io/syncer/1
2019-10-19 21:54:53,194 DEBUG    save to sessions_items.log
2019-10-19 21:54:53,195 DEBUG    ('127.0.0.1', 51633) - ASGI [132] Received {'type': 'http.response.start', 'status': 200, 'headers': '<...>'}
2019-10-19 21:54:53,195 INFO     ('127.0.0.1', 51633) - "POST /predict_next HTTP/1.1" 200
2019-10-19 21:54:53,195 DEBUG    ('127.0.0.1', 51633) - ASGI [132] Received {'type': 'http.response.body', 'body': '<95 bytes>'}
2019-10-19 21:54:53,195 DEBUG    ('127.0.0.1', 51633) - ASGI [132] Completed
2019-10-19 21:54:53,469 DEBUG    ('127.0.0.1', 51633) - ASGI [133] Started
2019-10-19 21:54:53,469 DEBUG    ('127.0.0.1', 51633) - ASGI [133] Sent {'type': 'http.request', 'body': '<485 bytes>', 'more_body': False}
2019-10-19 21:54:53,470 DEBUG    received items: https://dco-assets.everestads.net/ics-campaign/static/dco/html5-ad-script_v4.html?data=Xau53AAAL9j2ehJN,https://dco-assets.everestads.net/ics-campaign//5031/t/7178/7/728x90.html,https://dco-assets.everestads.net/ics-campaign/static/dco/html5-ad-script_v4.html?data=Xau_IQAABJf0skpQ,https://dco-assets.everestads.net/ics-campaign//5031/t/7178/7/728x90.html,https://dco-assets.everestads.net/ics-campaign/static/dco/html5-ad-script_v4.html?data=Xau_aQAABQ8uNUpQ
2019-10-19 21:54:53,470 DEBUG    save to sessions_items.log
2019-10-19 21:54:53,471 DEBUG    ('127.0.0.1', 51633) - ASGI [133] Received {'type': 'http.response.start', 'status': 200, 'headers': '<...>'}
2019-10-19 21:54:53,471 INFO     ('127.0.0.1', 51633) - "POST /predict_next HTTP/1.1" 200
2019-10-19 21:54:53,471 DEBUG    ('127.0.0.1', 51633) - ASGI [133] Received {'type': 'http.response.body', 'body': '<227 bytes>'}
2019-10-19 21:54:53,471 DEBUG    ('127.0.0.1', 51633) - ASGI [133] Completed
2019-10-19 21:54:53,471 DEBUG    ('127.0.0.1', 51667) - ASGI [134] Started
2019-10-19 21:54:53,472 DEBUG    ('127.0.0.1', 51667) - ASGI [134] Sent {'type': 'http.request', 'body': '<990 bytes>', 'more_body': False}
2019-10-19 21:54:53,472 DEBUG    received items: https://ads.pubmatic.com/AdServer/js/user_sync.html?p=156011&s=165626&predirect=https%3A%2F%2Fs.amazon-adsystem.com%2Fecm3%3Fid%3DPM_UID%26ex%3Dpubmatic.com&userIdMacro=PM_UID,https://ads.pubmatic.com/AdServer/js/showad.js#PIX&kdntuid=1&SPug=true&p=156011&s=165626&predirect=https%3A%2F%2Fs.amazon-adsystem.com%2Fecm3%3Fid%3DPM_UID%26ex%3Dpubmatic.com&userIdMacro=PM_UID&it=0&gdpr=0&np=0,https://ads.pubmatic.com/AdServer/js/showad.js#PIX&kdntuid=1&p=1743386&gdpr=0&gdpr_consent=BOotW_eOotW_eDlABAENCr-AAAAm-AdAACAAoABsAGAAZAA4ACAAEgALQAZAA0ABwAD6AIoAjABMgCgAKIAWwA0ACEAEVAI4AkABNACfAFKALcAcgA_QDMAJPATe,https://ads.pubmatic.com/AdServer/js/showad.js#PIX&kdntuid=1&p=157369&gdpr=0&gdpr_consent=BOotW_eOotW_eDlABAENCr-AAAAm-AdAACAAoABsAGAAZAA4ACAAEgALQAZAA0ABwAD6AIoAjABMgCgAKIAWwA0ACEAEVAI4AkABNACfAFKALcAcgA_QDMAJPATe,https://ads.pubmatic.com/AdServer/js/user_sync.html?p=156077&predirect=https%3A%2F%2Fsync-eu.connectad.io%2Fsyncer%2F1%3Fdataid%3Ddata1%26uuid%3D
2019-10-19 21:54:53,472 DEBUG    save to sessions_items.log
2019-10-19 21:54:53,473 DEBUG    ('127.0.0.1', 51667) - ASGI [134] Received {'type': 'http.response.start', 'status': 200, 'headers': '<...>'}
2019-10-19 21:54:53,473 INFO     ('127.0.0.1', 51667) - "POST /predict_next HTTP/1.1" 200
2019-10-19 21:54:53,473 DEBUG    ('127.0.0.1', 51667) - ASGI [134] Received {'type': 'http.response.body', 'body': '<311 bytes>'}
2019-10-19 21:54:53,473 DEBUG    ('127.0.0.1', 51667) - ASGI [134] Completed
2019-10-19 21:54:53,616 DEBUG    ('127.0.0.1', 51585) - ASGI [135] Started
2019-10-19 21:54:53,616 DEBUG    ('127.0.0.1', 51585) - ASGI [135] Sent {'type': 'http.request', 'body': '<190 bytes>', 'more_body': False}
2019-10-19 21:54:53,617 DEBUG    received items: https://sync-eu.connectad.io/syncer/1,https://sync-eu.connectad.io/syncer/1,https://sync-eu.connectad.io/syncer/1?dataid=data5&uuid=d72d00d2-5495-0f63-39d8-df2050bab74a
2019-10-19 21:54:53,617 DEBUG    save to sessions_items.log
2019-10-19 21:54:53,617 DEBUG    ('127.0.0.1', 51585) - ASGI [135] Received {'type': 'http.response.start', 'status': 200, 'headers': '<...>'}
2019-10-19 21:54:53,618 INFO     ('127.0.0.1', 51585) - "POST /predict_next HTTP/1.1" 200
2019-10-19 21:54:53,618 DEBUG    ('127.0.0.1', 51585) - ASGI [135] Received {'type': 'http.response.body', 'body': '<205 bytes>'}
2019-10-19 21:54:53,618 DEBUG    ('127.0.0.1', 51585) - ASGI [135] Completed
2019-10-19 21:54:53,621 DEBUG    ('127.0.0.1', 51667) - ASGI [136] Started
2019-10-19 21:54:53,621 DEBUG    ('127.0.0.1', 51667) - ASGI [136] Sent {'type': 'http.request', 'body': '<285 bytes>', 'more_body': False}
2019-10-19 21:54:53,621 DEBUG    received items: https://sync-eu.connectad.io/syncer/1,https://sync-eu.connectad.io/syncer/1,https://sync-eu.connectad.io/syncer/1?dataid=data5&uuid=d72d00d2-5495-0f63-39d8-df2050bab74a,https://sync-eu.connectad.io/syncer/1?bidder=appnexus&dataid=data11&uuid=7981047338159745652
2019-10-19 21:54:53,622 DEBUG    save to sessions_items.log
2019-10-19 21:54:53,622 DEBUG    ('127.0.0.1', 51667) - ASGI [136] Received {'type': 'http.response.start', 'status': 200, 'headers': '<...>'}
2019-10-19 21:54:53,622 INFO     ('127.0.0.1', 51667) - "POST /predict_next HTTP/1.1" 200
2019-10-19 21:54:53,622 DEBUG    ('127.0.0.1', 51667) - ASGI [136] Received {'type': 'http.response.body', 'body': '<205 bytes>'}
2019-10-19 21:54:53,623 DEBUG    ('127.0.0.1', 51667) - ASGI [136] Completed
2019-10-19 21:54:53,623 DEBUG    ('127.0.0.1', 51633) - ASGI [137] Started
2019-10-19 21:54:53,623 DEBUG    ('127.0.0.1', 51633) - ASGI [137] Sent {'type': 'http.request', 'body': '<2123 bytes>', 'more_body': False}
2019-10-19 21:54:53,624 DEBUG    received items: https://pagead2.googlesyndication.com/pagead/s/cookie_push.html?cb=20190204#aHR0cHM6Ly93d3cuZmFjZWJvb2suY29tL2F1ZGllbmNlbmV0d29yay9pZHN5bmM_cGFydG5lcj0zNDM4MTY3ODYzODkyNzEmY2FsbGJhY2s9aHR0cHMlM0EvL2NtLmcuZG91YmxlY2xpY2submV0L3BpeGVsJTNGZ29vZ2xlX25pZCUzRGpiX25iJTI2Z29vZ2xlX2N2ZXI9MSUyNmdvb2dsZV9wdXNoPUFITkYxM0piQkxiMmlJa01UYVU4VnZLQnRyVHZQSnFlRjNhUkU1VDJxUmFlUnclMjZnb29nbGVfaG0lM0QlMjRCVVlFUlVJRCZnb29nbGVfZ2lkPUNBRVNFS3BzaTUtdVBwQ0hFd2hqNFVCX2FTRQ==,aHR0cHM6Ly9jbS5nLmRvdWJsZWNsaWNrLm5ldC9waXhlbC9hdHRyP2Q9QUhORjEzSmhLM1JCZGFUdk1lN3hWbFFBNXEwcHhBclVlbnBNTlE=,https://pagead2.googlesyndication.com/pagead/s/cookie_push.html?cb=20190204#aHR0cHM6Ly9hZC50dXJuLmNvbS9yL2NzP3BpZD0zJmdvb2dsZV9naWQ9Q0FFU0VCOUdJczAwMGdyVVJWT0g1dnpHcmlvJmdvb2dsZV9jdmVyPTEmZ29vZ2xlX3B1c2g9QUhORjEzSzNrYjgyczBvbGIwMk5PSHUyZ2J0c2hKSC1BTWFrMFFmM0t3Vzk=,aHR0cHM6Ly9jbS5nLmRvdWJsZWNsaWNrLm5ldC9waXhlbC9hdHRyP2Q9QUhORjEzS3Utak8wM0hqRmlnNmdDMEJSQ3R5V0lLeUpUcVQ4,https://pagead2.googlesyndication.com/pagead/s/cookie_push.html?cb=20190204#aHR0cHM6Ly9hZXAubXhwdGludC5uZXQvc24uYXNoeD9nb29nbGVfZ2lkPUNBRVNFQ2wxejJZY0dBcjcwdGJzQnFwZF9XNCZnb29nbGVfY3Zlcj0xJmdvb2dsZV9wdXNoPUFITkYxM0kydWM0SC1mOUpQdlFPQVRiRjFJRENJYm55X3BHbkJXUUtCVjNU,aHR0cHM6Ly9jbS5nLmRvdWJsZWNsaWNrLm5ldC9waXhlbC9hdHRyP2Q9QUhORjEzSXlIU0hxT3ByakFvWVhpV1JVRlZtdVRkRW9oSlRv,https://pagead2.googlesyndication.com/pagead/s/cookie_push.html?cb=20190204#aHR0cHM6Ly9jbXMucXVhbnRzZXJ2ZS5jb20vZHBpeGVsP2E9cC1uNXZ2THZSZGpnMGVrJmVpZD0wJnFjX2dvb2dsZV9wdXNoPSZnb29nbGVfZ2lkPUNBRVNFQnJ4QlZJelE3S292LVR6QTQwSTV5dyZnb29nbGVfY3Zlcj0xJmdvb2dsZV9wdXNoPUFITkYxM0t6RnBTR29rX2ZNVW9QS0JUQ09kbDdSSGFZbnVHS2lPbHJGdjQ=,aHR0cHM6Ly9jbS5nLmRvdWJsZWNsaWNrLm5ldC9waXhlbC9hdHRyP2Q9QUhORjEzSzRiaG5uTWFUNlpRaHpCX2RKUlRHbG9zdG9iZ3Ix,https://pagead2.googlesyndication.com/pagead/s/cookie_push.html?cb=20190204#aHR0cHM6Ly9hZC50dXJuLmNvbS9yL2NzP3BpZD0zJmdvb2dsZV9naWQ9Q0FFU0VCOUdJczAwMGdyVVJWT0g1dnpHcmlvJmdvb2dsZV9jdmVyPTEmZ29vZ2xlX3B1c2g9QUhORjEzSWx2dVJjV3I0QkJNVC1hZVpaQlpMeWsyZU5tQ3dXQWlCZHNBOFM=,aHR0cHM6Ly9jbS5nLmRvdWJsZWNsaWNrLm5ldC9waXhlbC9hdHRyP2Q9QUhORjEzSWlKSFFMLU9OdXpnREdpdHloUG9KNzBsOE05WmZ3
2019-10-19 21:54:53,624 DEBUG    save to sessions_items.log
2019-10-19 21:54:53,625 DEBUG    ('127.0.0.1', 51633) - ASGI [137] Received {'type': 'http.response.start', 'status': 200, 'headers': '<...>'}
2019-10-19 21:54:53,625 INFO     ('127.0.0.1', 51633) - "POST /predict_next HTTP/1.1" 200
2019-10-19 21:54:53,625 DEBUG    ('127.0.0.1', 51633) - ASGI [137] Received {'type': 'http.response.body', 'body': '<759 bytes>'}
2019-10-19 21:54:53,625 DEBUG    ('127.0.0.1', 51633) - ASGI [137] Completed
2019-10-19 21:54:53,801 DEBUG    ('127.0.0.1', 51514) - ASGI [138] Started
2019-10-19 21:54:53,802 DEBUG    ('127.0.0.1', 51514) - ASGI [138] Sent {'type': 'http.request', 'body': '<382 bytes>', 'more_body': False}
2019-10-19 21:54:53,802 DEBUG    received items: https://sync-eu.connectad.io/syncer/1,https://sync-eu.connectad.io/syncer/1,https://sync-eu.connectad.io/syncer/1?dataid=data5&uuid=d72d00d2-5495-0f63-39d8-df2050bab74a,https://sync-eu.connectad.io/syncer/1?bidder=appnexus&dataid=data11&uuid=7981047338159745652,https://sync-eu.connectad.io/syncer/1?bidder=sovrn&dataid=data12&uuid=eeacabbfbee45592a442623f
2019-10-19 21:54:53,803 DEBUG    save to sessions_items.log
2019-10-19 21:54:53,803 DEBUG    ('127.0.0.1', 51514) - ASGI [138] Received {'type': 'http.response.start', 'status': 200, 'headers': '<...>'}
2019-10-19 21:54:53,803 INFO     ('127.0.0.1', 51514) - "POST /predict_next HTTP/1.1" 200
2019-10-19 21:54:53,803 DEBUG    ('127.0.0.1', 51514) - ASGI [138] Received {'type': 'http.response.body', 'body': '<209 bytes>'}
2019-10-19 21:54:53,804 DEBUG    ('127.0.0.1', 51514) - ASGI [138] Completed
2019-10-19 21:54:53,806 DEBUG    ('127.0.0.1', 51633) - ASGI [139] Started
2019-10-19 21:54:53,806 DEBUG    ('127.0.0.1', 51633) - ASGI [139] Sent {'type': 'http.request', 'body': '<1317 bytes>', 'more_body': False}
2019-10-19 21:54:53,807 DEBUG    received items: https://tpc.googlesyndication.com/safeframe/1-0-35/html/container.html,https://tpc.googlesyndication.com/safeframe/1-0-35/html/container.html,https://tpc.googlesyndication.com/safeframe/1-0-35/html/container.html,https://tpc.googlesyndication.com/safeframe/1-0-35/html/container.html,https://tpc.googlesyndication.com/safeframe/1-0-35/html/container.html,https://tpc.googlesyndication.com/safeframe/1-0-35/html/container.html,https://tpc.googlesyndication.com/safeframe/1-0-35/html/container.html,https://tpc.googlesyndication.com/safeframe/1-0-35/html/container.html,https://tpc.googlesyndication.com/safeframe/1-0-35/html/container.html,https://tpc.googlesyndication.com/safeframe/1-0-35/html/container.html,https://tpc.googlesyndication.com/safeframe/1-0-35/html/container.html,https://tpc.googlesyndication.com/safeframe/1-0-35/html/container.html,https://tpc.googlesyndication.com/safeframe/1-0-35/html/container.html,https://tpc.googlesyndication.com/sodar/Enqz_20U.html,https://tpc.googlesyndication.com/sodar/Enqz_20U.html,https://tpc.googlesyndication.com/sodar/Enqz_20U.html,https://tpc.googlesyndication.com/safeframe/1-0-35/html/container.html,https://tpc.googlesyndication.com/sodar/Enqz_20U.html,https://tpc.googlesyndication.com/sodar/Enqz_20U.html
2019-10-19 21:54:53,807 DEBUG    save to sessions_items.log
2019-10-19 21:54:53,808 DEBUG    ('127.0.0.1', 51633) - ASGI [139] Received {'type': 'http.response.start', 'status': 200, 'headers': '<...>'}
2019-10-19 21:54:53,808 INFO     ('127.0.0.1', 51633) - "POST /predict_next HTTP/1.1" 200
2019-10-19 21:54:53,808 DEBUG    ('127.0.0.1', 51633) - ASGI [139] Received {'type': 'http.response.body', 'body': '<127 bytes>'}
2019-10-19 21:54:53,808 DEBUG    ('127.0.0.1', 51633) - ASGI [139] Completed
2019-10-19 21:54:53,808 DEBUG    ('127.0.0.1', 51667) - ASGI [140] Started
2019-10-19 21:54:53,808 DEBUG    ('127.0.0.1', 51667) - ASGI [140] Sent {'type': 'http.request', 'body': '<158 bytes>', 'more_body': False}
2019-10-19 21:54:53,809 DEBUG    received items: https://cm.adform.net/cookie?redirect_url=https%3A%2F%2Fsync-eu.connectad.io%2Fsyncer%2F1%3Fbidder%3Dadform%26dataid%3Ddata4%26uuid%3D%24UID
2019-10-19 21:54:53,809 DEBUG    save to sessions_items.log
2019-10-19 21:54:53,809 DEBUG    ('127.0.0.1', 51667) - ASGI [140] Received {'type': 'http.response.start', 'status': 200, 'headers': '<...>'}
2019-10-19 21:54:53,809 INFO     ('127.0.0.1', 51667) - "POST /predict_next HTTP/1.1" 200
2019-10-19 21:54:53,810 DEBUG    ('127.0.0.1', 51667) - ASGI [140] Received {'type': 'http.response.body', 'body': '<301 bytes>'}
2019-10-19 21:54:53,810 DEBUG    ('127.0.0.1', 51667) - ASGI [140] Completed
2019-10-19 21:54:53,892 DEBUG    ('127.0.0.1', 51585) - ASGI [141] Started
2019-10-19 21:54:53,892 DEBUG    ('127.0.0.1', 51585) - ASGI [141] Sent {'type': 'http.request', 'body': '<115 bytes>', 'more_body': False}
2019-10-19 21:54:53,893 DEBUG    received items: https://c1.adform.net/serving/cookie/match?CC=1&party=14&cid=9D0A4133-29CB-4408-ABCC-8C799074A43D
2019-10-19 21:54:53,893 DEBUG    save to sessions_items.log
2019-10-19 21:54:53,894 DEBUG    ('127.0.0.1', 51585) - ASGI [141] Received {'type': 'http.response.start', 'status': 200, 'headers': '<...>'}
2019-10-19 21:54:53,894 INFO     ('127.0.0.1', 51585) - "POST /predict_next HTTP/1.1" 200
2019-10-19 21:54:53,894 DEBUG    ('127.0.0.1', 51585) - ASGI [141] Received {'type': 'http.response.body', 'body': '<215 bytes>'}
2019-10-19 21:54:53,894 DEBUG    ('127.0.0.1', 51585) - ASGI [141] Completed
2019-10-19 21:54:53,897 DEBUG    ('127.0.0.1', 51679) - ASGI [142] Started
2019-10-19 21:54:53,898 DEBUG    ('127.0.0.1', 51679) - ASGI [142] Sent {'type': 'http.request', 'body': '<105 bytes>', 'more_body': False}
2019-10-19 21:54:53,898 DEBUG    received items: https://image4.pubmatic.com/AdServer/SPug?partnerID=133799&xid=nwkaikv0kDV52YFheB9XPfIB
2019-10-19 21:54:53,898 DEBUG    save to sessions_items.log
2019-10-19 21:54:53,899 DEBUG    ('127.0.0.1', 51679) - ASGI [142] Received {'type': 'http.response.start', 'status': 200, 'headers': '<...>'}
2019-10-19 21:54:53,899 INFO     ('127.0.0.1', 51679) - "POST /predict_next HTTP/1.1" 200
2019-10-19 21:54:53,899 DEBUG    ('127.0.0.1', 51679) - ASGI [142] Received {'type': 'http.response.body', 'body': '<195 bytes>'}
2019-10-19 21:54:53,899 DEBUG    ('127.0.0.1', 51679) - ASGI [142] Completed
2019-10-19 21:54:54,019 DEBUG    ('127.0.0.1', 51632) - ASGI [143] Started
2019-10-19 21:54:54,020 DEBUG    ('127.0.0.1', 51632) - ASGI [143] Sent {'type': 'http.request', 'body': '<315 bytes>', 'more_body': False}
2019-10-19 21:54:54,020 DEBUG    received items: https://simage2.pubmatic.com/AdServer/Pug?vcode=bz0yJnR5cGU9MSZjb2RlPTM2MiZ0bD00MzIwMA==&piggybackCookie=uid:d2fd5dab-b25d-4a00-87f1-4b31fa1377f8,https://simage2.pubmatic.com/AdServer/Pug?vcode=bz0yJnR5cGU9MSZqcz0xJmNvZGU9MTk2OSZ0bD0yNTkyMDA=&piggybackCookie=4d0d5301-bec9-4be5-913e-627e17e99b23
2019-10-19 21:54:54,021 DEBUG    save to sessions_items.log
2019-10-19 21:54:54,021 DEBUG    ('127.0.0.1', 51632) - ASGI [143] Received {'type': 'http.response.start', 'status': 200, 'headers': '<...>'}
2019-10-19 21:54:54,021 INFO     ('127.0.0.1', 51632) - "POST /predict_next HTTP/1.1" 200
2019-10-19 21:54:54,022 DEBUG    ('127.0.0.1', 51632) - ASGI [143] Received {'type': 'http.response.body', 'body': '<319 bytes>'}
2019-10-19 21:54:54,022 DEBUG    ('127.0.0.1', 51632) - ASGI [143] Completed
2019-10-19 21:54:54,185 DEBUG    ('127.0.0.1', 51585) - ASGI [144] Started
2019-10-19 21:54:54,186 DEBUG    ('127.0.0.1', 51585) - ASGI [144] Sent {'type': 'http.request', 'body': '<1138 bytes>', 'more_body': False}
2019-10-19 21:54:54,187 DEBUG    received items: https://ads.pubmatic.com/AdServer/js/user_sync.html?p=156011&s=165626&predirect=https%3A%2F%2Fs.amazon-adsystem.com%2Fecm3%3Fid%3DPM_UID%26ex%3Dpubmatic.com&userIdMacro=PM_UID,https://ads.pubmatic.com/AdServer/js/showad.js#PIX&kdntuid=1&SPug=true&p=156011&s=165626&predirect=https%3A%2F%2Fs.amazon-adsystem.com%2Fecm3%3Fid%3DPM_UID%26ex%3Dpubmatic.com&userIdMacro=PM_UID&it=0&gdpr=0&np=0,https://ads.pubmatic.com/AdServer/js/showad.js#PIX&kdntuid=1&p=1743386&gdpr=0&gdpr_consent=BOotW_eOotW_eDlABAENCr-AAAAm-AdAACAAoABsAGAAZAA4ACAAEgALQAZAA0ABwAD6AIoAjABMgCgAKIAWwA0ACEAEVAI4AkABNACfAFKALcAcgA_QDMAJPATe,https://ads.pubmatic.com/AdServer/js/showad.js#PIX&kdntuid=1&p=157369&gdpr=0&gdpr_consent=BOotW_eOotW_eDlABAENCr-AAAAm-AdAACAAoABsAGAAZAA4ACAAEgALQAZAA0ABwAD6AIoAjABMgCgAKIAWwA0ACEAEVAI4AkABNACfAFKALcAcgA_QDMAJPATe,https://ads.pubmatic.com/AdServer/js/user_sync.html?p=156077&predirect=https%3A%2F%2Fsync-eu.connectad.io%2Fsyncer%2F1%3Fdataid%3Ddata1%26uuid%3D,https://ads.pubmatic.com/AdServer/js/user_sync.html?p=156077&predirect=https%3A%2F%2Fsync-eu.connectad.io%2Fsyncer%2F1%3Fdataid%3Ddata1%26uuid%3D
2019-10-19 21:54:54,187 DEBUG    save to sessions_items.log
2019-10-19 21:54:54,188 DEBUG    ('127.0.0.1', 51585) - ASGI [144] Received {'type': 'http.response.start', 'status': 200, 'headers': '<...>'}
2019-10-19 21:54:54,188 INFO     ('127.0.0.1', 51585) - "POST /predict_next HTTP/1.1" 200
2019-10-19 21:54:54,189 DEBUG    ('127.0.0.1', 51585) - ASGI [144] Received {'type': 'http.response.body', 'body': '<311 bytes>'}
2019-10-19 21:54:54,189 DEBUG    ('127.0.0.1', 51585) - ASGI [144] Completed
2019-10-19 21:54:54,190 DEBUG    ('127.0.0.1', 51679) - ASGI [145] Started
2019-10-19 21:54:54,190 DEBUG    ('127.0.0.1', 51679) - ASGI [145] Sent {'type': 'http.request', 'body': '<483 bytes>', 'more_body': False}
2019-10-19 21:54:54,191 DEBUG    received items: https://sync-eu.connectad.io/syncer/1,https://sync-eu.connectad.io/syncer/1,https://sync-eu.connectad.io/syncer/1?dataid=data5&uuid=d72d00d2-5495-0f63-39d8-df2050bab74a,https://sync-eu.connectad.io/syncer/1?bidder=appnexus&dataid=data11&uuid=7981047338159745652,https://sync-eu.connectad.io/syncer/1?bidder=sovrn&dataid=data12&uuid=eeacabbfbee45592a442623f,https://sync-eu.connectad.io/syncer/1?bidder=idx&dataid=data13&uuid=Xau.Y9HM5zgAAEhoongAAAB9%26041
2019-10-19 21:54:54,191 DEBUG    save to sessions_items.log
2019-10-19 21:54:54,192 DEBUG    ('127.0.0.1', 51679) - ASGI [145] Received {'type': 'http.response.start', 'status': 200, 'headers': '<...>'}
2019-10-19 21:54:54,192 INFO     ('127.0.0.1', 51679) - "POST /predict_next HTTP/1.1" 200
2019-10-19 21:54:54,192 DEBUG    ('127.0.0.1', 51679) - ASGI [145] Received {'type': 'http.response.body', 'body': '<217 bytes>'}
2019-10-19 21:54:54,192 DEBUG    ('127.0.0.1', 51679) - ASGI [145] Completed
2019-10-19 21:54:54,475 DEBUG    ('127.0.0.1', 51585) - ASGI [146] Started
2019-10-19 21:54:54,475 DEBUG    ('127.0.0.1', 51585) - ASGI [146] Sent {'type': 'http.request', 'body': '<578 bytes>', 'more_body': False}
2019-10-19 21:54:54,476 DEBUG    received items: https://sync-eu.connectad.io/syncer/1,https://sync-eu.connectad.io/syncer/1,https://sync-eu.connectad.io/syncer/1?dataid=data5&uuid=d72d00d2-5495-0f63-39d8-df2050bab74a,https://sync-eu.connectad.io/syncer/1?bidder=appnexus&dataid=data11&uuid=7981047338159745652,https://sync-eu.connectad.io/syncer/1?bidder=sovrn&dataid=data12&uuid=eeacabbfbee45592a442623f,https://sync-eu.connectad.io/syncer/1?bidder=idx&dataid=data13&uuid=Xau.Y9HM5zgAAEhoongAAAB9%26041,https://sync-eu.connectad.io/syncer/1?bidder=appnexus&dataid=data11&uuid=7981047338159745652
2019-10-19 21:54:54,476 DEBUG    save to sessions_items.log
2019-10-19 21:54:54,477 DEBUG    ('127.0.0.1', 51585) - ASGI [146] Received {'type': 'http.response.start', 'status': 200, 'headers': '<...>'}
2019-10-19 21:54:54,477 INFO     ('127.0.0.1', 51585) - "POST /predict_next HTTP/1.1" 200
2019-10-19 21:54:54,478 DEBUG    ('127.0.0.1', 51585) - ASGI [146] Received {'type': 'http.response.body', 'body': '<205 bytes>'}
2019-10-19 21:54:54,478 DEBUG    ('127.0.0.1', 51585) - ASGI [146] Completed
2019-10-19 21:54:54,478 DEBUG    ('127.0.0.1', 51679) - ASGI [147] Started
2019-10-19 21:54:54,478 DEBUG    ('127.0.0.1', 51679) - ASGI [147] Sent {'type': 'http.request', 'body': '<190 bytes>', 'more_body': False}
2019-10-19 21:54:54,488 DEBUG    received items: https://de.tynt.com/deb/?m=xch&rt=html&gdpr=0&gdpr_consent=&ru=https%3A%2F%2Fsync-eu.connectad.io%2Fsyncer%2F1%3Fdataid%3Ddata14%26uuid%3D33XUSERID33X&id=zzz000000000002zzz
2019-10-19 21:54:54,488 DEBUG    save to sessions_items.log
2019-10-19 21:54:54,489 DEBUG    ('127.0.0.1', 51679) - ASGI [147] Received {'type': 'http.response.start', 'status': 200, 'headers': '<...>'}
2019-10-19 21:54:54,490 INFO     ('127.0.0.1', 51679) - "POST /predict_next HTTP/1.1" 200
2019-10-19 21:54:54,490 DEBUG    ('127.0.0.1', 51679) - ASGI [147] Received {'type': 'http.response.body', 'body': '<365 bytes>'}
2019-10-19 21:54:54,490 DEBUG    ('127.0.0.1', 51679) - ASGI [147] Completed
2019-10-19 21:54:54,492 DEBUG    ('127.0.0.1', 51632) - ASGI [148] Started
2019-10-19 21:54:54,493 DEBUG    ('127.0.0.1', 51632) - ASGI [148] Sent {'type': 'http.request', 'body': '<670 bytes>', 'more_body': False}
2019-10-19 21:54:54,493 DEBUG    received items: https://sync-eu.connectad.io/syncer/1,https://sync-eu.connectad.io/syncer/1,https://sync-eu.connectad.io/syncer/1?dataid=data5&uuid=d72d00d2-5495-0f63-39d8-df2050bab74a,https://sync-eu.connectad.io/syncer/1?bidder=appnexus&dataid=data11&uuid=7981047338159745652,https://sync-eu.connectad.io/syncer/1?bidder=sovrn&dataid=data12&uuid=eeacabbfbee45592a442623f,https://sync-eu.connectad.io/syncer/1?bidder=idx&dataid=data13&uuid=Xau.Y9HM5zgAAEhoongAAAB9%26041,https://sync-eu.connectad.io/syncer/1?bidder=appnexus&dataid=data11&uuid=7981047338159745652,https://sync-eu.connectad.io/syncer/1?bidder=adform&dataid=data4&uuid=3912233068022959670
2019-10-19 21:54:54,494 DEBUG    save to sessions_items.log
2019-10-19 21:54:54,494 DEBUG    ('127.0.0.1', 51632) - ASGI [148] Received {'type': 'http.response.start', 'status': 200, 'headers': '<...>'}
2019-10-19 21:54:54,494 INFO     ('127.0.0.1', 51632) - "POST /predict_next HTTP/1.1" 200
2019-10-19 21:54:54,495 DEBUG    ('127.0.0.1', 51632) - ASGI [148] Received {'type': 'http.response.body', 'body': '<199 bytes>'}
2019-10-19 21:54:54,496 DEBUG    ('127.0.0.1', 51632) - ASGI [148] Completed
2019-10-19 21:54:54,646 DEBUG    ('127.0.0.1', 51585) - ASGI [149] Started
2019-10-19 21:54:54,646 DEBUG    ('127.0.0.1', 51585) - ASGI [149] Sent {'type': 'http.request', 'body': '<765 bytes>', 'more_body': False}
2019-10-19 21:54:54,646 DEBUG    received items: https://sync-eu.connectad.io/syncer/1,https://sync-eu.connectad.io/syncer/1,https://sync-eu.connectad.io/syncer/1?dataid=data5&uuid=d72d00d2-5495-0f63-39d8-df2050bab74a,https://sync-eu.connectad.io/syncer/1?bidder=appnexus&dataid=data11&uuid=7981047338159745652,https://sync-eu.connectad.io/syncer/1?bidder=sovrn&dataid=data12&uuid=eeacabbfbee45592a442623f,https://sync-eu.connectad.io/syncer/1?bidder=idx&dataid=data13&uuid=Xau.Y9HM5zgAAEhoongAAAB9%26041,https://sync-eu.connectad.io/syncer/1?bidder=appnexus&dataid=data11&uuid=7981047338159745652,https://sync-eu.connectad.io/syncer/1?bidder=adform&dataid=data4&uuid=3912233068022959670,https://sync-eu.connectad.io/syncer/1?dataid=data5&uuid=d72d00d2-5495-0f63-39d8-df2050bab74a
2019-10-19 21:54:54,647 DEBUG    save to sessions_items.log
2019-10-19 21:54:54,647 DEBUG    ('127.0.0.1', 51585) - ASGI [149] Received {'type': 'http.response.start', 'status': 200, 'headers': '<...>'}
2019-10-19 21:54:54,648 INFO     ('127.0.0.1', 51585) - "POST /predict_next HTTP/1.1" 200
2019-10-19 21:54:54,648 DEBUG    ('127.0.0.1', 51585) - ASGI [149] Received {'type': 'http.response.body', 'body': '<205 bytes>'}
2019-10-19 21:54:54,648 DEBUG    ('127.0.0.1', 51585) - ASGI [149] Completed
2019-10-19 21:54:54,652 DEBUG    ('127.0.0.1', 51632) - ASGI [150] Started
2019-10-19 21:54:54,652 DEBUG    ('127.0.0.1', 51632) - ASGI [150] Sent {'type': 'http.request', 'body': '<158 bytes>', 'more_body': False}
2019-10-19 21:54:54,652 DEBUG    received items: https://image2.pubmatic.com/AdServer/Pug?vcode=bz0yJnR5cGU9MSZjb2RlPTgwNiZ0bD01MTg0MDA=&piggybackCookie=uid:3E5A17C66BBEAB5DBA665C330205A0DF
2019-10-19 21:54:54,653 DEBUG    save to sessions_items.log
2019-10-19 21:54:54,653 DEBUG    ('127.0.0.1', 51632) - ASGI [150] Received {'type': 'http.response.start', 'status': 200, 'headers': '<...>'}
2019-10-19 21:54:54,653 INFO     ('127.0.0.1', 51632) - "POST /predict_next HTTP/1.1" 200
2019-10-19 21:54:54,654 DEBUG    ('127.0.0.1', 51632) - ASGI [150] Received {'type': 'http.response.body', 'body': '<301 bytes>'}
2019-10-19 21:54:54,654 DEBUG    ('127.0.0.1', 51632) - ASGI [150] Completed
2019-10-19 21:54:54,654 DEBUG    ('127.0.0.1', 51679) - ASGI [151] Started
2019-10-19 21:54:54,655 DEBUG    ('127.0.0.1', 51679) - ASGI [151] Sent {'type': 'http.request', 'body': '<60 bytes>', 'more_body': False}
2019-10-19 21:54:54,655 DEBUG    received items: https://cdn3.doubleverify.com/bst2tv3.html
2019-10-19 21:54:54,655 DEBUG    save to sessions_items.log
2019-10-19 21:54:54,656 DEBUG    ('127.0.0.1', 51679) - ASGI [151] Received {'type': 'http.response.start', 'status': 200, 'headers': '<...>'}
2019-10-19 21:54:54,656 INFO     ('127.0.0.1', 51679) - "POST /predict_next HTTP/1.1" 200
2019-10-19 21:54:54,656 DEBUG    ('127.0.0.1', 51679) - ASGI [151] Received {'type': 'http.response.body', 'body': '<105 bytes>'}
2019-10-19 21:54:54,657 DEBUG    ('127.0.0.1', 51679) - ASGI [151] Completed
2019-10-19 21:54:54,657 DEBUG    ('127.0.0.1', 51667) - ASGI [152] Started
2019-10-19 21:54:54,657 DEBUG    ('127.0.0.1', 51667) - ASGI [152] Sent {'type': 'http.request', 'body': '<862 bytes>', 'more_body': False}
2019-10-19 21:54:54,658 DEBUG    received items: https://sync-eu.connectad.io/syncer/1,https://sync-eu.connectad.io/syncer/1,https://sync-eu.connectad.io/syncer/1?dataid=data5&uuid=d72d00d2-5495-0f63-39d8-df2050bab74a,https://sync-eu.connectad.io/syncer/1?bidder=appnexus&dataid=data11&uuid=7981047338159745652,https://sync-eu.connectad.io/syncer/1?bidder=sovrn&dataid=data12&uuid=eeacabbfbee45592a442623f,https://sync-eu.connectad.io/syncer/1?bidder=idx&dataid=data13&uuid=Xau.Y9HM5zgAAEhoongAAAB9%26041,https://sync-eu.connectad.io/syncer/1?bidder=appnexus&dataid=data11&uuid=7981047338159745652,https://sync-eu.connectad.io/syncer/1?bidder=adform&dataid=data4&uuid=3912233068022959670,https://sync-eu.connectad.io/syncer/1?dataid=data5&uuid=d72d00d2-5495-0f63-39d8-df2050bab74a,https://sync-eu.connectad.io/syncer/1?bidder=sovrn&dataid=data12&uuid=eeacabbfbee45592a442623f
2019-10-19 21:54:54,658 DEBUG    save to sessions_items.log
2019-10-19 21:54:54,660 DEBUG    ('127.0.0.1', 51667) - ASGI [152] Received {'type': 'http.response.start', 'status': 200, 'headers': '<...>'}
2019-10-19 21:54:54,660 INFO     ('127.0.0.1', 51667) - "POST /predict_next HTTP/1.1" 200
2019-10-19 21:54:54,660 DEBUG    ('127.0.0.1', 51667) - ASGI [152] Received {'type': 'http.response.body', 'body': '<209 bytes>'}
2019-10-19 21:54:54,661 DEBUG    ('127.0.0.1', 51667) - ASGI [152] Completed
2019-10-19 21:54:54,661 DEBUG    ('127.0.0.1', 51633) - ASGI [153] Started
2019-10-19 21:54:54,661 DEBUG    ('127.0.0.1', 51633) - ASGI [153] Sent {'type': 'http.request', 'body': '<1322 bytes>', 'more_body': False}
2019-10-19 21:54:54,661 DEBUG    received items: https://ads.pubmatic.com/AdServer/js/user_sync.html?p=156011&s=165626&predirect=https%3A%2F%2Fs.amazon-adsystem.com%2Fecm3%3Fid%3DPM_UID%26ex%3Dpubmatic.com&userIdMacro=PM_UID,https://ads.pubmatic.com/AdServer/js/showad.js#PIX&kdntuid=1&SPug=true&p=156011&s=165626&predirect=https%3A%2F%2Fs.amazon-adsystem.com%2Fecm3%3Fid%3DPM_UID%26ex%3Dpubmatic.com&userIdMacro=PM_UID&it=0&gdpr=0&np=0,https://ads.pubmatic.com/AdServer/js/showad.js#PIX&kdntuid=1&p=1743386&gdpr=0&gdpr_consent=BOotW_eOotW_eDlABAENCr-AAAAm-AdAACAAoABsAGAAZAA4ACAAEgALQAZAA0ABwAD6AIoAjABMgCgAKIAWwA0ACEAEVAI4AkABNACfAFKALcAcgA_QDMAJPATe,https://ads.pubmatic.com/AdServer/js/showad.js#PIX&kdntuid=1&p=157369&gdpr=0&gdpr_consent=BOotW_eOotW_eDlABAENCr-AAAAm-AdAACAAoABsAGAAZAA4ACAAEgALQAZAA0ABwAD6AIoAjABMgCgAKIAWwA0ACEAEVAI4AkABNACfAFKALcAcgA_QDMAJPATe,https://ads.pubmatic.com/AdServer/js/user_sync.html?p=156077&predirect=https%3A%2F%2Fsync-eu.connectad.io%2Fsyncer%2F1%3Fdataid%3Ddata1%26uuid%3D,https://ads.pubmatic.com/AdServer/js/user_sync.html?p=156077&predirect=https%3A%2F%2Fsync-eu.connectad.io%2Fsyncer%2F1%3Fdataid%3Ddata1%26uuid%3D,https://ads.pubmatic.com/AdServer/js/showad.js#PIX&kdntuid=1&SPug=true&p=156077&predirect=https%3A%2F%2Fsync-eu.connectad.io%2Fsyncer%2F1%3Fdataid%3Ddata1%26uuid%3D&it=0&gdpr=0&np=0
2019-10-19 21:54:54,661 DEBUG    save to sessions_items.log
2019-10-19 21:54:54,662 DEBUG    ('127.0.0.1', 51633) - ASGI [153] Received {'type': 'http.response.start', 'status': 200, 'headers': '<...>'}
2019-10-19 21:54:54,662 INFO     ('127.0.0.1', 51633) - "POST /predict_next HTTP/1.1" 200
2019-10-19 21:54:54,662 DEBUG    ('127.0.0.1', 51633) - ASGI [153] Received {'type': 'http.response.body', 'body': '<383 bytes>'}
2019-10-19 21:54:54,663 DEBUG    ('127.0.0.1', 51633) - ASGI [153] Completed
2019-10-19 21:54:54,692 DEBUG    ('127.0.0.1', 51514) - ASGI [154] Started
2019-10-19 21:54:54,692 DEBUG    ('127.0.0.1', 51514) - ASGI [154] Sent {'type': 'http.request', 'body': '<1539 bytes>', 'more_body': False}
2019-10-19 21:54:54,692 DEBUG    received items: https://ads.pubmatic.com/AdServer/js/user_sync.html?p=156011&s=165626&predirect=https%3A%2F%2Fs.amazon-adsystem.com%2Fecm3%3Fid%3DPM_UID%26ex%3Dpubmatic.com&userIdMacro=PM_UID,https://ads.pubmatic.com/AdServer/js/showad.js#PIX&kdntuid=1&SPug=true&p=156011&s=165626&predirect=https%3A%2F%2Fs.amazon-adsystem.com%2Fecm3%3Fid%3DPM_UID%26ex%3Dpubmatic.com&userIdMacro=PM_UID&it=0&gdpr=0&np=0,https://ads.pubmatic.com/AdServer/js/showad.js#PIX&kdntuid=1&p=1743386&gdpr=0&gdpr_consent=BOotW_eOotW_eDlABAENCr-AAAAm-AdAACAAoABsAGAAZAA4ACAAEgALQAZAA0ABwAD6AIoAjABMgCgAKIAWwA0ACEAEVAI4AkABNACfAFKALcAcgA_QDMAJPATe,https://ads.pubmatic.com/AdServer/js/showad.js#PIX&kdntuid=1&p=157369&gdpr=0&gdpr_consent=BOotW_eOotW_eDlABAENCr-AAAAm-AdAACAAoABsAGAAZAA4ACAAEgALQAZAA0ABwAD6AIoAjABMgCgAKIAWwA0ACEAEVAI4AkABNACfAFKALcAcgA_QDMAJPATe,https://ads.pubmatic.com/AdServer/js/user_sync.html?p=156077&predirect=https%3A%2F%2Fsync-eu.connectad.io%2Fsyncer%2F1%3Fdataid%3Ddata1%26uuid%3D,https://ads.pubmatic.com/AdServer/js/user_sync.html?p=156077&predirect=https%3A%2F%2Fsync-eu.connectad.io%2Fsyncer%2F1%3Fdataid%3Ddata1%26uuid%3D,https://ads.pubmatic.com/AdServer/js/showad.js#PIX&kdntuid=1&SPug=true&p=156077&predirect=https%3A%2F%2Fsync-eu.connectad.io%2Fsyncer%2F1%3Fdataid%3Ddata1%26uuid%3D&it=0&gdpr=0&np=0,https://ads.pubmatic.com/AdServer/js/showad.js#PIX&kdntuid=1&p=157369&gdpr=0&gdpr_consent=BOotW_eOotW_eDlABAENCr-AAAAm-AdAACAAoABsAGAAZAA4ACAAEgALQAZAA0ABwAD6AIoAjABMgCgAKIAWwA0ACEAEVAI4AkABNACfAFKALcAcgA_QDMAJPATe
2019-10-19 21:54:54,693 DEBUG    save to sessions_items.log
2019-10-19 21:54:54,694 DEBUG    ('127.0.0.1', 51514) - ASGI [154] Received {'type': 'http.response.start', 'status': 200, 'headers': '<...>'}
2019-10-19 21:54:54,694 INFO     ('127.0.0.1', 51514) - "POST /predict_next HTTP/1.1" 200
2019-10-19 21:54:54,694 DEBUG    ('127.0.0.1', 51514) - ASGI [154] Received {'type': 'http.response.body', 'body': '<449 bytes>'}
2019-10-19 21:54:54,694 DEBUG    ('127.0.0.1', 51514) - ASGI [154] Completed
2019-10-19 21:54:54,804 DEBUG    ('127.0.0.1', 51667) - ASGI [155] Started
2019-10-19 21:54:54,805 DEBUG    ('127.0.0.1', 51667) - ASGI [155] Sent {'type': 'http.request', 'body': '<963 bytes>', 'more_body': False}
2019-10-19 21:54:54,806 DEBUG    received items: https://sync-eu.connectad.io/syncer/1,https://sync-eu.connectad.io/syncer/1,https://sync-eu.connectad.io/syncer/1?dataid=data5&uuid=d72d00d2-5495-0f63-39d8-df2050bab74a,https://sync-eu.connectad.io/syncer/1?bidder=appnexus&dataid=data11&uuid=7981047338159745652,https://sync-eu.connectad.io/syncer/1?bidder=sovrn&dataid=data12&uuid=eeacabbfbee45592a442623f,https://sync-eu.connectad.io/syncer/1?bidder=idx&dataid=data13&uuid=Xau.Y9HM5zgAAEhoongAAAB9%26041,https://sync-eu.connectad.io/syncer/1?bidder=appnexus&dataid=data11&uuid=7981047338159745652,https://sync-eu.connectad.io/syncer/1?bidder=adform&dataid=data4&uuid=3912233068022959670,https://sync-eu.connectad.io/syncer/1?dataid=data5&uuid=d72d00d2-5495-0f63-39d8-df2050bab74a,https://sync-eu.connectad.io/syncer/1?bidder=sovrn&dataid=data12&uuid=eeacabbfbee45592a442623f,https://sync-eu.connectad.io/syncer/1?bidder=idx&dataid=data13&uuid=Xau.Y9HM5zgAAEhoongAAAB9%26041
2019-10-19 21:54:54,806 DEBUG    save to sessions_items.log
2019-10-19 21:54:54,807 DEBUG    ('127.0.0.1', 51667) - ASGI [155] Received {'type': 'http.response.start', 'status': 200, 'headers': '<...>'}
2019-10-19 21:54:54,807 INFO     ('127.0.0.1', 51667) - "POST /predict_next HTTP/1.1" 200
2019-10-19 21:54:54,807 DEBUG    ('127.0.0.1', 51667) - ASGI [155] Received {'type': 'http.response.body', 'body': '<217 bytes>'}
2019-10-19 21:54:54,807 DEBUG    ('127.0.0.1', 51667) - ASGI [155] Completed
2019-10-19 21:54:55,048 DEBUG    ('127.0.0.1', 51667) - ASGI [156] Started
2019-10-19 21:54:55,049 DEBUG    ('127.0.0.1', 51667) - ASGI [156] Sent {'type': 'http.request', 'body': '<1861 bytes>', 'more_body': False}
2019-10-19 21:54:55,049 DEBUG    received items: https://ads.pubmatic.com/AdServer/js/user_sync.html?p=156011&s=165626&predirect=https%3A%2F%2Fs.amazon-adsystem.com%2Fecm3%3Fid%3DPM_UID%26ex%3Dpubmatic.com&userIdMacro=PM_UID,https://ads.pubmatic.com/AdServer/js/showad.js#PIX&kdntuid=1&SPug=true&p=156011&s=165626&predirect=https%3A%2F%2Fs.amazon-adsystem.com%2Fecm3%3Fid%3DPM_UID%26ex%3Dpubmatic.com&userIdMacro=PM_UID&it=0&gdpr=0&np=0,https://ads.pubmatic.com/AdServer/js/showad.js#PIX&kdntuid=1&p=1743386&gdpr=0&gdpr_consent=BOotW_eOotW_eDlABAENCr-AAAAm-AdAACAAoABsAGAAZAA4ACAAEgALQAZAA0ABwAD6AIoAjABMgCgAKIAWwA0ACEAEVAI4AkABNACfAFKALcAcgA_QDMAJPATe,https://ads.pubmatic.com/AdServer/js/showad.js#PIX&kdntuid=1&p=157369&gdpr=0&gdpr_consent=BOotW_eOotW_eDlABAENCr-AAAAm-AdAACAAoABsAGAAZAA4ACAAEgALQAZAA0ABwAD6AIoAjABMgCgAKIAWwA0ACEAEVAI4AkABNACfAFKALcAcgA_QDMAJPATe,https://ads.pubmatic.com/AdServer/js/user_sync.html?p=156077&predirect=https%3A%2F%2Fsync-eu.connectad.io%2Fsyncer%2F1%3Fdataid%3Ddata1%26uuid%3D,https://ads.pubmatic.com/AdServer/js/user_sync.html?p=156077&predirect=https%3A%2F%2Fsync-eu.connectad.io%2Fsyncer%2F1%3Fdataid%3Ddata1%26uuid%3D,https://ads.pubmatic.com/AdServer/js/showad.js#PIX&kdntuid=1&SPug=true&p=156077&predirect=https%3A%2F%2Fsync-eu.connectad.io%2Fsyncer%2F1%3Fdataid%3Ddata1%26uuid%3D&it=0&gdpr=0&np=0,https://ads.pubmatic.com/AdServer/js/showad.js#PIX&kdntuid=1&p=157369&gdpr=0&gdpr_consent=BOotW_eOotW_eDlABAENCr-AAAAm-AdAACAAoABsAGAAZAA4ACAAEgALQAZAA0ABwAD6AIoAjABMgCgAKIAWwA0ACEAEVAI4AkABNACfAFKALcAcgA_QDMAJPATe,https://ads.pubmatic.com/AdServer/js/showad.js#PIX&kdntuid=1&SPug=true&p=156077&predirect=https%3A%2F%2Fsync-eu.connectad.io%2Fsyncer%2F1%3Fdataid%3Ddata1%26uuid%3D&it=0&gdpr=1&gdpr_consent=BOotW_eOotW_eDlABAENCr-AAAAm-AdAACAAoABsAGAAZAA4ACAAEgALQAZAA0ABwAD6AIoAjABMgCgAKIAWwA0ACEAEVAI4AkABNACfAFKALcAcgA_QDMAJPATe&np=0
2019-10-19 21:54:55,049 DEBUG    save to sessions_items.log
2019-10-19 21:54:55,051 DEBUG    ('127.0.0.1', 51667) - ASGI [156] Received {'type': 'http.response.start', 'status': 200, 'headers': '<...>'}
2019-10-19 21:54:55,051 INFO     ('127.0.0.1', 51667) - "POST /predict_next HTTP/1.1" 200
2019-10-19 21:54:55,051 DEBUG    ('127.0.0.1', 51667) - ASGI [156] Received {'type': 'http.response.body', 'body': '<659 bytes>'}
2019-10-19 21:54:55,051 DEBUG    ('127.0.0.1', 51667) - ASGI [156] Completed
2019-10-19 21:54:55,435 DEBUG    ('127.0.0.1', 51514) - ASGI [157] Started
2019-10-19 21:54:55,436 DEBUG    ('127.0.0.1', 51514) - ASGI [157] Sent {'type': 'http.request', 'body': '<563 bytes>', 'more_body': False}
2019-10-19 21:54:55,436 DEBUG    received items: https://dco-assets.everestads.net/ics-campaign/static/dco/html5-ad-script_v4.html?data=Xau53AAAL9j2ehJN,https://dco-assets.everestads.net/ics-campaign//5031/t/7178/7/728x90.html,https://dco-assets.everestads.net/ics-campaign/static/dco/html5-ad-script_v4.html?data=Xau_IQAABJf0skpQ,https://dco-assets.everestads.net/ics-campaign//5031/t/7178/7/728x90.html,https://dco-assets.everestads.net/ics-campaign/static/dco/html5-ad-script_v4.html?data=Xau_aQAABQ8uNUpQ,https://dco-assets.everestads.net/ics-campaign//5031/t/6459/13/160x600.html
2019-10-19 21:54:55,437 DEBUG    save to sessions_items.log
2019-10-19 21:54:55,438 DEBUG    ('127.0.0.1', 51514) - ASGI [157] Received {'type': 'http.response.start', 'status': 200, 'headers': '<...>'}
2019-10-19 21:54:55,439 INFO     ('127.0.0.1', 51514) - "POST /predict_next HTTP/1.1" 200
2019-10-19 21:54:55,439 DEBUG    ('127.0.0.1', 51514) - ASGI [157] Received {'type': 'http.response.body', 'body': '<171 bytes>'}
2019-10-19 21:54:55,439 DEBUG    ('127.0.0.1', 51514) - ASGI [157] Completed
2019-10-19 21:54:55,442 DEBUG    ('127.0.0.1', 51633) - ASGI [158] Started
2019-10-19 21:54:55,442 DEBUG    ('127.0.0.1', 51633) - ASGI [158] Sent {'type': 'http.request', 'body': '<365 bytes>', 'more_body': False}
2019-10-19 21:54:55,442 DEBUG    received items: https://de.tynt.com/deb/?m=xch&rt=html&gdpr=0&gdpr_consent=&ru=https%3A%2F%2Fsync-eu.connectad.io%2Fsyncer%2F1%3Fdataid%3Ddata14%26uuid%3D33XUSERID33X&id=zzz000000000002zzz,https://de.tynt.com/deb/?m=xch&rt=html&gdpr=0&gdpr_consent=&ru=https%3A%2F%2Fsync-eu.connectad.io%2Fsyncer%2F1%3Fdataid%3Ddata14%26uuid%3D33XUSERID33X&id=zzz000000000002zzz
2019-10-19 21:54:55,443 DEBUG    save to sessions_items.log
2019-10-19 21:54:55,443 DEBUG    ('127.0.0.1', 51633) - ASGI [158] Received {'type': 'http.response.start', 'status': 200, 'headers': '<...>'}
2019-10-19 21:54:55,443 INFO     ('127.0.0.1', 51633) - "POST /predict_next HTTP/1.1" 200
2019-10-19 21:54:55,444 DEBUG    ('127.0.0.1', 51633) - ASGI [158] Received {'type': 'http.response.body', 'body': '<365 bytes>'}
2019-10-19 21:54:55,444 DEBUG    ('127.0.0.1', 51633) - ASGI [158] Completed
2019-10-19 21:54:56,609 DEBUG    ('127.0.0.1', 51633) - ASGI [159] Started
2019-10-19 21:54:56,619 DEBUG    ('127.0.0.1', 51633) - ASGI [159] Sent {'type': 'http.request', 'body': '<1057 bytes>', 'more_body': False}
2019-10-19 21:54:56,619 DEBUG    received items: https://sync-eu.connectad.io/syncer/1,https://sync-eu.connectad.io/syncer/1,https://sync-eu.connectad.io/syncer/1?dataid=data5&uuid=d72d00d2-5495-0f63-39d8-df2050bab74a,https://sync-eu.connectad.io/syncer/1?bidder=appnexus&dataid=data11&uuid=7981047338159745652,https://sync-eu.connectad.io/syncer/1?bidder=sovrn&dataid=data12&uuid=eeacabbfbee45592a442623f,https://sync-eu.connectad.io/syncer/1?bidder=idx&dataid=data13&uuid=Xau.Y9HM5zgAAEhoongAAAB9%26041,https://sync-eu.connectad.io/syncer/1?bidder=appnexus&dataid=data11&uuid=7981047338159745652,https://sync-eu.connectad.io/syncer/1?bidder=adform&dataid=data4&uuid=3912233068022959670,https://sync-eu.connectad.io/syncer/1?dataid=data5&uuid=d72d00d2-5495-0f63-39d8-df2050bab74a,https://sync-eu.connectad.io/syncer/1?bidder=sovrn&dataid=data12&uuid=eeacabbfbee45592a442623f,https://sync-eu.connectad.io/syncer/1?bidder=idx&dataid=data13&uuid=Xau.Y9HM5zgAAEhoongAAAB9%26041,https://sync-eu.connectad.io/pixel/1?dataid=data3&uuid=19fc55c8-262c-43d7-850b-18ee9ba53b56
2019-10-19 21:54:56,620 DEBUG    save to sessions_items.log
2019-10-19 21:54:56,620 DEBUG    ('127.0.0.1', 51633) - ASGI [159] Received {'type': 'http.response.start', 'status': 200, 'headers': '<...>'}
2019-10-19 21:54:56,620 INFO     ('127.0.0.1', 51633) - "POST /predict_next HTTP/1.1" 200
2019-10-19 21:54:56,620 DEBUG    ('127.0.0.1', 51633) - ASGI [159] Received {'type': 'http.response.body', 'body': '<203 bytes>'}
2019-10-19 21:54:56,620 DEBUG    ('127.0.0.1', 51633) - ASGI [159] Completed
2019-10-19 21:54:57,289 DEBUG    ('127.0.0.1', 51514) - ASGI [160] Started
2019-10-19 21:54:57,289 DEBUG    ('127.0.0.1', 51514) - ASGI [160] Sent {'type': 'http.request', 'body': '<1151 bytes>', 'more_body': False}
2019-10-19 21:54:57,290 DEBUG    received items: https://sync-eu.connectad.io/syncer/1,https://sync-eu.connectad.io/syncer/1,https://sync-eu.connectad.io/syncer/1?dataid=data5&uuid=d72d00d2-5495-0f63-39d8-df2050bab74a,https://sync-eu.connectad.io/syncer/1?bidder=appnexus&dataid=data11&uuid=7981047338159745652,https://sync-eu.connectad.io/syncer/1?bidder=sovrn&dataid=data12&uuid=eeacabbfbee45592a442623f,https://sync-eu.connectad.io/syncer/1?bidder=idx&dataid=data13&uuid=Xau.Y9HM5zgAAEhoongAAAB9%26041,https://sync-eu.connectad.io/syncer/1?bidder=appnexus&dataid=data11&uuid=7981047338159745652,https://sync-eu.connectad.io/syncer/1?bidder=adform&dataid=data4&uuid=3912233068022959670,https://sync-eu.connectad.io/syncer/1?dataid=data5&uuid=d72d00d2-5495-0f63-39d8-df2050bab74a,https://sync-eu.connectad.io/syncer/1?bidder=sovrn&dataid=data12&uuid=eeacabbfbee45592a442623f,https://sync-eu.connectad.io/syncer/1?bidder=idx&dataid=data13&uuid=Xau.Y9HM5zgAAEhoongAAAB9%26041,https://sync-eu.connectad.io/pixel/1?dataid=data3&uuid=19fc55c8-262c-43d7-850b-18ee9ba53b56,https://sync-eu.connectad.io/pixel/1?dataid=data3&uuid=19fc55c8-262c-43d7-850b-18ee9ba53b56
2019-10-19 21:54:57,290 DEBUG    save to sessions_items.log
2019-10-19 21:54:57,291 DEBUG    ('127.0.0.1', 51514) - ASGI [160] Received {'type': 'http.response.start', 'status': 200, 'headers': '<...>'}
2019-10-19 21:54:57,291 INFO     ('127.0.0.1', 51514) - "POST /predict_next HTTP/1.1" 200
2019-10-19 21:54:57,291 DEBUG    ('127.0.0.1', 51514) - ASGI [160] Received {'type': 'http.response.body', 'body': '<203 bytes>'}
2019-10-19 21:54:57,291 DEBUG    ('127.0.0.1', 51514) - ASGI [160] Completed
2019-10-19 21:54:57,306 DEBUG    ('127.0.0.1', 51633) - ASGI [161] Started
2019-10-19 21:54:57,307 DEBUG    ('127.0.0.1', 51633) - ASGI [161] Sent {'type': 'http.request', 'body': '<229 bytes>', 'more_body': False}
2019-10-19 21:54:57,307 DEBUG    received items: https://secure-assets.rubiconproject.com/utils/xapi/multi-sync.html?region=na&country=us&endpoint=us-east&p=a9us&,https://secure-assets.rubiconproject.com/utils/xapi/multi-sync.html?p=33across&endpoint=us-east
2019-10-19 21:54:57,307 DEBUG    save to sessions_items.log
2019-10-19 21:54:57,308 DEBUG    ('127.0.0.1', 51633) - ASGI [161] Received {'type': 'http.response.start', 'status': 200, 'headers': '<...>'}
2019-10-19 21:54:57,308 INFO     ('127.0.0.1', 51633) - "POST /predict_next HTTP/1.1" 200
2019-10-19 21:54:57,309 DEBUG    ('127.0.0.1', 51633) - ASGI [161] Received {'type': 'http.response.body', 'body': '<211 bytes>'}
2019-10-19 21:54:57,309 DEBUG    ('127.0.0.1', 51633) - ASGI [161] Completed
2019-10-19 21:54:59,597 DEBUG    ('127.0.0.1', 51633) - ASGI [162] Started
2019-10-19 21:54:59,597 DEBUG    ('127.0.0.1', 51633) - ASGI [162] Sent {'type': 'http.request', 'body': '<719 bytes>', 'more_body': False}
2019-10-19 21:54:59,598 DEBUG    received items: https://us-u.openx.net/w/1.0/pd?plm=6&ph=8a7ca719-8c2c-4c16-98ad-37ac6dbf26e9&gdpr=0&gdpr_consent=BOotW_eOotW_eDlABAENCr-AAAAm-AdAACAAoABsAGAAZAA4ACAAEgALQAZAA0ABwAD6AIoAjABMgCgAKIAWwA0ACEAEVAI4AkABNACfAFKALcAcgA_QDMAJPATe,https://us-u.openx.net/w/1.0/pd?plm=6&ph=8a7ca719-8c2c-4c16-98ad-37ac6dbf26e9&gdpr=0&gdpr_consent=BOotW_eOotW_eDlABAENCr-AAAAm-AdAACAAoABsAGAAZAA4ACAAEgALQAZAA0ABwAD6AIoAjABMgCgAKIAWwA0ACEAEVAI4AkABNACfAFKALcAcgA_QDMAJPATe,https://us-u.openx.net/w/1.0/cm?id=c6a5ba0d-ce02-41bd-a1ea-842c68bd5108&ph=8f5ed5d4-642c-4222-968a-d709c87ac3c8&gdpr_consent=&r=https%3A%2F%2Fcms-xch.33across.com%2Fmatch%3Fgdpr%3D0%26gdpr_58%3D%26gdpr_consent%3D%26bidder_id%3D70%26external_user_id%3D
2019-10-19 21:54:59,599 DEBUG    save to sessions_items.log
2019-10-19 21:54:59,599 DEBUG    ('127.0.0.1', 51633) - ASGI [162] Received {'type': 'http.response.start', 'status': 200, 'headers': '<...>'}
2019-10-19 21:54:59,599 INFO     ('127.0.0.1', 51633) - "POST /predict_next HTTP/1.1" 200
2019-10-19 21:54:59,600 DEBUG    ('127.0.0.1', 51633) - ASGI [162] Received {'type': 'http.response.body', 'body': '<523 bytes>'}
2019-10-19 21:54:59,600 DEBUG    ('127.0.0.1', 51633) - ASGI [162] Completed
2019-10-19 21:54:59,654 DEBUG    ('127.0.0.1', 51585) - Disconnected
2019-10-19 21:54:59,654 DEBUG    ('127.0.0.1', 51632) - Disconnected
2019-10-19 21:54:59,657 DEBUG    ('127.0.0.1', 51679) - Disconnected
2019-10-19 21:54:59,889 DEBUG    ('127.0.0.1', 51633) - ASGI [163] Started
2019-10-19 21:54:59,889 DEBUG    ('127.0.0.1', 51633) - ASGI [163] Sent {'type': 'http.request', 'body': '<475 bytes>', 'more_body': False}
2019-10-19 21:54:59,890 DEBUG    received items: https://eus.rubiconproject.com/usync.html?gdpr=0&gdpr_consent=BOotW_eOotW_eDlABAENCr-AAAAm-AdAACAAoABsAGAAZAA4ACAAEgALQAZAA0ABwAD6AIoAjABMgCgAKIAWwA0ACEAEVAI4AkABNACfAFKALcAcgA_QDMAJPATe,https://eus.rubiconproject.com/usync.html?geo=na&co=us&s=ms2&gdpr_consent=BOotW_eOotW_eDlABAENCr-AAAAm-AdAACAAoABsAGAAZAA4ACAAEgALQAZAA0ABwAD6AIoAjABMgCgAKIAWwA0ACEAEVAI4AkABNACfAFKALcAcgA_QDMAJPATe&gdpr=0,https://eus.rubiconproject.com/usync.html?geo=na&co=us&s=ms2
2019-10-19 21:54:59,890 DEBUG    save to sessions_items.log
2019-10-19 21:54:59,891 DEBUG    ('127.0.0.1', 51633) - ASGI [163] Received {'type': 'http.response.start', 'status': 200, 'headers': '<...>'}
2019-10-19 21:54:59,891 INFO     ('127.0.0.1', 51633) - "POST /predict_next HTTP/1.1" 200
2019-10-19 21:54:59,891 DEBUG    ('127.0.0.1', 51633) - ASGI [163] Received {'type': 'http.response.body', 'body': '<141 bytes>'}
2019-10-19 21:54:59,891 DEBUG    ('127.0.0.1', 51633) - ASGI [163] Completed
2019-10-19 21:55:00,056 DEBUG    ('127.0.0.1', 51667) - Disconnected
2019-10-19 21:55:00,870 DEBUG    ('127.0.0.1', 51819) - Connected
2019-10-19 21:55:00,871 DEBUG    ('127.0.0.1', 51633) - ASGI [164] Started
2019-10-19 21:55:00,873 DEBUG    ('127.0.0.1', 51633) - ASGI [164] Sent {'type': 'http.request', 'body': '<2072 bytes>', 'more_body': False}
2019-10-19 21:55:00,874 DEBUG    received items: https://ads.pubmatic.com/AdServer/js/user_sync.html?p=156011&s=165626&predirect=https%3A%2F%2Fs.amazon-adsystem.com%2Fecm3%3Fid%3DPM_UID%26ex%3Dpubmatic.com&userIdMacro=PM_UID,https://ads.pubmatic.com/AdServer/js/showad.js#PIX&kdntuid=1&SPug=true&p=156011&s=165626&predirect=https%3A%2F%2Fs.amazon-adsystem.com%2Fecm3%3Fid%3DPM_UID%26ex%3Dpubmatic.com&userIdMacro=PM_UID&it=0&gdpr=0&np=0,https://ads.pubmatic.com/AdServer/js/showad.js#PIX&kdntuid=1&p=1743386&gdpr=0&gdpr_consent=BOotW_eOotW_eDlABAENCr-AAAAm-AdAACAAoABsAGAAZAA4ACAAEgALQAZAA0ABwAD6AIoAjABMgCgAKIAWwA0ACEAEVAI4AkABNACfAFKALcAcgA_QDMAJPATe,https://ads.pubmatic.com/AdServer/js/showad.js#PIX&kdntuid=1&p=157369&gdpr=0&gdpr_consent=BOotW_eOotW_eDlABAENCr-AAAAm-AdAACAAoABsAGAAZAA4ACAAEgALQAZAA0ABwAD6AIoAjABMgCgAKIAWwA0ACEAEVAI4AkABNACfAFKALcAcgA_QDMAJPATe,https://ads.pubmatic.com/AdServer/js/user_sync.html?p=156077&predirect=https%3A%2F%2Fsync-eu.connectad.io%2Fsyncer%2F1%3Fdataid%3Ddata1%26uuid%3D,https://ads.pubmatic.com/AdServer/js/user_sync.html?p=156077&predirect=https%3A%2F%2Fsync-eu.connectad.io%2Fsyncer%2F1%3Fdataid%3Ddata1%26uuid%3D,https://ads.pubmatic.com/AdServer/js/showad.js#PIX&kdntuid=1&SPug=true&p=156077&predirect=https%3A%2F%2Fsync-eu.connectad.io%2Fsyncer%2F1%3Fdataid%3Ddata1%26uuid%3D&it=0&gdpr=0&np=0,https://ads.pubmatic.com/AdServer/js/showad.js#PIX&kdntuid=1&p=157369&gdpr=0&gdpr_consent=BOotW_eOotW_eDlABAENCr-AAAAm-AdAACAAoABsAGAAZAA4ACAAEgALQAZAA0ABwAD6AIoAjABMgCgAKIAWwA0ACEAEVAI4AkABNACfAFKALcAcgA_QDMAJPATe,https://ads.pubmatic.com/AdServer/js/showad.js#PIX&kdntuid=1&SPug=true&p=156077&predirect=https%3A%2F%2Fsync-eu.connectad.io%2Fsyncer%2F1%3Fdataid%3Ddata1%26uuid%3D&it=0&gdpr=1&gdpr_consent=BOotW_eOotW_eDlABAENCr-AAAAm-AdAACAAoABsAGAAZAA4ACAAEgALQAZAA0ABwAD6AIoAjABMgCgAKIAWwA0ACEAEVAI4AkABNACfAFKALcAcgA_QDMAJPATe&np=0,https://ads.pubmatic.com/AdServer/js/user_sync.html?gdpr_consent=&p=156423&predirect=https%3A%2F%2Fcms-xch.33across.com%2Fmatch%3Fgdpr%3D0%26gdpr_58%3D%26gdpr_consent%3D%26bidder_id%3D25%26external_user_id%3D
2019-10-19 21:55:00,874 DEBUG    save to sessions_items.log
2019-10-19 21:55:00,875 DEBUG    ('127.0.0.1', 51633) - ASGI [164] Received {'type': 'http.response.start', 'status': 200, 'headers': '<...>'}
2019-10-19 21:55:00,875 INFO     ('127.0.0.1', 51633) - "POST /predict_next HTTP/1.1" 200
2019-10-19 21:55:00,875 DEBUG    ('127.0.0.1', 51633) - ASGI [164] Received {'type': 'http.response.body', 'body': '<437 bytes>'}
2019-10-19 21:55:00,875 DEBUG    ('127.0.0.1', 51633) - ASGI [164] Completed
2019-10-19 21:55:00,875 DEBUG    ('127.0.0.1', 51514) - ASGI [165] Started
2019-10-19 21:55:00,876 DEBUG    ('127.0.0.1', 51514) - ASGI [165] Sent {'type': 'http.request', 'body': '<362 bytes>', 'more_body': False}
2019-10-19 21:55:00,876 DEBUG    received items: https://dis.criteo.com/dis/usersync.aspx?r=3&p=4&cp=pubmaticUS&cu=1&&gdpr=1&gdpr_consent=BOotW_eOotW_eDlABAENCr-AAAAm-AdAACAAoABsAGAAZAA4ACAAEgALQAZAA0ABwAD6AIoAjABMgCgAKIAWwA0ACEAEVAI4AkABNACfAFKALcAcgA_QDMAJPATe&url=https://simage2.pubmatic.com/AdServer/Pug?vcode=bz0yJnR5cGU9MSZjb2RlPTE5MjgmdGw9NDMyMDA=&piggybackCookie=uid:@@CRITEO_USERID@@
2019-10-19 21:55:00,876 DEBUG    save to sessions_items.log
2019-10-19 21:55:00,877 DEBUG    ('127.0.0.1', 51514) - ASGI [165] Received {'type': 'http.response.start', 'status': 200, 'headers': '<...>'}
2019-10-19 21:55:00,877 INFO     ('127.0.0.1', 51514) - "POST /predict_next HTTP/1.1" 200
2019-10-19 21:55:00,877 DEBUG    ('127.0.0.1', 51514) - ASGI [165] Received {'type': 'http.response.body', 'body': '<709 bytes>'}
2019-10-19 21:55:00,877 DEBUG    ('127.0.0.1', 51514) - ASGI [165] Completed
2019-10-19 21:55:00,878 DEBUG    ('127.0.0.1', 51819) - ASGI [166] Started
2019-10-19 21:55:00,878 DEBUG    ('127.0.0.1', 51819) - ASGI [166] Sent {'type': 'http.request', 'body': '<204 bytes>', 'more_body': False}
2019-10-19 21:55:00,879 DEBUG    received items: https://x.bidswitch.net/sync?ssp=pubmatic&gdpr=1&gdpr_consent=BOotW_eOotW_eDlABAENCr-AAAAm-AdAACAAoABsAGAAZAA4ACAAEgALQAZAA0ABwAD6AIoAjABMgCgAKIAWwA0ACEAEVAI4AkABNACfAFKALcAcgA_QDMAJPATe
2019-10-19 21:55:00,879 DEBUG    save to sessions_items.log
2019-10-19 21:55:00,879 DEBUG    ('127.0.0.1', 51819) - ASGI [166] Received {'type': 'http.response.start', 'status': 200, 'headers': '<...>'}
2019-10-19 21:55:00,880 INFO     ('127.0.0.1', 51819) - "POST /predict_next HTTP/1.1" 200
2019-10-19 21:55:00,880 DEBUG    ('127.0.0.1', 51819) - ASGI [166] Received {'type': 'http.response.body', 'body': '<393 bytes>'}
2019-10-19 21:55:00,880 DEBUG    ('127.0.0.1', 51819) - ASGI [166] Completed
2019-10-19 21:55:01,829 DEBUG    ('127.0.0.1', 51819) - ASGI [167] Started
2019-10-19 21:55:01,839 DEBUG    ('127.0.0.1', 51819) - ASGI [167] Sent {'type': 'http.request', 'body': '<2695 bytes>', 'more_body': False}
2019-10-19 21:55:01,844 DEBUG    received items: https://pagead2.googlesyndication.com/pagead/s/cookie_push.html?cb=20190204#aHR0cHM6Ly93d3cuZmFjZWJvb2suY29tL2F1ZGllbmNlbmV0d29yay9pZHN5bmM_cGFydG5lcj0zNDM4MTY3ODYzODkyNzEmY2FsbGJhY2s9aHR0cHMlM0EvL2NtLmcuZG91YmxlY2xpY2submV0L3BpeGVsJTNGZ29vZ2xlX25pZCUzRGpiX25iJTI2Z29vZ2xlX2N2ZXI9MSUyNmdvb2dsZV9wdXNoPUFITkYxM0piQkxiMmlJa01UYVU4VnZLQnRyVHZQSnFlRjNhUkU1VDJxUmFlUnclMjZnb29nbGVfaG0lM0QlMjRCVVlFUlVJRCZnb29nbGVfZ2lkPUNBRVNFS3BzaTUtdVBwQ0hFd2hqNFVCX2FTRQ==,aHR0cHM6Ly9jbS5nLmRvdWJsZWNsaWNrLm5ldC9waXhlbC9hdHRyP2Q9QUhORjEzSmhLM1JCZGFUdk1lN3hWbFFBNXEwcHhBclVlbnBNTlE=,https://pagead2.googlesyndication.com/pagead/s/cookie_push.html?cb=20190204#aHR0cHM6Ly9hZC50dXJuLmNvbS9yL2NzP3BpZD0zJmdvb2dsZV9naWQ9Q0FFU0VCOUdJczAwMGdyVVJWT0g1dnpHcmlvJmdvb2dsZV9jdmVyPTEmZ29vZ2xlX3B1c2g9QUhORjEzSzNrYjgyczBvbGIwMk5PSHUyZ2J0c2hKSC1BTWFrMFFmM0t3Vzk=,aHR0cHM6Ly9jbS5nLmRvdWJsZWNsaWNrLm5ldC9waXhlbC9hdHRyP2Q9QUhORjEzS3Utak8wM0hqRmlnNmdDMEJSQ3R5V0lLeUpUcVQ4,https://pagead2.googlesyndication.com/pagead/s/cookie_push.html?cb=20190204#aHR0cHM6Ly9hZXAubXhwdGludC5uZXQvc24uYXNoeD9nb29nbGVfZ2lkPUNBRVNFQ2wxejJZY0dBcjcwdGJzQnFwZF9XNCZnb29nbGVfY3Zlcj0xJmdvb2dsZV9wdXNoPUFITkYxM0kydWM0SC1mOUpQdlFPQVRiRjFJRENJYm55X3BHbkJXUUtCVjNU,aHR0cHM6Ly9jbS5nLmRvdWJsZWNsaWNrLm5ldC9waXhlbC9hdHRyP2Q9QUhORjEzSXlIU0hxT3ByakFvWVhpV1JVRlZtdVRkRW9oSlRv,https://pagead2.googlesyndication.com/pagead/s/cookie_push.html?cb=20190204#aHR0cHM6Ly9jbXMucXVhbnRzZXJ2ZS5jb20vZHBpeGVsP2E9cC1uNXZ2THZSZGpnMGVrJmVpZD0wJnFjX2dvb2dsZV9wdXNoPSZnb29nbGVfZ2lkPUNBRVNFQnJ4QlZJelE3S292LVR6QTQwSTV5dyZnb29nbGVfY3Zlcj0xJmdvb2dsZV9wdXNoPUFITkYxM0t6RnBTR29rX2ZNVW9QS0JUQ09kbDdSSGFZbnVHS2lPbHJGdjQ=,aHR0cHM6Ly9jbS5nLmRvdWJsZWNsaWNrLm5ldC9waXhlbC9hdHRyP2Q9QUhORjEzSzRiaG5uTWFUNlpRaHpCX2RKUlRHbG9zdG9iZ3Ix,https://pagead2.googlesyndication.com/pagead/s/cookie_push.html?cb=20190204#aHR0cHM6Ly9hZC50dXJuLmNvbS9yL2NzP3BpZD0zJmdvb2dsZV9naWQ9Q0FFU0VCOUdJczAwMGdyVVJWT0g1dnpHcmlvJmdvb2dsZV9jdmVyPTEmZ29vZ2xlX3B1c2g9QUhORjEzSWx2dVJjV3I0QkJNVC1hZVpaQlpMeWsyZU5tQ3dXQWlCZHNBOFM=,aHR0cHM6Ly9jbS5nLmRvdWJsZWNsaWNrLm5ldC9waXhlbC9hdHRyP2Q9QUhORjEzSWlKSFFMLU9OdXpnREdpdHloUG9KNzBsOE05WmZ3,https://pagead2.googlesyndication.com/pagead/s/cookie_push.html?cb=20190204#aHR0cHM6Ly9zeW5jLjFyeC5pby91c2Vyc3luYzIvcm1wc3NwP3N1Yj1nb29nbGUmcmVkaXI9aHR0cHMlM0ElMkYlMkZjbS5nLmRvdWJsZWNsaWNrLm5ldCUyRnBpeGVsJTNGZ29vZ2xlX25pZCUzRHIxJTI2Z29vZ2xlX3B1c2glM0QlNUJSWF9TUEQlNUQlMjZnb29nbGVfaG0lM0QlNUJSWF9VVUlEX0I2NF9CSU4lNUQmZ29vZ2xlX2dpZD1DQUVTRUxyNWJXb2lHRkJ3eVc2aHhXN3pUSzQmZ29vZ2xlX2N2ZXI9MSZnb29nbGVfcHVzaD1BSE5GMTNLMVQ0aDNCdEpFR25NNHRRRjNZLUZEMXRhNWhwNFBvMGlTUldsNGd3,aHR0cHM6Ly9jbS5nLmRvdWJsZWNsaWNrLm5ldC9waXhlbC9hdHRyP2Q9QUhORjEzSWlOOE5ySGlGb0hWYTl5N3VNZDl4UzlFQlFVOXJz
2019-10-19 21:55:01,846 DEBUG    save to sessions_items.log
2019-10-19 21:55:01,847 DEBUG    ('127.0.0.1', 51819) - ASGI [167] Received {'type': 'http.response.start', 'status': 200, 'headers': '<...>'}
2019-10-19 21:55:01,847 INFO     ('127.0.0.1', 51819) - "POST /predict_next HTTP/1.1" 200
2019-10-19 21:55:01,847 DEBUG    ('127.0.0.1', 51819) - ASGI [167] Received {'type': 'http.response.body', 'body': '<1159 bytes>'}
2019-10-19 21:55:01,847 DEBUG    ('127.0.0.1', 51819) - ASGI [167] Completed
2019-10-19 21:55:01,940 DEBUG    ('127.0.0.1', 51828) - Connected
2019-10-19 21:55:01,942 DEBUG    ('127.0.0.1', 51633) - ASGI [168] Started
2019-10-19 21:55:01,942 DEBUG    ('127.0.0.1', 51633) - ASGI [168] Sent {'type': 'http.request', 'body': '<471 bytes>', 'more_body': False}
2019-10-19 21:55:01,943 DEBUG    received items: https://simage2.pubmatic.com/AdServer/Pug?vcode=bz0yJnR5cGU9MSZjb2RlPTM2MiZ0bD00MzIwMA==&piggybackCookie=uid:d2fd5dab-b25d-4a00-87f1-4b31fa1377f8,https://simage2.pubmatic.com/AdServer/Pug?vcode=bz0yJnR5cGU9MSZqcz0xJmNvZGU9MTk2OSZ0bD0yNTkyMDA=&piggybackCookie=4d0d5301-bec9-4be5-913e-627e17e99b23,https://simage2.pubmatic.com/AdServer/Pug?vcode=bz0yJnR5cGU9MSZjb2RlPTMzMTUmdGw9MTI5NjAw&piggybackCookie=cuid_9d8c5f21-f2dc-11e9-9d5e-12c731858e46&gdpr=0
2019-10-19 21:55:01,943 DEBUG    save to sessions_items.log
2019-10-19 21:55:01,943 DEBUG    ('127.0.0.1', 51633) - ASGI [168] Received {'type': 'http.response.start', 'status': 200, 'headers': '<...>'}
2019-10-19 21:55:01,943 INFO     ('127.0.0.1', 51633) - "POST /predict_next HTTP/1.1" 200
2019-10-19 21:55:01,943 DEBUG    ('127.0.0.1', 51633) - ASGI [168] Received {'type': 'http.response.body', 'body': '<327 bytes>'}
2019-10-19 21:55:01,944 DEBUG    ('127.0.0.1', 51633) - ASGI [168] Completed
2019-10-19 21:55:01,945 DEBUG    ('127.0.0.1', 51514) - ASGI [169] Started
2019-10-19 21:55:01,945 DEBUG    ('127.0.0.1', 51514) - ASGI [169] Sent {'type': 'http.request', 'body': '<1227 bytes>', 'more_body': False}
2019-10-19 21:55:01,945 DEBUG    received items: https://p.adsymptotic.com/d/px?_pid=10291&_psign=9769cbad30cb221a3996d786047e2b31&_pu=OPTIONAL_WEBSITE_URL&_puuid=YOUR_COOKIE_ID&_rand=RANDOM_NUMBER&gdpr=1&gdpr_consent=BOotW_eOotW_eDlABAENCr-AAAAm-AdAACAAoABsAGAAZAA4ACAAEgALQAZAA0ABwAD6AIoAjABMgCgAKIAWwA0ACEAEVAI4AkABNACfAFKALcAcgA_QDMAJPATe&_redirect=https%3A//image2.pubmatic.com/AdServer/Pug%3Fvcode%3Dbz0yJnR5cGU9MSZjb2RlPTMwNTAmdGw9MTI5NjAw%26piggybackCookie%3D%24%7BUUID%7D%26r%3Dhttps%253A%252F%252Fp.adsymptotic.com%252Fd%252Fpx%253F_pid%253D10291%2526_psign%253D9769cbad30cb221a3996d786047e2b31%2526_puuid%253D%2524%257BPUBMATIC_UID%257D%250A,https://p.adsymptotic.com/d/px?_pid=10291&_psign=9769cbad30cb221a3996d786047e2b31&_pu=OPTIONAL_WEBSITE_URL&_puuid=YOUR_COOKIE_ID&_rand=RANDOM_NUMBER&gdpr=1&gdpr_consent=BOotW_eOotW_eDlABAENCr-AAAAm-AdAACAAoABsAGAAZAA4ACAAEgALQAZAA0ABwAD6AIoAjABMgCgAKIAWwA0ACEAEVAI4AkABNACfAFKALcAcgA_QDMAJPATe&_redirect=https%3A//image2.pubmatic.com/AdServer/Pug%3Fvcode%3Dbz0yJnR5cGU9MSZjb2RlPTMwNTAmdGw9MTI5NjAw%26piggybackCookie%3D%24%7BUUID%7D%26r%3Dhttps%253A%252F%252Fp.adsymptotic.com%252Fd%252Fpx%253F_pid%253D10291%2526_psign%253D9769cbad30cb221a3996d786047e2b31%2526_puuid%253D%2524%257BPUBMATIC_UID%257D%250A
2019-10-19 21:55:01,946 DEBUG    save to sessions_items.log
2019-10-19 21:55:01,946 DEBUG    ('127.0.0.1', 51514) - ASGI [169] Received {'type': 'http.response.start', 'status': 200, 'headers': '<...>'}
2019-10-19 21:55:01,946 INFO     ('127.0.0.1', 51514) - "POST /predict_next HTTP/1.1" 200
2019-10-19 21:55:01,947 DEBUG    ('127.0.0.1', 51514) - ASGI [169] Received {'type': 'http.response.body', 'body': '<1227 bytes>'}
2019-10-19 21:55:01,947 DEBUG    ('127.0.0.1', 51514) - ASGI [169] Completed
2019-10-19 21:55:01,948 DEBUG    ('127.0.0.1', 51828) - ASGI [170] Started
2019-10-19 21:55:01,948 DEBUG    ('127.0.0.1', 51828) - ASGI [170] Sent {'type': 'http.request', 'body': '<308 bytes>', 'more_body': False}
2019-10-19 21:55:01,949 DEBUG    received items: https://image2.pubmatic.com/AdServer/Pug?vcode=bz0yJnR5cGU9MSZjb2RlPTgwNiZ0bD01MTg0MDA=&piggybackCookie=uid:3E5A17C66BBEAB5DBA665C330205A0DF,https://image2.pubmatic.com/AdServer/Pug?vcode=bz0yJnR5cGU9MSZqcz0xJmNvZGU9MzA2OSZ0bD0xMjk2MDA&piggybackCookie=8dd39c3f-2e36-4b41-b401-5b005deb5614
2019-10-19 21:55:01,949 DEBUG    save to sessions_items.log
2019-10-19 21:55:01,949 DEBUG    ('127.0.0.1', 51828) - ASGI [170] Received {'type': 'http.response.start', 'status': 200, 'headers': '<...>'}
2019-10-19 21:55:01,949 INFO     ('127.0.0.1', 51828) - "POST /predict_next HTTP/1.1" 200
2019-10-19 21:55:01,949 DEBUG    ('127.0.0.1', 51828) - ASGI [170] Received {'type': 'http.response.body', 'body': '<315 bytes>'}
2019-10-19 21:55:01,950 DEBUG    ('127.0.0.1', 51828) - ASGI [170] Completed
2019-10-19 21:55:02,042 DEBUG    ('127.0.0.1', 51829) - Connected
2019-10-19 21:55:02,053 DEBUG    ('127.0.0.1', 51819) - ASGI [171] Started
2019-10-19 21:55:02,053 DEBUG    ('127.0.0.1', 51819) - ASGI [171] Sent {'type': 'http.request', 'body': '<72 bytes>', 'more_body': False}
2019-10-19 21:55:02,054 DEBUG    received items: https://cdn.flashtalking.com/100887/2773970/index.html
2019-10-19 21:55:02,054 DEBUG    save to sessions_items.log
2019-10-19 21:55:02,055 DEBUG    ('127.0.0.1', 51819) - ASGI [171] Received {'type': 'http.response.start', 'status': 200, 'headers': '<...>'}
2019-10-19 21:55:02,055 INFO     ('127.0.0.1', 51819) - "POST /predict_next HTTP/1.1" 200
2019-10-19 21:55:02,055 DEBUG    ('127.0.0.1', 51819) - ASGI [171] Received {'type': 'http.response.body', 'body': '<129 bytes>'}
2019-10-19 21:55:02,056 DEBUG    ('127.0.0.1', 51819) - ASGI [171] Completed
2019-10-19 21:55:02,056 DEBUG    ('127.0.0.1', 51829) - ASGI [172] Started
2019-10-19 21:55:02,056 DEBUG    ('127.0.0.1', 51829) - ASGI [172] Sent {'type': 'http.request', 'body': '<2289 bytes>', 'more_body': False}
2019-10-19 21:55:02,057 DEBUG    received items: https://ads.pubmatic.com/AdServer/js/user_sync.html?p=156011&s=165626&predirect=https%3A%2F%2Fs.amazon-adsystem.com%2Fecm3%3Fid%3DPM_UID%26ex%3Dpubmatic.com&userIdMacro=PM_UID,https://ads.pubmatic.com/AdServer/js/showad.js#PIX&kdntuid=1&SPug=true&p=156011&s=165626&predirect=https%3A%2F%2Fs.amazon-adsystem.com%2Fecm3%3Fid%3DPM_UID%26ex%3Dpubmatic.com&userIdMacro=PM_UID&it=0&gdpr=0&np=0,https://ads.pubmatic.com/AdServer/js/showad.js#PIX&kdntuid=1&p=1743386&gdpr=0&gdpr_consent=BOotW_eOotW_eDlABAENCr-AAAAm-AdAACAAoABsAGAAZAA4ACAAEgALQAZAA0ABwAD6AIoAjABMgCgAKIAWwA0ACEAEVAI4AkABNACfAFKALcAcgA_QDMAJPATe,https://ads.pubmatic.com/AdServer/js/showad.js#PIX&kdntuid=1&p=157369&gdpr=0&gdpr_consent=BOotW_eOotW_eDlABAENCr-AAAAm-AdAACAAoABsAGAAZAA4ACAAEgALQAZAA0ABwAD6AIoAjABMgCgAKIAWwA0ACEAEVAI4AkABNACfAFKALcAcgA_QDMAJPATe,https://ads.pubmatic.com/AdServer/js/user_sync.html?p=156077&predirect=https%3A%2F%2Fsync-eu.connectad.io%2Fsyncer%2F1%3Fdataid%3Ddata1%26uuid%3D,https://ads.pubmatic.com/AdServer/js/user_sync.html?p=156077&predirect=https%3A%2F%2Fsync-eu.connectad.io%2Fsyncer%2F1%3Fdataid%3Ddata1%26uuid%3D,https://ads.pubmatic.com/AdServer/js/showad.js#PIX&kdntuid=1&SPug=true&p=156077&predirect=https%3A%2F%2Fsync-eu.connectad.io%2Fsyncer%2F1%3Fdataid%3Ddata1%26uuid%3D&it=0&gdpr=0&np=0,https://ads.pubmatic.com/AdServer/js/showad.js#PIX&kdntuid=1&p=157369&gdpr=0&gdpr_consent=BOotW_eOotW_eDlABAENCr-AAAAm-AdAACAAoABsAGAAZAA4ACAAEgALQAZAA0ABwAD6AIoAjABMgCgAKIAWwA0ACEAEVAI4AkABNACfAFKALcAcgA_QDMAJPATe,https://ads.pubmatic.com/AdServer/js/showad.js#PIX&kdntuid=1&SPug=true&p=156077&predirect=https%3A%2F%2Fsync-eu.connectad.io%2Fsyncer%2F1%3Fdataid%3Ddata1%26uuid%3D&it=0&gdpr=1&gdpr_consent=BOotW_eOotW_eDlABAENCr-AAAAm-AdAACAAoABsAGAAZAA4ACAAEgALQAZAA0ABwAD6AIoAjABMgCgAKIAWwA0ACEAEVAI4AkABNACfAFKALcAcgA_QDMAJPATe&np=0,https://ads.pubmatic.com/AdServer/js/user_sync.html?gdpr_consent=&p=156423&predirect=https%3A%2F%2Fcms-xch.33across.com%2Fmatch%3Fgdpr%3D0%26gdpr_58%3D%26gdpr_consent%3D%26bidder_id%3D25%26external_user_id%3D,https://ads.pubmatic.com/AdServer/js/showad.js#PIX&kdntuid=1&p=157369&gdpr=0&gdpr_consent=BOotW_eOotW_eDlABAENCr-AAAAm-AdAACAAoABsAGAAZAA4ACAAEgALQAZAA0ABwAD6AIoAjABMgCgAKIAWwA0ACEAEVAI4AkABNACfAFKALcAcgA_QDMAJPATe
2019-10-19 21:55:02,059 DEBUG    save to sessions_items.log
2019-10-19 21:55:02,059 DEBUG    ('127.0.0.1', 51829) - ASGI [172] Received {'type': 'http.response.start', 'status': 200, 'headers': '<...>'}
2019-10-19 21:55:02,061 INFO     ('127.0.0.1', 51829) - "POST /predict_next HTTP/1.1" 200
2019-10-19 21:55:02,061 DEBUG    ('127.0.0.1', 51829) - ASGI [172] Received {'type': 'http.response.body', 'body': '<449 bytes>'}
2019-10-19 21:55:02,061 DEBUG    ('127.0.0.1', 51829) - ASGI [172] Completed
2019-10-19 21:55:02,454 DEBUG    ('127.0.0.1', 51829) - ASGI [173] Started
2019-10-19 21:55:02,455 DEBUG    ('127.0.0.1', 51829) - ASGI [173] Sent {'type': 'http.request', 'body': '<1246 bytes>', 'more_body': False}
2019-10-19 21:55:02,455 DEBUG    received items: https://sync-eu.connectad.io/syncer/1,https://sync-eu.connectad.io/syncer/1,https://sync-eu.connectad.io/syncer/1?dataid=data5&uuid=d72d00d2-5495-0f63-39d8-df2050bab74a,https://sync-eu.connectad.io/syncer/1?bidder=appnexus&dataid=data11&uuid=7981047338159745652,https://sync-eu.connectad.io/syncer/1?bidder=sovrn&dataid=data12&uuid=eeacabbfbee45592a442623f,https://sync-eu.connectad.io/syncer/1?bidder=idx&dataid=data13&uuid=Xau.Y9HM5zgAAEhoongAAAB9%26041,https://sync-eu.connectad.io/syncer/1?bidder=appnexus&dataid=data11&uuid=7981047338159745652,https://sync-eu.connectad.io/syncer/1?bidder=adform&dataid=data4&uuid=3912233068022959670,https://sync-eu.connectad.io/syncer/1?dataid=data5&uuid=d72d00d2-5495-0f63-39d8-df2050bab74a,https://sync-eu.connectad.io/syncer/1?bidder=sovrn&dataid=data12&uuid=eeacabbfbee45592a442623f,https://sync-eu.connectad.io/syncer/1?bidder=idx&dataid=data13&uuid=Xau.Y9HM5zgAAEhoongAAAB9%26041,https://sync-eu.connectad.io/pixel/1?dataid=data3&uuid=19fc55c8-262c-43d7-850b-18ee9ba53b56,https://sync-eu.connectad.io/pixel/1?dataid=data3&uuid=19fc55c8-262c-43d7-850b-18ee9ba53b56,https://sync-eu.connectad.io/syncer/1?dataid=data1&uuid=9D0A4133-29CB-4408-ABCC-8C799074A43D
2019-10-19 21:55:02,455 DEBUG    save to sessions_items.log
2019-10-19 21:55:02,456 DEBUG    ('127.0.0.1', 51829) - ASGI [173] Received {'type': 'http.response.start', 'status': 200, 'headers': '<...>'}
2019-10-19 21:55:02,456 INFO     ('127.0.0.1', 51829) - "POST /predict_next HTTP/1.1" 200
2019-10-19 21:55:02,456 DEBUG    ('127.0.0.1', 51829) - ASGI [173] Received {'type': 'http.response.body', 'body': '<205 bytes>'}
2019-10-19 21:55:02,457 DEBUG    ('127.0.0.1', 51829) - ASGI [173] Completed
2019-10-19 21:55:02,459 DEBUG    ('127.0.0.1', 51819) - ASGI [174] Started
2019-10-19 21:55:02,460 DEBUG    ('127.0.0.1', 51819) - ASGI [174] Sent {'type': 'http.request', 'body': '<599 bytes>', 'more_body': False}
2019-10-19 21:55:02,460 DEBUG    received items: https://simage2.pubmatic.com/AdServer/Pug?vcode=bz0yJnR5cGU9MSZjb2RlPTM2MiZ0bD00MzIwMA==&piggybackCookie=uid:d2fd5dab-b25d-4a00-87f1-4b31fa1377f8,https://simage2.pubmatic.com/AdServer/Pug?vcode=bz0yJnR5cGU9MSZqcz0xJmNvZGU9MTk2OSZ0bD0yNTkyMDA=&piggybackCookie=4d0d5301-bec9-4be5-913e-627e17e99b23,https://simage2.pubmatic.com/AdServer/Pug?vcode=bz0yJnR5cGU9MSZjb2RlPTMzMTUmdGw9MTI5NjAw&piggybackCookie=cuid_9d8c5f21-f2dc-11e9-9d5e-12c731858e46&gdpr=0,https://simage2.pubmatic.com/AdServer/Pug?vcode=bz0yJnR5cGU9MSZjb2RlPTMzMjYmdGw9MTI5NjAw&piggybackCookie=18072662387252429043
2019-10-19 21:55:02,460 DEBUG    save to sessions_items.log
2019-10-19 21:55:02,461 DEBUG    ('127.0.0.1', 51819) - ASGI [174] Received {'type': 'http.response.start', 'status': 200, 'headers': '<...>'}
2019-10-19 21:55:02,461 INFO     ('127.0.0.1', 51819) - "POST /predict_next HTTP/1.1" 200
2019-10-19 21:55:02,461 DEBUG    ('127.0.0.1', 51819) - ASGI [174] Received {'type': 'http.response.body', 'body': '<271 bytes>'}
2019-10-19 21:55:02,461 DEBUG    ('127.0.0.1', 51819) - ASGI [174] Completed
2019-10-19 21:55:02,531 DEBUG    ('127.0.0.1', 51828) - ASGI [175] Started
2019-10-19 21:55:02,531 DEBUG    ('127.0.0.1', 51828) - ASGI [175] Sent {'type': 'http.request', 'body': '<732 bytes>', 'more_body': False}
2019-10-19 21:55:02,532 DEBUG    received items: https://simage2.pubmatic.com/AdServer/Pug?vcode=bz0yJnR5cGU9MSZjb2RlPTM2MiZ0bD00MzIwMA==&piggybackCookie=uid:d2fd5dab-b25d-4a00-87f1-4b31fa1377f8,https://simage2.pubmatic.com/AdServer/Pug?vcode=bz0yJnR5cGU9MSZqcz0xJmNvZGU9MTk2OSZ0bD0yNTkyMDA=&piggybackCookie=4d0d5301-bec9-4be5-913e-627e17e99b23,https://simage2.pubmatic.com/AdServer/Pug?vcode=bz0yJnR5cGU9MSZjb2RlPTMzMTUmdGw9MTI5NjAw&piggybackCookie=cuid_9d8c5f21-f2dc-11e9-9d5e-12c731858e46&gdpr=0,https://simage2.pubmatic.com/AdServer/Pug?vcode=bz0yJnR5cGU9MSZjb2RlPTMzMjYmdGw9MTI5NjAw&piggybackCookie=18072662387252429043,https://simage2.pubmatic.com/AdServer/Pug?vcode=bz0yJnR5cGU9MSZjb2RlPTMzMTQmdGw9MTI5NjAw&piggybackCookie=W68x4tnGVl.AikABlFt5t_i5g
2019-10-19 21:55:02,532 DEBUG    save to sessions_items.log
2019-10-19 21:55:02,533 DEBUG    ('127.0.0.1', 51828) - ASGI [175] Received {'type': 'http.response.start', 'status': 200, 'headers': '<...>'}
2019-10-19 21:55:02,533 INFO     ('127.0.0.1', 51828) - "POST /predict_next HTTP/1.1" 200
2019-10-19 21:55:02,533 DEBUG    ('127.0.0.1', 51828) - ASGI [175] Received {'type': 'http.response.body', 'body': '<281 bytes>'}
2019-10-19 21:55:02,534 DEBUG    ('127.0.0.1', 51828) - ASGI [175] Completed
2019-10-19 21:55:02,534 DEBUG    ('127.0.0.1', 51514) - ASGI [176] Started
2019-10-19 21:55:02,534 DEBUG    ('127.0.0.1', 51514) - ASGI [176] Sent {'type': 'http.request', 'body': '<2611 bytes>', 'more_body': False}
2019-10-19 21:55:02,534 DEBUG    received items: https://ads.pubmatic.com/AdServer/js/user_sync.html?p=156011&s=165626&predirect=https%3A%2F%2Fs.amazon-adsystem.com%2Fecm3%3Fid%3DPM_UID%26ex%3Dpubmatic.com&userIdMacro=PM_UID,https://ads.pubmatic.com/AdServer/js/showad.js#PIX&kdntuid=1&SPug=true&p=156011&s=165626&predirect=https%3A%2F%2Fs.amazon-adsystem.com%2Fecm3%3Fid%3DPM_UID%26ex%3Dpubmatic.com&userIdMacro=PM_UID&it=0&gdpr=0&np=0,https://ads.pubmatic.com/AdServer/js/showad.js#PIX&kdntuid=1&p=1743386&gdpr=0&gdpr_consent=BOotW_eOotW_eDlABAENCr-AAAAm-AdAACAAoABsAGAAZAA4ACAAEgALQAZAA0ABwAD6AIoAjABMgCgAKIAWwA0ACEAEVAI4AkABNACfAFKALcAcgA_QDMAJPATe,https://ads.pubmatic.com/AdServer/js/showad.js#PIX&kdntuid=1&p=157369&gdpr=0&gdpr_consent=BOotW_eOotW_eDlABAENCr-AAAAm-AdAACAAoABsAGAAZAA4ACAAEgALQAZAA0ABwAD6AIoAjABMgCgAKIAWwA0ACEAEVAI4AkABNACfAFKALcAcgA_QDMAJPATe,https://ads.pubmatic.com/AdServer/js/user_sync.html?p=156077&predirect=https%3A%2F%2Fsync-eu.connectad.io%2Fsyncer%2F1%3Fdataid%3Ddata1%26uuid%3D,https://ads.pubmatic.com/AdServer/js/user_sync.html?p=156077&predirect=https%3A%2F%2Fsync-eu.connectad.io%2Fsyncer%2F1%3Fdataid%3Ddata1%26uuid%3D,https://ads.pubmatic.com/AdServer/js/showad.js#PIX&kdntuid=1&SPug=true&p=156077&predirect=https%3A%2F%2Fsync-eu.connectad.io%2Fsyncer%2F1%3Fdataid%3Ddata1%26uuid%3D&it=0&gdpr=0&np=0,https://ads.pubmatic.com/AdServer/js/showad.js#PIX&kdntuid=1&p=157369&gdpr=0&gdpr_consent=BOotW_eOotW_eDlABAENCr-AAAAm-AdAACAAoABsAGAAZAA4ACAAEgALQAZAA0ABwAD6AIoAjABMgCgAKIAWwA0ACEAEVAI4AkABNACfAFKALcAcgA_QDMAJPATe,https://ads.pubmatic.com/AdServer/js/showad.js#PIX&kdntuid=1&SPug=true&p=156077&predirect=https%3A%2F%2Fsync-eu.connectad.io%2Fsyncer%2F1%3Fdataid%3Ddata1%26uuid%3D&it=0&gdpr=1&gdpr_consent=BOotW_eOotW_eDlABAENCr-AAAAm-AdAACAAoABsAGAAZAA4ACAAEgALQAZAA0ABwAD6AIoAjABMgCgAKIAWwA0ACEAEVAI4AkABNACfAFKALcAcgA_QDMAJPATe&np=0,https://ads.pubmatic.com/AdServer/js/user_sync.html?gdpr_consent=&p=156423&predirect=https%3A%2F%2Fcms-xch.33across.com%2Fmatch%3Fgdpr%3D0%26gdpr_58%3D%26gdpr_consent%3D%26bidder_id%3D25%26external_user_id%3D,https://ads.pubmatic.com/AdServer/js/showad.js#PIX&kdntuid=1&p=157369&gdpr=0&gdpr_consent=BOotW_eOotW_eDlABAENCr-AAAAm-AdAACAAoABsAGAAZAA4ACAAEgALQAZAA0ABwAD6AIoAjABMgCgAKIAWwA0ACEAEVAI4AkABNACfAFKALcAcgA_QDMAJPATe,https://ads.pubmatic.com/AdServer/js/showad.js#PIX&kdntuid=1&SPug=true&p=156077&predirect=https%3A%2F%2Fsync-eu.connectad.io%2Fsyncer%2F1%3Fdataid%3Ddata1%26uuid%3D&it=0&gdpr=1&gdpr_consent=BOotW_eOotW_eDlABAENCr-AAAAm-AdAACAAoABsAGAAZAA4ACAAEgALQAZAA0ABwAD6AIoAjABMgCgAKIAWwA0ACEAEVAI4AkABNACfAFKALcAcgA_QDMAJPATe&np=0
2019-10-19 21:55:02,535 DEBUG    save to sessions_items.log
2019-10-19 21:55:02,535 DEBUG    ('127.0.0.1', 51514) - ASGI [176] Received {'type': 'http.response.start', 'status': 200, 'headers': '<...>'}
2019-10-19 21:55:02,535 INFO     ('127.0.0.1', 51514) - "POST /predict_next HTTP/1.1" 200
2019-10-19 21:55:02,535 DEBUG    ('127.0.0.1', 51514) - ASGI [176] Received {'type': 'http.response.body', 'body': '<659 bytes>'}
2019-10-19 21:55:02,535 DEBUG    ('127.0.0.1', 51514) - ASGI [176] Completed
2019-10-19 21:55:02,536 DEBUG    ('127.0.0.1', 51633) - ASGI [177] Started
2019-10-19 21:55:02,536 DEBUG    ('127.0.0.1', 51633) - ASGI [177] Sent {'type': 'http.request', 'body': '<437 bytes>', 'more_body': False}
2019-10-19 21:55:02,536 DEBUG    received items: https://image2.pubmatic.com/AdServer/Pug?vcode=bz0yJnR5cGU9MSZjb2RlPTgwNiZ0bD01MTg0MDA=&piggybackCookie=uid:3E5A17C66BBEAB5DBA665C330205A0DF,https://image2.pubmatic.com/AdServer/Pug?vcode=bz0yJnR5cGU9MSZqcz0xJmNvZGU9MzA2OSZ0bD0xMjk2MDA&piggybackCookie=8dd39c3f-2e36-4b41-b401-5b005deb5614,https://image2.pubmatic.com/AdServer/Pug?vcode=bz0yJnR5cGU9MSZjb2RlPTMyOTcmdGw9MTI5NjAw&piggybackCookie=AAcucU67V30AAD_GmvtW_g
2019-10-19 21:55:02,536 DEBUG    save to sessions_items.log
2019-10-19 21:55:02,537 DEBUG    ('127.0.0.1', 51633) - ASGI [177] Received {'type': 'http.response.start', 'status': 200, 'headers': '<...>'}
2019-10-19 21:55:02,537 INFO     ('127.0.0.1', 51633) - "POST /predict_next HTTP/1.1" 200
2019-10-19 21:55:02,537 DEBUG    ('127.0.0.1', 51633) - ASGI [177] Received {'type': 'http.response.body', 'body': '<273 bytes>'}
2019-10-19 21:55:02,537 DEBUG    ('127.0.0.1', 51633) - ASGI [177] Completed
2019-10-19 21:55:02,693 DEBUG    ('127.0.0.1', 51514) - ASGI [178] Started
2019-10-19 21:55:02,693 DEBUG    ('127.0.0.1', 51514) - ASGI [178] Sent {'type': 'http.request', 'body': '<860 bytes>', 'more_body': False}
2019-10-19 21:55:02,694 DEBUG    received items: https://simage2.pubmatic.com/AdServer/Pug?vcode=bz0yJnR5cGU9MSZjb2RlPTM2MiZ0bD00MzIwMA==&piggybackCookie=uid:d2fd5dab-b25d-4a00-87f1-4b31fa1377f8,https://simage2.pubmatic.com/AdServer/Pug?vcode=bz0yJnR5cGU9MSZqcz0xJmNvZGU9MTk2OSZ0bD0yNTkyMDA=&piggybackCookie=4d0d5301-bec9-4be5-913e-627e17e99b23,https://simage2.pubmatic.com/AdServer/Pug?vcode=bz0yJnR5cGU9MSZjb2RlPTMzMTUmdGw9MTI5NjAw&piggybackCookie=cuid_9d8c5f21-f2dc-11e9-9d5e-12c731858e46&gdpr=0,https://simage2.pubmatic.com/AdServer/Pug?vcode=bz0yJnR5cGU9MSZjb2RlPTMzMjYmdGw9MTI5NjAw&piggybackCookie=18072662387252429043,https://simage2.pubmatic.com/AdServer/Pug?vcode=bz0yJnR5cGU9MSZjb2RlPTMzMTQmdGw9MTI5NjAw&piggybackCookie=W68x4tnGVl.AikABlFt5t_i5g,https://simage2.pubmatic.com/AdServer/Pug?vcode=bz0yJnR5cGU9MSZjb2RlPTMwNzMmdGw9MTI5NjAw&piggybackCookie=Q6248228961194017911
2019-10-19 21:55:02,694 DEBUG    save to sessions_items.log
2019-10-19 21:55:02,695 DEBUG    ('127.0.0.1', 51514) - ASGI [178] Received {'type': 'http.response.start', 'status': 200, 'headers': '<...>'}
2019-10-19 21:55:02,695 INFO     ('127.0.0.1', 51514) - "POST /predict_next HTTP/1.1" 200
2019-10-19 21:55:02,695 DEBUG    ('127.0.0.1', 51514) - ASGI [178] Received {'type': 'http.response.body', 'body': '<271 bytes>'}
2019-10-19 21:55:02,695 DEBUG    ('127.0.0.1', 51514) - ASGI [178] Completed
2019-10-19 21:55:02,696 DEBUG    ('127.0.0.1', 51633) - ASGI [179] Started
2019-10-19 21:55:02,696 DEBUG    ('127.0.0.1', 51633) - ASGI [179] Sent {'type': 'http.request', 'body': '<83 bytes>', 'more_body': False}
2019-10-19 21:55:02,696 DEBUG    received items: https://pixel.tapad.com/idsync/ex/receive?partner_id=PUBMATIC_RTB
2019-10-19 21:55:02,697 DEBUG    save to sessions_items.log
2019-10-19 21:55:02,697 DEBUG    ('127.0.0.1', 51633) - ASGI [179] Received {'type': 'http.response.start', 'status': 200, 'headers': '<...>'}
2019-10-19 21:55:02,697 INFO     ('127.0.0.1', 51633) - "POST /predict_next HTTP/1.1" 200
2019-10-19 21:55:02,699 DEBUG    ('127.0.0.1', 51633) - ASGI [179] Received {'type': 'http.response.body', 'body': '<151 bytes>'}
2019-10-19 21:55:02,699 DEBUG    ('127.0.0.1', 51633) - ASGI [179] Completed
2019-10-19 21:55:02,910 DEBUG    ('127.0.0.1', 51828) - ASGI [180] Started
2019-10-19 21:55:02,911 DEBUG    ('127.0.0.1', 51828) - ASGI [180] Sent {'type': 'http.request', 'body': '<984 bytes>', 'more_body': False}
2019-10-19 21:55:02,911 DEBUG    received items: https://simage2.pubmatic.com/AdServer/Pug?vcode=bz0yJnR5cGU9MSZjb2RlPTM2MiZ0bD00MzIwMA==&piggybackCookie=uid:d2fd5dab-b25d-4a00-87f1-4b31fa1377f8,https://simage2.pubmatic.com/AdServer/Pug?vcode=bz0yJnR5cGU9MSZqcz0xJmNvZGU9MTk2OSZ0bD0yNTkyMDA=&piggybackCookie=4d0d5301-bec9-4be5-913e-627e17e99b23,https://simage2.pubmatic.com/AdServer/Pug?vcode=bz0yJnR5cGU9MSZjb2RlPTMzMTUmdGw9MTI5NjAw&piggybackCookie=cuid_9d8c5f21-f2dc-11e9-9d5e-12c731858e46&gdpr=0,https://simage2.pubmatic.com/AdServer/Pug?vcode=bz0yJnR5cGU9MSZjb2RlPTMzMjYmdGw9MTI5NjAw&piggybackCookie=18072662387252429043,https://simage2.pubmatic.com/AdServer/Pug?vcode=bz0yJnR5cGU9MSZjb2RlPTMzMTQmdGw9MTI5NjAw&piggybackCookie=W68x4tnGVl.AikABlFt5t_i5g,https://simage2.pubmatic.com/AdServer/Pug?vcode=bz0yJnR5cGU9MSZjb2RlPTMwNzMmdGw9MTI5NjAw&piggybackCookie=Q6248228961194017911,https://simage2.pubmatic.com/AdServer/Pug?vcode=bz0yJnR5cGU9MSZjb2RlPTM0MTgmdGw9NzIwMA==&piggybackCookie=00002465011D3B22
2019-10-19 21:55:02,912 DEBUG    save to sessions_items.log
2019-10-19 21:55:02,912 DEBUG    ('127.0.0.1', 51828) - ASGI [180] Received {'type': 'http.response.start', 'status': 200, 'headers': '<...>'}
2019-10-19 21:55:02,912 INFO     ('127.0.0.1', 51828) - "POST /predict_next HTTP/1.1" 200
2019-10-19 21:55:02,913 DEBUG    ('127.0.0.1', 51828) - ASGI [180] Received {'type': 'http.response.body', 'body': '<263 bytes>'}
2019-10-19 21:55:02,913 DEBUG    ('127.0.0.1', 51828) - ASGI [180] Completed
2019-10-19 21:55:02,917 DEBUG    ('127.0.0.1', 51514) - ASGI [181] Started
2019-10-19 21:55:02,917 DEBUG    ('127.0.0.1', 51514) - ASGI [181] Sent {'type': 'http.request', 'body': '<1128 bytes>', 'more_body': False}
2019-10-19 21:55:02,918 DEBUG    received items: https://simage2.pubmatic.com/AdServer/Pug?vcode=bz0yJnR5cGU9MSZjb2RlPTM2MiZ0bD00MzIwMA==&piggybackCookie=uid:d2fd5dab-b25d-4a00-87f1-4b31fa1377f8,https://simage2.pubmatic.com/AdServer/Pug?vcode=bz0yJnR5cGU9MSZqcz0xJmNvZGU9MTk2OSZ0bD0yNTkyMDA=&piggybackCookie=4d0d5301-bec9-4be5-913e-627e17e99b23,https://simage2.pubmatic.com/AdServer/Pug?vcode=bz0yJnR5cGU9MSZjb2RlPTMzMTUmdGw9MTI5NjAw&piggybackCookie=cuid_9d8c5f21-f2dc-11e9-9d5e-12c731858e46&gdpr=0,https://simage2.pubmatic.com/AdServer/Pug?vcode=bz0yJnR5cGU9MSZjb2RlPTMzMjYmdGw9MTI5NjAw&piggybackCookie=18072662387252429043,https://simage2.pubmatic.com/AdServer/Pug?vcode=bz0yJnR5cGU9MSZjb2RlPTMzMTQmdGw9MTI5NjAw&piggybackCookie=W68x4tnGVl.AikABlFt5t_i5g,https://simage2.pubmatic.com/AdServer/Pug?vcode=bz0yJnR5cGU9MSZjb2RlPTMwNzMmdGw9MTI5NjAw&piggybackCookie=Q6248228961194017911,https://simage2.pubmatic.com/AdServer/Pug?vcode=bz0yJnR5cGU9MSZjb2RlPTM0MTgmdGw9NzIwMA==&piggybackCookie=00002465011D3B22,https://simage2.pubmatic.com/AdServer/Pug?vcode=bz0yJnR5cGU9MSZjb2RlPTMzMDEmdGw9MTI5NjAw&piggybackCookie=9ec20110-f2dc-11e9-bc83-cdbb57005641
2019-10-19 21:55:02,918 DEBUG    save to sessions_items.log
2019-10-19 21:55:02,919 DEBUG    ('127.0.0.1', 51514) - ASGI [181] Received {'type': 'http.response.start', 'status': 200, 'headers': '<...>'}
2019-10-19 21:55:02,919 INFO     ('127.0.0.1', 51514) - "POST /predict_next HTTP/1.1" 200
2019-10-19 21:55:02,919 DEBUG    ('127.0.0.1', 51514) - ASGI [181] Received {'type': 'http.response.body', 'body': '<303 bytes>'}
2019-10-19 21:55:02,919 DEBUG    ('127.0.0.1', 51514) - ASGI [181] Completed
2019-10-19 21:55:03,051 DEBUG    ('127.0.0.1', 51633) - ASGI [182] Started
2019-10-19 21:55:03,052 DEBUG    ('127.0.0.1', 51633) - ASGI [182] Sent {'type': 'http.request', 'body': '<1260 bytes>', 'more_body': False}
2019-10-19 21:55:03,052 DEBUG    received items: https://simage2.pubmatic.com/AdServer/Pug?vcode=bz0yJnR5cGU9MSZjb2RlPTM2MiZ0bD00MzIwMA==&piggybackCookie=uid:d2fd5dab-b25d-4a00-87f1-4b31fa1377f8,https://simage2.pubmatic.com/AdServer/Pug?vcode=bz0yJnR5cGU9MSZqcz0xJmNvZGU9MTk2OSZ0bD0yNTkyMDA=&piggybackCookie=4d0d5301-bec9-4be5-913e-627e17e99b23,https://simage2.pubmatic.com/AdServer/Pug?vcode=bz0yJnR5cGU9MSZjb2RlPTMzMTUmdGw9MTI5NjAw&piggybackCookie=cuid_9d8c5f21-f2dc-11e9-9d5e-12c731858e46&gdpr=0,https://simage2.pubmatic.com/AdServer/Pug?vcode=bz0yJnR5cGU9MSZjb2RlPTMzMjYmdGw9MTI5NjAw&piggybackCookie=18072662387252429043,https://simage2.pubmatic.com/AdServer/Pug?vcode=bz0yJnR5cGU9MSZjb2RlPTMzMTQmdGw9MTI5NjAw&piggybackCookie=W68x4tnGVl.AikABlFt5t_i5g,https://simage2.pubmatic.com/AdServer/Pug?vcode=bz0yJnR5cGU9MSZjb2RlPTMwNzMmdGw9MTI5NjAw&piggybackCookie=Q6248228961194017911,https://simage2.pubmatic.com/AdServer/Pug?vcode=bz0yJnR5cGU9MSZjb2RlPTM0MTgmdGw9NzIwMA==&piggybackCookie=00002465011D3B22,https://simage2.pubmatic.com/AdServer/Pug?vcode=bz0yJnR5cGU9MSZjb2RlPTMzMDEmdGw9MTI5NjAw&piggybackCookie=9ec20110-f2dc-11e9-bc83-cdbb57005641,https://simage2.pubmatic.com/AdServer/Pug?vcode=bz0yJnR5cGU9MSZjb2RlPTMzNDMmdGw9MTI5NjAw&piggybackCookie=uid:-Y6Sg4-mleXr60H7pHg0
2019-10-19 21:55:03,053 DEBUG    save to sessions_items.log
2019-10-19 21:55:03,054 DEBUG    ('127.0.0.1', 51633) - ASGI [182] Received {'type': 'http.response.start', 'status': 200, 'headers': '<...>'}
2019-10-19 21:55:03,054 INFO     ('127.0.0.1', 51633) - "POST /predict_next HTTP/1.1" 200
2019-10-19 21:55:03,055 DEBUG    ('127.0.0.1', 51633) - ASGI [182] Received {'type': 'http.response.body', 'body': '<279 bytes>'}
2019-10-19 21:55:03,055 DEBUG    ('127.0.0.1', 51633) - ASGI [182] Completed
2019-10-19 21:55:03,056 DEBUG    ('127.0.0.1', 51819) - ASGI [183] Started
2019-10-19 21:55:03,056 DEBUG    ('127.0.0.1', 51819) - ASGI [183] Sent {'type': 'http.request', 'body': '<103 bytes>', 'more_body': False}
2019-10-19 21:55:03,057 DEBUG    received items: https://cdn3.doubleverify.com/bst2tv3.html,https://cdn3.doubleverify.com/t2tv7.html
2019-10-19 21:55:03,057 DEBUG    save to sessions_items.log
2019-10-19 21:55:03,058 DEBUG    ('127.0.0.1', 51819) - ASGI [183] Received {'type': 'http.response.start', 'status': 200, 'headers': '<...>'}
2019-10-19 21:55:03,058 INFO     ('127.0.0.1', 51819) - "POST /predict_next HTTP/1.1" 200
2019-10-19 21:55:03,058 DEBUG    ('127.0.0.1', 51819) - ASGI [183] Received {'type': 'http.response.body', 'body': '<101 bytes>'}
2019-10-19 21:55:03,058 DEBUG    ('127.0.0.1', 51819) - ASGI [183] Completed
2019-10-19 21:55:03,059 DEBUG    ('127.0.0.1', 51829) - ASGI [184] Started
2019-10-19 21:55:03,059 DEBUG    ('127.0.0.1', 51829) - ASGI [184] Sent {'type': 'http.request', 'body': '<2844 bytes>', 'more_body': False}
2019-10-19 21:55:03,060 DEBUG    received items: https://ads.pubmatic.com/AdServer/js/user_sync.html?p=156011&s=165626&predirect=https%3A%2F%2Fs.amazon-adsystem.com%2Fecm3%3Fid%3DPM_UID%26ex%3Dpubmatic.com&userIdMacro=PM_UID,https://ads.pubmatic.com/AdServer/js/showad.js#PIX&kdntuid=1&SPug=true&p=156011&s=165626&predirect=https%3A%2F%2Fs.amazon-adsystem.com%2Fecm3%3Fid%3DPM_UID%26ex%3Dpubmatic.com&userIdMacro=PM_UID&it=0&gdpr=0&np=0,https://ads.pubmatic.com/AdServer/js/showad.js#PIX&kdntuid=1&p=1743386&gdpr=0&gdpr_consent=BOotW_eOotW_eDlABAENCr-AAAAm-AdAACAAoABsAGAAZAA4ACAAEgALQAZAA0ABwAD6AIoAjABMgCgAKIAWwA0ACEAEVAI4AkABNACfAFKALcAcgA_QDMAJPATe,https://ads.pubmatic.com/AdServer/js/showad.js#PIX&kdntuid=1&p=157369&gdpr=0&gdpr_consent=BOotW_eOotW_eDlABAENCr-AAAAm-AdAACAAoABsAGAAZAA4ACAAEgALQAZAA0ABwAD6AIoAjABMgCgAKIAWwA0ACEAEVAI4AkABNACfAFKALcAcgA_QDMAJPATe,https://ads.pubmatic.com/AdServer/js/user_sync.html?p=156077&predirect=https%3A%2F%2Fsync-eu.connectad.io%2Fsyncer%2F1%3Fdataid%3Ddata1%26uuid%3D,https://ads.pubmatic.com/AdServer/js/user_sync.html?p=156077&predirect=https%3A%2F%2Fsync-eu.connectad.io%2Fsyncer%2F1%3Fdataid%3Ddata1%26uuid%3D,https://ads.pubmatic.com/AdServer/js/showad.js#PIX&kdntuid=1&SPug=true&p=156077&predirect=https%3A%2F%2Fsync-eu.connectad.io%2Fsyncer%2F1%3Fdataid%3Ddata1%26uuid%3D&it=0&gdpr=0&np=0,https://ads.pubmatic.com/AdServer/js/showad.js#PIX&kdntuid=1&p=157369&gdpr=0&gdpr_consent=BOotW_eOotW_eDlABAENCr-AAAAm-AdAACAAoABsAGAAZAA4ACAAEgALQAZAA0ABwAD6AIoAjABMgCgAKIAWwA0ACEAEVAI4AkABNACfAFKALcAcgA_QDMAJPATe,https://ads.pubmatic.com/AdServer/js/showad.js#PIX&kdntuid=1&SPug=true&p=156077&predirect=https%3A%2F%2Fsync-eu.connectad.io%2Fsyncer%2F1%3Fdataid%3Ddata1%26uuid%3D&it=0&gdpr=1&gdpr_consent=BOotW_eOotW_eDlABAENCr-AAAAm-AdAACAAoABsAGAAZAA4ACAAEgALQAZAA0ABwAD6AIoAjABMgCgAKIAWwA0ACEAEVAI4AkABNACfAFKALcAcgA_QDMAJPATe&np=0,https://ads.pubmatic.com/AdServer/js/user_sync.html?gdpr_consent=&p=156423&predirect=https%3A%2F%2Fcms-xch.33across.com%2Fmatch%3Fgdpr%3D0%26gdpr_58%3D%26gdpr_consent%3D%26bidder_id%3D25%26external_user_id%3D,https://ads.pubmatic.com/AdServer/js/showad.js#PIX&kdntuid=1&p=157369&gdpr=0&gdpr_consent=BOotW_eOotW_eDlABAENCr-AAAAm-AdAACAAoABsAGAAZAA4ACAAEgALQAZAA0ABwAD6AIoAjABMgCgAKIAWwA0ACEAEVAI4AkABNACfAFKALcAcgA_QDMAJPATe,https://ads.pubmatic.com/AdServer/js/showad.js#PIX&kdntuid=1&SPug=true&p=156077&predirect=https%3A%2F%2Fsync-eu.connectad.io%2Fsyncer%2F1%3Fdataid%3Ddata1%26uuid%3D&it=0&gdpr=1&gdpr_consent=BOotW_eOotW_eDlABAENCr-AAAAm-AdAACAAoABsAGAAZAA4ACAAEgALQAZAA0ABwAD6AIoAjABMgCgAKIAWwA0ACEAEVAI4AkABNACfAFKALcAcgA_QDMAJPATe&np=0,https://ads.pubmatic.com/AdServer/js/showad.js#PIX&kdntuid=1&SPug=true&p=156423&predirect=https%3A%2F%2Fcms-xch.33across.com%2Fmatch%3Fgdpr%3D0%26gdpr_58%3D%26gdpr_consent%3D%26bidder_id%3D25%26external_user_id%3D&it=0&gdpr=0&np=0
2019-10-19 21:55:03,060 DEBUG    save to sessions_items.log
2019-10-19 21:55:03,063 DEBUG    ('127.0.0.1', 51829) - ASGI [184] Received {'type': 'http.response.start', 'status': 200, 'headers': '<...>'}
2019-10-19 21:55:03,063 INFO     ('127.0.0.1', 51829) - "POST /predict_next HTTP/1.1" 200
2019-10-19 21:55:03,064 DEBUG    ('127.0.0.1', 51829) - ASGI [184] Received {'type': 'http.response.body', 'body': '<481 bytes>'}
2019-10-19 21:55:03,064 DEBUG    ('127.0.0.1', 51829) - ASGI [184] Completed
2019-10-19 21:55:03,096 DEBUG    ('127.0.0.1', 51514) - ASGI [185] Started
2019-10-19 21:55:03,097 DEBUG    ('127.0.0.1', 51514) - ASGI [185] Sent {'type': 'http.request', 'body': '<1387 bytes>', 'more_body': False}
2019-10-19 21:55:03,097 DEBUG    received items: https://simage2.pubmatic.com/AdServer/Pug?vcode=bz0yJnR5cGU9MSZjb2RlPTM2MiZ0bD00MzIwMA==&piggybackCookie=uid:d2fd5dab-b25d-4a00-87f1-4b31fa1377f8,https://simage2.pubmatic.com/AdServer/Pug?vcode=bz0yJnR5cGU9MSZqcz0xJmNvZGU9MTk2OSZ0bD0yNTkyMDA=&piggybackCookie=4d0d5301-bec9-4be5-913e-627e17e99b23,https://simage2.pubmatic.com/AdServer/Pug?vcode=bz0yJnR5cGU9MSZjb2RlPTMzMTUmdGw9MTI5NjAw&piggybackCookie=cuid_9d8c5f21-f2dc-11e9-9d5e-12c731858e46&gdpr=0,https://simage2.pubmatic.com/AdServer/Pug?vcode=bz0yJnR5cGU9MSZjb2RlPTMzMjYmdGw9MTI5NjAw&piggybackCookie=18072662387252429043,https://simage2.pubmatic.com/AdServer/Pug?vcode=bz0yJnR5cGU9MSZjb2RlPTMzMTQmdGw9MTI5NjAw&piggybackCookie=W68x4tnGVl.AikABlFt5t_i5g,https://simage2.pubmatic.com/AdServer/Pug?vcode=bz0yJnR5cGU9MSZjb2RlPTMwNzMmdGw9MTI5NjAw&piggybackCookie=Q6248228961194017911,https://simage2.pubmatic.com/AdServer/Pug?vcode=bz0yJnR5cGU9MSZjb2RlPTM0MTgmdGw9NzIwMA==&piggybackCookie=00002465011D3B22,https://simage2.pubmatic.com/AdServer/Pug?vcode=bz0yJnR5cGU9MSZjb2RlPTMzMDEmdGw9MTI5NjAw&piggybackCookie=9ec20110-f2dc-11e9-bc83-cdbb57005641,https://simage2.pubmatic.com/AdServer/Pug?vcode=bz0yJnR5cGU9MSZjb2RlPTMzNDMmdGw9MTI5NjAw&piggybackCookie=uid:-Y6Sg4-mleXr60H7pHg0,https://simage2.pubmatic.com/AdServer/Pug?vcode=bz0yJnR5cGU9MSZjb2RlPTMzNTYmdGw9NDMyMDA=&piggybackCookie=7981047338159745652
2019-10-19 21:55:03,098 DEBUG    save to sessions_items.log
2019-10-19 21:55:03,098 DEBUG    ('127.0.0.1', 51514) - ASGI [185] Received {'type': 'http.response.start', 'status': 200, 'headers': '<...>'}
2019-10-19 21:55:03,099 INFO     ('127.0.0.1', 51514) - "POST /predict_next HTTP/1.1" 200
2019-10-19 21:55:03,099 DEBUG    ('127.0.0.1', 51514) - ASGI [185] Received {'type': 'http.response.body', 'body': '<269 bytes>'}
2019-10-19 21:55:03,099 DEBUG    ('127.0.0.1', 51514) - ASGI [185] Completed
2019-10-19 21:55:03,107 DEBUG    ('127.0.0.1', 51829) - ASGI [186] Started
2019-10-19 21:55:03,107 DEBUG    ('127.0.0.1', 51829) - ASGI [186] Sent {'type': 'http.request', 'body': '<1514 bytes>', 'more_body': False}
2019-10-19 21:55:03,108 DEBUG    received items: https://simage2.pubmatic.com/AdServer/Pug?vcode=bz0yJnR5cGU9MSZjb2RlPTM2MiZ0bD00MzIwMA==&piggybackCookie=uid:d2fd5dab-b25d-4a00-87f1-4b31fa1377f8,https://simage2.pubmatic.com/AdServer/Pug?vcode=bz0yJnR5cGU9MSZqcz0xJmNvZGU9MTk2OSZ0bD0yNTkyMDA=&piggybackCookie=4d0d5301-bec9-4be5-913e-627e17e99b23,https://simage2.pubmatic.com/AdServer/Pug?vcode=bz0yJnR5cGU9MSZjb2RlPTMzMTUmdGw9MTI5NjAw&piggybackCookie=cuid_9d8c5f21-f2dc-11e9-9d5e-12c731858e46&gdpr=0,https://simage2.pubmatic.com/AdServer/Pug?vcode=bz0yJnR5cGU9MSZjb2RlPTMzMjYmdGw9MTI5NjAw&piggybackCookie=18072662387252429043,https://simage2.pubmatic.com/AdServer/Pug?vcode=bz0yJnR5cGU9MSZjb2RlPTMzMTQmdGw9MTI5NjAw&piggybackCookie=W68x4tnGVl.AikABlFt5t_i5g,https://simage2.pubmatic.com/AdServer/Pug?vcode=bz0yJnR5cGU9MSZjb2RlPTMwNzMmdGw9MTI5NjAw&piggybackCookie=Q6248228961194017911,https://simage2.pubmatic.com/AdServer/Pug?vcode=bz0yJnR5cGU9MSZjb2RlPTM0MTgmdGw9NzIwMA==&piggybackCookie=00002465011D3B22,https://simage2.pubmatic.com/AdServer/Pug?vcode=bz0yJnR5cGU9MSZjb2RlPTMzMDEmdGw9MTI5NjAw&piggybackCookie=9ec20110-f2dc-11e9-bc83-cdbb57005641,https://simage2.pubmatic.com/AdServer/Pug?vcode=bz0yJnR5cGU9MSZjb2RlPTMzNDMmdGw9MTI5NjAw&piggybackCookie=uid:-Y6Sg4-mleXr60H7pHg0,https://simage2.pubmatic.com/AdServer/Pug?vcode=bz0yJnR5cGU9MSZjb2RlPTMzNTYmdGw9NDMyMDA=&piggybackCookie=7981047338159745652,https://simage2.pubmatic.com/AdServer/Pug?vcode=bz0yJnR5cGU9MSZjb2RlPTM0MDEmdGw9NDMyMDA=&piggybackCookie=7981047338159745652
2019-10-19 21:55:03,108 DEBUG    save to sessions_items.log
2019-10-19 21:55:03,110 DEBUG    ('127.0.0.1', 51829) - ASGI [186] Received {'type': 'http.response.start', 'status': 200, 'headers': '<...>'}
2019-10-19 21:55:03,111 INFO     ('127.0.0.1', 51829) - "POST /predict_next HTTP/1.1" 200
2019-10-19 21:55:03,111 DEBUG    ('127.0.0.1', 51829) - ASGI [186] Received {'type': 'http.response.body', 'body': '<269 bytes>'}
2019-10-19 21:55:03,111 DEBUG    ('127.0.0.1', 51829) - ASGI [186] Completed
2019-10-19 21:55:03,121 DEBUG    ('127.0.0.1', 51819) - ASGI [187] Started
2019-10-19 21:55:03,122 DEBUG    ('127.0.0.1', 51819) - ASGI [187] Sent {'type': 'http.request', 'body': '<146 bytes>', 'more_body': False}
2019-10-19 21:55:03,122 DEBUG    received items: https://cdn3.doubleverify.com/bst2tv3.html,https://cdn3.doubleverify.com/t2tv7.html,https://cdn3.doubleverify.com/t2tv7.html
2019-10-19 21:55:03,123 DEBUG    save to sessions_items.log
2019-10-19 21:55:03,123 DEBUG    ('127.0.0.1', 51819) - ASGI [187] Received {'type': 'http.response.start', 'status': 200, 'headers': '<...>'}
2019-10-19 21:55:03,123 INFO     ('127.0.0.1', 51819) - "POST /predict_next HTTP/1.1" 200
2019-10-19 21:55:03,124 DEBUG    ('127.0.0.1', 51819) - ASGI [187] Received {'type': 'http.response.body', 'body': '<101 bytes>'}
2019-10-19 21:55:03,124 DEBUG    ('127.0.0.1', 51819) - ASGI [187] Completed
2019-10-19 21:55:03,150 DEBUG    ('127.0.0.1', 51514) - ASGI [188] Started
2019-10-19 21:55:03,150 DEBUG    ('127.0.0.1', 51514) - ASGI [188] Sent {'type': 'http.request', 'body': '<1665 bytes>', 'more_body': False}
2019-10-19 21:55:03,153 DEBUG    received items: https://simage2.pubmatic.com/AdServer/Pug?vcode=bz0yJnR5cGU9MSZjb2RlPTM2MiZ0bD00MzIwMA==&piggybackCookie=uid:d2fd5dab-b25d-4a00-87f1-4b31fa1377f8,https://simage2.pubmatic.com/AdServer/Pug?vcode=bz0yJnR5cGU9MSZqcz0xJmNvZGU9MTk2OSZ0bD0yNTkyMDA=&piggybackCookie=4d0d5301-bec9-4be5-913e-627e17e99b23,https://simage2.pubmatic.com/AdServer/Pug?vcode=bz0yJnR5cGU9MSZjb2RlPTMzMTUmdGw9MTI5NjAw&piggybackCookie=cuid_9d8c5f21-f2dc-11e9-9d5e-12c731858e46&gdpr=0,https://simage2.pubmatic.com/AdServer/Pug?vcode=bz0yJnR5cGU9MSZjb2RlPTMzMjYmdGw9MTI5NjAw&piggybackCookie=18072662387252429043,https://simage2.pubmatic.com/AdServer/Pug?vcode=bz0yJnR5cGU9MSZjb2RlPTMzMTQmdGw9MTI5NjAw&piggybackCookie=W68x4tnGVl.AikABlFt5t_i5g,https://simage2.pubmatic.com/AdServer/Pug?vcode=bz0yJnR5cGU9MSZjb2RlPTMwNzMmdGw9MTI5NjAw&piggybackCookie=Q6248228961194017911,https://simage2.pubmatic.com/AdServer/Pug?vcode=bz0yJnR5cGU9MSZjb2RlPTM0MTgmdGw9NzIwMA==&piggybackCookie=00002465011D3B22,https://simage2.pubmatic.com/AdServer/Pug?vcode=bz0yJnR5cGU9MSZjb2RlPTMzMDEmdGw9MTI5NjAw&piggybackCookie=9ec20110-f2dc-11e9-bc83-cdbb57005641,https://simage2.pubmatic.com/AdServer/Pug?vcode=bz0yJnR5cGU9MSZjb2RlPTMzNDMmdGw9MTI5NjAw&piggybackCookie=uid:-Y6Sg4-mleXr60H7pHg0,https://simage2.pubmatic.com/AdServer/Pug?vcode=bz0yJnR5cGU9MSZjb2RlPTMzNTYmdGw9NDMyMDA=&piggybackCookie=7981047338159745652,https://simage2.pubmatic.com/AdServer/Pug?vcode=bz0yJnR5cGU9MSZjb2RlPTM0MDEmdGw9NDMyMDA=&piggybackCookie=7981047338159745652,https://simage2.pubmatic.com/AdServer/Pug?vcode=bz0yJnR5cGU9MSZjb2RlPTMyMDMmdGw9NDMyMDA=&piggybackCookie=RX-5efbe7d9-b15b-4651-a355-1d5d8bef709a-001
2019-10-19 21:55:03,154 DEBUG    save to sessions_items.log
2019-10-19 21:55:03,154 DEBUG    ('127.0.0.1', 51514) - ASGI [188] Received {'type': 'http.response.start', 'status': 200, 'headers': '<...>'}
2019-10-19 21:55:03,154 INFO     ('127.0.0.1', 51514) - "POST /predict_next HTTP/1.1" 200
2019-10-19 21:55:03,154 DEBUG    ('127.0.0.1', 51514) - ASGI [188] Received {'type': 'http.response.body', 'body': '<317 bytes>'}
2019-10-19 21:55:03,155 DEBUG    ('127.0.0.1', 51514) - ASGI [188] Completed
2019-10-19 21:55:03,208 DEBUG    ('127.0.0.1', 51514) - ASGI [189] Started
2019-10-19 21:55:03,208 DEBUG    ('127.0.0.1', 51514) - ASGI [189] Sent {'type': 'http.request', 'body': '<1814 bytes>', 'more_body': False}
2019-10-19 21:55:03,209 DEBUG    received items: https://simage2.pubmatic.com/AdServer/Pug?vcode=bz0yJnR5cGU9MSZjb2RlPTM2MiZ0bD00MzIwMA==&piggybackCookie=uid:d2fd5dab-b25d-4a00-87f1-4b31fa1377f8,https://simage2.pubmatic.com/AdServer/Pug?vcode=bz0yJnR5cGU9MSZqcz0xJmNvZGU9MTk2OSZ0bD0yNTkyMDA=&piggybackCookie=4d0d5301-bec9-4be5-913e-627e17e99b23,https://simage2.pubmatic.com/AdServer/Pug?vcode=bz0yJnR5cGU9MSZjb2RlPTMzMTUmdGw9MTI5NjAw&piggybackCookie=cuid_9d8c5f21-f2dc-11e9-9d5e-12c731858e46&gdpr=0,https://simage2.pubmatic.com/AdServer/Pug?vcode=bz0yJnR5cGU9MSZjb2RlPTMzMjYmdGw9MTI5NjAw&piggybackCookie=18072662387252429043,https://simage2.pubmatic.com/AdServer/Pug?vcode=bz0yJnR5cGU9MSZjb2RlPTMzMTQmdGw9MTI5NjAw&piggybackCookie=W68x4tnGVl.AikABlFt5t_i5g,https://simage2.pubmatic.com/AdServer/Pug?vcode=bz0yJnR5cGU9MSZjb2RlPTMwNzMmdGw9MTI5NjAw&piggybackCookie=Q6248228961194017911,https://simage2.pubmatic.com/AdServer/Pug?vcode=bz0yJnR5cGU9MSZjb2RlPTM0MTgmdGw9NzIwMA==&piggybackCookie=00002465011D3B22,https://simage2.pubmatic.com/AdServer/Pug?vcode=bz0yJnR5cGU9MSZjb2RlPTMzMDEmdGw9MTI5NjAw&piggybackCookie=9ec20110-f2dc-11e9-bc83-cdbb57005641,https://simage2.pubmatic.com/AdServer/Pug?vcode=bz0yJnR5cGU9MSZjb2RlPTMzNDMmdGw9MTI5NjAw&piggybackCookie=uid:-Y6Sg4-mleXr60H7pHg0,https://simage2.pubmatic.com/AdServer/Pug?vcode=bz0yJnR5cGU9MSZjb2RlPTMzNTYmdGw9NDMyMDA=&piggybackCookie=7981047338159745652,https://simage2.pubmatic.com/AdServer/Pug?vcode=bz0yJnR5cGU9MSZjb2RlPTM0MDEmdGw9NDMyMDA=&piggybackCookie=7981047338159745652,https://simage2.pubmatic.com/AdServer/Pug?vcode=bz0yJnR5cGU9MSZjb2RlPTMyMDMmdGw9NDMyMDA=&piggybackCookie=RX-5efbe7d9-b15b-4651-a355-1d5d8bef709a-001,https://simage2.pubmatic.com/AdServer/Pug?vcode=bz0yJnR5cGU9MSZqcz0xJmNvZGU9MzMxOSZ0bD0xMjk2MDA=&ev=1&ev=1&piggybackCookie=8pOuMFbhPbGA&pid=557219
2019-10-19 21:55:03,209 DEBUG    save to sessions_items.log
2019-10-19 21:55:03,210 DEBUG    ('127.0.0.1', 51514) - ASGI [189] Received {'type': 'http.response.start', 'status': 200, 'headers': '<...>'}
2019-10-19 21:55:03,210 INFO     ('127.0.0.1', 51514) - "POST /predict_next HTTP/1.1" 200
2019-10-19 21:55:03,210 DEBUG    ('127.0.0.1', 51514) - ASGI [189] Received {'type': 'http.response.body', 'body': '<313 bytes>'}
2019-10-19 21:55:03,210 DEBUG    ('127.0.0.1', 51514) - ASGI [189] Completed
2019-10-19 21:55:03,314 DEBUG    ('127.0.0.1', 51514) - ASGI [190] Started
2019-10-19 21:55:03,314 DEBUG    ('127.0.0.1', 51514) - ASGI [190] Sent {'type': 'http.request', 'body': '<596 bytes>', 'more_body': False}
2019-10-19 21:55:03,315 DEBUG    received items: https://image2.pubmatic.com/AdServer/Pug?vcode=bz0yJnR5cGU9MSZjb2RlPTgwNiZ0bD01MTg0MDA=&piggybackCookie=uid:3E5A17C66BBEAB5DBA665C330205A0DF,https://image2.pubmatic.com/AdServer/Pug?vcode=bz0yJnR5cGU9MSZqcz0xJmNvZGU9MzA2OSZ0bD0xMjk2MDA&piggybackCookie=8dd39c3f-2e36-4b41-b401-5b005deb5614,https://image2.pubmatic.com/AdServer/Pug?vcode=bz0yJnR5cGU9MSZjb2RlPTMyOTcmdGw9MTI5NjAw&piggybackCookie=AAcucU67V30AAD_GmvtW_g,https://image2.pubmatic.com/AdServer/Pug?vcode=bz0yJnR5cGU9MSZjb2RlPTMxNjAmdGw9MTI5NjAw&piggybackCookie=uid:90356bcd-fed7-4206-b33f-71193e507b8f-tuct4a543f0
2019-10-19 21:55:03,315 DEBUG    save to sessions_items.log
2019-10-19 21:55:03,316 DEBUG    ('127.0.0.1', 51514) - ASGI [190] Received {'type': 'http.response.start', 'status': 200, 'headers': '<...>'}
2019-10-19 21:55:03,316 INFO     ('127.0.0.1', 51514) - "POST /predict_next HTTP/1.1" 200
2019-10-19 21:55:03,316 DEBUG    ('127.0.0.1', 51514) - ASGI [190] Received {'type': 'http.response.body', 'body': '<333 bytes>'}
2019-10-19 21:55:03,316 DEBUG    ('127.0.0.1', 51514) - ASGI [190] Completed
2019-10-19 21:55:03,521 DEBUG    ('127.0.0.1', 51514) - ASGI [191] Started
2019-10-19 21:55:03,523 DEBUG    ('127.0.0.1', 51514) - ASGI [191] Sent {'type': 'http.request', 'body': '<197 bytes>', 'more_body': False}
2019-10-19 21:55:03,525 DEBUG    received items: https://ul1.dvtps.com/cfbc.htm?ifba=0&rurl=https%3A%2F%2Ftps10211.doubleverify.com%2Fevent.gif%3Fimpid%3D62dc8314ac2a4964b9d2cb4760dfe65e%26rtcid%3D%7Brtcid%7D%26ifbc%3D%7Bifbc%7D
2019-10-19 21:55:03,525 DEBUG    save to sessions_items.log
2019-10-19 21:55:03,526 DEBUG    ('127.0.0.1', 51514) - ASGI [191] Received {'type': 'http.response.start', 'status': 200, 'headers': '<...>'}
2019-10-19 21:55:03,527 INFO     ('127.0.0.1', 51514) - "POST /predict_next HTTP/1.1" 200
2019-10-19 21:55:03,527 DEBUG    ('127.0.0.1', 51514) - ASGI [191] Received {'type': 'http.response.body', 'body': '<379 bytes>'}
2019-10-19 21:55:03,527 DEBUG    ('127.0.0.1', 51514) - ASGI [191] Completed
2019-10-19 21:55:05,008 DEBUG    ('127.0.0.1', 51514) - ASGI [192] Started
2019-10-19 21:55:05,008 DEBUG    ('127.0.0.1', 51514) - ASGI [192] Sent {'type': 'http.request', 'body': '<3166 bytes>', 'more_body': False}
2019-10-19 21:55:05,009 DEBUG    received items: https://ads.pubmatic.com/AdServer/js/user_sync.html?p=156011&s=165626&predirect=https%3A%2F%2Fs.amazon-adsystem.com%2Fecm3%3Fid%3DPM_UID%26ex%3Dpubmatic.com&userIdMacro=PM_UID,https://ads.pubmatic.com/AdServer/js/showad.js#PIX&kdntuid=1&SPug=true&p=156011&s=165626&predirect=https%3A%2F%2Fs.amazon-adsystem.com%2Fecm3%3Fid%3DPM_UID%26ex%3Dpubmatic.com&userIdMacro=PM_UID&it=0&gdpr=0&np=0,https://ads.pubmatic.com/AdServer/js/showad.js#PIX&kdntuid=1&p=1743386&gdpr=0&gdpr_consent=BOotW_eOotW_eDlABAENCr-AAAAm-AdAACAAoABsAGAAZAA4ACAAEgALQAZAA0ABwAD6AIoAjABMgCgAKIAWwA0ACEAEVAI4AkABNACfAFKALcAcgA_QDMAJPATe,https://ads.pubmatic.com/AdServer/js/showad.js#PIX&kdntuid=1&p=157369&gdpr=0&gdpr_consent=BOotW_eOotW_eDlABAENCr-AAAAm-AdAACAAoABsAGAAZAA4ACAAEgALQAZAA0ABwAD6AIoAjABMgCgAKIAWwA0ACEAEVAI4AkABNACfAFKALcAcgA_QDMAJPATe,https://ads.pubmatic.com/AdServer/js/user_sync.html?p=156077&predirect=https%3A%2F%2Fsync-eu.connectad.io%2Fsyncer%2F1%3Fdataid%3Ddata1%26uuid%3D,https://ads.pubmatic.com/AdServer/js/user_sync.html?p=156077&predirect=https%3A%2F%2Fsync-eu.connectad.io%2Fsyncer%2F1%3Fdataid%3Ddata1%26uuid%3D,https://ads.pubmatic.com/AdServer/js/showad.js#PIX&kdntuid=1&SPug=true&p=156077&predirect=https%3A%2F%2Fsync-eu.connectad.io%2Fsyncer%2F1%3Fdataid%3Ddata1%26uuid%3D&it=0&gdpr=0&np=0,https://ads.pubmatic.com/AdServer/js/showad.js#PIX&kdntuid=1&p=157369&gdpr=0&gdpr_consent=BOotW_eOotW_eDlABAENCr-AAAAm-AdAACAAoABsAGAAZAA4ACAAEgALQAZAA0ABwAD6AIoAjABMgCgAKIAWwA0ACEAEVAI4AkABNACfAFKALcAcgA_QDMAJPATe,https://ads.pubmatic.com/AdServer/js/showad.js#PIX&kdntuid=1&SPug=true&p=156077&predirect=https%3A%2F%2Fsync-eu.connectad.io%2Fsyncer%2F1%3Fdataid%3Ddata1%26uuid%3D&it=0&gdpr=1&gdpr_consent=BOotW_eOotW_eDlABAENCr-AAAAm-AdAACAAoABsAGAAZAA4ACAAEgALQAZAA0ABwAD6AIoAjABMgCgAKIAWwA0ACEAEVAI4AkABNACfAFKALcAcgA_QDMAJPATe&np=0,https://ads.pubmatic.com/AdServer/js/user_sync.html?gdpr_consent=&p=156423&predirect=https%3A%2F%2Fcms-xch.33across.com%2Fmatch%3Fgdpr%3D0%26gdpr_58%3D%26gdpr_consent%3D%26bidder_id%3D25%26external_user_id%3D,https://ads.pubmatic.com/AdServer/js/showad.js#PIX&kdntuid=1&p=157369&gdpr=0&gdpr_consent=BOotW_eOotW_eDlABAENCr-AAAAm-AdAACAAoABsAGAAZAA4ACAAEgALQAZAA0ABwAD6AIoAjABMgCgAKIAWwA0ACEAEVAI4AkABNACfAFKALcAcgA_QDMAJPATe,https://ads.pubmatic.com/AdServer/js/showad.js#PIX&kdntuid=1&SPug=true&p=156077&predirect=https%3A%2F%2Fsync-eu.connectad.io%2Fsyncer%2F1%3Fdataid%3Ddata1%26uuid%3D&it=0&gdpr=1&gdpr_consent=BOotW_eOotW_eDlABAENCr-AAAAm-AdAACAAoABsAGAAZAA4ACAAEgALQAZAA0ABwAD6AIoAjABMgCgAKIAWwA0ACEAEVAI4AkABNACfAFKALcAcgA_QDMAJPATe&np=0,https://ads.pubmatic.com/AdServer/js/showad.js#PIX&kdntuid=1&SPug=true&p=156423&predirect=https%3A%2F%2Fcms-xch.33across.com%2Fmatch%3Fgdpr%3D0%26gdpr_58%3D%26gdpr_consent%3D%26bidder_id%3D25%26external_user_id%3D&it=0&gdpr=0&np=0,https://ads.pubmatic.com/AdServer/js/showad.js#PIX&kdntuid=1&SPug=true&p=156077&predirect=https%3A%2F%2Fsync-eu.connectad.io%2Fsyncer%2F1%3Fdataid%3Ddata1%26uuid%3D&it=0&gdpr=1&gdpr_consent=BOotW_eOotW_eDlABAENCr-AAAAm-AdAACAAoABsAGAAZAA4ACAAEgALQAZAA0ABwAD6AIoAjABMgCgAKIAWwA0ACEAEVAI4AkABNACfAFKALcAcgA_QDMAJPATe&np=0
2019-10-19 21:55:05,009 DEBUG    save to sessions_items.log
2019-10-19 21:55:05,010 DEBUG    ('127.0.0.1', 51514) - ASGI [192] Received {'type': 'http.response.start', 'status': 200, 'headers': '<...>'}
2019-10-19 21:55:05,010 INFO     ('127.0.0.1', 51514) - "POST /predict_next HTTP/1.1" 200
2019-10-19 21:55:05,011 DEBUG    ('127.0.0.1', 51514) - ASGI [192] Received {'type': 'http.response.body', 'body': '<659 bytes>'}
2019-10-19 21:55:05,011 DEBUG    ('127.0.0.1', 51514) - ASGI [192] Completed
2019-10-19 21:55:05,137 DEBUG    ('127.0.0.1', 51514) - ASGI [193] Started
2019-10-19 21:55:05,137 DEBUG    ('127.0.0.1', 51514) - ASGI [193] Sent {'type': 'http.request', 'body': '<1341 bytes>', 'more_body': False}
2019-10-19 21:55:05,138 DEBUG    received items: https://sync-eu.connectad.io/syncer/1,https://sync-eu.connectad.io/syncer/1,https://sync-eu.connectad.io/syncer/1?dataid=data5&uuid=d72d00d2-5495-0f63-39d8-df2050bab74a,https://sync-eu.connectad.io/syncer/1?bidder=appnexus&dataid=data11&uuid=7981047338159745652,https://sync-eu.connectad.io/syncer/1?bidder=sovrn&dataid=data12&uuid=eeacabbfbee45592a442623f,https://sync-eu.connectad.io/syncer/1?bidder=idx&dataid=data13&uuid=Xau.Y9HM5zgAAEhoongAAAB9%26041,https://sync-eu.connectad.io/syncer/1?bidder=appnexus&dataid=data11&uuid=7981047338159745652,https://sync-eu.connectad.io/syncer/1?bidder=adform&dataid=data4&uuid=3912233068022959670,https://sync-eu.connectad.io/syncer/1?dataid=data5&uuid=d72d00d2-5495-0f63-39d8-df2050bab74a,https://sync-eu.connectad.io/syncer/1?bidder=sovrn&dataid=data12&uuid=eeacabbfbee45592a442623f,https://sync-eu.connectad.io/syncer/1?bidder=idx&dataid=data13&uuid=Xau.Y9HM5zgAAEhoongAAAB9%26041,https://sync-eu.connectad.io/pixel/1?dataid=data3&uuid=19fc55c8-262c-43d7-850b-18ee9ba53b56,https://sync-eu.connectad.io/pixel/1?dataid=data3&uuid=19fc55c8-262c-43d7-850b-18ee9ba53b56,https://sync-eu.connectad.io/syncer/1?dataid=data1&uuid=9D0A4133-29CB-4408-ABCC-8C799074A43D,https://sync-eu.connectad.io/syncer/1?dataid=data1&uuid=9D0A4133-29CB-4408-ABCC-8C799074A43D
2019-10-19 21:55:05,138 DEBUG    save to sessions_items.log
2019-10-19 21:55:05,139 DEBUG    ('127.0.0.1', 51514) - ASGI [193] Received {'type': 'http.response.start', 'status': 200, 'headers': '<...>'}
2019-10-19 21:55:05,139 INFO     ('127.0.0.1', 51514) - "POST /predict_next HTTP/1.1" 200
2019-10-19 21:55:05,139 DEBUG    ('127.0.0.1', 51514) - ASGI [193] Received {'type': 'http.response.body', 'body': '<205 bytes>'}
2019-10-19 21:55:05,139 DEBUG    ('127.0.0.1', 51514) - ASGI [193] Completed
2019-10-19 21:55:05,240 DEBUG    ('127.0.0.1', 51514) - ASGI [194] Started
2019-10-19 21:55:05,240 DEBUG    ('127.0.0.1', 51514) - ASGI [194] Sent {'type': 'http.request', 'body': '<3399 bytes>', 'more_body': False}
2019-10-19 21:55:05,241 DEBUG    received items: https://ads.pubmatic.com/AdServer/js/user_sync.html?p=156011&s=165626&predirect=https%3A%2F%2Fs.amazon-adsystem.com%2Fecm3%3Fid%3DPM_UID%26ex%3Dpubmatic.com&userIdMacro=PM_UID,https://ads.pubmatic.com/AdServer/js/showad.js#PIX&kdntuid=1&SPug=true&p=156011&s=165626&predirect=https%3A%2F%2Fs.amazon-adsystem.com%2Fecm3%3Fid%3DPM_UID%26ex%3Dpubmatic.com&userIdMacro=PM_UID&it=0&gdpr=0&np=0,https://ads.pubmatic.com/AdServer/js/showad.js#PIX&kdntuid=1&p=1743386&gdpr=0&gdpr_consent=BOotW_eOotW_eDlABAENCr-AAAAm-AdAACAAoABsAGAAZAA4ACAAEgALQAZAA0ABwAD6AIoAjABMgCgAKIAWwA0ACEAEVAI4AkABNACfAFKALcAcgA_QDMAJPATe,https://ads.pubmatic.com/AdServer/js/showad.js#PIX&kdntuid=1&p=157369&gdpr=0&gdpr_consent=BOotW_eOotW_eDlABAENCr-AAAAm-AdAACAAoABsAGAAZAA4ACAAEgALQAZAA0ABwAD6AIoAjABMgCgAKIAWwA0ACEAEVAI4AkABNACfAFKALcAcgA_QDMAJPATe,https://ads.pubmatic.com/AdServer/js/user_sync.html?p=156077&predirect=https%3A%2F%2Fsync-eu.connectad.io%2Fsyncer%2F1%3Fdataid%3Ddata1%26uuid%3D,https://ads.pubmatic.com/AdServer/js/user_sync.html?p=156077&predirect=https%3A%2F%2Fsync-eu.connectad.io%2Fsyncer%2F1%3Fdataid%3Ddata1%26uuid%3D,https://ads.pubmatic.com/AdServer/js/showad.js#PIX&kdntuid=1&SPug=true&p=156077&predirect=https%3A%2F%2Fsync-eu.connectad.io%2Fsyncer%2F1%3Fdataid%3Ddata1%26uuid%3D&it=0&gdpr=0&np=0,https://ads.pubmatic.com/AdServer/js/showad.js#PIX&kdntuid=1&p=157369&gdpr=0&gdpr_consent=BOotW_eOotW_eDlABAENCr-AAAAm-AdAACAAoABsAGAAZAA4ACAAEgALQAZAA0ABwAD6AIoAjABMgCgAKIAWwA0ACEAEVAI4AkABNACfAFKALcAcgA_QDMAJPATe,https://ads.pubmatic.com/AdServer/js/showad.js#PIX&kdntuid=1&SPug=true&p=156077&predirect=https%3A%2F%2Fsync-eu.connectad.io%2Fsyncer%2F1%3Fdataid%3Ddata1%26uuid%3D&it=0&gdpr=1&gdpr_consent=BOotW_eOotW_eDlABAENCr-AAAAm-AdAACAAoABsAGAAZAA4ACAAEgALQAZAA0ABwAD6AIoAjABMgCgAKIAWwA0ACEAEVAI4AkABNACfAFKALcAcgA_QDMAJPATe&np=0,https://ads.pubmatic.com/AdServer/js/user_sync.html?gdpr_consent=&p=156423&predirect=https%3A%2F%2Fcms-xch.33across.com%2Fmatch%3Fgdpr%3D0%26gdpr_58%3D%26gdpr_consent%3D%26bidder_id%3D25%26external_user_id%3D,https://ads.pubmatic.com/AdServer/js/showad.js#PIX&kdntuid=1&p=157369&gdpr=0&gdpr_consent=BOotW_eOotW_eDlABAENCr-AAAAm-AdAACAAoABsAGAAZAA4ACAAEgALQAZAA0ABwAD6AIoAjABMgCgAKIAWwA0ACEAEVAI4AkABNACfAFKALcAcgA_QDMAJPATe,https://ads.pubmatic.com/AdServer/js/showad.js#PIX&kdntuid=1&SPug=true&p=156077&predirect=https%3A%2F%2Fsync-eu.connectad.io%2Fsyncer%2F1%3Fdataid%3Ddata1%26uuid%3D&it=0&gdpr=1&gdpr_consent=BOotW_eOotW_eDlABAENCr-AAAAm-AdAACAAoABsAGAAZAA4ACAAEgALQAZAA0ABwAD6AIoAjABMgCgAKIAWwA0ACEAEVAI4AkABNACfAFKALcAcgA_QDMAJPATe&np=0,https://ads.pubmatic.com/AdServer/js/showad.js#PIX&kdntuid=1&SPug=true&p=156423&predirect=https%3A%2F%2Fcms-xch.33across.com%2Fmatch%3Fgdpr%3D0%26gdpr_58%3D%26gdpr_consent%3D%26bidder_id%3D25%26external_user_id%3D&it=0&gdpr=0&np=0,https://ads.pubmatic.com/AdServer/js/showad.js#PIX&kdntuid=1&SPug=true&p=156077&predirect=https%3A%2F%2Fsync-eu.connectad.io%2Fsyncer%2F1%3Fdataid%3Ddata1%26uuid%3D&it=0&gdpr=1&gdpr_consent=BOotW_eOotW_eDlABAENCr-AAAAm-AdAACAAoABsAGAAZAA4ACAAEgALQAZAA0ABwAD6AIoAjABMgCgAKIAWwA0ACEAEVAI4AkABNACfAFKALcAcgA_QDMAJPATe&np=0,https://ads.pubmatic.com/AdServer/js/showad.js#PIX&kdntuid=1&SPug=true&p=156423&predirect=https%3A%2F%2Fcms-xch.33across.com%2Fmatch%3Fgdpr%3D0%26gdpr_58%3D%26gdpr_consent%3D%26bidder_id%3D25%26external_user_id%3D&it=0&gdpr=0&np=0
2019-10-19 21:55:05,241 DEBUG    save to sessions_items.log
2019-10-19 21:55:05,242 DEBUG    ('127.0.0.1', 51514) - ASGI [194] Received {'type': 'http.response.start', 'status': 200, 'headers': '<...>'}
2019-10-19 21:55:05,242 INFO     ('127.0.0.1', 51514) - "POST /predict_next HTTP/1.1" 200
2019-10-19 21:55:05,242 DEBUG    ('127.0.0.1', 51514) - ASGI [194] Received {'type': 'http.response.body', 'body': '<481 bytes>'}
2019-10-19 21:55:05,242 DEBUG    ('127.0.0.1', 51514) - ASGI [194] Completed
2019-10-19 21:55:05,470 DEBUG    ('127.0.0.1', 51514) - ASGI [195] Started
2019-10-19 21:55:05,470 DEBUG    ('127.0.0.1', 51514) - ASGI [195] Sent {'type': 'http.request', 'body': '<149 bytes>', 'more_body': False}
2019-10-19 21:55:05,471 DEBUG    received items: https://cms-xch.33across.com/match?gdpr=0&gdpr_58=&gdpr_consent=&bidder_id=25&external_user_id=9D0A4133-29CB-4408-ABCC-8C799074A43D
2019-10-19 21:55:05,471 DEBUG    save to sessions_items.log
2019-10-19 21:55:05,472 DEBUG    ('127.0.0.1', 51514) - ASGI [195] Received {'type': 'http.response.start', 'status': 200, 'headers': '<...>'}
2019-10-19 21:55:05,472 INFO     ('127.0.0.1', 51514) - "POST /predict_next HTTP/1.1" 200
2019-10-19 21:55:05,472 DEBUG    ('127.0.0.1', 51514) - ASGI [195] Received {'type': 'http.response.body', 'body': '<283 bytes>'}
2019-10-19 21:55:05,472 DEBUG    ('127.0.0.1', 51514) - ASGI [195] Completed
2019-10-19 21:55:07,916 DEBUG    ('127.0.0.1', 51828) - Disconnected
2019-10-19 21:55:08,059 DEBUG    ('127.0.0.1', 51633) - Disconnected
2019-10-19 21:55:08,114 DEBUG    ('127.0.0.1', 51829) - Disconnected
2019-10-19 21:55:08,126 DEBUG    ('127.0.0.1', 51819) - Disconnected
2019-10-19 21:55:10,473 DEBUG    ('127.0.0.1', 51514) - Disconnected
2019-10-19 21:55:15,573 DEBUG    ('127.0.0.1', 51908) - Connected
2019-10-19 21:55:15,574 DEBUG    ('127.0.0.1', 51908) - ASGI [196] Started
2019-10-19 21:55:15,575 DEBUG    ('127.0.0.1', 51908) - ASGI [196] Sent {'type': 'http.request', 'body': '<3613 bytes>', 'more_body': False}
2019-10-19 21:55:15,575 DEBUG    received items: https://ads.pubmatic.com/AdServer/js/user_sync.html?p=156011&s=165626&predirect=https%3A%2F%2Fs.amazon-adsystem.com%2Fecm3%3Fid%3DPM_UID%26ex%3Dpubmatic.com&userIdMacro=PM_UID,https://ads.pubmatic.com/AdServer/js/showad.js#PIX&kdntuid=1&SPug=true&p=156011&s=165626&predirect=https%3A%2F%2Fs.amazon-adsystem.com%2Fecm3%3Fid%3DPM_UID%26ex%3Dpubmatic.com&userIdMacro=PM_UID&it=0&gdpr=0&np=0,https://ads.pubmatic.com/AdServer/js/showad.js#PIX&kdntuid=1&p=1743386&gdpr=0&gdpr_consent=BOotW_eOotW_eDlABAENCr-AAAAm-AdAACAAoABsAGAAZAA4ACAAEgALQAZAA0ABwAD6AIoAjABMgCgAKIAWwA0ACEAEVAI4AkABNACfAFKALcAcgA_QDMAJPATe,https://ads.pubmatic.com/AdServer/js/showad.js#PIX&kdntuid=1&p=157369&gdpr=0&gdpr_consent=BOotW_eOotW_eDlABAENCr-AAAAm-AdAACAAoABsAGAAZAA4ACAAEgALQAZAA0ABwAD6AIoAjABMgCgAKIAWwA0ACEAEVAI4AkABNACfAFKALcAcgA_QDMAJPATe,https://ads.pubmatic.com/AdServer/js/user_sync.html?p=156077&predirect=https%3A%2F%2Fsync-eu.connectad.io%2Fsyncer%2F1%3Fdataid%3Ddata1%26uuid%3D,https://ads.pubmatic.com/AdServer/js/user_sync.html?p=156077&predirect=https%3A%2F%2Fsync-eu.connectad.io%2Fsyncer%2F1%3Fdataid%3Ddata1%26uuid%3D,https://ads.pubmatic.com/AdServer/js/showad.js#PIX&kdntuid=1&SPug=true&p=156077&predirect=https%3A%2F%2Fsync-eu.connectad.io%2Fsyncer%2F1%3Fdataid%3Ddata1%26uuid%3D&it=0&gdpr=0&np=0,https://ads.pubmatic.com/AdServer/js/showad.js#PIX&kdntuid=1&p=157369&gdpr=0&gdpr_consent=BOotW_eOotW_eDlABAENCr-AAAAm-AdAACAAoABsAGAAZAA4ACAAEgALQAZAA0ABwAD6AIoAjABMgCgAKIAWwA0ACEAEVAI4AkABNACfAFKALcAcgA_QDMAJPATe,https://ads.pubmatic.com/AdServer/js/showad.js#PIX&kdntuid=1&SPug=true&p=156077&predirect=https%3A%2F%2Fsync-eu.connectad.io%2Fsyncer%2F1%3Fdataid%3Ddata1%26uuid%3D&it=0&gdpr=1&gdpr_consent=BOotW_eOotW_eDlABAENCr-AAAAm-AdAACAAoABsAGAAZAA4ACAAEgALQAZAA0ABwAD6AIoAjABMgCgAKIAWwA0ACEAEVAI4AkABNACfAFKALcAcgA_QDMAJPATe&np=0,https://ads.pubmatic.com/AdServer/js/user_sync.html?gdpr_consent=&p=156423&predirect=https%3A%2F%2Fcms-xch.33across.com%2Fmatch%3Fgdpr%3D0%26gdpr_58%3D%26gdpr_consent%3D%26bidder_id%3D25%26external_user_id%3D,https://ads.pubmatic.com/AdServer/js/showad.js#PIX&kdntuid=1&p=157369&gdpr=0&gdpr_consent=BOotW_eOotW_eDlABAENCr-AAAAm-AdAACAAoABsAGAAZAA4ACAAEgALQAZAA0ABwAD6AIoAjABMgCgAKIAWwA0ACEAEVAI4AkABNACfAFKALcAcgA_QDMAJPATe,https://ads.pubmatic.com/AdServer/js/showad.js#PIX&kdntuid=1&SPug=true&p=156077&predirect=https%3A%2F%2Fsync-eu.connectad.io%2Fsyncer%2F1%3Fdataid%3Ddata1%26uuid%3D&it=0&gdpr=1&gdpr_consent=BOotW_eOotW_eDlABAENCr-AAAAm-AdAACAAoABsAGAAZAA4ACAAEgALQAZAA0ABwAD6AIoAjABMgCgAKIAWwA0ACEAEVAI4AkABNACfAFKALcAcgA_QDMAJPATe&np=0,https://ads.pubmatic.com/AdServer/js/showad.js#PIX&kdntuid=1&SPug=true&p=156423&predirect=https%3A%2F%2Fcms-xch.33across.com%2Fmatch%3Fgdpr%3D0%26gdpr_58%3D%26gdpr_consent%3D%26bidder_id%3D25%26external_user_id%3D&it=0&gdpr=0&np=0,https://ads.pubmatic.com/AdServer/js/showad.js#PIX&kdntuid=1&SPug=true&p=156077&predirect=https%3A%2F%2Fsync-eu.connectad.io%2Fsyncer%2F1%3Fdataid%3Ddata1%26uuid%3D&it=0&gdpr=1&gdpr_consent=BOotW_eOotW_eDlABAENCr-AAAAm-AdAACAAoABsAGAAZAA4ACAAEgALQAZAA0ABwAD6AIoAjABMgCgAKIAWwA0ACEAEVAI4AkABNACfAFKALcAcgA_QDMAJPATe&np=0,https://ads.pubmatic.com/AdServer/js/showad.js#PIX&kdntuid=1&SPug=true&p=156423&predirect=https%3A%2F%2Fcms-xch.33across.com%2Fmatch%3Fgdpr%3D0%26gdpr_58%3D%26gdpr_consent%3D%26bidder_id%3D25%26external_user_id%3D&it=0&gdpr=0&np=0,https://ads.pubmatic.com/AdServer/js/showad.js#PIX&kdntuid=1&SPug=true&p=156011&s=165626&predirect=https%3A%2F%2Fs.amazon-adsystem.com%2Fecm3%3Fid%3DPM_UID%26ex%3Dpubmatic.com&userIdMacro=PM_UID&it=0&gdpr=0&np=0
2019-10-19 21:55:15,575 DEBUG    save to sessions_items.log
2019-10-19 21:55:15,576 DEBUG    ('127.0.0.1', 51908) - ASGI [196] Received {'type': 'http.response.start', 'status': 200, 'headers': '<...>'}
2019-10-19 21:55:15,576 INFO     ('127.0.0.1', 51908) - "POST /predict_next HTTP/1.1" 200
2019-10-19 21:55:15,576 DEBUG    ('127.0.0.1', 51908) - ASGI [196] Received {'type': 'http.response.body', 'body': '<443 bytes>'}
2019-10-19 21:55:15,576 DEBUG    ('127.0.0.1', 51908) - ASGI [196] Completed
2019-10-19 21:55:15,768 DEBUG    ('127.0.0.1', 51908) - ASGI [197] Started
2019-10-19 21:55:15,768 DEBUG    ('127.0.0.1', 51908) - ASGI [197] Sent {'type': 'http.request', 'body': '<656 bytes>', 'more_body': False}
2019-10-19 21:55:15,769 DEBUG    received items: https://s.amazon-adsystem.com/iu3?cm3ppd=1&d=dtb-pub&csif=t&dl=rbd_brt_oath_rx_snb_dm_pm_an_sovrn_dmx&dcc=t,https://s.amazon-adsystem.com/v3/pr?exlist=rbd_brt_oath_rx_snb_dm_pm_an_sovrn_dmx&fv=1.0&a=cm&cm3ppd=1,https://s.amazon-adsystem.com/ecm3?id=7981047338159745652&ex=districtm,https://s.amazon-adsystem.com/ecm3?id=7981047338159745652&ex=appnexus.com,https://s.amazon-adsystem.com/ecm3?id=1A9625c5c8-f2dc-11e9-9320-02040204edcc&ex=oath.com,https://s.amazon-adsystem.com/ecm3?id=9D0A4133-29CB-4408-ABCC-8C799074A43D&ex=pubmatic.com,https://s.amazon-adsystem.com/ecm3?id=9D0A4133-29CB-4408-ABCC-8C799074A43D&ex=pubmatic.com
2019-10-19 21:55:15,770 DEBUG    save to sessions_items.log
2019-10-19 21:55:15,770 DEBUG    ('127.0.0.1', 51908) - ASGI [197] Received {'type': 'http.response.start', 'status': 200, 'headers': '<...>'}
2019-10-19 21:55:15,771 INFO     ('127.0.0.1', 51908) - "POST /predict_next HTTP/1.1" 200
2019-10-19 21:55:15,771 DEBUG    ('127.0.0.1', 51908) - ASGI [197] Received {'type': 'http.response.body', 'body': '<201 bytes>'}
2019-10-19 21:55:15,772 DEBUG    ('127.0.0.1', 51908) - ASGI [197] Completed
2019-10-19 21:55:20,773 DEBUG    ('127.0.0.1', 51908) - Disconnected
2019-10-19 21:55:24,472 DEBUG    ('127.0.0.1', 51956) - Connected
2019-10-19 21:55:24,479 DEBUG    ('127.0.0.1', 51956) - ASGI [198] Started
2019-10-19 21:55:24,479 DEBUG    ('127.0.0.1', 51956) - ASGI [198] Sent {'type': 'http.request', 'body': '<2481 bytes>', 'more_body': False}
2019-10-19 21:55:24,480 DEBUG    received items: https://www.google.com/search?q=chrome+inject+html&rlz=1C5CHFA_enCA815CA815&oq=chrome+inject+html&aqs=chrome..69i57j0l5.2667j0j8&sourceid=chrome&ie=UTF-8,https://www.google.com/search?q=chrome+inject+html&rlz=1C5CHFA_enCA815CA815&oq=chrome+inject+html&aqs=chrome..69i57j0l5.2667j0j8&sourceid=chrome&ie=UTF-8,https://www.google.com/search?q=getelementbyid&rlz=1C5CHFA_enCA815CA815&oq=getelementby&aqs=chrome.0.0l4j69i57j0.2736j0j4&sourceid=chrome&ie=UTF-8,https://www.google.com/search?rlz=1C5CHFA_enCA815CA815&sxsrf=ACYBGNSjOlo20LGVDmqlfp9ipfgI4K57Sw%3A1571536389451&ei=Bb6rXeWUG6S1ggeFhKPYBw&q=html+get+element&oq=html+get+element&gs_l=psy-ab.3..0l10.2718.8249..8368...11.4..1.242.2524.20j2j3......0....1..gws-wiz.......0i71j35i39j0i67j0i131j0i22i30j0i22i10i30j0i13j0i13i30j0i13i5i30j0i8i13i30j33i160.FJ5XlWYjk7w&ved=0ahUKEwilq_qh3anlAhWkmuAKHQXCCHsQ4dUDCAs&uact=5,https://www.google.com/search?rlz=1C5CHFA_enCA815CA815&sxsrf=ACYBGNQCwp0jVydWEZmDJuT5VazexhHC-Q%3A1571536399300&ei=D76rXf31EeTF_QaM-q2gDw&q=getelementbyid+append&oq=getelementbyid+append&gs_l=psy-ab.3..0i20i263j0l3j0i22i30l6.3429.11981..12075...6.4..0.474.2574.24j1j4-1......0....1..gws-wiz.......0i71j35i39j0i67j0i131i67j0i10j0i10i67j0i131.mAzLxrVwTDI&ved=0ahUKEwi9udOm3anlAhXkYt8KHQx9C_QQ4dUDCAs&uact=5,https://www.google.com/search?rlz=1C5CHFA_enCA815CA815&sxsrf=ACYBGNQCwp0jVydWEZmDJuT5VazexhHC-Q%3A1571536399300&ei=D76rXf31EeTF_QaM-q2gDw&q=getelementbyid+append&oq=getelementbyid+append&gs_l=psy-ab.3..0i20i263j0l3j0i22i30l6.3429.11981..12075...6.4..0.474.2574.24j1j4-1......0....1..gws-wiz.......0i71j35i39j0i67j0i131i67j0i10j0i10i67j0i131.mAzLxrVwTDI&ved=0ahUKEwi9udOm3anlAhXkYt8KHQx9C_QQ4dUDCAs&uact=5,https://www.google.com/search?rlz=1C5CHFA_enCA815CA815&sxsrf=ACYBGNTtqQUMdWH2yS7Euvi8vkjVJrlvhA%3A1571536412492&ei=HL6rXcbSHeGZ_QaS-ZzQDA&q=getelementbyid+append+before&oq=getelementbyid+append+before&gs_l=psy-ab.3...2827.3554..3994...0.2..0.256.1328.1j3j3......0....1..gws-wiz.......0i71j0j0i22i30j0i22i10i30j33i160j33i21.lSIy5S6va5Y&ved=0ahUKEwjG0Pis3anlAhXhTN8KHZI8B8oQ4dUDCAs&uact=5,https://www.google.com/search?rlz=1C5CHFA_enCA815CA815&sxsrf=ACYBGNTtqQUMdWH2yS7Euvi8vkjVJrlvhA%3A1571536412492&ei=HL6rXcbSHeGZ_QaS-ZzQDA&q=getelementbyid+append+before&oq=getelementbyid+append+before&gs_l=psy-ab.3...2827.3554..3994...0.2..0.256.1328.1j3j3......0....1..gws-wiz.......0i71j0j0i22i30j0i22i10i30j33i160j33i21.lSIy5S6va5Y&ved=0ahUKEwjG0Pis3anlAhXhTN8KHZI8B8oQ4dUDCAs&uact=5
2019-10-19 21:55:24,480 DEBUG    save to sessions_items.log
2019-10-19 21:55:24,481 DEBUG    ('127.0.0.1', 51956) - ASGI [198] Received {'type': 'http.response.start', 'status': 200, 'headers': '<...>'}
2019-10-19 21:55:24,481 INFO     ('127.0.0.1', 51956) - "POST /predict_next HTTP/1.1" 200
2019-10-19 21:55:24,481 DEBUG    ('127.0.0.1', 51956) - ASGI [198] Received {'type': 'http.response.body', 'body': '<793 bytes>'}
2019-10-19 21:55:24,481 DEBUG    ('127.0.0.1', 51956) - ASGI [198] Completed
2019-10-19 21:55:24,649 DEBUG    ('127.0.0.1', 51956) - ASGI [199] Started
2019-10-19 21:55:24,649 DEBUG    ('127.0.0.1', 51956) - ASGI [199] Sent {'type': 'http.request', 'body': '<2888 bytes>', 'more_body': False}
2019-10-19 21:55:24,650 DEBUG    received items: https://www.google.com/search?q=chrome+inject+html&rlz=1C5CHFA_enCA815CA815&oq=chrome+inject+html&aqs=chrome..69i57j0l5.2667j0j8&sourceid=chrome&ie=UTF-8,https://www.google.com/search?q=chrome+inject+html&rlz=1C5CHFA_enCA815CA815&oq=chrome+inject+html&aqs=chrome..69i57j0l5.2667j0j8&sourceid=chrome&ie=UTF-8,https://www.google.com/search?q=getelementbyid&rlz=1C5CHFA_enCA815CA815&oq=getelementby&aqs=chrome.0.0l4j69i57j0.2736j0j4&sourceid=chrome&ie=UTF-8,https://www.google.com/search?rlz=1C5CHFA_enCA815CA815&sxsrf=ACYBGNSjOlo20LGVDmqlfp9ipfgI4K57Sw%3A1571536389451&ei=Bb6rXeWUG6S1ggeFhKPYBw&q=html+get+element&oq=html+get+element&gs_l=psy-ab.3..0l10.2718.8249..8368...11.4..1.242.2524.20j2j3......0....1..gws-wiz.......0i71j35i39j0i67j0i131j0i22i30j0i22i10i30j0i13j0i13i30j0i13i5i30j0i8i13i30j33i160.FJ5XlWYjk7w&ved=0ahUKEwilq_qh3anlAhWkmuAKHQXCCHsQ4dUDCAs&uact=5,https://www.google.com/search?rlz=1C5CHFA_enCA815CA815&sxsrf=ACYBGNQCwp0jVydWEZmDJuT5VazexhHC-Q%3A1571536399300&ei=D76rXf31EeTF_QaM-q2gDw&q=getelementbyid+append&oq=getelementbyid+append&gs_l=psy-ab.3..0i20i263j0l3j0i22i30l6.3429.11981..12075...6.4..0.474.2574.24j1j4-1......0....1..gws-wiz.......0i71j35i39j0i67j0i131i67j0i10j0i10i67j0i131.mAzLxrVwTDI&ved=0ahUKEwi9udOm3anlAhXkYt8KHQx9C_QQ4dUDCAs&uact=5,https://www.google.com/search?rlz=1C5CHFA_enCA815CA815&sxsrf=ACYBGNQCwp0jVydWEZmDJuT5VazexhHC-Q%3A1571536399300&ei=D76rXf31EeTF_QaM-q2gDw&q=getelementbyid+append&oq=getelementbyid+append&gs_l=psy-ab.3..0i20i263j0l3j0i22i30l6.3429.11981..12075...6.4..0.474.2574.24j1j4-1......0....1..gws-wiz.......0i71j35i39j0i67j0i131i67j0i10j0i10i67j0i131.mAzLxrVwTDI&ved=0ahUKEwi9udOm3anlAhXkYt8KHQx9C_QQ4dUDCAs&uact=5,https://www.google.com/search?rlz=1C5CHFA_enCA815CA815&sxsrf=ACYBGNTtqQUMdWH2yS7Euvi8vkjVJrlvhA%3A1571536412492&ei=HL6rXcbSHeGZ_QaS-ZzQDA&q=getelementbyid+append+before&oq=getelementbyid+append+before&gs_l=psy-ab.3...2827.3554..3994...0.2..0.256.1328.1j3j3......0....1..gws-wiz.......0i71j0j0i22i30j0i22i10i30j33i160j33i21.lSIy5S6va5Y&ved=0ahUKEwjG0Pis3anlAhXhTN8KHZI8B8oQ4dUDCAs&uact=5,https://www.google.com/search?rlz=1C5CHFA_enCA815CA815&sxsrf=ACYBGNTtqQUMdWH2yS7Euvi8vkjVJrlvhA%3A1571536412492&ei=HL6rXcbSHeGZ_QaS-ZzQDA&q=getelementbyid+append+before&oq=getelementbyid+append+before&gs_l=psy-ab.3...2827.3554..3994...0.2..0.256.1328.1j3j3......0....1..gws-wiz.......0i71j0j0i22i30j0i22i10i30j33i160j33i21.lSIy5S6va5Y&ved=0ahUKEwjG0Pis3anlAhXhTN8KHZI8B8oQ4dUDCAs&uact=5,https://www.google.com/search?rlz=1C5CHFA_enCA815CA815&sxsrf=ACYBGNQCwp0jVydWEZmDJuT5VazexhHC-Q%3A1571536399300&ei=D76rXf31EeTF_QaM-q2gDw&q=getelementbyid+append&oq=getelementbyid+append&gs_l=psy-ab.3..0i20i263j0l3j0i22i30l6.3429.11981..12075...6.4..0.474.2574.24j1j4-1......0....1..gws-wiz.......0i71j35i39j0i67j0i131i67j0i10j0i10i67j0i131.mAzLxrVwTDI&ved=0ahUKEwi9udOm3anlAhXkYt8KHQx9C_QQ4dUDCAs&uact=5
2019-10-19 21:55:24,650 DEBUG    save to sessions_items.log
2019-10-19 21:55:24,651 DEBUG    ('127.0.0.1', 51956) - ASGI [199] Received {'type': 'http.response.start', 'status': 200, 'headers': '<...>'}
2019-10-19 21:55:24,651 INFO     ('127.0.0.1', 51956) - "POST /predict_next HTTP/1.1" 200
2019-10-19 21:55:24,651 DEBUG    ('127.0.0.1', 51956) - ASGI [199] Received {'type': 'http.response.body', 'body': '<829 bytes>'}
2019-10-19 21:55:24,652 DEBUG    ('127.0.0.1', 51956) - ASGI [199] Completed
2019-10-19 21:55:27,025 DEBUG    ('127.0.0.1', 51956) - ASGI [200] Started
2019-10-19 21:55:27,026 DEBUG    ('127.0.0.1', 51956) - ASGI [200] Sent {'type': 'http.request', 'body': '<3277 bytes>', 'more_body': False}
2019-10-19 21:55:27,027 DEBUG    received items: https://www.google.com/search?q=chrome+inject+html&rlz=1C5CHFA_enCA815CA815&oq=chrome+inject+html&aqs=chrome..69i57j0l5.2667j0j8&sourceid=chrome&ie=UTF-8,https://www.google.com/search?q=chrome+inject+html&rlz=1C5CHFA_enCA815CA815&oq=chrome+inject+html&aqs=chrome..69i57j0l5.2667j0j8&sourceid=chrome&ie=UTF-8,https://www.google.com/search?q=getelementbyid&rlz=1C5CHFA_enCA815CA815&oq=getelementby&aqs=chrome.0.0l4j69i57j0.2736j0j4&sourceid=chrome&ie=UTF-8,https://www.google.com/search?rlz=1C5CHFA_enCA815CA815&sxsrf=ACYBGNSjOlo20LGVDmqlfp9ipfgI4K57Sw%3A1571536389451&ei=Bb6rXeWUG6S1ggeFhKPYBw&q=html+get+element&oq=html+get+element&gs_l=psy-ab.3..0l10.2718.8249..8368...11.4..1.242.2524.20j2j3......0....1..gws-wiz.......0i71j35i39j0i67j0i131j0i22i30j0i22i10i30j0i13j0i13i30j0i13i5i30j0i8i13i30j33i160.FJ5XlWYjk7w&ved=0ahUKEwilq_qh3anlAhWkmuAKHQXCCHsQ4dUDCAs&uact=5,https://www.google.com/search?rlz=1C5CHFA_enCA815CA815&sxsrf=ACYBGNQCwp0jVydWEZmDJuT5VazexhHC-Q%3A1571536399300&ei=D76rXf31EeTF_QaM-q2gDw&q=getelementbyid+append&oq=getelementbyid+append&gs_l=psy-ab.3..0i20i263j0l3j0i22i30l6.3429.11981..12075...6.4..0.474.2574.24j1j4-1......0....1..gws-wiz.......0i71j35i39j0i67j0i131i67j0i10j0i10i67j0i131.mAzLxrVwTDI&ved=0ahUKEwi9udOm3anlAhXkYt8KHQx9C_QQ4dUDCAs&uact=5,https://www.google.com/search?rlz=1C5CHFA_enCA815CA815&sxsrf=ACYBGNQCwp0jVydWEZmDJuT5VazexhHC-Q%3A1571536399300&ei=D76rXf31EeTF_QaM-q2gDw&q=getelementbyid+append&oq=getelementbyid+append&gs_l=psy-ab.3..0i20i263j0l3j0i22i30l6.3429.11981..12075...6.4..0.474.2574.24j1j4-1......0....1..gws-wiz.......0i71j35i39j0i67j0i131i67j0i10j0i10i67j0i131.mAzLxrVwTDI&ved=0ahUKEwi9udOm3anlAhXkYt8KHQx9C_QQ4dUDCAs&uact=5,https://www.google.com/search?rlz=1C5CHFA_enCA815CA815&sxsrf=ACYBGNTtqQUMdWH2yS7Euvi8vkjVJrlvhA%3A1571536412492&ei=HL6rXcbSHeGZ_QaS-ZzQDA&q=getelementbyid+append+before&oq=getelementbyid+append+before&gs_l=psy-ab.3...2827.3554..3994...0.2..0.256.1328.1j3j3......0....1..gws-wiz.......0i71j0j0i22i30j0i22i10i30j33i160j33i21.lSIy5S6va5Y&ved=0ahUKEwjG0Pis3anlAhXhTN8KHZI8B8oQ4dUDCAs&uact=5,https://www.google.com/search?rlz=1C5CHFA_enCA815CA815&sxsrf=ACYBGNTtqQUMdWH2yS7Euvi8vkjVJrlvhA%3A1571536412492&ei=HL6rXcbSHeGZ_QaS-ZzQDA&q=getelementbyid+append+before&oq=getelementbyid+append+before&gs_l=psy-ab.3...2827.3554..3994...0.2..0.256.1328.1j3j3......0....1..gws-wiz.......0i71j0j0i22i30j0i22i10i30j33i160j33i21.lSIy5S6va5Y&ved=0ahUKEwjG0Pis3anlAhXhTN8KHZI8B8oQ4dUDCAs&uact=5,https://www.google.com/search?rlz=1C5CHFA_enCA815CA815&sxsrf=ACYBGNQCwp0jVydWEZmDJuT5VazexhHC-Q%3A1571536399300&ei=D76rXf31EeTF_QaM-q2gDw&q=getelementbyid+append&oq=getelementbyid+append&gs_l=psy-ab.3..0i20i263j0l3j0i22i30l6.3429.11981..12075...6.4..0.474.2574.24j1j4-1......0....1..gws-wiz.......0i71j35i39j0i67j0i131i67j0i10j0i10i67j0i131.mAzLxrVwTDI&ved=0ahUKEwi9udOm3anlAhXkYt8KHQx9C_QQ4dUDCAs&uact=5,https://www.google.com/search?rlz=1C5CHFA_enCA815CA815&sxsrf=ACYBGNTtqQUMdWH2yS7Euvi8vkjVJrlvhA%3A1571536412492&ei=HL6rXcbSHeGZ_QaS-ZzQDA&q=getelementbyid+append+before&oq=getelementbyid+append+before&gs_l=psy-ab.3...2827.3554..3994...0.2..0.256.1328.1j3j3......0....1..gws-wiz.......0i71j0j0i22i30j0i22i10i30j33i160j33i21.lSIy5S6va5Y&ved=0ahUKEwjG0Pis3anlAhXhTN8KHZI8B8oQ4dUDCAs&uact=5
2019-10-19 21:55:27,027 DEBUG    save to sessions_items.log
2019-10-19 21:55:27,028 DEBUG    ('127.0.0.1', 51956) - ASGI [200] Received {'type': 'http.response.start', 'status': 200, 'headers': '<...>'}
2019-10-19 21:55:27,028 INFO     ('127.0.0.1', 51956) - "POST /predict_next HTTP/1.1" 200
2019-10-19 21:55:27,028 DEBUG    ('127.0.0.1', 51956) - ASGI [200] Received {'type': 'http.response.body', 'body': '<793 bytes>'}
2019-10-19 21:55:27,029 DEBUG    ('127.0.0.1', 51956) - ASGI [200] Completed
2019-10-19 21:55:27,598 DEBUG    ('127.0.0.1', 51956) - ASGI [201] Started
2019-10-19 21:55:27,599 DEBUG    ('127.0.0.1', 51956) - ASGI [201] Sent {'type': 'http.request', 'body': '<133 bytes>', 'more_body': False}
2019-10-19 21:55:27,599 DEBUG    received items: https://www.w3schools.com/jsref/met_node_appendchild.asp,https://www.w3schools.com/jsref/met_node_appendchild.asp
2019-10-19 21:55:27,599 DEBUG    save to sessions_items.log
2019-10-19 21:55:27,600 DEBUG    ('127.0.0.1', 51956) - ASGI [201] Received {'type': 'http.response.start', 'status': 200, 'headers': '<...>'}
2019-10-19 21:55:27,600 INFO     ('127.0.0.1', 51956) - "POST /predict_next HTTP/1.1" 200
2019-10-19 21:55:27,600 DEBUG    ('127.0.0.1', 51956) - ASGI [201] Received {'type': 'http.response.body', 'body': '<133 bytes>'}
2019-10-19 21:55:27,600 DEBUG    ('127.0.0.1', 51956) - ASGI [201] Completed
2019-10-19 21:55:29,343 DEBUG    ('127.0.0.1', 51956) - ASGI [202] Started
2019-10-19 21:55:29,343 DEBUG    ('127.0.0.1', 51956) - ASGI [202] Sent {'type': 'http.request', 'body': '<728 bytes>', 'more_body': False}
2019-10-19 21:55:29,344 DEBUG    received items: https://s.amazon-adsystem.com/iu3?cm3ppd=1&d=dtb-pub&csif=t&dl=rbd_brt_oath_rx_snb_dm_pm_an_sovrn_dmx&dcc=t,https://s.amazon-adsystem.com/v3/pr?exlist=rbd_brt_oath_rx_snb_dm_pm_an_sovrn_dmx&fv=1.0&a=cm&cm3ppd=1,https://s.amazon-adsystem.com/ecm3?id=7981047338159745652&ex=districtm,https://s.amazon-adsystem.com/ecm3?id=7981047338159745652&ex=appnexus.com,https://s.amazon-adsystem.com/ecm3?id=1A9625c5c8-f2dc-11e9-9320-02040204edcc&ex=oath.com,https://s.amazon-adsystem.com/ecm3?id=9D0A4133-29CB-4408-ABCC-8C799074A43D&ex=pubmatic.com,https://s.amazon-adsystem.com/ecm3?id=9D0A4133-29CB-4408-ABCC-8C799074A43D&ex=pubmatic.com,https://s.amazon-adsystem.com/iu3?cm3ppd=1&d=dtb-pub&csif=t&dl=rx_dmx
2019-10-19 21:55:29,344 DEBUG    save to sessions_items.log
2019-10-19 21:55:29,344 DEBUG    ('127.0.0.1', 51956) - ASGI [202] Received {'type': 'http.response.start', 'status': 200, 'headers': '<...>'}
2019-10-19 21:55:29,345 INFO     ('127.0.0.1', 51956) - "POST /predict_next HTTP/1.1" 200
2019-10-19 21:55:29,345 DEBUG    ('127.0.0.1', 51956) - ASGI [202] Received {'type': 'http.response.body', 'body': '<159 bytes>'}
2019-10-19 21:55:29,345 DEBUG    ('127.0.0.1', 51956) - ASGI [202] Completed
2019-10-19 21:55:29,526 DEBUG    ('127.0.0.1', 51956) - ASGI [203] Started
2019-10-19 21:55:29,526 DEBUG    ('127.0.0.1', 51956) - ASGI [203] Sent {'type': 'http.request', 'body': '<3666 bytes>', 'more_body': False}
2019-10-19 21:55:29,526 DEBUG    received items: https://www.google.com/search?q=chrome+inject+html&rlz=1C5CHFA_enCA815CA815&oq=chrome+inject+html&aqs=chrome..69i57j0l5.2667j0j8&sourceid=chrome&ie=UTF-8,https://www.google.com/search?q=chrome+inject+html&rlz=1C5CHFA_enCA815CA815&oq=chrome+inject+html&aqs=chrome..69i57j0l5.2667j0j8&sourceid=chrome&ie=UTF-8,https://www.google.com/search?q=getelementbyid&rlz=1C5CHFA_enCA815CA815&oq=getelementby&aqs=chrome.0.0l4j69i57j0.2736j0j4&sourceid=chrome&ie=UTF-8,https://www.google.com/search?rlz=1C5CHFA_enCA815CA815&sxsrf=ACYBGNSjOlo20LGVDmqlfp9ipfgI4K57Sw%3A1571536389451&ei=Bb6rXeWUG6S1ggeFhKPYBw&q=html+get+element&oq=html+get+element&gs_l=psy-ab.3..0l10.2718.8249..8368...11.4..1.242.2524.20j2j3......0....1..gws-wiz.......0i71j35i39j0i67j0i131j0i22i30j0i22i10i30j0i13j0i13i30j0i13i5i30j0i8i13i30j33i160.FJ5XlWYjk7w&ved=0ahUKEwilq_qh3anlAhWkmuAKHQXCCHsQ4dUDCAs&uact=5,https://www.google.com/search?rlz=1C5CHFA_enCA815CA815&sxsrf=ACYBGNQCwp0jVydWEZmDJuT5VazexhHC-Q%3A1571536399300&ei=D76rXf31EeTF_QaM-q2gDw&q=getelementbyid+append&oq=getelementbyid+append&gs_l=psy-ab.3..0i20i263j0l3j0i22i30l6.3429.11981..12075...6.4..0.474.2574.24j1j4-1......0....1..gws-wiz.......0i71j35i39j0i67j0i131i67j0i10j0i10i67j0i131.mAzLxrVwTDI&ved=0ahUKEwi9udOm3anlAhXkYt8KHQx9C_QQ4dUDCAs&uact=5,https://www.google.com/search?rlz=1C5CHFA_enCA815CA815&sxsrf=ACYBGNQCwp0jVydWEZmDJuT5VazexhHC-Q%3A1571536399300&ei=D76rXf31EeTF_QaM-q2gDw&q=getelementbyid+append&oq=getelementbyid+append&gs_l=psy-ab.3..0i20i263j0l3j0i22i30l6.3429.11981..12075...6.4..0.474.2574.24j1j4-1......0....1..gws-wiz.......0i71j35i39j0i67j0i131i67j0i10j0i10i67j0i131.mAzLxrVwTDI&ved=0ahUKEwi9udOm3anlAhXkYt8KHQx9C_QQ4dUDCAs&uact=5,https://www.google.com/search?rlz=1C5CHFA_enCA815CA815&sxsrf=ACYBGNTtqQUMdWH2yS7Euvi8vkjVJrlvhA%3A1571536412492&ei=HL6rXcbSHeGZ_QaS-ZzQDA&q=getelementbyid+append+before&oq=getelementbyid+append+before&gs_l=psy-ab.3...2827.3554..3994...0.2..0.256.1328.1j3j3......0....1..gws-wiz.......0i71j0j0i22i30j0i22i10i30j33i160j33i21.lSIy5S6va5Y&ved=0ahUKEwjG0Pis3anlAhXhTN8KHZI8B8oQ4dUDCAs&uact=5,https://www.google.com/search?rlz=1C5CHFA_enCA815CA815&sxsrf=ACYBGNTtqQUMdWH2yS7Euvi8vkjVJrlvhA%3A1571536412492&ei=HL6rXcbSHeGZ_QaS-ZzQDA&q=getelementbyid+append+before&oq=getelementbyid+append+before&gs_l=psy-ab.3...2827.3554..3994...0.2..0.256.1328.1j3j3......0....1..gws-wiz.......0i71j0j0i22i30j0i22i10i30j33i160j33i21.lSIy5S6va5Y&ved=0ahUKEwjG0Pis3anlAhXhTN8KHZI8B8oQ4dUDCAs&uact=5,https://www.google.com/search?rlz=1C5CHFA_enCA815CA815&sxsrf=ACYBGNQCwp0jVydWEZmDJuT5VazexhHC-Q%3A1571536399300&ei=D76rXf31EeTF_QaM-q2gDw&q=getelementbyid+append&oq=getelementbyid+append&gs_l=psy-ab.3..0i20i263j0l3j0i22i30l6.3429.11981..12075...6.4..0.474.2574.24j1j4-1......0....1..gws-wiz.......0i71j35i39j0i67j0i131i67j0i10j0i10i67j0i131.mAzLxrVwTDI&ved=0ahUKEwi9udOm3anlAhXkYt8KHQx9C_QQ4dUDCAs&uact=5,https://www.google.com/search?rlz=1C5CHFA_enCA815CA815&sxsrf=ACYBGNTtqQUMdWH2yS7Euvi8vkjVJrlvhA%3A1571536412492&ei=HL6rXcbSHeGZ_QaS-ZzQDA&q=getelementbyid+append+before&oq=getelementbyid+append+before&gs_l=psy-ab.3...2827.3554..3994...0.2..0.256.1328.1j3j3......0....1..gws-wiz.......0i71j0j0i22i30j0i22i10i30j33i160j33i21.lSIy5S6va5Y&ved=0ahUKEwjG0Pis3anlAhXhTN8KHZI8B8oQ4dUDCAs&uact=5,https://www.google.com/search?rlz=1C5CHFA_enCA815CA815&sxsrf=ACYBGNTtqQUMdWH2yS7Euvi8vkjVJrlvhA%3A1571536412492&ei=HL6rXcbSHeGZ_QaS-ZzQDA&q=getelementbyid+append+before&oq=getelementbyid+append+before&gs_l=psy-ab.3...2827.3554..3994...0.2..0.256.1328.1j3j3......0....1..gws-wiz.......0i71j0j0i22i30j0i22i10i30j33i160j33i21.lSIy5S6va5Y&ved=0ahUKEwjG0Pis3anlAhXhTN8KHZI8B8oQ4dUDCAs&uact=5
2019-10-19 21:55:29,528 DEBUG    save to sessions_items.log
2019-10-19 21:55:29,529 DEBUG    ('127.0.0.1', 51956) - ASGI [203] Received {'type': 'http.response.start', 'status': 200, 'headers': '<...>'}
2019-10-19 21:55:29,529 INFO     ('127.0.0.1', 51956) - "POST /predict_next HTTP/1.1" 200
2019-10-19 21:55:29,529 DEBUG    ('127.0.0.1', 51956) - ASGI [203] Received {'type': 'http.response.body', 'body': '<793 bytes>'}
2019-10-19 21:55:29,529 DEBUG    ('127.0.0.1', 51956) - ASGI [203] Completed
2019-10-19 21:55:33,877 DEBUG    ('127.0.0.1', 51956) - ASGI [204] Started
2019-10-19 21:55:33,878 DEBUG    ('127.0.0.1', 51956) - ASGI [204] Sent {'type': 'http.request', 'body': '<193 bytes>', 'more_body': False}
2019-10-19 21:55:33,878 DEBUG    received items: https://www.w3schools.com/jsref/met_node_appendchild.asp,https://www.w3schools.com/jsref/met_node_appendchild.asp,https://www.w3schools.com/jsref/met_node_insertbefore.asp
2019-10-19 21:55:33,879 DEBUG    save to sessions_items.log
2019-10-19 21:55:33,879 DEBUG    ('127.0.0.1', 51956) - ASGI [204] Received {'type': 'http.response.start', 'status': 200, 'headers': '<...>'}
2019-10-19 21:55:33,879 INFO     ('127.0.0.1', 51956) - "POST /predict_next HTTP/1.1" 200
2019-10-19 21:55:33,880 DEBUG    ('127.0.0.1', 51956) - ASGI [204] Received {'type': 'http.response.body', 'body': '<135 bytes>'}
2019-10-19 21:55:33,880 DEBUG    ('127.0.0.1', 51956) - ASGI [204] Completed
2019-10-19 21:55:35,205 DEBUG    ('127.0.0.1', 51956) - ASGI [205] Started
2019-10-19 21:55:35,206 DEBUG    ('127.0.0.1', 51956) - ASGI [205] Sent {'type': 'http.request', 'body': '<800 bytes>', 'more_body': False}
2019-10-19 21:55:35,207 DEBUG    received items: https://s.amazon-adsystem.com/iu3?cm3ppd=1&d=dtb-pub&csif=t&dl=rbd_brt_oath_rx_snb_dm_pm_an_sovrn_dmx&dcc=t,https://s.amazon-adsystem.com/v3/pr?exlist=rbd_brt_oath_rx_snb_dm_pm_an_sovrn_dmx&fv=1.0&a=cm&cm3ppd=1,https://s.amazon-adsystem.com/ecm3?id=7981047338159745652&ex=districtm,https://s.amazon-adsystem.com/ecm3?id=7981047338159745652&ex=appnexus.com,https://s.amazon-adsystem.com/ecm3?id=1A9625c5c8-f2dc-11e9-9320-02040204edcc&ex=oath.com,https://s.amazon-adsystem.com/ecm3?id=9D0A4133-29CB-4408-ABCC-8C799074A43D&ex=pubmatic.com,https://s.amazon-adsystem.com/ecm3?id=9D0A4133-29CB-4408-ABCC-8C799074A43D&ex=pubmatic.com,https://s.amazon-adsystem.com/iu3?cm3ppd=1&d=dtb-pub&csif=t&dl=rx_dmx,https://s.amazon-adsystem.com/iu3?cm3ppd=1&d=dtb-pub&csif=t&dl=rx_dmx
2019-10-19 21:55:35,207 DEBUG    save to sessions_items.log
2019-10-19 21:55:35,207 DEBUG    ('127.0.0.1', 51956) - ASGI [205] Received {'type': 'http.response.start', 'status': 200, 'headers': '<...>'}
2019-10-19 21:55:35,208 INFO     ('127.0.0.1', 51956) - "POST /predict_next HTTP/1.1" 200
2019-10-19 21:55:35,208 DEBUG    ('127.0.0.1', 51956) - ASGI [205] Received {'type': 'http.response.body', 'body': '<159 bytes>'}
2019-10-19 21:55:35,208 DEBUG    ('127.0.0.1', 51956) - ASGI [205] Completed
2019-10-19 21:55:35,364 DEBUG    ('127.0.0.1', 51956) - ASGI [206] Started
2019-10-19 21:55:35,364 DEBUG    ('127.0.0.1', 51956) - ASGI [206] Sent {'type': 'http.request', 'body': '<873 bytes>', 'more_body': False}
2019-10-19 21:55:35,364 DEBUG    received items: https://s.amazon-adsystem.com/iu3?cm3ppd=1&d=dtb-pub&csif=t&dl=rbd_brt_oath_rx_snb_dm_pm_an_sovrn_dmx&dcc=t,https://s.amazon-adsystem.com/v3/pr?exlist=rbd_brt_oath_rx_snb_dm_pm_an_sovrn_dmx&fv=1.0&a=cm&cm3ppd=1,https://s.amazon-adsystem.com/ecm3?id=7981047338159745652&ex=districtm,https://s.amazon-adsystem.com/ecm3?id=7981047338159745652&ex=appnexus.com,https://s.amazon-adsystem.com/ecm3?id=1A9625c5c8-f2dc-11e9-9320-02040204edcc&ex=oath.com,https://s.amazon-adsystem.com/ecm3?id=9D0A4133-29CB-4408-ABCC-8C799074A43D&ex=pubmatic.com,https://s.amazon-adsystem.com/ecm3?id=9D0A4133-29CB-4408-ABCC-8C799074A43D&ex=pubmatic.com,https://s.amazon-adsystem.com/iu3?cm3ppd=1&d=dtb-pub&csif=t&dl=rx_dmx,https://s.amazon-adsystem.com/iu3?cm3ppd=1&d=dtb-pub&csif=t&dl=rx_dmx,https://s.amazon-adsystem.com/v3/pr?exlist=rx_dmx&fv=1.0&a=cm&cm3ppd=1
2019-10-19 21:55:35,364 DEBUG    save to sessions_items.log
2019-10-19 21:55:35,366 DEBUG    ('127.0.0.1', 51956) - ASGI [206] Received {'type': 'http.response.start', 'status': 200, 'headers': '<...>'}
2019-10-19 21:55:35,366 INFO     ('127.0.0.1', 51956) - "POST /predict_next HTTP/1.1" 200
2019-10-19 21:55:35,366 DEBUG    ('127.0.0.1', 51956) - ASGI [206] Received {'type': 'http.response.body', 'body': '<161 bytes>'}
2019-10-19 21:55:35,366 DEBUG    ('127.0.0.1', 51956) - ASGI [206] Completed
2019-10-19 21:55:35,507 DEBUG    ('127.0.0.1', 51956) - ASGI [207] Started
2019-10-19 21:55:35,507 DEBUG    ('127.0.0.1', 51956) - ASGI [207] Sent {'type': 'http.request', 'body': '<263 bytes>', 'more_body': False}
2019-10-19 21:55:35,508 DEBUG    received items: https://cdn.districtm.io/ids/?sellerid=10002&r=https%3A%2F%2Fs.amazon-adsystem.com%2Fecm3%3Fex%3Ddmx.com%26id%3D%7BUID%7D,https://cdn.districtm.io/ids/?sellerid=10002&r=https%3A%2F%2Fs.amazon-adsystem.com%2Fecm3%3Fex%3Ddmx.com%26id%3D%7BUID%7D
2019-10-19 21:55:35,508 DEBUG    save to sessions_items.log
2019-10-19 21:55:35,509 DEBUG    ('127.0.0.1', 51956) - ASGI [207] Received {'type': 'http.response.start', 'status': 200, 'headers': '<...>'}
2019-10-19 21:55:35,509 INFO     ('127.0.0.1', 51956) - "POST /predict_next HTTP/1.1" 200
2019-10-19 21:55:35,509 DEBUG    ('127.0.0.1', 51956) - ASGI [207] Received {'type': 'http.response.body', 'body': '<263 bytes>'}
2019-10-19 21:55:35,509 DEBUG    ('127.0.0.1', 51956) - ASGI [207] Completed
2019-10-19 21:55:37,227 DEBUG    ('127.0.0.1', 51956) - ASGI [208] Started
2019-10-19 21:55:37,228 DEBUG    ('127.0.0.1', 51956) - ASGI [208] Sent {'type': 'http.request', 'body': '<1390 bytes>', 'more_body': False}
2019-10-19 21:55:37,228 DEBUG    received items: https://tpc.googlesyndication.com/safeframe/1-0-35/html/container.html,https://tpc.googlesyndication.com/safeframe/1-0-35/html/container.html,https://tpc.googlesyndication.com/safeframe/1-0-35/html/container.html,https://tpc.googlesyndication.com/safeframe/1-0-35/html/container.html,https://tpc.googlesyndication.com/safeframe/1-0-35/html/container.html,https://tpc.googlesyndication.com/safeframe/1-0-35/html/container.html,https://tpc.googlesyndication.com/safeframe/1-0-35/html/container.html,https://tpc.googlesyndication.com/safeframe/1-0-35/html/container.html,https://tpc.googlesyndication.com/safeframe/1-0-35/html/container.html,https://tpc.googlesyndication.com/safeframe/1-0-35/html/container.html,https://tpc.googlesyndication.com/safeframe/1-0-35/html/container.html,https://tpc.googlesyndication.com/safeframe/1-0-35/html/container.html,https://tpc.googlesyndication.com/safeframe/1-0-35/html/container.html,https://tpc.googlesyndication.com/sodar/Enqz_20U.html,https://tpc.googlesyndication.com/sodar/Enqz_20U.html,https://tpc.googlesyndication.com/sodar/Enqz_20U.html,https://tpc.googlesyndication.com/safeframe/1-0-35/html/container.html,https://tpc.googlesyndication.com/sodar/Enqz_20U.html,https://tpc.googlesyndication.com/sodar/Enqz_20U.html,https://tpc.googlesyndication.com/safeframe/1-0-35/html/container.html
2019-10-19 21:55:37,229 DEBUG    save to sessions_items.log
2019-10-19 21:55:37,229 DEBUG    ('127.0.0.1', 51956) - ASGI [208] Received {'type': 'http.response.start', 'status': 200, 'headers': '<...>'}
2019-10-19 21:55:37,230 INFO     ('127.0.0.1', 51956) - "POST /predict_next HTTP/1.1" 200
2019-10-19 21:55:37,230 DEBUG    ('127.0.0.1', 51956) - ASGI [208] Received {'type': 'http.response.body', 'body': '<161 bytes>'}
2019-10-19 21:55:37,230 DEBUG    ('127.0.0.1', 51956) - ASGI [208] Completed
2019-10-19 21:55:37,367 DEBUG    ('127.0.0.1', 52037) - Connected
2019-10-19 21:55:37,371 DEBUG    ('127.0.0.1', 52037) - ASGI [209] Started
2019-10-19 21:55:37,372 DEBUG    ('127.0.0.1', 52037) - ASGI [209] Sent {'type': 'http.request', 'body': '<1463 bytes>', 'more_body': False}
2019-10-19 21:55:37,372 DEBUG    received items: https://tpc.googlesyndication.com/safeframe/1-0-35/html/container.html,https://tpc.googlesyndication.com/safeframe/1-0-35/html/container.html,https://tpc.googlesyndication.com/safeframe/1-0-35/html/container.html,https://tpc.googlesyndication.com/safeframe/1-0-35/html/container.html,https://tpc.googlesyndication.com/safeframe/1-0-35/html/container.html,https://tpc.googlesyndication.com/safeframe/1-0-35/html/container.html,https://tpc.googlesyndication.com/safeframe/1-0-35/html/container.html,https://tpc.googlesyndication.com/safeframe/1-0-35/html/container.html,https://tpc.googlesyndication.com/safeframe/1-0-35/html/container.html,https://tpc.googlesyndication.com/safeframe/1-0-35/html/container.html,https://tpc.googlesyndication.com/safeframe/1-0-35/html/container.html,https://tpc.googlesyndication.com/safeframe/1-0-35/html/container.html,https://tpc.googlesyndication.com/safeframe/1-0-35/html/container.html,https://tpc.googlesyndication.com/sodar/Enqz_20U.html,https://tpc.googlesyndication.com/sodar/Enqz_20U.html,https://tpc.googlesyndication.com/sodar/Enqz_20U.html,https://tpc.googlesyndication.com/safeframe/1-0-35/html/container.html,https://tpc.googlesyndication.com/sodar/Enqz_20U.html,https://tpc.googlesyndication.com/sodar/Enqz_20U.html,https://tpc.googlesyndication.com/safeframe/1-0-35/html/container.html,https://tpc.googlesyndication.com/safeframe/1-0-35/html/container.html
2019-10-19 21:55:37,372 DEBUG    save to sessions_items.log
2019-10-19 21:55:37,373 DEBUG    ('127.0.0.1', 52037) - ASGI [209] Received {'type': 'http.response.start', 'status': 200, 'headers': '<...>'}
2019-10-19 21:55:37,373 INFO     ('127.0.0.1', 52037) - "POST /predict_next HTTP/1.1" 200
2019-10-19 21:55:37,373 DEBUG    ('127.0.0.1', 52037) - ASGI [209] Received {'type': 'http.response.body', 'body': '<161 bytes>'}
2019-10-19 21:55:37,373 DEBUG    ('127.0.0.1', 52037) - ASGI [209] Completed
2019-10-19 21:55:37,379 DEBUG    ('127.0.0.1', 52038) - Connected
2019-10-19 21:55:37,422 DEBUG    ('127.0.0.1', 52038) - ASGI [210] Started
2019-10-19 21:55:37,422 DEBUG    ('127.0.0.1', 52038) - ASGI [210] Sent {'type': 'http.request', 'body': '<1056 bytes>', 'more_body': False}
2019-10-19 21:55:37,422 DEBUG    received items: https://googleads.g.doubleclick.net/xbbe/pixel?d=CNjMexDvnXwYoYOLJzAB&v=APEucNUFDIOjNCM7H6DAo27xX1bggmAZQPdtkROsCYLrh_CjZem-XFu6_ataRKWkAuZPM1BRb2iNCyPpIQzWhYGiPaXcBBdTsQ,https://googleads.g.doubleclick.net/xbbe/pixel?d=CIkCEIuDmgEYyoXuXjAB&v=APEucNWkNt5dJZlf8L-UhuzDrfxaUrV4xGZhulUgcZ8zIL241cgVbi17QWfaAUwX5G3mnbmOECe_zjq1g1stECT5ITVGUFvpUg,https://googleads.g.doubleclick.net/xbbe/pixel?d=CNjMexDvnXwY1pOLJzAB&v=APEucNVqfuPoUxKpwPYLXGxKyPj7Vft_CzeCzZW3pIwHC3C1i_wRLJPORXaNYXLMVQ3T3O0tra08iM3OH2lCZIkZDOFk3QQimQ,https://googleads.g.doubleclick.net/xbbe/pixel?d=CNjMexDvnXwY1pOLJzAB&v=APEucNVyT7FEHK9N-l6h2Om2y9wyJqitmTj3MQAEu4Y6jQ2PgySLheVdyOv704HL-Wq2OK2ME5vwBrjCAQAF0pVD32ezkBk16g,https://googleads.g.doubleclick.net/xbbe/pixel?d=CJfnugEQw7j0ARiN4-9fMAE&v=APEucNX7oIt87BbUALRG-Xu74AVdjFvlM8a2Djwvy6NHATa5ORcR71rsosvqaJ-tY89YMFf4vyDvLECvdFgmaXXbq2JufPLsew,https://googleads.g.doubleclick.net/xbbe/pixel?d=CNjmXhCA8WYYvriaXjAB&v=APEucNXlnsphlYVCAgN-T0UvIeXhTM09D7t1HYHQSmtrWhYWUEu2PXfiE7KyoVuNQikES3EN_hmwyYRWxyp7YpwQRoPYxrOM6g
2019-10-19 21:55:37,423 DEBUG    save to sessions_items.log
2019-10-19 21:55:37,423 DEBUG    ('127.0.0.1', 52038) - ASGI [210] Received {'type': 'http.response.start', 'status': 200, 'headers': '<...>'}
2019-10-19 21:55:37,423 INFO     ('127.0.0.1', 52038) - "POST /predict_next HTTP/1.1" 200
2019-10-19 21:55:37,423 DEBUG    ('127.0.0.1', 52038) - ASGI [210] Received {'type': 'http.response.body', 'body': '<361 bytes>'}
2019-10-19 21:55:37,424 DEBUG    ('127.0.0.1', 52038) - ASGI [210] Completed
2019-10-19 21:55:37,453 DEBUG    ('127.0.0.1', 52039) - Connected
2019-10-19 21:55:37,489 DEBUG    ('127.0.0.1', 52039) - ASGI [211] Started
2019-10-19 21:55:37,490 DEBUG    ('127.0.0.1', 52039) - ASGI [211] Sent {'type': 'http.request', 'body': '<1229 bytes>', 'more_body': False}
2019-10-19 21:55:37,490 DEBUG    received items: https://googleads.g.doubleclick.net/xbbe/pixel?d=CNjMexDvnXwYoYOLJzAB&v=APEucNUFDIOjNCM7H6DAo27xX1bggmAZQPdtkROsCYLrh_CjZem-XFu6_ataRKWkAuZPM1BRb2iNCyPpIQzWhYGiPaXcBBdTsQ,https://googleads.g.doubleclick.net/xbbe/pixel?d=CIkCEIuDmgEYyoXuXjAB&v=APEucNWkNt5dJZlf8L-UhuzDrfxaUrV4xGZhulUgcZ8zIL241cgVbi17QWfaAUwX5G3mnbmOECe_zjq1g1stECT5ITVGUFvpUg,https://googleads.g.doubleclick.net/xbbe/pixel?d=CNjMexDvnXwY1pOLJzAB&v=APEucNVqfuPoUxKpwPYLXGxKyPj7Vft_CzeCzZW3pIwHC3C1i_wRLJPORXaNYXLMVQ3T3O0tra08iM3OH2lCZIkZDOFk3QQimQ,https://googleads.g.doubleclick.net/xbbe/pixel?d=CNjMexDvnXwY1pOLJzAB&v=APEucNVyT7FEHK9N-l6h2Om2y9wyJqitmTj3MQAEu4Y6jQ2PgySLheVdyOv704HL-Wq2OK2ME5vwBrjCAQAF0pVD32ezkBk16g,https://googleads.g.doubleclick.net/xbbe/pixel?d=CJfnugEQw7j0ARiN4-9fMAE&v=APEucNX7oIt87BbUALRG-Xu74AVdjFvlM8a2Djwvy6NHATa5ORcR71rsosvqaJ-tY89YMFf4vyDvLECvdFgmaXXbq2JufPLsew,https://googleads.g.doubleclick.net/xbbe/pixel?d=CNjmXhCA8WYYvriaXjAB&v=APEucNXlnsphlYVCAgN-T0UvIeXhTM09D7t1HYHQSmtrWhYWUEu2PXfiE7KyoVuNQikES3EN_hmwyYRWxyp7YpwQRoPYxrOM6g,https://googleads.g.doubleclick.net/xbbe/pixel?d=CNjmXhCA8WYYrr2aXjAB&v=APEucNV3G_9k1tCZR-V18KPimWrhLYbGmzM3UwhZ28SGtKJ3nILub0LeL6_kF4uY5C9pLlRPQdI_jWGA-HNswCgtP81l82tlvA
2019-10-19 21:55:37,491 DEBUG    save to sessions_items.log
2019-10-19 21:55:37,491 DEBUG    ('127.0.0.1', 52039) - ASGI [211] Received {'type': 'http.response.start', 'status': 200, 'headers': '<...>'}
2019-10-19 21:55:37,491 INFO     ('127.0.0.1', 52039) - "POST /predict_next HTTP/1.1" 200
2019-10-19 21:55:37,492 DEBUG    ('127.0.0.1', 52039) - ASGI [211] Received {'type': 'http.response.body', 'body': '<361 bytes>'}
2019-10-19 21:55:37,492 DEBUG    ('127.0.0.1', 52039) - ASGI [211] Completed
2019-10-19 21:55:37,659 DEBUG    ('127.0.0.1', 52039) - ASGI [212] Started
2019-10-19 21:55:37,659 DEBUG    ('127.0.0.1', 52039) - ASGI [212] Sent {'type': 'http.request', 'body': '<1402 bytes>', 'more_body': False}
2019-10-19 21:55:37,660 DEBUG    received items: https://googleads.g.doubleclick.net/xbbe/pixel?d=CNjMexDvnXwYoYOLJzAB&v=APEucNUFDIOjNCM7H6DAo27xX1bggmAZQPdtkROsCYLrh_CjZem-XFu6_ataRKWkAuZPM1BRb2iNCyPpIQzWhYGiPaXcBBdTsQ,https://googleads.g.doubleclick.net/xbbe/pixel?d=CIkCEIuDmgEYyoXuXjAB&v=APEucNWkNt5dJZlf8L-UhuzDrfxaUrV4xGZhulUgcZ8zIL241cgVbi17QWfaAUwX5G3mnbmOECe_zjq1g1stECT5ITVGUFvpUg,https://googleads.g.doubleclick.net/xbbe/pixel?d=CNjMexDvnXwY1pOLJzAB&v=APEucNVqfuPoUxKpwPYLXGxKyPj7Vft_CzeCzZW3pIwHC3C1i_wRLJPORXaNYXLMVQ3T3O0tra08iM3OH2lCZIkZDOFk3QQimQ,https://googleads.g.doubleclick.net/xbbe/pixel?d=CNjMexDvnXwY1pOLJzAB&v=APEucNVyT7FEHK9N-l6h2Om2y9wyJqitmTj3MQAEu4Y6jQ2PgySLheVdyOv704HL-Wq2OK2ME5vwBrjCAQAF0pVD32ezkBk16g,https://googleads.g.doubleclick.net/xbbe/pixel?d=CJfnugEQw7j0ARiN4-9fMAE&v=APEucNX7oIt87BbUALRG-Xu74AVdjFvlM8a2Djwvy6NHATa5ORcR71rsosvqaJ-tY89YMFf4vyDvLECvdFgmaXXbq2JufPLsew,https://googleads.g.doubleclick.net/xbbe/pixel?d=CNjmXhCA8WYYvriaXjAB&v=APEucNXlnsphlYVCAgN-T0UvIeXhTM09D7t1HYHQSmtrWhYWUEu2PXfiE7KyoVuNQikES3EN_hmwyYRWxyp7YpwQRoPYxrOM6g,https://googleads.g.doubleclick.net/xbbe/pixel?d=CNjmXhCA8WYYrr2aXjAB&v=APEucNV3G_9k1tCZR-V18KPimWrhLYbGmzM3UwhZ28SGtKJ3nILub0LeL6_kF4uY5C9pLlRPQdI_jWGA-HNswCgtP81l82tlvA,https://googleads.g.doubleclick.net/xbbe/pixel?d=CIkCEIuDmgEYyoXuXjAB&v=APEucNXdJbIM3snlIT0v4TSQVt0wO4an1dx_kyzseIqqu33nTsDq4cDn4XYQSH1jPHY7BQIrSbEz4GJFVcRn5uZMp3jVlcpoCQ
2019-10-19 21:55:37,660 DEBUG    save to sessions_items.log
2019-10-19 21:55:37,661 DEBUG    ('127.0.0.1', 52039) - ASGI [212] Received {'type': 'http.response.start', 'status': 200, 'headers': '<...>'}
2019-10-19 21:55:37,661 INFO     ('127.0.0.1', 52039) - "POST /predict_next HTTP/1.1" 200
2019-10-19 21:55:37,661 DEBUG    ('127.0.0.1', 52039) - ASGI [212] Received {'type': 'http.response.body', 'body': '<361 bytes>'}
2019-10-19 21:55:37,661 DEBUG    ('127.0.0.1', 52039) - ASGI [212] Completed
2019-10-19 21:55:37,706 DEBUG    ('127.0.0.1', 52039) - ASGI [213] Started
2019-10-19 21:55:37,707 DEBUG    ('127.0.0.1', 52039) - ASGI [213] Sent {'type': 'http.request', 'body': '<1575 bytes>', 'more_body': False}
2019-10-19 21:55:37,708 DEBUG    received items: https://googleads.g.doubleclick.net/xbbe/pixel?d=CNjMexDvnXwYoYOLJzAB&v=APEucNUFDIOjNCM7H6DAo27xX1bggmAZQPdtkROsCYLrh_CjZem-XFu6_ataRKWkAuZPM1BRb2iNCyPpIQzWhYGiPaXcBBdTsQ,https://googleads.g.doubleclick.net/xbbe/pixel?d=CIkCEIuDmgEYyoXuXjAB&v=APEucNWkNt5dJZlf8L-UhuzDrfxaUrV4xGZhulUgcZ8zIL241cgVbi17QWfaAUwX5G3mnbmOECe_zjq1g1stECT5ITVGUFvpUg,https://googleads.g.doubleclick.net/xbbe/pixel?d=CNjMexDvnXwY1pOLJzAB&v=APEucNVqfuPoUxKpwPYLXGxKyPj7Vft_CzeCzZW3pIwHC3C1i_wRLJPORXaNYXLMVQ3T3O0tra08iM3OH2lCZIkZDOFk3QQimQ,https://googleads.g.doubleclick.net/xbbe/pixel?d=CNjMexDvnXwY1pOLJzAB&v=APEucNVyT7FEHK9N-l6h2Om2y9wyJqitmTj3MQAEu4Y6jQ2PgySLheVdyOv704HL-Wq2OK2ME5vwBrjCAQAF0pVD32ezkBk16g,https://googleads.g.doubleclick.net/xbbe/pixel?d=CJfnugEQw7j0ARiN4-9fMAE&v=APEucNX7oIt87BbUALRG-Xu74AVdjFvlM8a2Djwvy6NHATa5ORcR71rsosvqaJ-tY89YMFf4vyDvLECvdFgmaXXbq2JufPLsew,https://googleads.g.doubleclick.net/xbbe/pixel?d=CNjmXhCA8WYYvriaXjAB&v=APEucNXlnsphlYVCAgN-T0UvIeXhTM09D7t1HYHQSmtrWhYWUEu2PXfiE7KyoVuNQikES3EN_hmwyYRWxyp7YpwQRoPYxrOM6g,https://googleads.g.doubleclick.net/xbbe/pixel?d=CNjmXhCA8WYYrr2aXjAB&v=APEucNV3G_9k1tCZR-V18KPimWrhLYbGmzM3UwhZ28SGtKJ3nILub0LeL6_kF4uY5C9pLlRPQdI_jWGA-HNswCgtP81l82tlvA,https://googleads.g.doubleclick.net/xbbe/pixel?d=CIkCEIuDmgEYyoXuXjAB&v=APEucNXdJbIM3snlIT0v4TSQVt0wO4an1dx_kyzseIqqu33nTsDq4cDn4XYQSH1jPHY7BQIrSbEz4GJFVcRn5uZMp3jVlcpoCQ,https://googleads.g.doubleclick.net/xbbe/pixel?d=CNTVDhDZrzAYz_G4YTAB&v=APEucNU2OGt69eZxYyv-SJZv8PhMzS-850aMYovIRxnSbvn4fEuhZ4Oah3En5kyQoHfrPjuXqX6ztW_8H2Re23N7U5kHa_rf7g
2019-10-19 21:55:37,708 DEBUG    save to sessions_items.log
2019-10-19 21:55:37,709 DEBUG    ('127.0.0.1', 52039) - ASGI [213] Received {'type': 'http.response.start', 'status': 200, 'headers': '<...>'}
2019-10-19 21:55:37,709 INFO     ('127.0.0.1', 52039) - "POST /predict_next HTTP/1.1" 200
2019-10-19 21:55:37,709 DEBUG    ('127.0.0.1', 52039) - ASGI [213] Received {'type': 'http.response.body', 'body': '<361 bytes>'}
2019-10-19 21:55:37,709 DEBUG    ('127.0.0.1', 52039) - ASGI [213] Completed
2019-10-19 21:55:38,354 DEBUG    ('127.0.0.1', 52039) - ASGI [214] Started
2019-10-19 21:55:38,355 DEBUG    ('127.0.0.1', 52039) - ASGI [214] Sent {'type': 'http.request', 'body': '<3776 bytes>', 'more_body': False}
2019-10-19 21:55:38,355 DEBUG    received items: https://ads.pubmatic.com/AdServer/js/user_sync.html?p=156011&s=165626&predirect=https%3A%2F%2Fs.amazon-adsystem.com%2Fecm3%3Fid%3DPM_UID%26ex%3Dpubmatic.com&userIdMacro=PM_UID,https://ads.pubmatic.com/AdServer/js/showad.js#PIX&kdntuid=1&SPug=true&p=156011&s=165626&predirect=https%3A%2F%2Fs.amazon-adsystem.com%2Fecm3%3Fid%3DPM_UID%26ex%3Dpubmatic.com&userIdMacro=PM_UID&it=0&gdpr=0&np=0,https://ads.pubmatic.com/AdServer/js/showad.js#PIX&kdntuid=1&p=1743386&gdpr=0&gdpr_consent=BOotW_eOotW_eDlABAENCr-AAAAm-AdAACAAoABsAGAAZAA4ACAAEgALQAZAA0ABwAD6AIoAjABMgCgAKIAWwA0ACEAEVAI4AkABNACfAFKALcAcgA_QDMAJPATe,https://ads.pubmatic.com/AdServer/js/showad.js#PIX&kdntuid=1&p=157369&gdpr=0&gdpr_consent=BOotW_eOotW_eDlABAENCr-AAAAm-AdAACAAoABsAGAAZAA4ACAAEgALQAZAA0ABwAD6AIoAjABMgCgAKIAWwA0ACEAEVAI4AkABNACfAFKALcAcgA_QDMAJPATe,https://ads.pubmatic.com/AdServer/js/user_sync.html?p=156077&predirect=https%3A%2F%2Fsync-eu.connectad.io%2Fsyncer%2F1%3Fdataid%3Ddata1%26uuid%3D,https://ads.pubmatic.com/AdServer/js/user_sync.html?p=156077&predirect=https%3A%2F%2Fsync-eu.connectad.io%2Fsyncer%2F1%3Fdataid%3Ddata1%26uuid%3D,https://ads.pubmatic.com/AdServer/js/showad.js#PIX&kdntuid=1&SPug=true&p=156077&predirect=https%3A%2F%2Fsync-eu.connectad.io%2Fsyncer%2F1%3Fdataid%3Ddata1%26uuid%3D&it=0&gdpr=0&np=0,https://ads.pubmatic.com/AdServer/js/showad.js#PIX&kdntuid=1&p=157369&gdpr=0&gdpr_consent=BOotW_eOotW_eDlABAENCr-AAAAm-AdAACAAoABsAGAAZAA4ACAAEgALQAZAA0ABwAD6AIoAjABMgCgAKIAWwA0ACEAEVAI4AkABNACfAFKALcAcgA_QDMAJPATe,https://ads.pubmatic.com/AdServer/js/showad.js#PIX&kdntuid=1&SPug=true&p=156077&predirect=https%3A%2F%2Fsync-eu.connectad.io%2Fsyncer%2F1%3Fdataid%3Ddata1%26uuid%3D&it=0&gdpr=1&gdpr_consent=BOotW_eOotW_eDlABAENCr-AAAAm-AdAACAAoABsAGAAZAA4ACAAEgALQAZAA0ABwAD6AIoAjABMgCgAKIAWwA0ACEAEVAI4AkABNACfAFKALcAcgA_QDMAJPATe&np=0,https://ads.pubmatic.com/AdServer/js/user_sync.html?gdpr_consent=&p=156423&predirect=https%3A%2F%2Fcms-xch.33across.com%2Fmatch%3Fgdpr%3D0%26gdpr_58%3D%26gdpr_consent%3D%26bidder_id%3D25%26external_user_id%3D,https://ads.pubmatic.com/AdServer/js/showad.js#PIX&kdntuid=1&p=157369&gdpr=0&gdpr_consent=BOotW_eOotW_eDlABAENCr-AAAAm-AdAACAAoABsAGAAZAA4ACAAEgALQAZAA0ABwAD6AIoAjABMgCgAKIAWwA0ACEAEVAI4AkABNACfAFKALcAcgA_QDMAJPATe,https://ads.pubmatic.com/AdServer/js/showad.js#PIX&kdntuid=1&SPug=true&p=156077&predirect=https%3A%2F%2Fsync-eu.connectad.io%2Fsyncer%2F1%3Fdataid%3Ddata1%26uuid%3D&it=0&gdpr=1&gdpr_consent=BOotW_eOotW_eDlABAENCr-AAAAm-AdAACAAoABsAGAAZAA4ACAAEgALQAZAA0ABwAD6AIoAjABMgCgAKIAWwA0ACEAEVAI4AkABNACfAFKALcAcgA_QDMAJPATe&np=0,https://ads.pubmatic.com/AdServer/js/showad.js#PIX&kdntuid=1&SPug=true&p=156423&predirect=https%3A%2F%2Fcms-xch.33across.com%2Fmatch%3Fgdpr%3D0%26gdpr_58%3D%26gdpr_consent%3D%26bidder_id%3D25%26external_user_id%3D&it=0&gdpr=0&np=0,https://ads.pubmatic.com/AdServer/js/showad.js#PIX&kdntuid=1&SPug=true&p=156077&predirect=https%3A%2F%2Fsync-eu.connectad.io%2Fsyncer%2F1%3Fdataid%3Ddata1%26uuid%3D&it=0&gdpr=1&gdpr_consent=BOotW_eOotW_eDlABAENCr-AAAAm-AdAACAAoABsAGAAZAA4ACAAEgALQAZAA0ABwAD6AIoAjABMgCgAKIAWwA0ACEAEVAI4AkABNACfAFKALcAcgA_QDMAJPATe&np=0,https://ads.pubmatic.com/AdServer/js/showad.js#PIX&kdntuid=1&SPug=true&p=156423&predirect=https%3A%2F%2Fcms-xch.33across.com%2Fmatch%3Fgdpr%3D0%26gdpr_58%3D%26gdpr_consent%3D%26bidder_id%3D25%26external_user_id%3D&it=0&gdpr=0&np=0,https://ads.pubmatic.com/AdServer/js/showad.js#PIX&kdntuid=1&SPug=true&p=156011&s=165626&predirect=https%3A%2F%2Fs.amazon-adsystem.com%2Fecm3%3Fid%3DPM_UID%26ex%3Dpubmatic.com&userIdMacro=PM_UID&it=0&gdpr=0&np=0,https://ads.pubmatic.com/AdServer/js/showad.js#PIX&ptask=DSP&SPug=1&fp=1&mpc=10&u=9D0A4133-29CB-4408-ABCC-8C799074A43D&p=157369&s=332539&d=2&cp=0&sc=1&rs=0&os=0
2019-10-19 21:55:38,356 DEBUG    save to sessions_items.log
2019-10-19 21:55:38,356 DEBUG    ('127.0.0.1', 52039) - ASGI [214] Received {'type': 'http.response.start', 'status': 200, 'headers': '<...>'}
2019-10-19 21:55:38,356 INFO     ('127.0.0.1', 52039) - "POST /predict_next HTTP/1.1" 200
2019-10-19 21:55:38,356 DEBUG    ('127.0.0.1', 52039) - ASGI [214] Received {'type': 'http.response.body', 'body': '<341 bytes>'}
2019-10-19 21:55:38,356 DEBUG    ('127.0.0.1', 52039) - ASGI [214] Completed
2019-10-19 21:55:38,413 DEBUG    ('127.0.0.1', 52039) - ASGI [215] Started
2019-10-19 21:55:38,413 DEBUG    ('127.0.0.1', 52039) - ASGI [215] Sent {'type': 'http.request', 'body': '<1032 bytes>', 'more_body': False}
2019-10-19 21:55:38,414 DEBUG    received items: https://aktrack.pubmatic.com/AdServer/AdDisplayTrackerServlet?operId=1&pubId=157369&siteId=332539&adId=1743390&adType=10&adServerId=243&kefact=1.062629&kaxefact=1.062629&kadNetFrequecy=0&kadwidth=970&kadheight=250&kadsizeid=32&kltstamp=1571536534&indirectAdId=0&adServerOptimizerId=2&ranreq=0.1&kpbmtpfact=1.235615&dcId=2&tldId=58952702&passback=0&svr=BID88576U&ekefact=lr6rXZSrCwD_YBDLvxZ1Tsz5_a1xuGqPdgd_r6Wm8GqfvJwX&ekaxefact=lr6rXbGrCwDAe4xDA--vupC4ZPzBUPYS_6lvNgoskKJXVlCC&ekpbmtpfact=lr6rXcerCwCIkiunHQ9QepIDSb3QPlGcVCuNg0Z7s7g8poar&enpp=lr6rXdqrCwAgxq4yT9swkSyS-gI2LHxAlXuraioleeqdiJvc&crID=197565502&lpu=scotiabank.ca&ucrid=8219052652220396229&campaignId=22987&creativeId=0&pctr=0.000000&wDSPByrId=1553240&wDspId=80&wbId=12&wrId=0&wAdvID=81219&isRTB=1&rtbId=FA4E858C-0C88-405E-ACB9-35E6F2C8EE10&imprId=57E366F8-7122-4081-A4D0-5FA1F9363C47&oid=57E366F8-7122-4081-A4D0-5FA1F9363C47&carrierid=39&cntryId=40&domain=w3schools.com&pageURL=https%3A%2F%2Fwww.w3schools.com%2Fjsref%2Fmet_node_insertbefore.asp&sec=1
2019-10-19 21:55:38,414 DEBUG    save to sessions_items.log
2019-10-19 21:55:38,415 DEBUG    ('127.0.0.1', 52039) - ASGI [215] Received {'type': 'http.response.start', 'status': 200, 'headers': '<...>'}
2019-10-19 21:55:38,415 INFO     ('127.0.0.1', 52039) - "POST /predict_next HTTP/1.1" 200
2019-10-19 21:55:38,415 DEBUG    ('127.0.0.1', 52039) - ASGI [215] Received {'type': 'http.response.body', 'body': '<2049 bytes>'}
2019-10-19 21:55:38,416 DEBUG    ('127.0.0.1', 52039) - ASGI [215] Completed
2019-10-19 21:55:38,455 DEBUG    ('127.0.0.1', 52039) - ASGI [216] Started
2019-10-19 21:55:38,455 DEBUG    ('127.0.0.1', 52039) - ASGI [216] Sent {'type': 'http.request', 'body': '<507 bytes>', 'more_body': False}
2019-10-19 21:55:38,455 DEBUG    received items: https://acdn.adnxs.com/ib/static/usersync/v3/async_usersync.html,https://acdn.adnxs.com/ib/static/usersync/v3/async_usersync.html,https://acdn.adnxs.com/ib/static/usersync/v3/async_usersync.html,https://acdn.adnxs.com/ib/static/usersync/v3/async_usersync.html,https://acdn.adnxs.com/dmp/async_usersync.html?gdpr=0&gdpr_consent=BOotXHgOotXHgDlABAENCr-AAAAm-AdAACAAoABsAGAAZAA4ACAAEgALQAZAA0ABwAD6AIoAjABMgCgAKIAWwA0ACEAEVAI4AkABNACfAFKALcAcgA_QDMAJPATe&seller_id=8738&pub_id=1184100
2019-10-19 21:55:38,456 DEBUG    save to sessions_items.log
2019-10-19 21:55:38,456 DEBUG    ('127.0.0.1', 52039) - ASGI [216] Received {'type': 'http.response.start', 'status': 200, 'headers': '<...>'}
2019-10-19 21:55:38,456 INFO     ('127.0.0.1', 52039) - "POST /predict_next HTTP/1.1" 200
2019-10-19 21:55:38,456 DEBUG    ('127.0.0.1', 52039) - ASGI [216] Received {'type': 'http.response.body', 'body': '<463 bytes>'}
2019-10-19 21:55:38,456 DEBUG    ('127.0.0.1', 52039) - ASGI [216] Completed
2019-10-19 21:55:38,827 DEBUG    ('127.0.0.1', 52039) - ASGI [217] Started
2019-10-19 21:55:38,827 DEBUG    ('127.0.0.1', 52039) - ASGI [217] Sent {'type': 'http.request', 'body': '<78 bytes>', 'more_body': False}
2019-10-19 21:55:38,827 DEBUG    received items: https://s0.2mdn.net/9022019/1571433459702/728x90/728x90.html
2019-10-19 21:55:38,828 DEBUG    save to sessions_items.log
2019-10-19 21:55:38,828 DEBUG    ('127.0.0.1', 52039) - ASGI [217] Received {'type': 'http.response.start', 'status': 200, 'headers': '<...>'}
2019-10-19 21:55:38,828 INFO     ('127.0.0.1', 52039) - "POST /predict_next HTTP/1.1" 200
2019-10-19 21:55:38,829 DEBUG    ('127.0.0.1', 52039) - ASGI [217] Received {'type': 'http.response.body', 'body': '<141 bytes>'}
2019-10-19 21:55:38,829 DEBUG    ('127.0.0.1', 52039) - ASGI [217] Completed
2019-10-19 21:55:38,905 DEBUG    ('127.0.0.1', 52038) - ASGI [218] Started
2019-10-19 21:55:38,905 DEBUG    ('127.0.0.1', 52038) - ASGI [218] Sent {'type': 'http.request', 'body': '<1519 bytes>', 'more_body': False}
2019-10-19 21:55:38,905 DEBUG    received items: https://tpc.googlesyndication.com/safeframe/1-0-35/html/container.html,https://tpc.googlesyndication.com/safeframe/1-0-35/html/container.html,https://tpc.googlesyndication.com/safeframe/1-0-35/html/container.html,https://tpc.googlesyndication.com/safeframe/1-0-35/html/container.html,https://tpc.googlesyndication.com/safeframe/1-0-35/html/container.html,https://tpc.googlesyndication.com/safeframe/1-0-35/html/container.html,https://tpc.googlesyndication.com/safeframe/1-0-35/html/container.html,https://tpc.googlesyndication.com/safeframe/1-0-35/html/container.html,https://tpc.googlesyndication.com/safeframe/1-0-35/html/container.html,https://tpc.googlesyndication.com/safeframe/1-0-35/html/container.html,https://tpc.googlesyndication.com/safeframe/1-0-35/html/container.html,https://tpc.googlesyndication.com/safeframe/1-0-35/html/container.html,https://tpc.googlesyndication.com/safeframe/1-0-35/html/container.html,https://tpc.googlesyndication.com/sodar/Enqz_20U.html,https://tpc.googlesyndication.com/sodar/Enqz_20U.html,https://tpc.googlesyndication.com/sodar/Enqz_20U.html,https://tpc.googlesyndication.com/safeframe/1-0-35/html/container.html,https://tpc.googlesyndication.com/sodar/Enqz_20U.html,https://tpc.googlesyndication.com/sodar/Enqz_20U.html,https://tpc.googlesyndication.com/safeframe/1-0-35/html/container.html,https://tpc.googlesyndication.com/safeframe/1-0-35/html/container.html,https://tpc.googlesyndication.com/sodar/Enqz_20U.html
2019-10-19 21:55:38,906 DEBUG    save to sessions_items.log
2019-10-19 21:55:38,906 DEBUG    ('127.0.0.1', 52038) - ASGI [218] Received {'type': 'http.response.start', 'status': 200, 'headers': '<...>'}
2019-10-19 21:55:38,906 INFO     ('127.0.0.1', 52038) - "POST /predict_next HTTP/1.1" 200
2019-10-19 21:55:38,907 DEBUG    ('127.0.0.1', 52038) - ASGI [218] Received {'type': 'http.response.body', 'body': '<127 bytes>'}
2019-10-19 21:55:38,907 DEBUG    ('127.0.0.1', 52038) - ASGI [218] Completed
2019-10-19 21:55:38,908 DEBUG    ('127.0.0.1', 52037) - ASGI [219] Started
2019-10-19 21:55:38,908 DEBUG    ('127.0.0.1', 52037) - ASGI [219] Sent {'type': 'http.request', 'body': '<1575 bytes>', 'more_body': False}
2019-10-19 21:55:38,908 DEBUG    received items: https://tpc.googlesyndication.com/safeframe/1-0-35/html/container.html,https://tpc.googlesyndication.com/safeframe/1-0-35/html/container.html,https://tpc.googlesyndication.com/safeframe/1-0-35/html/container.html,https://tpc.googlesyndication.com/safeframe/1-0-35/html/container.html,https://tpc.googlesyndication.com/safeframe/1-0-35/html/container.html,https://tpc.googlesyndication.com/safeframe/1-0-35/html/container.html,https://tpc.googlesyndication.com/safeframe/1-0-35/html/container.html,https://tpc.googlesyndication.com/safeframe/1-0-35/html/container.html,https://tpc.googlesyndication.com/safeframe/1-0-35/html/container.html,https://tpc.googlesyndication.com/safeframe/1-0-35/html/container.html,https://tpc.googlesyndication.com/safeframe/1-0-35/html/container.html,https://tpc.googlesyndication.com/safeframe/1-0-35/html/container.html,https://tpc.googlesyndication.com/safeframe/1-0-35/html/container.html,https://tpc.googlesyndication.com/sodar/Enqz_20U.html,https://tpc.googlesyndication.com/sodar/Enqz_20U.html,https://tpc.googlesyndication.com/sodar/Enqz_20U.html,https://tpc.googlesyndication.com/safeframe/1-0-35/html/container.html,https://tpc.googlesyndication.com/sodar/Enqz_20U.html,https://tpc.googlesyndication.com/sodar/Enqz_20U.html,https://tpc.googlesyndication.com/safeframe/1-0-35/html/container.html,https://tpc.googlesyndication.com/safeframe/1-0-35/html/container.html,https://tpc.googlesyndication.com/sodar/Enqz_20U.html,https://tpc.googlesyndication.com/sodar/Enqz_20U.html
2019-10-19 21:55:38,909 DEBUG    save to sessions_items.log
2019-10-19 21:55:38,909 DEBUG    ('127.0.0.1', 52037) - ASGI [219] Received {'type': 'http.response.start', 'status': 200, 'headers': '<...>'}
2019-10-19 21:55:38,910 INFO     ('127.0.0.1', 52037) - "POST /predict_next HTTP/1.1" 200
2019-10-19 21:55:38,910 DEBUG    ('127.0.0.1', 52037) - ASGI [219] Received {'type': 'http.response.body', 'body': '<127 bytes>'}
2019-10-19 21:55:38,910 DEBUG    ('127.0.0.1', 52037) - ASGI [219] Completed
2019-10-19 21:55:39,175 DEBUG    ('127.0.0.1', 52037) - ASGI [220] Started
2019-10-19 21:55:39,175 DEBUG    ('127.0.0.1', 52037) - ASGI [220] Sent {'type': 'http.request', 'body': '<3095 bytes>', 'more_body': False}
2019-10-19 21:55:39,176 DEBUG    received items: https://pagead2.googlesyndication.com/pagead/s/cookie_push.html?cb=20190204#aHR0cHM6Ly93d3cuZmFjZWJvb2suY29tL2F1ZGllbmNlbmV0d29yay9pZHN5bmM_cGFydG5lcj0zNDM4MTY3ODYzODkyNzEmY2FsbGJhY2s9aHR0cHMlM0EvL2NtLmcuZG91YmxlY2xpY2submV0L3BpeGVsJTNGZ29vZ2xlX25pZCUzRGpiX25iJTI2Z29vZ2xlX2N2ZXI9MSUyNmdvb2dsZV9wdXNoPUFITkYxM0piQkxiMmlJa01UYVU4VnZLQnRyVHZQSnFlRjNhUkU1VDJxUmFlUnclMjZnb29nbGVfaG0lM0QlMjRCVVlFUlVJRCZnb29nbGVfZ2lkPUNBRVNFS3BzaTUtdVBwQ0hFd2hqNFVCX2FTRQ==,aHR0cHM6Ly9jbS5nLmRvdWJsZWNsaWNrLm5ldC9waXhlbC9hdHRyP2Q9QUhORjEzSmhLM1JCZGFUdk1lN3hWbFFBNXEwcHhBclVlbnBNTlE=,https://pagead2.googlesyndication.com/pagead/s/cookie_push.html?cb=20190204#aHR0cHM6Ly9hZC50dXJuLmNvbS9yL2NzP3BpZD0zJmdvb2dsZV9naWQ9Q0FFU0VCOUdJczAwMGdyVVJWT0g1dnpHcmlvJmdvb2dsZV9jdmVyPTEmZ29vZ2xlX3B1c2g9QUhORjEzSzNrYjgyczBvbGIwMk5PSHUyZ2J0c2hKSC1BTWFrMFFmM0t3Vzk=,aHR0cHM6Ly9jbS5nLmRvdWJsZWNsaWNrLm5ldC9waXhlbC9hdHRyP2Q9QUhORjEzS3Utak8wM0hqRmlnNmdDMEJSQ3R5V0lLeUpUcVQ4,https://pagead2.googlesyndication.com/pagead/s/cookie_push.html?cb=20190204#aHR0cHM6Ly9hZXAubXhwdGludC5uZXQvc24uYXNoeD9nb29nbGVfZ2lkPUNBRVNFQ2wxejJZY0dBcjcwdGJzQnFwZF9XNCZnb29nbGVfY3Zlcj0xJmdvb2dsZV9wdXNoPUFITkYxM0kydWM0SC1mOUpQdlFPQVRiRjFJRENJYm55X3BHbkJXUUtCVjNU,aHR0cHM6Ly9jbS5nLmRvdWJsZWNsaWNrLm5ldC9waXhlbC9hdHRyP2Q9QUhORjEzSXlIU0hxT3ByakFvWVhpV1JVRlZtdVRkRW9oSlRv,https://pagead2.googlesyndication.com/pagead/s/cookie_push.html?cb=20190204#aHR0cHM6Ly9jbXMucXVhbnRzZXJ2ZS5jb20vZHBpeGVsP2E9cC1uNXZ2THZSZGpnMGVrJmVpZD0wJnFjX2dvb2dsZV9wdXNoPSZnb29nbGVfZ2lkPUNBRVNFQnJ4QlZJelE3S292LVR6QTQwSTV5dyZnb29nbGVfY3Zlcj0xJmdvb2dsZV9wdXNoPUFITkYxM0t6RnBTR29rX2ZNVW9QS0JUQ09kbDdSSGFZbnVHS2lPbHJGdjQ=,aHR0cHM6Ly9jbS5nLmRvdWJsZWNsaWNrLm5ldC9waXhlbC9hdHRyP2Q9QUhORjEzSzRiaG5uTWFUNlpRaHpCX2RKUlRHbG9zdG9iZ3Ix,https://pagead2.googlesyndication.com/pagead/s/cookie_push.html?cb=20190204#aHR0cHM6Ly9hZC50dXJuLmNvbS9yL2NzP3BpZD0zJmdvb2dsZV9naWQ9Q0FFU0VCOUdJczAwMGdyVVJWT0g1dnpHcmlvJmdvb2dsZV9jdmVyPTEmZ29vZ2xlX3B1c2g9QUhORjEzSWx2dVJjV3I0QkJNVC1hZVpaQlpMeWsyZU5tQ3dXQWlCZHNBOFM=,aHR0cHM6Ly9jbS5nLmRvdWJsZWNsaWNrLm5ldC9waXhlbC9hdHRyP2Q9QUhORjEzSWlKSFFMLU9OdXpnREdpdHloUG9KNzBsOE05WmZ3,https://pagead2.googlesyndication.com/pagead/s/cookie_push.html?cb=20190204#aHR0cHM6Ly9zeW5jLjFyeC5pby91c2Vyc3luYzIvcm1wc3NwP3N1Yj1nb29nbGUmcmVkaXI9aHR0cHMlM0ElMkYlMkZjbS5nLmRvdWJsZWNsaWNrLm5ldCUyRnBpeGVsJTNGZ29vZ2xlX25pZCUzRHIxJTI2Z29vZ2xlX3B1c2glM0QlNUJSWF9TUEQlNUQlMjZnb29nbGVfaG0lM0QlNUJSWF9VVUlEX0I2NF9CSU4lNUQmZ29vZ2xlX2dpZD1DQUVTRUxyNWJXb2lHRkJ3eVc2aHhXN3pUSzQmZ29vZ2xlX2N2ZXI9MSZnb29nbGVfcHVzaD1BSE5GMTNLMVQ0aDNCdEpFR25NNHRRRjNZLUZEMXRhNWhwNFBvMGlTUldsNGd3,aHR0cHM6Ly9jbS5nLmRvdWJsZWNsaWNrLm5ldC9waXhlbC9hdHRyP2Q9QUhORjEzSWlOOE5ySGlGb0hWYTl5N3VNZDl4UzlFQlFVOXJz,https://pagead2.googlesyndication.com/pagead/s/cookie_push.html?cb=20190204#aHR0cHM6Ly9waXhlbC1zeW5jLnNpdGVzY291dC5jb20vZG1wL3BpeGVsU3luYz9uaWQ9OCZnb29nbGVfZ2lkPUNBRVNFQ0ZfQlRSUGViNWNvQTc3THYtZXZTQSZnb29nbGVfY3Zlcj0xJmdvb2dsZV9wdXNoPUFITkYxM0pnV0hZeUNScC1ERVhOVFVwcXJnOE9qeWJwanpTUTlwUjNxaDNz,aHR0cHM6Ly9jbS5nLmRvdWJsZWNsaWNrLm5ldC9waXhlbC9hdHRyP2Q9QUhORjEzTGNDc2E4cFl6aFBtX040TWxNeHMycmhsZk5MV1lo
2019-10-19 21:55:39,176 DEBUG    save to sessions_items.log
2019-10-19 21:55:39,178 DEBUG    ('127.0.0.1', 52037) - ASGI [220] Received {'type': 'http.response.start', 'status': 200, 'headers': '<...>'}
2019-10-19 21:55:39,178 INFO     ('127.0.0.1', 52037) - "POST /predict_next HTTP/1.1" 200
2019-10-19 21:55:39,178 DEBUG    ('127.0.0.1', 52037) - ASGI [220] Received {'type': 'http.response.body', 'body': '<815 bytes>'}
2019-10-19 21:55:39,178 DEBUG    ('127.0.0.1', 52037) - ASGI [220] Completed
2019-10-19 21:55:39,258 DEBUG    ('127.0.0.1', 52038) - ASGI [221] Started
2019-10-19 21:55:39,259 DEBUG    ('127.0.0.1', 52038) - ASGI [221] Sent {'type': 'http.request', 'body': '<1631 bytes>', 'more_body': False}
2019-10-19 21:55:39,259 DEBUG    received items: https://tpc.googlesyndication.com/safeframe/1-0-35/html/container.html,https://tpc.googlesyndication.com/safeframe/1-0-35/html/container.html,https://tpc.googlesyndication.com/safeframe/1-0-35/html/container.html,https://tpc.googlesyndication.com/safeframe/1-0-35/html/container.html,https://tpc.googlesyndication.com/safeframe/1-0-35/html/container.html,https://tpc.googlesyndication.com/safeframe/1-0-35/html/container.html,https://tpc.googlesyndication.com/safeframe/1-0-35/html/container.html,https://tpc.googlesyndication.com/safeframe/1-0-35/html/container.html,https://tpc.googlesyndication.com/safeframe/1-0-35/html/container.html,https://tpc.googlesyndication.com/safeframe/1-0-35/html/container.html,https://tpc.googlesyndication.com/safeframe/1-0-35/html/container.html,https://tpc.googlesyndication.com/safeframe/1-0-35/html/container.html,https://tpc.googlesyndication.com/safeframe/1-0-35/html/container.html,https://tpc.googlesyndication.com/sodar/Enqz_20U.html,https://tpc.googlesyndication.com/sodar/Enqz_20U.html,https://tpc.googlesyndication.com/sodar/Enqz_20U.html,https://tpc.googlesyndication.com/safeframe/1-0-35/html/container.html,https://tpc.googlesyndication.com/sodar/Enqz_20U.html,https://tpc.googlesyndication.com/sodar/Enqz_20U.html,https://tpc.googlesyndication.com/safeframe/1-0-35/html/container.html,https://tpc.googlesyndication.com/safeframe/1-0-35/html/container.html,https://tpc.googlesyndication.com/sodar/Enqz_20U.html,https://tpc.googlesyndication.com/sodar/Enqz_20U.html,https://tpc.googlesyndication.com/sodar/Enqz_20U.html
2019-10-19 21:55:39,259 DEBUG    save to sessions_items.log
2019-10-19 21:55:39,260 DEBUG    ('127.0.0.1', 52038) - ASGI [221] Received {'type': 'http.response.start', 'status': 200, 'headers': '<...>'}
2019-10-19 21:55:39,260 INFO     ('127.0.0.1', 52038) - "POST /predict_next HTTP/1.1" 200
2019-10-19 21:55:39,260 DEBUG    ('127.0.0.1', 52038) - ASGI [221] Received {'type': 'http.response.body', 'body': '<127 bytes>'}
2019-10-19 21:55:39,261 DEBUG    ('127.0.0.1', 52038) - ASGI [221] Completed
2019-10-19 21:55:39,392 DEBUG    ('127.0.0.1', 52037) - ASGI [222] Started
2019-10-19 21:55:39,393 DEBUG    ('127.0.0.1', 52037) - ASGI [222] Sent {'type': 'http.request', 'body': '<1687 bytes>', 'more_body': False}
2019-10-19 21:55:39,393 DEBUG    received items: https://tpc.googlesyndication.com/safeframe/1-0-35/html/container.html,https://tpc.googlesyndication.com/safeframe/1-0-35/html/container.html,https://tpc.googlesyndication.com/safeframe/1-0-35/html/container.html,https://tpc.googlesyndication.com/safeframe/1-0-35/html/container.html,https://tpc.googlesyndication.com/safeframe/1-0-35/html/container.html,https://tpc.googlesyndication.com/safeframe/1-0-35/html/container.html,https://tpc.googlesyndication.com/safeframe/1-0-35/html/container.html,https://tpc.googlesyndication.com/safeframe/1-0-35/html/container.html,https://tpc.googlesyndication.com/safeframe/1-0-35/html/container.html,https://tpc.googlesyndication.com/safeframe/1-0-35/html/container.html,https://tpc.googlesyndication.com/safeframe/1-0-35/html/container.html,https://tpc.googlesyndication.com/safeframe/1-0-35/html/container.html,https://tpc.googlesyndication.com/safeframe/1-0-35/html/container.html,https://tpc.googlesyndication.com/sodar/Enqz_20U.html,https://tpc.googlesyndication.com/sodar/Enqz_20U.html,https://tpc.googlesyndication.com/sodar/Enqz_20U.html,https://tpc.googlesyndication.com/safeframe/1-0-35/html/container.html,https://tpc.googlesyndication.com/sodar/Enqz_20U.html,https://tpc.googlesyndication.com/sodar/Enqz_20U.html,https://tpc.googlesyndication.com/safeframe/1-0-35/html/container.html,https://tpc.googlesyndication.com/safeframe/1-0-35/html/container.html,https://tpc.googlesyndication.com/sodar/Enqz_20U.html,https://tpc.googlesyndication.com/sodar/Enqz_20U.html,https://tpc.googlesyndication.com/sodar/Enqz_20U.html,https://tpc.googlesyndication.com/sodar/Enqz_20U.html
2019-10-19 21:55:39,394 DEBUG    save to sessions_items.log
2019-10-19 21:55:39,396 DEBUG    ('127.0.0.1', 52037) - ASGI [222] Received {'type': 'http.response.start', 'status': 200, 'headers': '<...>'}
2019-10-19 21:55:39,396 INFO     ('127.0.0.1', 52037) - "POST /predict_next HTTP/1.1" 200
2019-10-19 21:55:39,396 DEBUG    ('127.0.0.1', 52037) - ASGI [222] Received {'type': 'http.response.body', 'body': '<127 bytes>'}
2019-10-19 21:55:39,396 DEBUG    ('127.0.0.1', 52037) - ASGI [222] Completed
2019-10-19 21:55:40,266 DEBUG    ('127.0.0.1', 52037) - ASGI [223] Started
2019-10-19 21:55:40,266 DEBUG    ('127.0.0.1', 52037) - ASGI [223] Sent {'type': 'http.request', 'body': '<574 bytes>', 'more_body': False}
2019-10-19 21:55:40,267 DEBUG    received items: https://acdn.adnxs.com/ib/static/usersync/v3/async_usersync.html,https://acdn.adnxs.com/ib/static/usersync/v3/async_usersync.html,https://acdn.adnxs.com/ib/static/usersync/v3/async_usersync.html,https://acdn.adnxs.com/ib/static/usersync/v3/async_usersync.html,https://acdn.adnxs.com/dmp/async_usersync.html?gdpr=0&gdpr_consent=BOotXHgOotXHgDlABAENCr-AAAAm-AdAACAAoABsAGAAZAA4ACAAEgALQAZAA0ABwAD6AIoAjABMgCgAKIAWwA0ACEAEVAI4AkABNACfAFKALcAcgA_QDMAJPATe&seller_id=8738&pub_id=1184100,https://acdn.adnxs.com/ib/static/usersync/v3/async_usersync.html
2019-10-19 21:55:40,267 DEBUG    save to sessions_items.log
2019-10-19 21:55:40,268 DEBUG    ('127.0.0.1', 52037) - ASGI [223] Received {'type': 'http.response.start', 'status': 200, 'headers': '<...>'}
2019-10-19 21:55:40,268 INFO     ('127.0.0.1', 52037) - "POST /predict_next HTTP/1.1" 200
2019-10-19 21:55:40,268 DEBUG    ('127.0.0.1', 52037) - ASGI [223] Received {'type': 'http.response.body', 'body': '<149 bytes>'}
2019-10-19 21:55:40,268 DEBUG    ('127.0.0.1', 52037) - ASGI [223] Completed
2019-10-19 21:55:40,269 DEBUG    ('127.0.0.1', 52038) - ASGI [224] Started
2019-10-19 21:55:40,269 DEBUG    ('127.0.0.1', 52038) - ASGI [224] Sent {'type': 'http.request', 'body': '<664 bytes>', 'more_body': False}
2019-10-19 21:55:40,269 DEBUG    received items: https://eus.rubiconproject.com/usync.html?gdpr=0&gdpr_consent=BOotW_eOotW_eDlABAENCr-AAAAm-AdAACAAoABsAGAAZAA4ACAAEgALQAZAA0ABwAD6AIoAjABMgCgAKIAWwA0ACEAEVAI4AkABNACfAFKALcAcgA_QDMAJPATe,https://eus.rubiconproject.com/usync.html?geo=na&co=us&s=ms2&gdpr_consent=BOotW_eOotW_eDlABAENCr-AAAAm-AdAACAAoABsAGAAZAA4ACAAEgALQAZAA0ABwAD6AIoAjABMgCgAKIAWwA0ACEAEVAI4AkABNACfAFKALcAcgA_QDMAJPATe&gdpr=0,https://eus.rubiconproject.com/usync.html?geo=na&co=us&s=ms2,https://eus.rubiconproject.com/usync.html?gdpr=0&gdpr_consent=BOotXHgOotXHgDlABAENCr-AAAAm-AdAACAAoABsAGAAZAA4ACAAEgALQAZAA0ABwAD6AIoAjABMgCgAKIAWwA0ACEAEVAI4AkABNACfAFKALcAcgA_QDMAJPATe
2019-10-19 21:55:40,269 DEBUG    save to sessions_items.log
2019-10-19 21:55:40,270 DEBUG    ('127.0.0.1', 52038) - ASGI [224] Received {'type': 'http.response.start', 'status': 200, 'headers': '<...>'}
2019-10-19 21:55:40,270 INFO     ('127.0.0.1', 52038) - "POST /predict_next HTTP/1.1" 200
2019-10-19 21:55:40,270 DEBUG    ('127.0.0.1', 52038) - ASGI [224] Received {'type': 'http.response.body', 'body': '<393 bytes>'}
2019-10-19 21:55:40,271 DEBUG    ('127.0.0.1', 52038) - ASGI [224] Completed
2019-10-19 21:55:40,271 DEBUG    ('127.0.0.1', 52039) - ASGI [225] Started
2019-10-19 21:55:40,271 DEBUG    ('127.0.0.1', 52039) - ASGI [225] Sent {'type': 'http.request', 'body': '<3993 bytes>', 'more_body': False}
2019-10-19 21:55:40,272 DEBUG    received items: https://ads.pubmatic.com/AdServer/js/user_sync.html?p=156011&s=165626&predirect=https%3A%2F%2Fs.amazon-adsystem.com%2Fecm3%3Fid%3DPM_UID%26ex%3Dpubmatic.com&userIdMacro=PM_UID,https://ads.pubmatic.com/AdServer/js/showad.js#PIX&kdntuid=1&SPug=true&p=156011&s=165626&predirect=https%3A%2F%2Fs.amazon-adsystem.com%2Fecm3%3Fid%3DPM_UID%26ex%3Dpubmatic.com&userIdMacro=PM_UID&it=0&gdpr=0&np=0,https://ads.pubmatic.com/AdServer/js/showad.js#PIX&kdntuid=1&p=1743386&gdpr=0&gdpr_consent=BOotW_eOotW_eDlABAENCr-AAAAm-AdAACAAoABsAGAAZAA4ACAAEgALQAZAA0ABwAD6AIoAjABMgCgAKIAWwA0ACEAEVAI4AkABNACfAFKALcAcgA_QDMAJPATe,https://ads.pubmatic.com/AdServer/js/showad.js#PIX&kdntuid=1&p=157369&gdpr=0&gdpr_consent=BOotW_eOotW_eDlABAENCr-AAAAm-AdAACAAoABsAGAAZAA4ACAAEgALQAZAA0ABwAD6AIoAjABMgCgAKIAWwA0ACEAEVAI4AkABNACfAFKALcAcgA_QDMAJPATe,https://ads.pubmatic.com/AdServer/js/user_sync.html?p=156077&predirect=https%3A%2F%2Fsync-eu.connectad.io%2Fsyncer%2F1%3Fdataid%3Ddata1%26uuid%3D,https://ads.pubmatic.com/AdServer/js/user_sync.html?p=156077&predirect=https%3A%2F%2Fsync-eu.connectad.io%2Fsyncer%2F1%3Fdataid%3Ddata1%26uuid%3D,https://ads.pubmatic.com/AdServer/js/showad.js#PIX&kdntuid=1&SPug=true&p=156077&predirect=https%3A%2F%2Fsync-eu.connectad.io%2Fsyncer%2F1%3Fdataid%3Ddata1%26uuid%3D&it=0&gdpr=0&np=0,https://ads.pubmatic.com/AdServer/js/showad.js#PIX&kdntuid=1&p=157369&gdpr=0&gdpr_consent=BOotW_eOotW_eDlABAENCr-AAAAm-AdAACAAoABsAGAAZAA4ACAAEgALQAZAA0ABwAD6AIoAjABMgCgAKIAWwA0ACEAEVAI4AkABNACfAFKALcAcgA_QDMAJPATe,https://ads.pubmatic.com/AdServer/js/showad.js#PIX&kdntuid=1&SPug=true&p=156077&predirect=https%3A%2F%2Fsync-eu.connectad.io%2Fsyncer%2F1%3Fdataid%3Ddata1%26uuid%3D&it=0&gdpr=1&gdpr_consent=BOotW_eOotW_eDlABAENCr-AAAAm-AdAACAAoABsAGAAZAA4ACAAEgALQAZAA0ABwAD6AIoAjABMgCgAKIAWwA0ACEAEVAI4AkABNACfAFKALcAcgA_QDMAJPATe&np=0,https://ads.pubmatic.com/AdServer/js/user_sync.html?gdpr_consent=&p=156423&predirect=https%3A%2F%2Fcms-xch.33across.com%2Fmatch%3Fgdpr%3D0%26gdpr_58%3D%26gdpr_consent%3D%26bidder_id%3D25%26external_user_id%3D,https://ads.pubmatic.com/AdServer/js/showad.js#PIX&kdntuid=1&p=157369&gdpr=0&gdpr_consent=BOotW_eOotW_eDlABAENCr-AAAAm-AdAACAAoABsAGAAZAA4ACAAEgALQAZAA0ABwAD6AIoAjABMgCgAKIAWwA0ACEAEVAI4AkABNACfAFKALcAcgA_QDMAJPATe,https://ads.pubmatic.com/AdServer/js/showad.js#PIX&kdntuid=1&SPug=true&p=156077&predirect=https%3A%2F%2Fsync-eu.connectad.io%2Fsyncer%2F1%3Fdataid%3Ddata1%26uuid%3D&it=0&gdpr=1&gdpr_consent=BOotW_eOotW_eDlABAENCr-AAAAm-AdAACAAoABsAGAAZAA4ACAAEgALQAZAA0ABwAD6AIoAjABMgCgAKIAWwA0ACEAEVAI4AkABNACfAFKALcAcgA_QDMAJPATe&np=0,https://ads.pubmatic.com/AdServer/js/showad.js#PIX&kdntuid=1&SPug=true&p=156423&predirect=https%3A%2F%2Fcms-xch.33across.com%2Fmatch%3Fgdpr%3D0%26gdpr_58%3D%26gdpr_consent%3D%26bidder_id%3D25%26external_user_id%3D&it=0&gdpr=0&np=0,https://ads.pubmatic.com/AdServer/js/showad.js#PIX&kdntuid=1&SPug=true&p=156077&predirect=https%3A%2F%2Fsync-eu.connectad.io%2Fsyncer%2F1%3Fdataid%3Ddata1%26uuid%3D&it=0&gdpr=1&gdpr_consent=BOotW_eOotW_eDlABAENCr-AAAAm-AdAACAAoABsAGAAZAA4ACAAEgALQAZAA0ABwAD6AIoAjABMgCgAKIAWwA0ACEAEVAI4AkABNACfAFKALcAcgA_QDMAJPATe&np=0,https://ads.pubmatic.com/AdServer/js/showad.js#PIX&kdntuid=1&SPug=true&p=156423&predirect=https%3A%2F%2Fcms-xch.33across.com%2Fmatch%3Fgdpr%3D0%26gdpr_58%3D%26gdpr_consent%3D%26bidder_id%3D25%26external_user_id%3D&it=0&gdpr=0&np=0,https://ads.pubmatic.com/AdServer/js/showad.js#PIX&kdntuid=1&SPug=true&p=156011&s=165626&predirect=https%3A%2F%2Fs.amazon-adsystem.com%2Fecm3%3Fid%3DPM_UID%26ex%3Dpubmatic.com&userIdMacro=PM_UID&it=0&gdpr=0&np=0,https://ads.pubmatic.com/AdServer/js/showad.js#PIX&ptask=DSP&SPug=1&fp=1&mpc=10&u=9D0A4133-29CB-4408-ABCC-8C799074A43D&p=157369&s=332539&d=2&cp=0&sc=1&rs=0&os=0,https://ads.pubmatic.com/AdServer/js/showad.js#PIX&kdntuid=1&p=157369&gdpr=0&gdpr_consent=BOotXHgOotXHgDlABAENCr-AAAAm-AdAACAAoABsAGAAZAA4ACAAEgALQAZAA0ABwAD6AIoAjABMgCgAKIAWwA0ACEAEVAI4AkABNACfAFKALcAcgA_QDMAJPATe
2019-10-19 21:55:40,272 DEBUG    save to sessions_items.log
2019-10-19 21:55:40,272 DEBUG    ('127.0.0.1', 52039) - ASGI [225] Received {'type': 'http.response.start', 'status': 200, 'headers': '<...>'}
2019-10-19 21:55:40,273 INFO     ('127.0.0.1', 52039) - "POST /predict_next HTTP/1.1" 200
2019-10-19 21:55:40,273 DEBUG    ('127.0.0.1', 52039) - ASGI [225] Received {'type': 'http.response.body', 'body': '<449 bytes>'}
2019-10-19 21:55:40,273 DEBUG    ('127.0.0.1', 52039) - ASGI [225] Completed
2019-10-19 21:55:40,318 DEBUG    ('127.0.0.1', 51956) - ASGI [226] Started
2019-10-19 21:55:40,318 DEBUG    ('127.0.0.1', 51956) - ASGI [226] Sent {'type': 'http.request', 'body': '<641 bytes>', 'more_body': False}
2019-10-19 21:55:40,319 DEBUG    received items: https://acdn.adnxs.com/ib/static/usersync/v3/async_usersync.html,https://acdn.adnxs.com/ib/static/usersync/v3/async_usersync.html,https://acdn.adnxs.com/ib/static/usersync/v3/async_usersync.html,https://acdn.adnxs.com/ib/static/usersync/v3/async_usersync.html,https://acdn.adnxs.com/dmp/async_usersync.html?gdpr=0&gdpr_consent=BOotXHgOotXHgDlABAENCr-AAAAm-AdAACAAoABsAGAAZAA4ACAAEgALQAZAA0ABwAD6AIoAjABMgCgAKIAWwA0ACEAEVAI4AkABNACfAFKALcAcgA_QDMAJPATe&seller_id=8738&pub_id=1184100,https://acdn.adnxs.com/ib/static/usersync/v3/async_usersync.html,https://acdn.adnxs.com/ib/static/usersync/v3/async_usersync.html
2019-10-19 21:55:40,319 DEBUG    save to sessions_items.log
2019-10-19 21:55:40,320 DEBUG    ('127.0.0.1', 51956) - ASGI [226] Received {'type': 'http.response.start', 'status': 200, 'headers': '<...>'}
2019-10-19 21:55:40,320 INFO     ('127.0.0.1', 51956) - "POST /predict_next HTTP/1.1" 200
2019-10-19 21:55:40,320 DEBUG    ('127.0.0.1', 51956) - ASGI [226] Received {'type': 'http.response.body', 'body': '<149 bytes>'}
2019-10-19 21:55:40,320 DEBUG    ('127.0.0.1', 51956) - ASGI [226] Completed
2019-10-19 21:55:40,372 DEBUG    ('127.0.0.1', 52039) - ASGI [227] Started
2019-10-19 21:55:40,372 DEBUG    ('127.0.0.1', 52039) - ASGI [227] Sent {'type': 'http.request', 'body': '<708 bytes>', 'more_body': False}
2019-10-19 21:55:40,373 DEBUG    received items: https://acdn.adnxs.com/ib/static/usersync/v3/async_usersync.html,https://acdn.adnxs.com/ib/static/usersync/v3/async_usersync.html,https://acdn.adnxs.com/ib/static/usersync/v3/async_usersync.html,https://acdn.adnxs.com/ib/static/usersync/v3/async_usersync.html,https://acdn.adnxs.com/dmp/async_usersync.html?gdpr=0&gdpr_consent=BOotXHgOotXHgDlABAENCr-AAAAm-AdAACAAoABsAGAAZAA4ACAAEgALQAZAA0ABwAD6AIoAjABMgCgAKIAWwA0ACEAEVAI4AkABNACfAFKALcAcgA_QDMAJPATe&seller_id=8738&pub_id=1184100,https://acdn.adnxs.com/ib/static/usersync/v3/async_usersync.html,https://acdn.adnxs.com/ib/static/usersync/v3/async_usersync.html,https://acdn.adnxs.com/ib/static/usersync/v3/async_usersync.html
2019-10-19 21:55:40,374 DEBUG    save to sessions_items.log
2019-10-19 21:55:40,376 DEBUG    ('127.0.0.1', 52039) - ASGI [227] Received {'type': 'http.response.start', 'status': 200, 'headers': '<...>'}
2019-10-19 21:55:40,376 INFO     ('127.0.0.1', 52039) - "POST /predict_next HTTP/1.1" 200
2019-10-19 21:55:40,376 DEBUG    ('127.0.0.1', 52039) - ASGI [227] Received {'type': 'http.response.body', 'body': '<149 bytes>'}
2019-10-19 21:55:40,377 DEBUG    ('127.0.0.1', 52039) - ASGI [227] Completed
2019-10-19 21:55:40,377 DEBUG    ('127.0.0.1', 52038) - ASGI [228] Started
2019-10-19 21:55:40,377 DEBUG    ('127.0.0.1', 52038) - ASGI [228] Sent {'type': 'http.request', 'body': '<775 bytes>', 'more_body': False}
2019-10-19 21:55:40,378 DEBUG    received items: https://acdn.adnxs.com/ib/static/usersync/v3/async_usersync.html,https://acdn.adnxs.com/ib/static/usersync/v3/async_usersync.html,https://acdn.adnxs.com/ib/static/usersync/v3/async_usersync.html,https://acdn.adnxs.com/ib/static/usersync/v3/async_usersync.html,https://acdn.adnxs.com/dmp/async_usersync.html?gdpr=0&gdpr_consent=BOotXHgOotXHgDlABAENCr-AAAAm-AdAACAAoABsAGAAZAA4ACAAEgALQAZAA0ABwAD6AIoAjABMgCgAKIAWwA0ACEAEVAI4AkABNACfAFKALcAcgA_QDMAJPATe&seller_id=8738&pub_id=1184100,https://acdn.adnxs.com/ib/static/usersync/v3/async_usersync.html,https://acdn.adnxs.com/ib/static/usersync/v3/async_usersync.html,https://acdn.adnxs.com/ib/static/usersync/v3/async_usersync.html,https://acdn.adnxs.com/ib/static/usersync/v3/async_usersync.html
2019-10-19 21:55:40,378 DEBUG    save to sessions_items.log
2019-10-19 21:55:40,379 DEBUG    ('127.0.0.1', 52038) - ASGI [228] Received {'type': 'http.response.start', 'status': 200, 'headers': '<...>'}
2019-10-19 21:55:40,379 INFO     ('127.0.0.1', 52038) - "POST /predict_next HTTP/1.1" 200
2019-10-19 21:55:40,379 DEBUG    ('127.0.0.1', 52038) - ASGI [228] Received {'type': 'http.response.body', 'body': '<149 bytes>'}
2019-10-19 21:55:40,379 DEBUG    ('127.0.0.1', 52038) - ASGI [228] Completed
2019-10-19 21:55:40,596 DEBUG    ('127.0.0.1', 52038) - ASGI [229] Started
2019-10-19 21:55:40,597 DEBUG    ('127.0.0.1', 52038) - ASGI [229] Sent {'type': 'http.request', 'body': '<153 bytes>', 'more_body': False}
2019-10-19 21:55:40,597 DEBUG    received items: https://cdn.connectad.io/connectmyusers.php,https://cdn.connectad.io/connectmyusers.php,https://cdn.connectad.io/connectmyusers.php
2019-10-19 21:55:40,598 DEBUG    save to sessions_items.log
2019-10-19 21:55:40,598 DEBUG    ('127.0.0.1', 52038) - ASGI [229] Received {'type': 'http.response.start', 'status': 200, 'headers': '<...>'}
2019-10-19 21:55:40,598 INFO     ('127.0.0.1', 52038) - "POST /predict_next HTTP/1.1" 200
2019-10-19 21:55:40,599 DEBUG    ('127.0.0.1', 52038) - ASGI [229] Received {'type': 'http.response.body', 'body': '<107 bytes>'}
2019-10-19 21:55:40,599 DEBUG    ('127.0.0.1', 52038) - ASGI [229] Completed
2019-10-19 21:55:40,599 DEBUG    ('127.0.0.1', 52039) - ASGI [230] Started
2019-10-19 21:55:40,600 DEBUG    ('127.0.0.1', 52039) - ASGI [230] Sent {'type': 'http.request', 'body': '<4211 bytes>', 'more_body': False}
2019-10-19 21:55:40,600 DEBUG    received items: https://ads.pubmatic.com/AdServer/js/user_sync.html?p=156011&s=165626&predirect=https%3A%2F%2Fs.amazon-adsystem.com%2Fecm3%3Fid%3DPM_UID%26ex%3Dpubmatic.com&userIdMacro=PM_UID,https://ads.pubmatic.com/AdServer/js/showad.js#PIX&kdntuid=1&SPug=true&p=156011&s=165626&predirect=https%3A%2F%2Fs.amazon-adsystem.com%2Fecm3%3Fid%3DPM_UID%26ex%3Dpubmatic.com&userIdMacro=PM_UID&it=0&gdpr=0&np=0,https://ads.pubmatic.com/AdServer/js/showad.js#PIX&kdntuid=1&p=1743386&gdpr=0&gdpr_consent=BOotW_eOotW_eDlABAENCr-AAAAm-AdAACAAoABsAGAAZAA4ACAAEgALQAZAA0ABwAD6AIoAjABMgCgAKIAWwA0ACEAEVAI4AkABNACfAFKALcAcgA_QDMAJPATe,https://ads.pubmatic.com/AdServer/js/showad.js#PIX&kdntuid=1&p=157369&gdpr=0&gdpr_consent=BOotW_eOotW_eDlABAENCr-AAAAm-AdAACAAoABsAGAAZAA4ACAAEgALQAZAA0ABwAD6AIoAjABMgCgAKIAWwA0ACEAEVAI4AkABNACfAFKALcAcgA_QDMAJPATe,https://ads.pubmatic.com/AdServer/js/user_sync.html?p=156077&predirect=https%3A%2F%2Fsync-eu.connectad.io%2Fsyncer%2F1%3Fdataid%3Ddata1%26uuid%3D,https://ads.pubmatic.com/AdServer/js/user_sync.html?p=156077&predirect=https%3A%2F%2Fsync-eu.connectad.io%2Fsyncer%2F1%3Fdataid%3Ddata1%26uuid%3D,https://ads.pubmatic.com/AdServer/js/showad.js#PIX&kdntuid=1&SPug=true&p=156077&predirect=https%3A%2F%2Fsync-eu.connectad.io%2Fsyncer%2F1%3Fdataid%3Ddata1%26uuid%3D&it=0&gdpr=0&np=0,https://ads.pubmatic.com/AdServer/js/showad.js#PIX&kdntuid=1&p=157369&gdpr=0&gdpr_consent=BOotW_eOotW_eDlABAENCr-AAAAm-AdAACAAoABsAGAAZAA4ACAAEgALQAZAA0ABwAD6AIoAjABMgCgAKIAWwA0ACEAEVAI4AkABNACfAFKALcAcgA_QDMAJPATe,https://ads.pubmatic.com/AdServer/js/showad.js#PIX&kdntuid=1&SPug=true&p=156077&predirect=https%3A%2F%2Fsync-eu.connectad.io%2Fsyncer%2F1%3Fdataid%3Ddata1%26uuid%3D&it=0&gdpr=1&gdpr_consent=BOotW_eOotW_eDlABAENCr-AAAAm-AdAACAAoABsAGAAZAA4ACAAEgALQAZAA0ABwAD6AIoAjABMgCgAKIAWwA0ACEAEVAI4AkABNACfAFKALcAcgA_QDMAJPATe&np=0,https://ads.pubmatic.com/AdServer/js/user_sync.html?gdpr_consent=&p=156423&predirect=https%3A%2F%2Fcms-xch.33across.com%2Fmatch%3Fgdpr%3D0%26gdpr_58%3D%26gdpr_consent%3D%26bidder_id%3D25%26external_user_id%3D,https://ads.pubmatic.com/AdServer/js/showad.js#PIX&kdntuid=1&p=157369&gdpr=0&gdpr_consent=BOotW_eOotW_eDlABAENCr-AAAAm-AdAACAAoABsAGAAZAA4ACAAEgALQAZAA0ABwAD6AIoAjABMgCgAKIAWwA0ACEAEVAI4AkABNACfAFKALcAcgA_QDMAJPATe,https://ads.pubmatic.com/AdServer/js/showad.js#PIX&kdntuid=1&SPug=true&p=156077&predirect=https%3A%2F%2Fsync-eu.connectad.io%2Fsyncer%2F1%3Fdataid%3Ddata1%26uuid%3D&it=0&gdpr=1&gdpr_consent=BOotW_eOotW_eDlABAENCr-AAAAm-AdAACAAoABsAGAAZAA4ACAAEgALQAZAA0ABwAD6AIoAjABMgCgAKIAWwA0ACEAEVAI4AkABNACfAFKALcAcgA_QDMAJPATe&np=0,https://ads.pubmatic.com/AdServer/js/showad.js#PIX&kdntuid=1&SPug=true&p=156423&predirect=https%3A%2F%2Fcms-xch.33across.com%2Fmatch%3Fgdpr%3D0%26gdpr_58%3D%26gdpr_consent%3D%26bidder_id%3D25%26external_user_id%3D&it=0&gdpr=0&np=0,https://ads.pubmatic.com/AdServer/js/showad.js#PIX&kdntuid=1&SPug=true&p=156077&predirect=https%3A%2F%2Fsync-eu.connectad.io%2Fsyncer%2F1%3Fdataid%3Ddata1%26uuid%3D&it=0&gdpr=1&gdpr_consent=BOotW_eOotW_eDlABAENCr-AAAAm-AdAACAAoABsAGAAZAA4ACAAEgALQAZAA0ABwAD6AIoAjABMgCgAKIAWwA0ACEAEVAI4AkABNACfAFKALcAcgA_QDMAJPATe&np=0,https://ads.pubmatic.com/AdServer/js/showad.js#PIX&kdntuid=1&SPug=true&p=156423&predirect=https%3A%2F%2Fcms-xch.33across.com%2Fmatch%3Fgdpr%3D0%26gdpr_58%3D%26gdpr_consent%3D%26bidder_id%3D25%26external_user_id%3D&it=0&gdpr=0&np=0,https://ads.pubmatic.com/AdServer/js/showad.js#PIX&kdntuid=1&SPug=true&p=156011&s=165626&predirect=https%3A%2F%2Fs.amazon-adsystem.com%2Fecm3%3Fid%3DPM_UID%26ex%3Dpubmatic.com&userIdMacro=PM_UID&it=0&gdpr=0&np=0,https://ads.pubmatic.com/AdServer/js/showad.js#PIX&ptask=DSP&SPug=1&fp=1&mpc=10&u=9D0A4133-29CB-4408-ABCC-8C799074A43D&p=157369&s=332539&d=2&cp=0&sc=1&rs=0&os=0,https://ads.pubmatic.com/AdServer/js/showad.js#PIX&kdntuid=1&p=157369&gdpr=0&gdpr_consent=BOotXHgOotXHgDlABAENCr-AAAAm-AdAACAAoABsAGAAZAA4ACAAEgALQAZAA0ABwAD6AIoAjABMgCgAKIAWwA0ACEAEVAI4AkABNACfAFKALcAcgA_QDMAJPATe,https://ads.pubmatic.com/AdServer/js/showad.js#PIX&kdntuid=1&p=1743386&gdpr=0&gdpr_consent=BOotXHgOotXHgDlABAENCr-AAAAm-AdAACAAoABsAGAAZAA4ACAAEgALQAZAA0ABwAD6AIoAjABMgCgAKIAWwA0ACEAEVAI4AkABNACfAFKALcAcgA_QDMAJPATe
2019-10-19 21:55:40,601 DEBUG    save to sessions_items.log
2019-10-19 21:55:40,601 DEBUG    ('127.0.0.1', 52039) - ASGI [230] Received {'type': 'http.response.start', 'status': 200, 'headers': '<...>'}
2019-10-19 21:55:40,601 INFO     ('127.0.0.1', 52039) - "POST /predict_next HTTP/1.1" 200
2019-10-19 21:55:40,601 DEBUG    ('127.0.0.1', 52039) - ASGI [230] Received {'type': 'http.response.body', 'body': '<451 bytes>'}
2019-10-19 21:55:40,602 DEBUG    ('127.0.0.1', 52039) - ASGI [230] Completed
2019-10-19 21:55:40,903 DEBUG    ('127.0.0.1', 52039) - ASGI [231] Started
2019-10-19 21:55:40,903 DEBUG    ('127.0.0.1', 52039) - ASGI [231] Sent {'type': 'http.request', 'body': '<199 bytes>', 'more_body': False}
2019-10-19 21:55:40,904 DEBUG    received items: https://cdn.connectad.io/connectmyusers.php,https://cdn.connectad.io/connectmyusers.php,https://cdn.connectad.io/connectmyusers.php,https://cdn.connectad.io/connectmyusers.php
2019-10-19 21:55:40,904 DEBUG    save to sessions_items.log
2019-10-19 21:55:40,904 DEBUG    ('127.0.0.1', 52039) - ASGI [231] Received {'type': 'http.response.start', 'status': 200, 'headers': '<...>'}
2019-10-19 21:55:40,904 INFO     ('127.0.0.1', 52039) - "POST /predict_next HTTP/1.1" 200
2019-10-19 21:55:40,905 DEBUG    ('127.0.0.1', 52039) - ASGI [231] Received {'type': 'http.response.body', 'body': '<107 bytes>'}
2019-10-19 21:55:40,905 DEBUG    ('127.0.0.1', 52039) - ASGI [231] Completed
2019-10-19 21:55:41,411 DEBUG    ('127.0.0.1', 52039) - ASGI [232] Started
2019-10-19 21:55:41,411 DEBUG    ('127.0.0.1', 52039) - ASGI [232] Sent {'type': 'http.request', 'body': '<944 bytes>', 'more_body': False}
2019-10-19 21:55:41,411 DEBUG    received items: https://us-u.openx.net/w/1.0/pd?plm=6&ph=8a7ca719-8c2c-4c16-98ad-37ac6dbf26e9&gdpr=0&gdpr_consent=BOotW_eOotW_eDlABAENCr-AAAAm-AdAACAAoABsAGAAZAA4ACAAEgALQAZAA0ABwAD6AIoAjABMgCgAKIAWwA0ACEAEVAI4AkABNACfAFKALcAcgA_QDMAJPATe,https://us-u.openx.net/w/1.0/pd?plm=6&ph=8a7ca719-8c2c-4c16-98ad-37ac6dbf26e9&gdpr=0&gdpr_consent=BOotW_eOotW_eDlABAENCr-AAAAm-AdAACAAoABsAGAAZAA4ACAAEgALQAZAA0ABwAD6AIoAjABMgCgAKIAWwA0ACEAEVAI4AkABNACfAFKALcAcgA_QDMAJPATe,https://us-u.openx.net/w/1.0/cm?id=c6a5ba0d-ce02-41bd-a1ea-842c68bd5108&ph=8f5ed5d4-642c-4222-968a-d709c87ac3c8&gdpr_consent=&r=https%3A%2F%2Fcms-xch.33across.com%2Fmatch%3Fgdpr%3D0%26gdpr_58%3D%26gdpr_consent%3D%26bidder_id%3D70%26external_user_id%3D,https://us-u.openx.net/w/1.0/pd?plm=6&ph=8a7ca719-8c2c-4c16-98ad-37ac6dbf26e9&gdpr=0&gdpr_consent=BOotXHgOotXHgDlABAENCr-AAAAm-AdAACAAoABsAGAAZAA4ACAAEgALQAZAA0ABwAD6AIoAjABMgCgAKIAWwA0ACEAEVAI4AkABNACfAFKALcAcgA_QDMAJPATe
2019-10-19 21:55:41,412 DEBUG    save to sessions_items.log
2019-10-19 21:55:41,412 DEBUG    ('127.0.0.1', 52039) - ASGI [232] Received {'type': 'http.response.start', 'status': 200, 'headers': '<...>'}
2019-10-19 21:55:41,412 INFO     ('127.0.0.1', 52039) - "POST /predict_next HTTP/1.1" 200
2019-10-19 21:55:41,412 DEBUG    ('127.0.0.1', 52039) - ASGI [232] Received {'type': 'http.response.body', 'body': '<465 bytes>'}
2019-10-19 21:55:41,413 DEBUG    ('127.0.0.1', 52039) - ASGI [232] Completed
2019-10-19 21:55:41,416 DEBUG    ('127.0.0.1', 52038) - ASGI [233] Started
2019-10-19 21:55:41,417 DEBUG    ('127.0.0.1', 52038) - ASGI [233] Sent {'type': 'http.request', 'body': '<1169 bytes>', 'more_body': False}
2019-10-19 21:55:41,417 DEBUG    received items: https://us-u.openx.net/w/1.0/pd?plm=6&ph=8a7ca719-8c2c-4c16-98ad-37ac6dbf26e9&gdpr=0&gdpr_consent=BOotW_eOotW_eDlABAENCr-AAAAm-AdAACAAoABsAGAAZAA4ACAAEgALQAZAA0ABwAD6AIoAjABMgCgAKIAWwA0ACEAEVAI4AkABNACfAFKALcAcgA_QDMAJPATe,https://us-u.openx.net/w/1.0/pd?plm=6&ph=8a7ca719-8c2c-4c16-98ad-37ac6dbf26e9&gdpr=0&gdpr_consent=BOotW_eOotW_eDlABAENCr-AAAAm-AdAACAAoABsAGAAZAA4ACAAEgALQAZAA0ABwAD6AIoAjABMgCgAKIAWwA0ACEAEVAI4AkABNACfAFKALcAcgA_QDMAJPATe,https://us-u.openx.net/w/1.0/cm?id=c6a5ba0d-ce02-41bd-a1ea-842c68bd5108&ph=8f5ed5d4-642c-4222-968a-d709c87ac3c8&gdpr_consent=&r=https%3A%2F%2Fcms-xch.33across.com%2Fmatch%3Fgdpr%3D0%26gdpr_58%3D%26gdpr_consent%3D%26bidder_id%3D70%26external_user_id%3D,https://us-u.openx.net/w/1.0/pd?plm=6&ph=8a7ca719-8c2c-4c16-98ad-37ac6dbf26e9&gdpr=0&gdpr_consent=BOotXHgOotXHgDlABAENCr-AAAAm-AdAACAAoABsAGAAZAA4ACAAEgALQAZAA0ABwAD6AIoAjABMgCgAKIAWwA0ACEAEVAI4AkABNACfAFKALcAcgA_QDMAJPATe,https://us-u.openx.net/w/1.0/pd?plm=6&ph=8a7ca719-8c2c-4c16-98ad-37ac6dbf26e9&gdpr=0&gdpr_consent=BOotXHgOotXHgDlABAENCr-AAAAm-AdAACAAoABsAGAAZAA4ACAAEgALQAZAA0ABwAD6AIoAjABMgCgAKIAWwA0ACEAEVAI4AkABNACfAFKALcAcgA_QDMAJPATe
2019-10-19 21:55:41,417 DEBUG    save to sessions_items.log
2019-10-19 21:55:41,419 DEBUG    ('127.0.0.1', 52038) - ASGI [233] Received {'type': 'http.response.start', 'status': 200, 'headers': '<...>'}
2019-10-19 21:55:41,419 INFO     ('127.0.0.1', 52038) - "POST /predict_next HTTP/1.1" 200
2019-10-19 21:55:41,419 DEBUG    ('127.0.0.1', 52038) - ASGI [233] Received {'type': 'http.response.body', 'body': '<465 bytes>'}
2019-10-19 21:55:41,419 DEBUG    ('127.0.0.1', 52038) - ASGI [233] Completed
2019-10-19 21:55:41,795 DEBUG    ('127.0.0.1', 52038) - ASGI [234] Started
2019-10-19 21:55:41,796 DEBUG    ('127.0.0.1', 52038) - ASGI [234] Sent {'type': 'http.request', 'body': '<1381 bytes>', 'more_body': False}
2019-10-19 21:55:41,797 DEBUG    received items: https://sync-eu.connectad.io/syncer/1,https://sync-eu.connectad.io/syncer/1,https://sync-eu.connectad.io/syncer/1?dataid=data5&uuid=d72d00d2-5495-0f63-39d8-df2050bab74a,https://sync-eu.connectad.io/syncer/1?bidder=appnexus&dataid=data11&uuid=7981047338159745652,https://sync-eu.connectad.io/syncer/1?bidder=sovrn&dataid=data12&uuid=eeacabbfbee45592a442623f,https://sync-eu.connectad.io/syncer/1?bidder=idx&dataid=data13&uuid=Xau.Y9HM5zgAAEhoongAAAB9%26041,https://sync-eu.connectad.io/syncer/1?bidder=appnexus&dataid=data11&uuid=7981047338159745652,https://sync-eu.connectad.io/syncer/1?bidder=adform&dataid=data4&uuid=3912233068022959670,https://sync-eu.connectad.io/syncer/1?dataid=data5&uuid=d72d00d2-5495-0f63-39d8-df2050bab74a,https://sync-eu.connectad.io/syncer/1?bidder=sovrn&dataid=data12&uuid=eeacabbfbee45592a442623f,https://sync-eu.connectad.io/syncer/1?bidder=idx&dataid=data13&uuid=Xau.Y9HM5zgAAEhoongAAAB9%26041,https://sync-eu.connectad.io/pixel/1?dataid=data3&uuid=19fc55c8-262c-43d7-850b-18ee9ba53b56,https://sync-eu.connectad.io/pixel/1?dataid=data3&uuid=19fc55c8-262c-43d7-850b-18ee9ba53b56,https://sync-eu.connectad.io/syncer/1?dataid=data1&uuid=9D0A4133-29CB-4408-ABCC-8C799074A43D,https://sync-eu.connectad.io/syncer/1?dataid=data1&uuid=9D0A4133-29CB-4408-ABCC-8C799074A43D,https://sync-eu.connectad.io/syncer/1
2019-10-19 21:55:41,797 DEBUG    save to sessions_items.log
2019-10-19 21:55:41,798 DEBUG    ('127.0.0.1', 52038) - ASGI [234] Received {'type': 'http.response.start', 'status': 200, 'headers': '<...>'}
2019-10-19 21:55:41,798 INFO     ('127.0.0.1', 52038) - "POST /predict_next HTTP/1.1" 200
2019-10-19 21:55:41,798 DEBUG    ('127.0.0.1', 52038) - ASGI [234] Received {'type': 'http.response.body', 'body': '<95 bytes>'}
2019-10-19 21:55:41,798 DEBUG    ('127.0.0.1', 52038) - ASGI [234] Completed
2019-10-19 21:55:42,355 DEBUG    ('127.0.0.1', 52038) - ASGI [235] Started
2019-10-19 21:55:42,355 DEBUG    ('127.0.0.1', 52038) - ASGI [235] Sent {'type': 'http.request', 'body': '<1760 bytes>', 'more_body': False}
2019-10-19 21:55:42,356 DEBUG    received items: https://tpc.googlesyndication.com/safeframe/1-0-35/html/container.html,https://tpc.googlesyndication.com/safeframe/1-0-35/html/container.html,https://tpc.googlesyndication.com/safeframe/1-0-35/html/container.html,https://tpc.googlesyndication.com/safeframe/1-0-35/html/container.html,https://tpc.googlesyndication.com/safeframe/1-0-35/html/container.html,https://tpc.googlesyndication.com/safeframe/1-0-35/html/container.html,https://tpc.googlesyndication.com/safeframe/1-0-35/html/container.html,https://tpc.googlesyndication.com/safeframe/1-0-35/html/container.html,https://tpc.googlesyndication.com/safeframe/1-0-35/html/container.html,https://tpc.googlesyndication.com/safeframe/1-0-35/html/container.html,https://tpc.googlesyndication.com/safeframe/1-0-35/html/container.html,https://tpc.googlesyndication.com/safeframe/1-0-35/html/container.html,https://tpc.googlesyndication.com/safeframe/1-0-35/html/container.html,https://tpc.googlesyndication.com/sodar/Enqz_20U.html,https://tpc.googlesyndication.com/sodar/Enqz_20U.html,https://tpc.googlesyndication.com/sodar/Enqz_20U.html,https://tpc.googlesyndication.com/safeframe/1-0-35/html/container.html,https://tpc.googlesyndication.com/sodar/Enqz_20U.html,https://tpc.googlesyndication.com/sodar/Enqz_20U.html,https://tpc.googlesyndication.com/safeframe/1-0-35/html/container.html,https://tpc.googlesyndication.com/safeframe/1-0-35/html/container.html,https://tpc.googlesyndication.com/sodar/Enqz_20U.html,https://tpc.googlesyndication.com/sodar/Enqz_20U.html,https://tpc.googlesyndication.com/sodar/Enqz_20U.html,https://tpc.googlesyndication.com/sodar/Enqz_20U.html,https://tpc.googlesyndication.com/safeframe/1-0-35/html/container.html
2019-10-19 21:55:42,356 DEBUG    save to sessions_items.log
2019-10-19 21:55:42,356 DEBUG    ('127.0.0.1', 52038) - ASGI [235] Received {'type': 'http.response.start', 'status': 200, 'headers': '<...>'}
2019-10-19 21:55:42,356 INFO     ('127.0.0.1', 52038) - "POST /predict_next HTTP/1.1" 200
2019-10-19 21:55:42,356 DEBUG    ('127.0.0.1', 52038) - ASGI [235] Received {'type': 'http.response.body', 'body': '<161 bytes>'}
2019-10-19 21:55:42,357 DEBUG    ('127.0.0.1', 52038) - ASGI [235] Completed
2019-10-19 21:55:42,415 DEBUG    ('127.0.0.1', 52039) - ASGI [236] Started
2019-10-19 21:55:42,415 DEBUG    ('127.0.0.1', 52039) - ASGI [236] Sent {'type': 'http.request', 'body': '<1833 bytes>', 'more_body': False}
2019-10-19 21:55:42,416 DEBUG    received items: https://tpc.googlesyndication.com/safeframe/1-0-35/html/container.html,https://tpc.googlesyndication.com/safeframe/1-0-35/html/container.html,https://tpc.googlesyndication.com/safeframe/1-0-35/html/container.html,https://tpc.googlesyndication.com/safeframe/1-0-35/html/container.html,https://tpc.googlesyndication.com/safeframe/1-0-35/html/container.html,https://tpc.googlesyndication.com/safeframe/1-0-35/html/container.html,https://tpc.googlesyndication.com/safeframe/1-0-35/html/container.html,https://tpc.googlesyndication.com/safeframe/1-0-35/html/container.html,https://tpc.googlesyndication.com/safeframe/1-0-35/html/container.html,https://tpc.googlesyndication.com/safeframe/1-0-35/html/container.html,https://tpc.googlesyndication.com/safeframe/1-0-35/html/container.html,https://tpc.googlesyndication.com/safeframe/1-0-35/html/container.html,https://tpc.googlesyndication.com/safeframe/1-0-35/html/container.html,https://tpc.googlesyndication.com/sodar/Enqz_20U.html,https://tpc.googlesyndication.com/sodar/Enqz_20U.html,https://tpc.googlesyndication.com/sodar/Enqz_20U.html,https://tpc.googlesyndication.com/safeframe/1-0-35/html/container.html,https://tpc.googlesyndication.com/sodar/Enqz_20U.html,https://tpc.googlesyndication.com/sodar/Enqz_20U.html,https://tpc.googlesyndication.com/safeframe/1-0-35/html/container.html,https://tpc.googlesyndication.com/safeframe/1-0-35/html/container.html,https://tpc.googlesyndication.com/sodar/Enqz_20U.html,https://tpc.googlesyndication.com/sodar/Enqz_20U.html,https://tpc.googlesyndication.com/sodar/Enqz_20U.html,https://tpc.googlesyndication.com/sodar/Enqz_20U.html,https://tpc.googlesyndication.com/safeframe/1-0-35/html/container.html,https://tpc.googlesyndication.com/safeframe/1-0-35/html/container.html
2019-10-19 21:55:42,416 DEBUG    save to sessions_items.log
2019-10-19 21:55:42,417 DEBUG    ('127.0.0.1', 52039) - ASGI [236] Received {'type': 'http.response.start', 'status': 200, 'headers': '<...>'}
2019-10-19 21:55:42,417 INFO     ('127.0.0.1', 52039) - "POST /predict_next HTTP/1.1" 200
2019-10-19 21:55:42,417 DEBUG    ('127.0.0.1', 52039) - ASGI [236] Received {'type': 'http.response.body', 'body': '<161 bytes>'}
2019-10-19 21:55:42,418 DEBUG    ('127.0.0.1', 52039) - ASGI [236] Completed
2019-10-19 21:55:42,535 DEBUG    ('127.0.0.1', 52038) - ASGI [237] Started
2019-10-19 21:55:42,535 DEBUG    ('127.0.0.1', 52038) - ASGI [237] Sent {'type': 'http.request', 'body': '<669 bytes>', 'more_body': False}
2019-10-19 21:55:42,536 DEBUG    received items: https://dco-assets.everestads.net/ics-campaign/static/dco/html5-ad-script_v4.html?data=Xau53AAAL9j2ehJN,https://dco-assets.everestads.net/ics-campaign//5031/t/7178/7/728x90.html,https://dco-assets.everestads.net/ics-campaign/static/dco/html5-ad-script_v4.html?data=Xau_IQAABJf0skpQ,https://dco-assets.everestads.net/ics-campaign//5031/t/7178/7/728x90.html,https://dco-assets.everestads.net/ics-campaign/static/dco/html5-ad-script_v4.html?data=Xau_aQAABQ8uNUpQ,https://dco-assets.everestads.net/ics-campaign//5031/t/6459/13/160x600.html,https://dco-assets.everestads.net/ics-campaign/static/dco/html5-ad-script_v4.html?data=Xau_mwAAJTWhsmXG
2019-10-19 21:55:42,536 DEBUG    save to sessions_items.log
2019-10-19 21:55:42,537 DEBUG    ('127.0.0.1', 52038) - ASGI [237] Received {'type': 'http.response.start', 'status': 200, 'headers': '<...>'}
2019-10-19 21:55:42,537 INFO     ('127.0.0.1', 52038) - "POST /predict_next HTTP/1.1" 200
2019-10-19 21:55:42,537 DEBUG    ('127.0.0.1', 52038) - ASGI [237] Received {'type': 'http.response.body', 'body': '<227 bytes>'}
2019-10-19 21:55:42,537 DEBUG    ('127.0.0.1', 52038) - ASGI [237] Completed
2019-10-19 21:55:42,661 DEBUG    ('127.0.0.1', 52039) - ASGI [238] Started
2019-10-19 21:55:42,661 DEBUG    ('127.0.0.1', 52039) - ASGI [238] Sent {'type': 'http.request', 'body': '<1421 bytes>', 'more_body': False}
2019-10-19 21:55:42,662 DEBUG    received items: https://sync-eu.connectad.io/syncer/1,https://sync-eu.connectad.io/syncer/1,https://sync-eu.connectad.io/syncer/1?dataid=data5&uuid=d72d00d2-5495-0f63-39d8-df2050bab74a,https://sync-eu.connectad.io/syncer/1?bidder=appnexus&dataid=data11&uuid=7981047338159745652,https://sync-eu.connectad.io/syncer/1?bidder=sovrn&dataid=data12&uuid=eeacabbfbee45592a442623f,https://sync-eu.connectad.io/syncer/1?bidder=idx&dataid=data13&uuid=Xau.Y9HM5zgAAEhoongAAAB9%26041,https://sync-eu.connectad.io/syncer/1?bidder=appnexus&dataid=data11&uuid=7981047338159745652,https://sync-eu.connectad.io/syncer/1?bidder=adform&dataid=data4&uuid=3912233068022959670,https://sync-eu.connectad.io/syncer/1?dataid=data5&uuid=d72d00d2-5495-0f63-39d8-df2050bab74a,https://sync-eu.connectad.io/syncer/1?bidder=sovrn&dataid=data12&uuid=eeacabbfbee45592a442623f,https://sync-eu.connectad.io/syncer/1?bidder=idx&dataid=data13&uuid=Xau.Y9HM5zgAAEhoongAAAB9%26041,https://sync-eu.connectad.io/pixel/1?dataid=data3&uuid=19fc55c8-262c-43d7-850b-18ee9ba53b56,https://sync-eu.connectad.io/pixel/1?dataid=data3&uuid=19fc55c8-262c-43d7-850b-18ee9ba53b56,https://sync-eu.connectad.io/syncer/1?dataid=data1&uuid=9D0A4133-29CB-4408-ABCC-8C799074A43D,https://sync-eu.connectad.io/syncer/1?dataid=data1&uuid=9D0A4133-29CB-4408-ABCC-8C799074A43D,https://sync-eu.connectad.io/syncer/1,https://sync-eu.connectad.io/syncer/1
2019-10-19 21:55:42,662 DEBUG    save to sessions_items.log
2019-10-19 21:55:42,662 DEBUG    ('127.0.0.1', 52039) - ASGI [238] Received {'type': 'http.response.start', 'status': 200, 'headers': '<...>'}
2019-10-19 21:55:42,662 INFO     ('127.0.0.1', 52039) - "POST /predict_next HTTP/1.1" 200
2019-10-19 21:55:42,663 DEBUG    ('127.0.0.1', 52039) - ASGI [238] Received {'type': 'http.response.body', 'body': '<95 bytes>'}
2019-10-19 21:55:42,663 DEBUG    ('127.0.0.1', 52039) - ASGI [238] Completed
2019-10-19 21:55:43,051 DEBUG    ('127.0.0.1', 52039) - ASGI [239] Started
2019-10-19 21:55:43,052 DEBUG    ('127.0.0.1', 52039) - ASGI [239] Sent {'type': 'http.request', 'body': '<3479 bytes>', 'more_body': False}
2019-10-19 21:55:43,052 DEBUG    received items: https://pagead2.googlesyndication.com/pagead/s/cookie_push.html?cb=20190204#aHR0cHM6Ly93d3cuZmFjZWJvb2suY29tL2F1ZGllbmNlbmV0d29yay9pZHN5bmM_cGFydG5lcj0zNDM4MTY3ODYzODkyNzEmY2FsbGJhY2s9aHR0cHMlM0EvL2NtLmcuZG91YmxlY2xpY2submV0L3BpeGVsJTNGZ29vZ2xlX25pZCUzRGpiX25iJTI2Z29vZ2xlX2N2ZXI9MSUyNmdvb2dsZV9wdXNoPUFITkYxM0piQkxiMmlJa01UYVU4VnZLQnRyVHZQSnFlRjNhUkU1VDJxUmFlUnclMjZnb29nbGVfaG0lM0QlMjRCVVlFUlVJRCZnb29nbGVfZ2lkPUNBRVNFS3BzaTUtdVBwQ0hFd2hqNFVCX2FTRQ==,aHR0cHM6Ly9jbS5nLmRvdWJsZWNsaWNrLm5ldC9waXhlbC9hdHRyP2Q9QUhORjEzSmhLM1JCZGFUdk1lN3hWbFFBNXEwcHhBclVlbnBNTlE=,https://pagead2.googlesyndication.com/pagead/s/cookie_push.html?cb=20190204#aHR0cHM6Ly9hZC50dXJuLmNvbS9yL2NzP3BpZD0zJmdvb2dsZV9naWQ9Q0FFU0VCOUdJczAwMGdyVVJWT0g1dnpHcmlvJmdvb2dsZV9jdmVyPTEmZ29vZ2xlX3B1c2g9QUhORjEzSzNrYjgyczBvbGIwMk5PSHUyZ2J0c2hKSC1BTWFrMFFmM0t3Vzk=,aHR0cHM6Ly9jbS5nLmRvdWJsZWNsaWNrLm5ldC9waXhlbC9hdHRyP2Q9QUhORjEzS3Utak8wM0hqRmlnNmdDMEJSQ3R5V0lLeUpUcVQ4,https://pagead2.googlesyndication.com/pagead/s/cookie_push.html?cb=20190204#aHR0cHM6Ly9hZXAubXhwdGludC5uZXQvc24uYXNoeD9nb29nbGVfZ2lkPUNBRVNFQ2wxejJZY0dBcjcwdGJzQnFwZF9XNCZnb29nbGVfY3Zlcj0xJmdvb2dsZV9wdXNoPUFITkYxM0kydWM0SC1mOUpQdlFPQVRiRjFJRENJYm55X3BHbkJXUUtCVjNU,aHR0cHM6Ly9jbS5nLmRvdWJsZWNsaWNrLm5ldC9waXhlbC9hdHRyP2Q9QUhORjEzSXlIU0hxT3ByakFvWVhpV1JVRlZtdVRkRW9oSlRv,https://pagead2.googlesyndication.com/pagead/s/cookie_push.html?cb=20190204#aHR0cHM6Ly9jbXMucXVhbnRzZXJ2ZS5jb20vZHBpeGVsP2E9cC1uNXZ2THZSZGpnMGVrJmVpZD0wJnFjX2dvb2dsZV9wdXNoPSZnb29nbGVfZ2lkPUNBRVNFQnJ4QlZJelE3S292LVR6QTQwSTV5dyZnb29nbGVfY3Zlcj0xJmdvb2dsZV9wdXNoPUFITkYxM0t6RnBTR29rX2ZNVW9QS0JUQ09kbDdSSGFZbnVHS2lPbHJGdjQ=,aHR0cHM6Ly9jbS5nLmRvdWJsZWNsaWNrLm5ldC9waXhlbC9hdHRyP2Q9QUhORjEzSzRiaG5uTWFUNlpRaHpCX2RKUlRHbG9zdG9iZ3Ix,https://pagead2.googlesyndication.com/pagead/s/cookie_push.html?cb=20190204#aHR0cHM6Ly9hZC50dXJuLmNvbS9yL2NzP3BpZD0zJmdvb2dsZV9naWQ9Q0FFU0VCOUdJczAwMGdyVVJWT0g1dnpHcmlvJmdvb2dsZV9jdmVyPTEmZ29vZ2xlX3B1c2g9QUhORjEzSWx2dVJjV3I0QkJNVC1hZVpaQlpMeWsyZU5tQ3dXQWlCZHNBOFM=,aHR0cHM6Ly9jbS5nLmRvdWJsZWNsaWNrLm5ldC9waXhlbC9hdHRyP2Q9QUhORjEzSWlKSFFMLU9OdXpnREdpdHloUG9KNzBsOE05WmZ3,https://pagead2.googlesyndication.com/pagead/s/cookie_push.html?cb=20190204#aHR0cHM6Ly9zeW5jLjFyeC5pby91c2Vyc3luYzIvcm1wc3NwP3N1Yj1nb29nbGUmcmVkaXI9aHR0cHMlM0ElMkYlMkZjbS5nLmRvdWJsZWNsaWNrLm5ldCUyRnBpeGVsJTNGZ29vZ2xlX25pZCUzRHIxJTI2Z29vZ2xlX3B1c2glM0QlNUJSWF9TUEQlNUQlMjZnb29nbGVfaG0lM0QlNUJSWF9VVUlEX0I2NF9CSU4lNUQmZ29vZ2xlX2dpZD1DQUVTRUxyNWJXb2lHRkJ3eVc2aHhXN3pUSzQmZ29vZ2xlX2N2ZXI9MSZnb29nbGVfcHVzaD1BSE5GMTNLMVQ0aDNCdEpFR25NNHRRRjNZLUZEMXRhNWhwNFBvMGlTUldsNGd3,aHR0cHM6Ly9jbS5nLmRvdWJsZWNsaWNrLm5ldC9waXhlbC9hdHRyP2Q9QUhORjEzSWlOOE5ySGlGb0hWYTl5N3VNZDl4UzlFQlFVOXJz,https://pagead2.googlesyndication.com/pagead/s/cookie_push.html?cb=20190204#aHR0cHM6Ly9waXhlbC1zeW5jLnNpdGVzY291dC5jb20vZG1wL3BpeGVsU3luYz9uaWQ9OCZnb29nbGVfZ2lkPUNBRVNFQ0ZfQlRSUGViNWNvQTc3THYtZXZTQSZnb29nbGVfY3Zlcj0xJmdvb2dsZV9wdXNoPUFITkYxM0pnV0hZeUNScC1ERVhOVFVwcXJnOE9qeWJwanpTUTlwUjNxaDNz,aHR0cHM6Ly9jbS5nLmRvdWJsZWNsaWNrLm5ldC9waXhlbC9hdHRyP2Q9QUhORjEzTGNDc2E4cFl6aFBtX040TWxNeHMycmhsZk5MV1lo,https://pagead2.googlesyndication.com/pagead/s/cookie_push.html?cb=20190204#aHR0cHM6Ly9tYXRjaC4zNjB5aWVsZC5jb20vbWF0Y2gvZWJkYT9nb29nbGVfZ2lkPUNBRVNFQ2oxeTZlcFh0QnlyMGZHTGpFZzRrSSZnb29nbGVfY3Zlcj0xJmdvb2dsZV9wdXNoPUFITkYxM0tPbnBYa3F1S18yV2JDNUM0MjdoV1B6Wl9ZSEZXNkRVaHBvdFg3VlpB,aHR0cHM6Ly9jbS5nLmRvdWJsZWNsaWNrLm5ldC9waXhlbC9hdHRyP2Q9QUhORjEzSkRSME81TGtwczJOdWhUdjdEXzRQWDhvOF9abDd1
2019-10-19 21:55:43,053 DEBUG    save to sessions_items.log
2019-10-19 21:55:43,053 DEBUG    ('127.0.0.1', 52039) - ASGI [239] Received {'type': 'http.response.start', 'status': 200, 'headers': '<...>'}
2019-10-19 21:55:43,053 INFO     ('127.0.0.1', 52039) - "POST /predict_next HTTP/1.1" 200
2019-10-19 21:55:43,054 DEBUG    ('127.0.0.1', 52039) - ASGI [239] Received {'type': 'http.response.body', 'body': '<783 bytes>'}
2019-10-19 21:55:43,054 DEBUG    ('127.0.0.1', 52039) - ASGI [239] Completed
2019-10-19 21:55:43,158 DEBUG    ('127.0.0.1', 52038) - ASGI [240] Started
2019-10-19 21:55:43,159 DEBUG    ('127.0.0.1', 52038) - ASGI [240] Sent {'type': 'http.request', 'body': '<1513 bytes>', 'more_body': False}
2019-10-19 21:55:43,159 DEBUG    received items: https://sync-eu.connectad.io/syncer/1,https://sync-eu.connectad.io/syncer/1,https://sync-eu.connectad.io/syncer/1?dataid=data5&uuid=d72d00d2-5495-0f63-39d8-df2050bab74a,https://sync-eu.connectad.io/syncer/1?bidder=appnexus&dataid=data11&uuid=7981047338159745652,https://sync-eu.connectad.io/syncer/1?bidder=sovrn&dataid=data12&uuid=eeacabbfbee45592a442623f,https://sync-eu.connectad.io/syncer/1?bidder=idx&dataid=data13&uuid=Xau.Y9HM5zgAAEhoongAAAB9%26041,https://sync-eu.connectad.io/syncer/1?bidder=appnexus&dataid=data11&uuid=7981047338159745652,https://sync-eu.connectad.io/syncer/1?bidder=adform&dataid=data4&uuid=3912233068022959670,https://sync-eu.connectad.io/syncer/1?dataid=data5&uuid=d72d00d2-5495-0f63-39d8-df2050bab74a,https://sync-eu.connectad.io/syncer/1?bidder=sovrn&dataid=data12&uuid=eeacabbfbee45592a442623f,https://sync-eu.connectad.io/syncer/1?bidder=idx&dataid=data13&uuid=Xau.Y9HM5zgAAEhoongAAAB9%26041,https://sync-eu.connectad.io/pixel/1?dataid=data3&uuid=19fc55c8-262c-43d7-850b-18ee9ba53b56,https://sync-eu.connectad.io/pixel/1?dataid=data3&uuid=19fc55c8-262c-43d7-850b-18ee9ba53b56,https://sync-eu.connectad.io/syncer/1?dataid=data1&uuid=9D0A4133-29CB-4408-ABCC-8C799074A43D,https://sync-eu.connectad.io/syncer/1?dataid=data1&uuid=9D0A4133-29CB-4408-ABCC-8C799074A43D,https://sync-eu.connectad.io/syncer/1,https://sync-eu.connectad.io/syncer/1,https://sync-eu.connectad.io/syncer/1?bidder=adform&dataid=data4&uuid=3912233068022959670
2019-10-19 21:55:43,160 DEBUG    save to sessions_items.log
2019-10-19 21:55:43,160 DEBUG    ('127.0.0.1', 52038) - ASGI [240] Received {'type': 'http.response.start', 'status': 200, 'headers': '<...>'}
2019-10-19 21:55:43,160 INFO     ('127.0.0.1', 52038) - "POST /predict_next HTTP/1.1" 200
2019-10-19 21:55:43,160 DEBUG    ('127.0.0.1', 52038) - ASGI [240] Received {'type': 'http.response.body', 'body': '<199 bytes>'}
2019-10-19 21:55:43,161 DEBUG    ('127.0.0.1', 52038) - ASGI [240] Completed
2019-10-19 21:55:43,166 DEBUG    ('127.0.0.1', 51956) - ASGI [241] Started
2019-10-19 21:55:43,166 DEBUG    ('127.0.0.1', 51956) - ASGI [241] Sent {'type': 'http.request', 'body': '<1748 bytes>', 'more_body': False}
2019-10-19 21:55:43,167 DEBUG    received items: https://googleads.g.doubleclick.net/xbbe/pixel?d=CNjMexDvnXwYoYOLJzAB&v=APEucNUFDIOjNCM7H6DAo27xX1bggmAZQPdtkROsCYLrh_CjZem-XFu6_ataRKWkAuZPM1BRb2iNCyPpIQzWhYGiPaXcBBdTsQ,https://googleads.g.doubleclick.net/xbbe/pixel?d=CIkCEIuDmgEYyoXuXjAB&v=APEucNWkNt5dJZlf8L-UhuzDrfxaUrV4xGZhulUgcZ8zIL241cgVbi17QWfaAUwX5G3mnbmOECe_zjq1g1stECT5ITVGUFvpUg,https://googleads.g.doubleclick.net/xbbe/pixel?d=CNjMexDvnXwY1pOLJzAB&v=APEucNVqfuPoUxKpwPYLXGxKyPj7Vft_CzeCzZW3pIwHC3C1i_wRLJPORXaNYXLMVQ3T3O0tra08iM3OH2lCZIkZDOFk3QQimQ,https://googleads.g.doubleclick.net/xbbe/pixel?d=CNjMexDvnXwY1pOLJzAB&v=APEucNVyT7FEHK9N-l6h2Om2y9wyJqitmTj3MQAEu4Y6jQ2PgySLheVdyOv704HL-Wq2OK2ME5vwBrjCAQAF0pVD32ezkBk16g,https://googleads.g.doubleclick.net/xbbe/pixel?d=CJfnugEQw7j0ARiN4-9fMAE&v=APEucNX7oIt87BbUALRG-Xu74AVdjFvlM8a2Djwvy6NHATa5ORcR71rsosvqaJ-tY89YMFf4vyDvLECvdFgmaXXbq2JufPLsew,https://googleads.g.doubleclick.net/xbbe/pixel?d=CNjmXhCA8WYYvriaXjAB&v=APEucNXlnsphlYVCAgN-T0UvIeXhTM09D7t1HYHQSmtrWhYWUEu2PXfiE7KyoVuNQikES3EN_hmwyYRWxyp7YpwQRoPYxrOM6g,https://googleads.g.doubleclick.net/xbbe/pixel?d=CNjmXhCA8WYYrr2aXjAB&v=APEucNV3G_9k1tCZR-V18KPimWrhLYbGmzM3UwhZ28SGtKJ3nILub0LeL6_kF4uY5C9pLlRPQdI_jWGA-HNswCgtP81l82tlvA,https://googleads.g.doubleclick.net/xbbe/pixel?d=CIkCEIuDmgEYyoXuXjAB&v=APEucNXdJbIM3snlIT0v4TSQVt0wO4an1dx_kyzseIqqu33nTsDq4cDn4XYQSH1jPHY7BQIrSbEz4GJFVcRn5uZMp3jVlcpoCQ,https://googleads.g.doubleclick.net/xbbe/pixel?d=CNTVDhDZrzAYz_G4YTAB&v=APEucNU2OGt69eZxYyv-SJZv8PhMzS-850aMYovIRxnSbvn4fEuhZ4Oah3En5kyQoHfrPjuXqX6ztW_8H2Re23N7U5kHa_rf7g,https://googleads.g.doubleclick.net/xbbe/pixel?d=CNjMexDvnXwY0ZOLJzAB&v=APEucNX5iJHPznF-b5Y7iof5dD7KTeihSngojIr4nyLy0QFn0JCwU9PzlU04ujyV3R_gHnJeFB_4DxhmNpyUx5vhOYkDeINOrg
2019-10-19 21:55:43,167 DEBUG    save to sessions_items.log
2019-10-19 21:55:43,168 DEBUG    ('127.0.0.1', 51956) - ASGI [241] Received {'type': 'http.response.start', 'status': 200, 'headers': '<...>'}
2019-10-19 21:55:43,168 INFO     ('127.0.0.1', 51956) - "POST /predict_next HTTP/1.1" 200
2019-10-19 21:55:43,168 DEBUG    ('127.0.0.1', 51956) - ASGI [241] Received {'type': 'http.response.body', 'body': '<361 bytes>'}
2019-10-19 21:55:43,168 DEBUG    ('127.0.0.1', 51956) - ASGI [241] Completed
2019-10-19 21:55:43,328 DEBUG    ('127.0.0.1', 52039) - ASGI [242] Started
2019-10-19 21:55:43,328 DEBUG    ('127.0.0.1', 52039) - ASGI [242] Sent {'type': 'http.request', 'body': '<1608 bytes>', 'more_body': False}
2019-10-19 21:55:43,329 DEBUG    received items: https://sync-eu.connectad.io/syncer/1,https://sync-eu.connectad.io/syncer/1,https://sync-eu.connectad.io/syncer/1?dataid=data5&uuid=d72d00d2-5495-0f63-39d8-df2050bab74a,https://sync-eu.connectad.io/syncer/1?bidder=appnexus&dataid=data11&uuid=7981047338159745652,https://sync-eu.connectad.io/syncer/1?bidder=sovrn&dataid=data12&uuid=eeacabbfbee45592a442623f,https://sync-eu.connectad.io/syncer/1?bidder=idx&dataid=data13&uuid=Xau.Y9HM5zgAAEhoongAAAB9%26041,https://sync-eu.connectad.io/syncer/1?bidder=appnexus&dataid=data11&uuid=7981047338159745652,https://sync-eu.connectad.io/syncer/1?bidder=adform&dataid=data4&uuid=3912233068022959670,https://sync-eu.connectad.io/syncer/1?dataid=data5&uuid=d72d00d2-5495-0f63-39d8-df2050bab74a,https://sync-eu.connectad.io/syncer/1?bidder=sovrn&dataid=data12&uuid=eeacabbfbee45592a442623f,https://sync-eu.connectad.io/syncer/1?bidder=idx&dataid=data13&uuid=Xau.Y9HM5zgAAEhoongAAAB9%26041,https://sync-eu.connectad.io/pixel/1?dataid=data3&uuid=19fc55c8-262c-43d7-850b-18ee9ba53b56,https://sync-eu.connectad.io/pixel/1?dataid=data3&uuid=19fc55c8-262c-43d7-850b-18ee9ba53b56,https://sync-eu.connectad.io/syncer/1?dataid=data1&uuid=9D0A4133-29CB-4408-ABCC-8C799074A43D,https://sync-eu.connectad.io/syncer/1?dataid=data1&uuid=9D0A4133-29CB-4408-ABCC-8C799074A43D,https://sync-eu.connectad.io/syncer/1,https://sync-eu.connectad.io/syncer/1,https://sync-eu.connectad.io/syncer/1?bidder=adform&dataid=data4&uuid=3912233068022959670,https://sync-eu.connectad.io/syncer/1?bidder=appnexus&dataid=data11&uuid=7981047338159745652
2019-10-19 21:55:43,329 DEBUG    save to sessions_items.log
2019-10-19 21:55:43,330 DEBUG    ('127.0.0.1', 52039) - ASGI [242] Received {'type': 'http.response.start', 'status': 200, 'headers': '<...>'}
2019-10-19 21:55:43,330 INFO     ('127.0.0.1', 52039) - "POST /predict_next HTTP/1.1" 200
2019-10-19 21:55:43,330 DEBUG    ('127.0.0.1', 52039) - ASGI [242] Received {'type': 'http.response.body', 'body': '<205 bytes>'}
2019-10-19 21:55:43,330 DEBUG    ('127.0.0.1', 52039) - ASGI [242] Completed
2019-10-19 21:55:43,333 DEBUG    ('127.0.0.1', 51956) - ASGI [243] Started
2019-10-19 21:55:43,334 DEBUG    ('127.0.0.1', 51956) - ASGI [243] Sent {'type': 'http.request', 'body': '<1921 bytes>', 'more_body': False}
2019-10-19 21:55:43,335 DEBUG    received items: https://googleads.g.doubleclick.net/xbbe/pixel?d=CNjMexDvnXwYoYOLJzAB&v=APEucNUFDIOjNCM7H6DAo27xX1bggmAZQPdtkROsCYLrh_CjZem-XFu6_ataRKWkAuZPM1BRb2iNCyPpIQzWhYGiPaXcBBdTsQ,https://googleads.g.doubleclick.net/xbbe/pixel?d=CIkCEIuDmgEYyoXuXjAB&v=APEucNWkNt5dJZlf8L-UhuzDrfxaUrV4xGZhulUgcZ8zIL241cgVbi17QWfaAUwX5G3mnbmOECe_zjq1g1stECT5ITVGUFvpUg,https://googleads.g.doubleclick.net/xbbe/pixel?d=CNjMexDvnXwY1pOLJzAB&v=APEucNVqfuPoUxKpwPYLXGxKyPj7Vft_CzeCzZW3pIwHC3C1i_wRLJPORXaNYXLMVQ3T3O0tra08iM3OH2lCZIkZDOFk3QQimQ,https://googleads.g.doubleclick.net/xbbe/pixel?d=CNjMexDvnXwY1pOLJzAB&v=APEucNVyT7FEHK9N-l6h2Om2y9wyJqitmTj3MQAEu4Y6jQ2PgySLheVdyOv704HL-Wq2OK2ME5vwBrjCAQAF0pVD32ezkBk16g,https://googleads.g.doubleclick.net/xbbe/pixel?d=CJfnugEQw7j0ARiN4-9fMAE&v=APEucNX7oIt87BbUALRG-Xu74AVdjFvlM8a2Djwvy6NHATa5ORcR71rsosvqaJ-tY89YMFf4vyDvLECvdFgmaXXbq2JufPLsew,https://googleads.g.doubleclick.net/xbbe/pixel?d=CNjmXhCA8WYYvriaXjAB&v=APEucNXlnsphlYVCAgN-T0UvIeXhTM09D7t1HYHQSmtrWhYWUEu2PXfiE7KyoVuNQikES3EN_hmwyYRWxyp7YpwQRoPYxrOM6g,https://googleads.g.doubleclick.net/xbbe/pixel?d=CNjmXhCA8WYYrr2aXjAB&v=APEucNV3G_9k1tCZR-V18KPimWrhLYbGmzM3UwhZ28SGtKJ3nILub0LeL6_kF4uY5C9pLlRPQdI_jWGA-HNswCgtP81l82tlvA,https://googleads.g.doubleclick.net/xbbe/pixel?d=CIkCEIuDmgEYyoXuXjAB&v=APEucNXdJbIM3snlIT0v4TSQVt0wO4an1dx_kyzseIqqu33nTsDq4cDn4XYQSH1jPHY7BQIrSbEz4GJFVcRn5uZMp3jVlcpoCQ,https://googleads.g.doubleclick.net/xbbe/pixel?d=CNTVDhDZrzAYz_G4YTAB&v=APEucNU2OGt69eZxYyv-SJZv8PhMzS-850aMYovIRxnSbvn4fEuhZ4Oah3En5kyQoHfrPjuXqX6ztW_8H2Re23N7U5kHa_rf7g,https://googleads.g.doubleclick.net/xbbe/pixel?d=CNjMexDvnXwY0ZOLJzAB&v=APEucNX5iJHPznF-b5Y7iof5dD7KTeihSngojIr4nyLy0QFn0JCwU9PzlU04ujyV3R_gHnJeFB_4DxhmNpyUx5vhOYkDeINOrg,https://googleads.g.doubleclick.net/xbbe/pixel?d=CNjMexDvnXwYoYOLJzAB&v=APEucNUBRSVWkID0r666c0HTPRyXkc_5iNgwFHIdJeqwPJyz3gaWCNLRoVTK54Ec74N3z6FLHzCnxdrTUighonf341pYIktydg
2019-10-19 21:55:43,335 DEBUG    save to sessions_items.log
2019-10-19 21:55:43,336 DEBUG    ('127.0.0.1', 51956) - ASGI [243] Received {'type': 'http.response.start', 'status': 200, 'headers': '<...>'}
2019-10-19 21:55:43,336 INFO     ('127.0.0.1', 51956) - "POST /predict_next HTTP/1.1" 200
2019-10-19 21:55:43,336 DEBUG    ('127.0.0.1', 51956) - ASGI [243] Received {'type': 'http.response.body', 'body': '<361 bytes>'}
2019-10-19 21:55:43,337 DEBUG    ('127.0.0.1', 51956) - ASGI [243] Completed
2019-10-19 21:55:43,337 DEBUG    ('127.0.0.1', 52038) - ASGI [244] Started
2019-10-19 21:55:43,338 DEBUG    ('127.0.0.1', 52038) - ASGI [244] Sent {'type': 'http.request', 'body': '<1703 bytes>', 'more_body': False}
2019-10-19 21:55:43,339 DEBUG    received items: https://sync-eu.connectad.io/syncer/1,https://sync-eu.connectad.io/syncer/1,https://sync-eu.connectad.io/syncer/1?dataid=data5&uuid=d72d00d2-5495-0f63-39d8-df2050bab74a,https://sync-eu.connectad.io/syncer/1?bidder=appnexus&dataid=data11&uuid=7981047338159745652,https://sync-eu.connectad.io/syncer/1?bidder=sovrn&dataid=data12&uuid=eeacabbfbee45592a442623f,https://sync-eu.connectad.io/syncer/1?bidder=idx&dataid=data13&uuid=Xau.Y9HM5zgAAEhoongAAAB9%26041,https://sync-eu.connectad.io/syncer/1?bidder=appnexus&dataid=data11&uuid=7981047338159745652,https://sync-eu.connectad.io/syncer/1?bidder=adform&dataid=data4&uuid=3912233068022959670,https://sync-eu.connectad.io/syncer/1?dataid=data5&uuid=d72d00d2-5495-0f63-39d8-df2050bab74a,https://sync-eu.connectad.io/syncer/1?bidder=sovrn&dataid=data12&uuid=eeacabbfbee45592a442623f,https://sync-eu.connectad.io/syncer/1?bidder=idx&dataid=data13&uuid=Xau.Y9HM5zgAAEhoongAAAB9%26041,https://sync-eu.connectad.io/pixel/1?dataid=data3&uuid=19fc55c8-262c-43d7-850b-18ee9ba53b56,https://sync-eu.connectad.io/pixel/1?dataid=data3&uuid=19fc55c8-262c-43d7-850b-18ee9ba53b56,https://sync-eu.connectad.io/syncer/1?dataid=data1&uuid=9D0A4133-29CB-4408-ABCC-8C799074A43D,https://sync-eu.connectad.io/syncer/1?dataid=data1&uuid=9D0A4133-29CB-4408-ABCC-8C799074A43D,https://sync-eu.connectad.io/syncer/1,https://sync-eu.connectad.io/syncer/1,https://sync-eu.connectad.io/syncer/1?bidder=adform&dataid=data4&uuid=3912233068022959670,https://sync-eu.connectad.io/syncer/1?bidder=appnexus&dataid=data11&uuid=7981047338159745652,https://sync-eu.connectad.io/syncer/1?dataid=data5&uuid=d72d00d2-5495-0f63-39d8-df2050bab74a
2019-10-19 21:55:43,339 DEBUG    save to sessions_items.log
2019-10-19 21:55:43,340 DEBUG    ('127.0.0.1', 52038) - ASGI [244] Received {'type': 'http.response.start', 'status': 200, 'headers': '<...>'}
2019-10-19 21:55:43,340 INFO     ('127.0.0.1', 52038) - "POST /predict_next HTTP/1.1" 200
2019-10-19 21:55:43,340 DEBUG    ('127.0.0.1', 52038) - ASGI [244] Received {'type': 'http.response.body', 'body': '<205 bytes>'}
2019-10-19 21:55:43,340 DEBUG    ('127.0.0.1', 52038) - ASGI [244] Completed
2019-10-19 21:55:43,340 DEBUG    ('127.0.0.1', 52037) - ASGI [245] Started
2019-10-19 21:55:43,340 DEBUG    ('127.0.0.1', 52037) - ASGI [245] Sent {'type': 'http.request', 'body': '<1800 bytes>', 'more_body': False}
2019-10-19 21:55:43,341 DEBUG    received items: https://sync-eu.connectad.io/syncer/1,https://sync-eu.connectad.io/syncer/1,https://sync-eu.connectad.io/syncer/1?dataid=data5&uuid=d72d00d2-5495-0f63-39d8-df2050bab74a,https://sync-eu.connectad.io/syncer/1?bidder=appnexus&dataid=data11&uuid=7981047338159745652,https://sync-eu.connectad.io/syncer/1?bidder=sovrn&dataid=data12&uuid=eeacabbfbee45592a442623f,https://sync-eu.connectad.io/syncer/1?bidder=idx&dataid=data13&uuid=Xau.Y9HM5zgAAEhoongAAAB9%26041,https://sync-eu.connectad.io/syncer/1?bidder=appnexus&dataid=data11&uuid=7981047338159745652,https://sync-eu.connectad.io/syncer/1?bidder=adform&dataid=data4&uuid=3912233068022959670,https://sync-eu.connectad.io/syncer/1?dataid=data5&uuid=d72d00d2-5495-0f63-39d8-df2050bab74a,https://sync-eu.connectad.io/syncer/1?bidder=sovrn&dataid=data12&uuid=eeacabbfbee45592a442623f,https://sync-eu.connectad.io/syncer/1?bidder=idx&dataid=data13&uuid=Xau.Y9HM5zgAAEhoongAAAB9%26041,https://sync-eu.connectad.io/pixel/1?dataid=data3&uuid=19fc55c8-262c-43d7-850b-18ee9ba53b56,https://sync-eu.connectad.io/pixel/1?dataid=data3&uuid=19fc55c8-262c-43d7-850b-18ee9ba53b56,https://sync-eu.connectad.io/syncer/1?dataid=data1&uuid=9D0A4133-29CB-4408-ABCC-8C799074A43D,https://sync-eu.connectad.io/syncer/1?dataid=data1&uuid=9D0A4133-29CB-4408-ABCC-8C799074A43D,https://sync-eu.connectad.io/syncer/1,https://sync-eu.connectad.io/syncer/1,https://sync-eu.connectad.io/syncer/1?bidder=adform&dataid=data4&uuid=3912233068022959670,https://sync-eu.connectad.io/syncer/1?bidder=appnexus&dataid=data11&uuid=7981047338159745652,https://sync-eu.connectad.io/syncer/1?dataid=data5&uuid=d72d00d2-5495-0f63-39d8-df2050bab74a,https://sync-eu.connectad.io/syncer/1?bidder=sovrn&dataid=data12&uuid=eeacabbfbee45592a442623f
2019-10-19 21:55:43,341 DEBUG    save to sessions_items.log
2019-10-19 21:55:43,343 DEBUG    ('127.0.0.1', 52037) - ASGI [245] Received {'type': 'http.response.start', 'status': 200, 'headers': '<...>'}
2019-10-19 21:55:43,344 INFO     ('127.0.0.1', 52037) - "POST /predict_next HTTP/1.1" 200
2019-10-19 21:55:43,344 DEBUG    ('127.0.0.1', 52037) - ASGI [245] Received {'type': 'http.response.body', 'body': '<209 bytes>'}
2019-10-19 21:55:43,344 DEBUG    ('127.0.0.1', 52037) - ASGI [245] Completed
2019-10-19 21:55:43,404 DEBUG    ('127.0.0.1', 52101) - Connected
2019-10-19 21:55:43,405 DEBUG    ('127.0.0.1', 52101) - ASGI [246] Started
2019-10-19 21:55:43,405 DEBUG    ('127.0.0.1', 52101) - ASGI [246] Sent {'type': 'http.request', 'body': '<4359 bytes>', 'more_body': False}
2019-10-19 21:55:43,406 DEBUG    received items: https://ads.pubmatic.com/AdServer/js/user_sync.html?p=156011&s=165626&predirect=https%3A%2F%2Fs.amazon-adsystem.com%2Fecm3%3Fid%3DPM_UID%26ex%3Dpubmatic.com&userIdMacro=PM_UID,https://ads.pubmatic.com/AdServer/js/showad.js#PIX&kdntuid=1&SPug=true&p=156011&s=165626&predirect=https%3A%2F%2Fs.amazon-adsystem.com%2Fecm3%3Fid%3DPM_UID%26ex%3Dpubmatic.com&userIdMacro=PM_UID&it=0&gdpr=0&np=0,https://ads.pubmatic.com/AdServer/js/showad.js#PIX&kdntuid=1&p=1743386&gdpr=0&gdpr_consent=BOotW_eOotW_eDlABAENCr-AAAAm-AdAACAAoABsAGAAZAA4ACAAEgALQAZAA0ABwAD6AIoAjABMgCgAKIAWwA0ACEAEVAI4AkABNACfAFKALcAcgA_QDMAJPATe,https://ads.pubmatic.com/AdServer/js/showad.js#PIX&kdntuid=1&p=157369&gdpr=0&gdpr_consent=BOotW_eOotW_eDlABAENCr-AAAAm-AdAACAAoABsAGAAZAA4ACAAEgALQAZAA0ABwAD6AIoAjABMgCgAKIAWwA0ACEAEVAI4AkABNACfAFKALcAcgA_QDMAJPATe,https://ads.pubmatic.com/AdServer/js/user_sync.html?p=156077&predirect=https%3A%2F%2Fsync-eu.connectad.io%2Fsyncer%2F1%3Fdataid%3Ddata1%26uuid%3D,https://ads.pubmatic.com/AdServer/js/user_sync.html?p=156077&predirect=https%3A%2F%2Fsync-eu.connectad.io%2Fsyncer%2F1%3Fdataid%3Ddata1%26uuid%3D,https://ads.pubmatic.com/AdServer/js/showad.js#PIX&kdntuid=1&SPug=true&p=156077&predirect=https%3A%2F%2Fsync-eu.connectad.io%2Fsyncer%2F1%3Fdataid%3Ddata1%26uuid%3D&it=0&gdpr=0&np=0,https://ads.pubmatic.com/AdServer/js/showad.js#PIX&kdntuid=1&p=157369&gdpr=0&gdpr_consent=BOotW_eOotW_eDlABAENCr-AAAAm-AdAACAAoABsAGAAZAA4ACAAEgALQAZAA0ABwAD6AIoAjABMgCgAKIAWwA0ACEAEVAI4AkABNACfAFKALcAcgA_QDMAJPATe,https://ads.pubmatic.com/AdServer/js/showad.js#PIX&kdntuid=1&SPug=true&p=156077&predirect=https%3A%2F%2Fsync-eu.connectad.io%2Fsyncer%2F1%3Fdataid%3Ddata1%26uuid%3D&it=0&gdpr=1&gdpr_consent=BOotW_eOotW_eDlABAENCr-AAAAm-AdAACAAoABsAGAAZAA4ACAAEgALQAZAA0ABwAD6AIoAjABMgCgAKIAWwA0ACEAEVAI4AkABNACfAFKALcAcgA_QDMAJPATe&np=0,https://ads.pubmatic.com/AdServer/js/user_sync.html?gdpr_consent=&p=156423&predirect=https%3A%2F%2Fcms-xch.33across.com%2Fmatch%3Fgdpr%3D0%26gdpr_58%3D%26gdpr_consent%3D%26bidder_id%3D25%26external_user_id%3D,https://ads.pubmatic.com/AdServer/js/showad.js#PIX&kdntuid=1&p=157369&gdpr=0&gdpr_consent=BOotW_eOotW_eDlABAENCr-AAAAm-AdAACAAoABsAGAAZAA4ACAAEgALQAZAA0ABwAD6AIoAjABMgCgAKIAWwA0ACEAEVAI4AkABNACfAFKALcAcgA_QDMAJPATe,https://ads.pubmatic.com/AdServer/js/showad.js#PIX&kdntuid=1&SPug=true&p=156077&predirect=https%3A%2F%2Fsync-eu.connectad.io%2Fsyncer%2F1%3Fdataid%3Ddata1%26uuid%3D&it=0&gdpr=1&gdpr_consent=BOotW_eOotW_eDlABAENCr-AAAAm-AdAACAAoABsAGAAZAA4ACAAEgALQAZAA0ABwAD6AIoAjABMgCgAKIAWwA0ACEAEVAI4AkABNACfAFKALcAcgA_QDMAJPATe&np=0,https://ads.pubmatic.com/AdServer/js/showad.js#PIX&kdntuid=1&SPug=true&p=156423&predirect=https%3A%2F%2Fcms-xch.33across.com%2Fmatch%3Fgdpr%3D0%26gdpr_58%3D%26gdpr_consent%3D%26bidder_id%3D25%26external_user_id%3D&it=0&gdpr=0&np=0,https://ads.pubmatic.com/AdServer/js/showad.js#PIX&kdntuid=1&SPug=true&p=156077&predirect=https%3A%2F%2Fsync-eu.connectad.io%2Fsyncer%2F1%3Fdataid%3Ddata1%26uuid%3D&it=0&gdpr=1&gdpr_consent=BOotW_eOotW_eDlABAENCr-AAAAm-AdAACAAoABsAGAAZAA4ACAAEgALQAZAA0ABwAD6AIoAjABMgCgAKIAWwA0ACEAEVAI4AkABNACfAFKALcAcgA_QDMAJPATe&np=0,https://ads.pubmatic.com/AdServer/js/showad.js#PIX&kdntuid=1&SPug=true&p=156423&predirect=https%3A%2F%2Fcms-xch.33across.com%2Fmatch%3Fgdpr%3D0%26gdpr_58%3D%26gdpr_consent%3D%26bidder_id%3D25%26external_user_id%3D&it=0&gdpr=0&np=0,https://ads.pubmatic.com/AdServer/js/showad.js#PIX&kdntuid=1&SPug=true&p=156011&s=165626&predirect=https%3A%2F%2Fs.amazon-adsystem.com%2Fecm3%3Fid%3DPM_UID%26ex%3Dpubmatic.com&userIdMacro=PM_UID&it=0&gdpr=0&np=0,https://ads.pubmatic.com/AdServer/js/showad.js#PIX&ptask=DSP&SPug=1&fp=1&mpc=10&u=9D0A4133-29CB-4408-ABCC-8C799074A43D&p=157369&s=332539&d=2&cp=0&sc=1&rs=0&os=0,https://ads.pubmatic.com/AdServer/js/showad.js#PIX&kdntuid=1&p=157369&gdpr=0&gdpr_consent=BOotXHgOotXHgDlABAENCr-AAAAm-AdAACAAoABsAGAAZAA4ACAAEgALQAZAA0ABwAD6AIoAjABMgCgAKIAWwA0ACEAEVAI4AkABNACfAFKALcAcgA_QDMAJPATe,https://ads.pubmatic.com/AdServer/js/showad.js#PIX&kdntuid=1&p=1743386&gdpr=0&gdpr_consent=BOotXHgOotXHgDlABAENCr-AAAAm-AdAACAAoABsAGAAZAA4ACAAEgALQAZAA0ABwAD6AIoAjABMgCgAKIAWwA0ACEAEVAI4AkABNACfAFKALcAcgA_QDMAJPATe,https://ads.pubmatic.com/AdServer/js/user_sync.html?p=156077&predirect=https%3A%2F%2Fsync-eu.connectad.io%2Fsyncer%2F1%3Fdataid%3Ddata1%26uuid%3D
2019-10-19 21:55:43,407 DEBUG    save to sessions_items.log
2019-10-19 21:55:43,407 DEBUG    ('127.0.0.1', 52101) - ASGI [246] Received {'type': 'http.response.start', 'status': 200, 'headers': '<...>'}
2019-10-19 21:55:43,408 INFO     ('127.0.0.1', 52101) - "POST /predict_next HTTP/1.1" 200
2019-10-19 21:55:43,408 DEBUG    ('127.0.0.1', 52101) - ASGI [246] Received {'type': 'http.response.body', 'body': '<311 bytes>'}
2019-10-19 21:55:43,408 DEBUG    ('127.0.0.1', 52101) - ASGI [246] Completed
2019-10-19 21:55:43,517 DEBUG    ('127.0.0.1', 52102) - Connected
2019-10-19 21:55:43,518 DEBUG    ('127.0.0.1', 52102) - ASGI [247] Started
2019-10-19 21:55:43,519 DEBUG    ('127.0.0.1', 52102) - ASGI [247] Sent {'type': 'http.request', 'body': '<4507 bytes>', 'more_body': False}
2019-10-19 21:55:43,519 DEBUG    received items: https://ads.pubmatic.com/AdServer/js/user_sync.html?p=156011&s=165626&predirect=https%3A%2F%2Fs.amazon-adsystem.com%2Fecm3%3Fid%3DPM_UID%26ex%3Dpubmatic.com&userIdMacro=PM_UID,https://ads.pubmatic.com/AdServer/js/showad.js#PIX&kdntuid=1&SPug=true&p=156011&s=165626&predirect=https%3A%2F%2Fs.amazon-adsystem.com%2Fecm3%3Fid%3DPM_UID%26ex%3Dpubmatic.com&userIdMacro=PM_UID&it=0&gdpr=0&np=0,https://ads.pubmatic.com/AdServer/js/showad.js#PIX&kdntuid=1&p=1743386&gdpr=0&gdpr_consent=BOotW_eOotW_eDlABAENCr-AAAAm-AdAACAAoABsAGAAZAA4ACAAEgALQAZAA0ABwAD6AIoAjABMgCgAKIAWwA0ACEAEVAI4AkABNACfAFKALcAcgA_QDMAJPATe,https://ads.pubmatic.com/AdServer/js/showad.js#PIX&kdntuid=1&p=157369&gdpr=0&gdpr_consent=BOotW_eOotW_eDlABAENCr-AAAAm-AdAACAAoABsAGAAZAA4ACAAEgALQAZAA0ABwAD6AIoAjABMgCgAKIAWwA0ACEAEVAI4AkABNACfAFKALcAcgA_QDMAJPATe,https://ads.pubmatic.com/AdServer/js/user_sync.html?p=156077&predirect=https%3A%2F%2Fsync-eu.connectad.io%2Fsyncer%2F1%3Fdataid%3Ddata1%26uuid%3D,https://ads.pubmatic.com/AdServer/js/user_sync.html?p=156077&predirect=https%3A%2F%2Fsync-eu.connectad.io%2Fsyncer%2F1%3Fdataid%3Ddata1%26uuid%3D,https://ads.pubmatic.com/AdServer/js/showad.js#PIX&kdntuid=1&SPug=true&p=156077&predirect=https%3A%2F%2Fsync-eu.connectad.io%2Fsyncer%2F1%3Fdataid%3Ddata1%26uuid%3D&it=0&gdpr=0&np=0,https://ads.pubmatic.com/AdServer/js/showad.js#PIX&kdntuid=1&p=157369&gdpr=0&gdpr_consent=BOotW_eOotW_eDlABAENCr-AAAAm-AdAACAAoABsAGAAZAA4ACAAEgALQAZAA0ABwAD6AIoAjABMgCgAKIAWwA0ACEAEVAI4AkABNACfAFKALcAcgA_QDMAJPATe,https://ads.pubmatic.com/AdServer/js/showad.js#PIX&kdntuid=1&SPug=true&p=156077&predirect=https%3A%2F%2Fsync-eu.connectad.io%2Fsyncer%2F1%3Fdataid%3Ddata1%26uuid%3D&it=0&gdpr=1&gdpr_consent=BOotW_eOotW_eDlABAENCr-AAAAm-AdAACAAoABsAGAAZAA4ACAAEgALQAZAA0ABwAD6AIoAjABMgCgAKIAWwA0ACEAEVAI4AkABNACfAFKALcAcgA_QDMAJPATe&np=0,https://ads.pubmatic.com/AdServer/js/user_sync.html?gdpr_consent=&p=156423&predirect=https%3A%2F%2Fcms-xch.33across.com%2Fmatch%3Fgdpr%3D0%26gdpr_58%3D%26gdpr_consent%3D%26bidder_id%3D25%26external_user_id%3D,https://ads.pubmatic.com/AdServer/js/showad.js#PIX&kdntuid=1&p=157369&gdpr=0&gdpr_consent=BOotW_eOotW_eDlABAENCr-AAAAm-AdAACAAoABsAGAAZAA4ACAAEgALQAZAA0ABwAD6AIoAjABMgCgAKIAWwA0ACEAEVAI4AkABNACfAFKALcAcgA_QDMAJPATe,https://ads.pubmatic.com/AdServer/js/showad.js#PIX&kdntuid=1&SPug=true&p=156077&predirect=https%3A%2F%2Fsync-eu.connectad.io%2Fsyncer%2F1%3Fdataid%3Ddata1%26uuid%3D&it=0&gdpr=1&gdpr_consent=BOotW_eOotW_eDlABAENCr-AAAAm-AdAACAAoABsAGAAZAA4ACAAEgALQAZAA0ABwAD6AIoAjABMgCgAKIAWwA0ACEAEVAI4AkABNACfAFKALcAcgA_QDMAJPATe&np=0,https://ads.pubmatic.com/AdServer/js/showad.js#PIX&kdntuid=1&SPug=true&p=156423&predirect=https%3A%2F%2Fcms-xch.33across.com%2Fmatch%3Fgdpr%3D0%26gdpr_58%3D%26gdpr_consent%3D%26bidder_id%3D25%26external_user_id%3D&it=0&gdpr=0&np=0,https://ads.pubmatic.com/AdServer/js/showad.js#PIX&kdntuid=1&SPug=true&p=156077&predirect=https%3A%2F%2Fsync-eu.connectad.io%2Fsyncer%2F1%3Fdataid%3Ddata1%26uuid%3D&it=0&gdpr=1&gdpr_consent=BOotW_eOotW_eDlABAENCr-AAAAm-AdAACAAoABsAGAAZAA4ACAAEgALQAZAA0ABwAD6AIoAjABMgCgAKIAWwA0ACEAEVAI4AkABNACfAFKALcAcgA_QDMAJPATe&np=0,https://ads.pubmatic.com/AdServer/js/showad.js#PIX&kdntuid=1&SPug=true&p=156423&predirect=https%3A%2F%2Fcms-xch.33across.com%2Fmatch%3Fgdpr%3D0%26gdpr_58%3D%26gdpr_consent%3D%26bidder_id%3D25%26external_user_id%3D&it=0&gdpr=0&np=0,https://ads.pubmatic.com/AdServer/js/showad.js#PIX&kdntuid=1&SPug=true&p=156011&s=165626&predirect=https%3A%2F%2Fs.amazon-adsystem.com%2Fecm3%3Fid%3DPM_UID%26ex%3Dpubmatic.com&userIdMacro=PM_UID&it=0&gdpr=0&np=0,https://ads.pubmatic.com/AdServer/js/showad.js#PIX&ptask=DSP&SPug=1&fp=1&mpc=10&u=9D0A4133-29CB-4408-ABCC-8C799074A43D&p=157369&s=332539&d=2&cp=0&sc=1&rs=0&os=0,https://ads.pubmatic.com/AdServer/js/showad.js#PIX&kdntuid=1&p=157369&gdpr=0&gdpr_consent=BOotXHgOotXHgDlABAENCr-AAAAm-AdAACAAoABsAGAAZAA4ACAAEgALQAZAA0ABwAD6AIoAjABMgCgAKIAWwA0ACEAEVAI4AkABNACfAFKALcAcgA_QDMAJPATe,https://ads.pubmatic.com/AdServer/js/showad.js#PIX&kdntuid=1&p=1743386&gdpr=0&gdpr_consent=BOotXHgOotXHgDlABAENCr-AAAAm-AdAACAAoABsAGAAZAA4ACAAEgALQAZAA0ABwAD6AIoAjABMgCgAKIAWwA0ACEAEVAI4AkABNACfAFKALcAcgA_QDMAJPATe,https://ads.pubmatic.com/AdServer/js/user_sync.html?p=156077&predirect=https%3A%2F%2Fsync-eu.connectad.io%2Fsyncer%2F1%3Fdataid%3Ddata1%26uuid%3D,https://ads.pubmatic.com/AdServer/js/user_sync.html?p=156077&predirect=https%3A%2F%2Fsync-eu.connectad.io%2Fsyncer%2F1%3Fdataid%3Ddata1%26uuid%3D
2019-10-19 21:55:43,520 DEBUG    save to sessions_items.log
2019-10-19 21:55:43,520 DEBUG    ('127.0.0.1', 52102) - ASGI [247] Received {'type': 'http.response.start', 'status': 200, 'headers': '<...>'}
2019-10-19 21:55:43,520 INFO     ('127.0.0.1', 52102) - "POST /predict_next HTTP/1.1" 200
2019-10-19 21:55:43,520 DEBUG    ('127.0.0.1', 52102) - ASGI [247] Received {'type': 'http.response.body', 'body': '<311 bytes>'}
2019-10-19 21:55:43,521 DEBUG    ('127.0.0.1', 52102) - ASGI [247] Completed
2019-10-19 21:55:43,725 DEBUG    ('127.0.0.1', 52102) - ASGI [248] Started
2019-10-19 21:55:43,725 DEBUG    ('127.0.0.1', 52102) - ASGI [248] Sent {'type': 'http.request', 'body': '<1901 bytes>', 'more_body': False}
2019-10-19 21:55:43,725 DEBUG    received items: https://sync-eu.connectad.io/syncer/1,https://sync-eu.connectad.io/syncer/1,https://sync-eu.connectad.io/syncer/1?dataid=data5&uuid=d72d00d2-5495-0f63-39d8-df2050bab74a,https://sync-eu.connectad.io/syncer/1?bidder=appnexus&dataid=data11&uuid=7981047338159745652,https://sync-eu.connectad.io/syncer/1?bidder=sovrn&dataid=data12&uuid=eeacabbfbee45592a442623f,https://sync-eu.connectad.io/syncer/1?bidder=idx&dataid=data13&uuid=Xau.Y9HM5zgAAEhoongAAAB9%26041,https://sync-eu.connectad.io/syncer/1?bidder=appnexus&dataid=data11&uuid=7981047338159745652,https://sync-eu.connectad.io/syncer/1?bidder=adform&dataid=data4&uuid=3912233068022959670,https://sync-eu.connectad.io/syncer/1?dataid=data5&uuid=d72d00d2-5495-0f63-39d8-df2050bab74a,https://sync-eu.connectad.io/syncer/1?bidder=sovrn&dataid=data12&uuid=eeacabbfbee45592a442623f,https://sync-eu.connectad.io/syncer/1?bidder=idx&dataid=data13&uuid=Xau.Y9HM5zgAAEhoongAAAB9%26041,https://sync-eu.connectad.io/pixel/1?dataid=data3&uuid=19fc55c8-262c-43d7-850b-18ee9ba53b56,https://sync-eu.connectad.io/pixel/1?dataid=data3&uuid=19fc55c8-262c-43d7-850b-18ee9ba53b56,https://sync-eu.connectad.io/syncer/1?dataid=data1&uuid=9D0A4133-29CB-4408-ABCC-8C799074A43D,https://sync-eu.connectad.io/syncer/1?dataid=data1&uuid=9D0A4133-29CB-4408-ABCC-8C799074A43D,https://sync-eu.connectad.io/syncer/1,https://sync-eu.connectad.io/syncer/1,https://sync-eu.connectad.io/syncer/1?bidder=adform&dataid=data4&uuid=3912233068022959670,https://sync-eu.connectad.io/syncer/1?bidder=appnexus&dataid=data11&uuid=7981047338159745652,https://sync-eu.connectad.io/syncer/1?dataid=data5&uuid=d72d00d2-5495-0f63-39d8-df2050bab74a,https://sync-eu.connectad.io/syncer/1?bidder=sovrn&dataid=data12&uuid=eeacabbfbee45592a442623f,https://sync-eu.connectad.io/syncer/1?bidder=idx&dataid=data13&uuid=Xau.Y9HM5zgAAEhoongAAAB9%26041
2019-10-19 21:55:43,726 DEBUG    save to sessions_items.log
2019-10-19 21:55:43,727 DEBUG    ('127.0.0.1', 52102) - ASGI [248] Received {'type': 'http.response.start', 'status': 200, 'headers': '<...>'}
2019-10-19 21:55:43,727 INFO     ('127.0.0.1', 52102) - "POST /predict_next HTTP/1.1" 200
2019-10-19 21:55:43,727 DEBUG    ('127.0.0.1', 52102) - ASGI [248] Received {'type': 'http.response.body', 'body': '<217 bytes>'}
2019-10-19 21:55:43,728 DEBUG    ('127.0.0.1', 52102) - ASGI [248] Completed
2019-10-19 21:55:43,728 DEBUG    ('127.0.0.1', 52101) - ASGI [249] Started
2019-10-19 21:55:43,728 DEBUG    ('127.0.0.1', 52101) - ASGI [249] Sent {'type': 'http.request', 'body': '<3851 bytes>', 'more_body': False}
2019-10-19 21:55:43,729 DEBUG    received items: https://pagead2.googlesyndication.com/pagead/s/cookie_push.html?cb=20190204#aHR0cHM6Ly93d3cuZmFjZWJvb2suY29tL2F1ZGllbmNlbmV0d29yay9pZHN5bmM_cGFydG5lcj0zNDM4MTY3ODYzODkyNzEmY2FsbGJhY2s9aHR0cHMlM0EvL2NtLmcuZG91YmxlY2xpY2submV0L3BpeGVsJTNGZ29vZ2xlX25pZCUzRGpiX25iJTI2Z29vZ2xlX2N2ZXI9MSUyNmdvb2dsZV9wdXNoPUFITkYxM0piQkxiMmlJa01UYVU4VnZLQnRyVHZQSnFlRjNhUkU1VDJxUmFlUnclMjZnb29nbGVfaG0lM0QlMjRCVVlFUlVJRCZnb29nbGVfZ2lkPUNBRVNFS3BzaTUtdVBwQ0hFd2hqNFVCX2FTRQ==,aHR0cHM6Ly9jbS5nLmRvdWJsZWNsaWNrLm5ldC9waXhlbC9hdHRyP2Q9QUhORjEzSmhLM1JCZGFUdk1lN3hWbFFBNXEwcHhBclVlbnBNTlE=,https://pagead2.googlesyndication.com/pagead/s/cookie_push.html?cb=20190204#aHR0cHM6Ly9hZC50dXJuLmNvbS9yL2NzP3BpZD0zJmdvb2dsZV9naWQ9Q0FFU0VCOUdJczAwMGdyVVJWT0g1dnpHcmlvJmdvb2dsZV9jdmVyPTEmZ29vZ2xlX3B1c2g9QUhORjEzSzNrYjgyczBvbGIwMk5PSHUyZ2J0c2hKSC1BTWFrMFFmM0t3Vzk=,aHR0cHM6Ly9jbS5nLmRvdWJsZWNsaWNrLm5ldC9waXhlbC9hdHRyP2Q9QUhORjEzS3Utak8wM0hqRmlnNmdDMEJSQ3R5V0lLeUpUcVQ4,https://pagead2.googlesyndication.com/pagead/s/cookie_push.html?cb=20190204#aHR0cHM6Ly9hZXAubXhwdGludC5uZXQvc24uYXNoeD9nb29nbGVfZ2lkPUNBRVNFQ2wxejJZY0dBcjcwdGJzQnFwZF9XNCZnb29nbGVfY3Zlcj0xJmdvb2dsZV9wdXNoPUFITkYxM0kydWM0SC1mOUpQdlFPQVRiRjFJRENJYm55X3BHbkJXUUtCVjNU,aHR0cHM6Ly9jbS5nLmRvdWJsZWNsaWNrLm5ldC9waXhlbC9hdHRyP2Q9QUhORjEzSXlIU0hxT3ByakFvWVhpV1JVRlZtdVRkRW9oSlRv,https://pagead2.googlesyndication.com/pagead/s/cookie_push.html?cb=20190204#aHR0cHM6Ly9jbXMucXVhbnRzZXJ2ZS5jb20vZHBpeGVsP2E9cC1uNXZ2THZSZGpnMGVrJmVpZD0wJnFjX2dvb2dsZV9wdXNoPSZnb29nbGVfZ2lkPUNBRVNFQnJ4QlZJelE3S292LVR6QTQwSTV5dyZnb29nbGVfY3Zlcj0xJmdvb2dsZV9wdXNoPUFITkYxM0t6RnBTR29rX2ZNVW9QS0JUQ09kbDdSSGFZbnVHS2lPbHJGdjQ=,aHR0cHM6Ly9jbS5nLmRvdWJsZWNsaWNrLm5ldC9waXhlbC9hdHRyP2Q9QUhORjEzSzRiaG5uTWFUNlpRaHpCX2RKUlRHbG9zdG9iZ3Ix,https://pagead2.googlesyndication.com/pagead/s/cookie_push.html?cb=20190204#aHR0cHM6Ly9hZC50dXJuLmNvbS9yL2NzP3BpZD0zJmdvb2dsZV9naWQ9Q0FFU0VCOUdJczAwMGdyVVJWT0g1dnpHcmlvJmdvb2dsZV9jdmVyPTEmZ29vZ2xlX3B1c2g9QUhORjEzSWx2dVJjV3I0QkJNVC1hZVpaQlpMeWsyZU5tQ3dXQWlCZHNBOFM=,aHR0cHM6Ly9jbS5nLmRvdWJsZWNsaWNrLm5ldC9waXhlbC9hdHRyP2Q9QUhORjEzSWlKSFFMLU9OdXpnREdpdHloUG9KNzBsOE05WmZ3,https://pagead2.googlesyndication.com/pagead/s/cookie_push.html?cb=20190204#aHR0cHM6Ly9zeW5jLjFyeC5pby91c2Vyc3luYzIvcm1wc3NwP3N1Yj1nb29nbGUmcmVkaXI9aHR0cHMlM0ElMkYlMkZjbS5nLmRvdWJsZWNsaWNrLm5ldCUyRnBpeGVsJTNGZ29vZ2xlX25pZCUzRHIxJTI2Z29vZ2xlX3B1c2glM0QlNUJSWF9TUEQlNUQlMjZnb29nbGVfaG0lM0QlNUJSWF9VVUlEX0I2NF9CSU4lNUQmZ29vZ2xlX2dpZD1DQUVTRUxyNWJXb2lHRkJ3eVc2aHhXN3pUSzQmZ29vZ2xlX2N2ZXI9MSZnb29nbGVfcHVzaD1BSE5GMTNLMVQ0aDNCdEpFR25NNHRRRjNZLUZEMXRhNWhwNFBvMGlTUldsNGd3,aHR0cHM6Ly9jbS5nLmRvdWJsZWNsaWNrLm5ldC9waXhlbC9hdHRyP2Q9QUhORjEzSWlOOE5ySGlGb0hWYTl5N3VNZDl4UzlFQlFVOXJz,https://pagead2.googlesyndication.com/pagead/s/cookie_push.html?cb=20190204#aHR0cHM6Ly9waXhlbC1zeW5jLnNpdGVzY291dC5jb20vZG1wL3BpeGVsU3luYz9uaWQ9OCZnb29nbGVfZ2lkPUNBRVNFQ0ZfQlRSUGViNWNvQTc3THYtZXZTQSZnb29nbGVfY3Zlcj0xJmdvb2dsZV9wdXNoPUFITkYxM0pnV0hZeUNScC1ERVhOVFVwcXJnOE9qeWJwanpTUTlwUjNxaDNz,aHR0cHM6Ly9jbS5nLmRvdWJsZWNsaWNrLm5ldC9waXhlbC9hdHRyP2Q9QUhORjEzTGNDc2E4cFl6aFBtX040TWxNeHMycmhsZk5MV1lo,https://pagead2.googlesyndication.com/pagead/s/cookie_push.html?cb=20190204#aHR0cHM6Ly9tYXRjaC4zNjB5aWVsZC5jb20vbWF0Y2gvZWJkYT9nb29nbGVfZ2lkPUNBRVNFQ2oxeTZlcFh0QnlyMGZHTGpFZzRrSSZnb29nbGVfY3Zlcj0xJmdvb2dsZV9wdXNoPUFITkYxM0tPbnBYa3F1S18yV2JDNUM0MjdoV1B6Wl9ZSEZXNkRVaHBvdFg3VlpB,aHR0cHM6Ly9jbS5nLmRvdWJsZWNsaWNrLm5ldC9waXhlbC9hdHRyP2Q9QUhORjEzSkRSME81TGtwczJOdWhUdjdEXzRQWDhvOF9abDd1,https://pagead2.googlesyndication.com/pagead/s/cookie_push.html?cb=20190204#aHR0cHM6Ly9weC5vd25lcmlxLm5ldC9lY21nP2dvb2dsZV9naWQ9Q0FFU0VCTGhBMGZSdkVfNVFmeDdvRUdDdGNnJmdvb2dsZV9jdmVyPTEmZ29vZ2xlX3B1c2g9QUhORjEzSlpHMVpKZjFUXzN5RjU0Q1YyeFEzMlZQc1E0VzQ2Wjd6bTdWaVVOZw==,aHR0cHM6Ly9jbS5nLmRvdWJsZWNsaWNrLm5ldC9waXhlbC9hdHRyP2Q9QUhORjEzSlBYVnhXVUl2RF9ZSS1QWDhzVjdWcHY4VkZtek5x
2019-10-19 21:55:43,731 DEBUG    save to sessions_items.log
2019-10-19 21:55:43,732 DEBUG    ('127.0.0.1', 52101) - ASGI [249] Received {'type': 'http.response.start', 'status': 200, 'headers': '<...>'}
2019-10-19 21:55:43,733 INFO     ('127.0.0.1', 52101) - "POST /predict_next HTTP/1.1" 200
2019-10-19 21:55:43,733 DEBUG    ('127.0.0.1', 52101) - ASGI [249] Received {'type': 'http.response.body', 'body': '<759 bytes>'}
2019-10-19 21:55:43,733 DEBUG    ('127.0.0.1', 52101) - ASGI [249] Completed
2019-10-19 21:55:43,735 DEBUG    ('127.0.0.1', 52038) - ASGI [250] Started
2019-10-19 21:55:43,735 DEBUG    ('127.0.0.1', 52038) - ASGI [250] Sent {'type': 'http.request', 'body': '<4427 bytes>', 'more_body': False}
2019-10-19 21:55:43,736 DEBUG    received items: https://pagead2.googlesyndication.com/pagead/s/cookie_push.html?cb=20190204#aHR0cHM6Ly93d3cuZmFjZWJvb2suY29tL2F1ZGllbmNlbmV0d29yay9pZHN5bmM_cGFydG5lcj0zNDM4MTY3ODYzODkyNzEmY2FsbGJhY2s9aHR0cHMlM0EvL2NtLmcuZG91YmxlY2xpY2submV0L3BpeGVsJTNGZ29vZ2xlX25pZCUzRGpiX25iJTI2Z29vZ2xlX2N2ZXI9MSUyNmdvb2dsZV9wdXNoPUFITkYxM0piQkxiMmlJa01UYVU4VnZLQnRyVHZQSnFlRjNhUkU1VDJxUmFlUnclMjZnb29nbGVfaG0lM0QlMjRCVVlFUlVJRCZnb29nbGVfZ2lkPUNBRVNFS3BzaTUtdVBwQ0hFd2hqNFVCX2FTRQ==,aHR0cHM6Ly9jbS5nLmRvdWJsZWNsaWNrLm5ldC9waXhlbC9hdHRyP2Q9QUhORjEzSmhLM1JCZGFUdk1lN3hWbFFBNXEwcHhBclVlbnBNTlE=,https://pagead2.googlesyndication.com/pagead/s/cookie_push.html?cb=20190204#aHR0cHM6Ly9hZC50dXJuLmNvbS9yL2NzP3BpZD0zJmdvb2dsZV9naWQ9Q0FFU0VCOUdJczAwMGdyVVJWT0g1dnpHcmlvJmdvb2dsZV9jdmVyPTEmZ29vZ2xlX3B1c2g9QUhORjEzSzNrYjgyczBvbGIwMk5PSHUyZ2J0c2hKSC1BTWFrMFFmM0t3Vzk=,aHR0cHM6Ly9jbS5nLmRvdWJsZWNsaWNrLm5ldC9waXhlbC9hdHRyP2Q9QUhORjEzS3Utak8wM0hqRmlnNmdDMEJSQ3R5V0lLeUpUcVQ4,https://pagead2.googlesyndication.com/pagead/s/cookie_push.html?cb=20190204#aHR0cHM6Ly9hZXAubXhwdGludC5uZXQvc24uYXNoeD9nb29nbGVfZ2lkPUNBRVNFQ2wxejJZY0dBcjcwdGJzQnFwZF9XNCZnb29nbGVfY3Zlcj0xJmdvb2dsZV9wdXNoPUFITkYxM0kydWM0SC1mOUpQdlFPQVRiRjFJRENJYm55X3BHbkJXUUtCVjNU,aHR0cHM6Ly9jbS5nLmRvdWJsZWNsaWNrLm5ldC9waXhlbC9hdHRyP2Q9QUhORjEzSXlIU0hxT3ByakFvWVhpV1JVRlZtdVRkRW9oSlRv,https://pagead2.googlesyndication.com/pagead/s/cookie_push.html?cb=20190204#aHR0cHM6Ly9jbXMucXVhbnRzZXJ2ZS5jb20vZHBpeGVsP2E9cC1uNXZ2THZSZGpnMGVrJmVpZD0wJnFjX2dvb2dsZV9wdXNoPSZnb29nbGVfZ2lkPUNBRVNFQnJ4QlZJelE3S292LVR6QTQwSTV5dyZnb29nbGVfY3Zlcj0xJmdvb2dsZV9wdXNoPUFITkYxM0t6RnBTR29rX2ZNVW9QS0JUQ09kbDdSSGFZbnVHS2lPbHJGdjQ=,aHR0cHM6Ly9jbS5nLmRvdWJsZWNsaWNrLm5ldC9waXhlbC9hdHRyP2Q9QUhORjEzSzRiaG5uTWFUNlpRaHpCX2RKUlRHbG9zdG9iZ3Ix,https://pagead2.googlesyndication.com/pagead/s/cookie_push.html?cb=20190204#aHR0cHM6Ly9hZC50dXJuLmNvbS9yL2NzP3BpZD0zJmdvb2dsZV9naWQ9Q0FFU0VCOUdJczAwMGdyVVJWT0g1dnpHcmlvJmdvb2dsZV9jdmVyPTEmZ29vZ2xlX3B1c2g9QUhORjEzSWx2dVJjV3I0QkJNVC1hZVpaQlpMeWsyZU5tQ3dXQWlCZHNBOFM=,aHR0cHM6Ly9jbS5nLmRvdWJsZWNsaWNrLm5ldC9waXhlbC9hdHRyP2Q9QUhORjEzSWlKSFFMLU9OdXpnREdpdHloUG9KNzBsOE05WmZ3,https://pagead2.googlesyndication.com/pagead/s/cookie_push.html?cb=20190204#aHR0cHM6Ly9zeW5jLjFyeC5pby91c2Vyc3luYzIvcm1wc3NwP3N1Yj1nb29nbGUmcmVkaXI9aHR0cHMlM0ElMkYlMkZjbS5nLmRvdWJsZWNsaWNrLm5ldCUyRnBpeGVsJTNGZ29vZ2xlX25pZCUzRHIxJTI2Z29vZ2xlX3B1c2glM0QlNUJSWF9TUEQlNUQlMjZnb29nbGVfaG0lM0QlNUJSWF9VVUlEX0I2NF9CSU4lNUQmZ29vZ2xlX2dpZD1DQUVTRUxyNWJXb2lHRkJ3eVc2aHhXN3pUSzQmZ29vZ2xlX2N2ZXI9MSZnb29nbGVfcHVzaD1BSE5GMTNLMVQ0aDNCdEpFR25NNHRRRjNZLUZEMXRhNWhwNFBvMGlTUldsNGd3,aHR0cHM6Ly9jbS5nLmRvdWJsZWNsaWNrLm5ldC9waXhlbC9hdHRyP2Q9QUhORjEzSWlOOE5ySGlGb0hWYTl5N3VNZDl4UzlFQlFVOXJz,https://pagead2.googlesyndication.com/pagead/s/cookie_push.html?cb=20190204#aHR0cHM6Ly9waXhlbC1zeW5jLnNpdGVzY291dC5jb20vZG1wL3BpeGVsU3luYz9uaWQ9OCZnb29nbGVfZ2lkPUNBRVNFQ0ZfQlRSUGViNWNvQTc3THYtZXZTQSZnb29nbGVfY3Zlcj0xJmdvb2dsZV9wdXNoPUFITkYxM0pnV0hZeUNScC1ERVhOVFVwcXJnOE9qeWJwanpTUTlwUjNxaDNz,aHR0cHM6Ly9jbS5nLmRvdWJsZWNsaWNrLm5ldC9waXhlbC9hdHRyP2Q9QUhORjEzTGNDc2E4cFl6aFBtX040TWxNeHMycmhsZk5MV1lo,https://pagead2.googlesyndication.com/pagead/s/cookie_push.html?cb=20190204#aHR0cHM6Ly9tYXRjaC4zNjB5aWVsZC5jb20vbWF0Y2gvZWJkYT9nb29nbGVfZ2lkPUNBRVNFQ2oxeTZlcFh0QnlyMGZHTGpFZzRrSSZnb29nbGVfY3Zlcj0xJmdvb2dsZV9wdXNoPUFITkYxM0tPbnBYa3F1S18yV2JDNUM0MjdoV1B6Wl9ZSEZXNkRVaHBvdFg3VlpB,aHR0cHM6Ly9jbS5nLmRvdWJsZWNsaWNrLm5ldC9waXhlbC9hdHRyP2Q9QUhORjEzSkRSME81TGtwczJOdWhUdjdEXzRQWDhvOF9abDd1,https://pagead2.googlesyndication.com/pagead/s/cookie_push.html?cb=20190204#aHR0cHM6Ly9weC5vd25lcmlxLm5ldC9lY21nP2dvb2dsZV9naWQ9Q0FFU0VCTGhBMGZSdkVfNVFmeDdvRUdDdGNnJmdvb2dsZV9jdmVyPTEmZ29vZ2xlX3B1c2g9QUhORjEzSlpHMVpKZjFUXzN5RjU0Q1YyeFEzMlZQc1E0VzQ2Wjd6bTdWaVVOZw==,aHR0cHM6Ly9jbS5nLmRvdWJsZWNsaWNrLm5ldC9waXhlbC9hdHRyP2Q9QUhORjEzSlBYVnhXVUl2RF9ZSS1QWDhzVjdWcHY4VkZtek5x,https://pagead2.googlesyndication.com/pagead/s/cookie_push.html?cb=20190204#aHR0cHM6Ly9zeW5jLXRtLmV2ZXJlc3R0ZWNoLm5ldC91cGkvcGlkLzV3M2pxcjRrP3JlZGlyPWh0dHBzJTNBJTJGJTJGY20uZy5kb3VibGVjbGljay5uZXQlMkZwaXhlbCUzRmdvb2dsZV9uaWQlM0RnOGY0N3MzOWUzOTlmM2ZlJTI2Z29vZ2xlX2htJTNEJTI0JTdCVE1fVVNFUl9JRF9CQVNFNjRFTkNfVVJMRU5DJTdEJmdvb2dsZV9naWQ9Q0FFU0VDTmtoVjFXR091TS04NVFobndCeHhvJmdvb2dsZV9jdmVyPTEmZ29vZ2xlX3B1c2g9QUhORjEzSVdSLVNMdFBESHZDQlFDeDBNb0pJNndoV242a3lzcF81VTZJazYyUQ==,aHR0cHM6Ly9jbS5nLmRvdWJsZWNsaWNrLm5ldC9waXhlbC9hdHRyP2Q9QUhORjEzS2dxYUk3enJEV1A5bEJBYWtBdnBKZ1pEek1NNkpn
2019-10-19 21:55:43,736 DEBUG    save to sessions_items.log
2019-10-19 21:55:43,737 DEBUG    ('127.0.0.1', 52038) - ASGI [250] Received {'type': 'http.response.start', 'status': 200, 'headers': '<...>'}
2019-10-19 21:55:43,737 INFO     ('127.0.0.1', 52038) - "POST /predict_next HTTP/1.1" 200
2019-10-19 21:55:43,737 DEBUG    ('127.0.0.1', 52038) - ASGI [250] Received {'type': 'http.response.body', 'body': '<1167 bytes>'}
2019-10-19 21:55:43,737 DEBUG    ('127.0.0.1', 52038) - ASGI [250] Completed
2019-10-19 21:55:43,887 DEBUG    ('127.0.0.1', 52038) - ASGI [251] Started
2019-10-19 21:55:43,887 DEBUG    ('127.0.0.1', 52038) - ASGI [251] Sent {'type': 'http.request', 'body': '<747 bytes>', 'more_body': False}
2019-10-19 21:55:43,888 DEBUG    received items: https://dco-assets.everestads.net/ics-campaign/static/dco/html5-ad-script_v4.html?data=Xau53AAAL9j2ehJN,https://dco-assets.everestads.net/ics-campaign//5031/t/7178/7/728x90.html,https://dco-assets.everestads.net/ics-campaign/static/dco/html5-ad-script_v4.html?data=Xau_IQAABJf0skpQ,https://dco-assets.everestads.net/ics-campaign//5031/t/7178/7/728x90.html,https://dco-assets.everestads.net/ics-campaign/static/dco/html5-ad-script_v4.html?data=Xau_aQAABQ8uNUpQ,https://dco-assets.everestads.net/ics-campaign//5031/t/6459/13/160x600.html,https://dco-assets.everestads.net/ics-campaign/static/dco/html5-ad-script_v4.html?data=Xau_mwAAJTWhsmXG,https://dco-assets.everestads.net/ics-campaign//5031/t/6459/13/160x600.html
2019-10-19 21:55:43,888 DEBUG    save to sessions_items.log
2019-10-19 21:55:43,889 DEBUG    ('127.0.0.1', 52038) - ASGI [251] Received {'type': 'http.response.start', 'status': 200, 'headers': '<...>'}
2019-10-19 21:55:43,889 INFO     ('127.0.0.1', 52038) - "POST /predict_next HTTP/1.1" 200
2019-10-19 21:55:43,889 DEBUG    ('127.0.0.1', 52038) - ASGI [251] Received {'type': 'http.response.body', 'body': '<171 bytes>'}
2019-10-19 21:55:43,890 DEBUG    ('127.0.0.1', 52038) - ASGI [251] Completed
2019-10-19 21:55:43,890 DEBUG    ('127.0.0.1', 52101) - ASGI [252] Started
2019-10-19 21:55:43,890 DEBUG    ('127.0.0.1', 52101) - ASGI [252] Sent {'type': 'http.request', 'body': '<1996 bytes>', 'more_body': False}
2019-10-19 21:55:43,892 DEBUG    received items: https://sync-eu.connectad.io/syncer/1,https://sync-eu.connectad.io/syncer/1,https://sync-eu.connectad.io/syncer/1?dataid=data5&uuid=d72d00d2-5495-0f63-39d8-df2050bab74a,https://sync-eu.connectad.io/syncer/1?bidder=appnexus&dataid=data11&uuid=7981047338159745652,https://sync-eu.connectad.io/syncer/1?bidder=sovrn&dataid=data12&uuid=eeacabbfbee45592a442623f,https://sync-eu.connectad.io/syncer/1?bidder=idx&dataid=data13&uuid=Xau.Y9HM5zgAAEhoongAAAB9%26041,https://sync-eu.connectad.io/syncer/1?bidder=appnexus&dataid=data11&uuid=7981047338159745652,https://sync-eu.connectad.io/syncer/1?bidder=adform&dataid=data4&uuid=3912233068022959670,https://sync-eu.connectad.io/syncer/1?dataid=data5&uuid=d72d00d2-5495-0f63-39d8-df2050bab74a,https://sync-eu.connectad.io/syncer/1?bidder=sovrn&dataid=data12&uuid=eeacabbfbee45592a442623f,https://sync-eu.connectad.io/syncer/1?bidder=idx&dataid=data13&uuid=Xau.Y9HM5zgAAEhoongAAAB9%26041,https://sync-eu.connectad.io/pixel/1?dataid=data3&uuid=19fc55c8-262c-43d7-850b-18ee9ba53b56,https://sync-eu.connectad.io/pixel/1?dataid=data3&uuid=19fc55c8-262c-43d7-850b-18ee9ba53b56,https://sync-eu.connectad.io/syncer/1?dataid=data1&uuid=9D0A4133-29CB-4408-ABCC-8C799074A43D,https://sync-eu.connectad.io/syncer/1?dataid=data1&uuid=9D0A4133-29CB-4408-ABCC-8C799074A43D,https://sync-eu.connectad.io/syncer/1,https://sync-eu.connectad.io/syncer/1,https://sync-eu.connectad.io/syncer/1?bidder=adform&dataid=data4&uuid=3912233068022959670,https://sync-eu.connectad.io/syncer/1?bidder=appnexus&dataid=data11&uuid=7981047338159745652,https://sync-eu.connectad.io/syncer/1?dataid=data5&uuid=d72d00d2-5495-0f63-39d8-df2050bab74a,https://sync-eu.connectad.io/syncer/1?bidder=sovrn&dataid=data12&uuid=eeacabbfbee45592a442623f,https://sync-eu.connectad.io/syncer/1?bidder=idx&dataid=data13&uuid=Xau.Y9HM5zgAAEhoongAAAB9%26041,https://sync-eu.connectad.io/syncer/1?dataid=data5&uuid=d72d00d2-5495-0f63-39d8-df2050bab74a
2019-10-19 21:55:43,892 DEBUG    save to sessions_items.log
2019-10-19 21:55:43,893 DEBUG    ('127.0.0.1', 52101) - ASGI [252] Received {'type': 'http.response.start', 'status': 200, 'headers': '<...>'}
2019-10-19 21:55:43,894 INFO     ('127.0.0.1', 52101) - "POST /predict_next HTTP/1.1" 200
2019-10-19 21:55:43,894 DEBUG    ('127.0.0.1', 52101) - ASGI [252] Received {'type': 'http.response.body', 'body': '<205 bytes>'}
2019-10-19 21:55:43,894 DEBUG    ('127.0.0.1', 52101) - ASGI [252] Completed
2019-10-19 21:55:43,907 DEBUG    ('127.0.0.1', 52102) - ASGI [253] Started
2019-10-19 21:55:43,907 DEBUG    ('127.0.0.1', 52102) - ASGI [253] Sent {'type': 'http.request', 'body': '<540 bytes>', 'more_body': False}
2019-10-19 21:55:43,908 DEBUG    received items: https://de.tynt.com/deb/?m=xch&rt=html&gdpr=0&gdpr_consent=&ru=https%3A%2F%2Fsync-eu.connectad.io%2Fsyncer%2F1%3Fdataid%3Ddata14%26uuid%3D33XUSERID33X&id=zzz000000000002zzz,https://de.tynt.com/deb/?m=xch&rt=html&gdpr=0&gdpr_consent=&ru=https%3A%2F%2Fsync-eu.connectad.io%2Fsyncer%2F1%3Fdataid%3Ddata14%26uuid%3D33XUSERID33X&id=zzz000000000002zzz,https://de.tynt.com/deb/?m=xch&rt=html&gdpr=0&gdpr_consent=&ru=https%3A%2F%2Fsync-eu.connectad.io%2Fsyncer%2F1%3Fdataid%3Ddata14%26uuid%3D33XUSERID33X&id=zzz000000000002zzz
2019-10-19 21:55:43,908 DEBUG    save to sessions_items.log
2019-10-19 21:55:43,910 DEBUG    ('127.0.0.1', 52102) - ASGI [253] Received {'type': 'http.response.start', 'status': 200, 'headers': '<...>'}
2019-10-19 21:55:43,910 INFO     ('127.0.0.1', 52102) - "POST /predict_next HTTP/1.1" 200
2019-10-19 21:55:43,910 DEBUG    ('127.0.0.1', 52102) - ASGI [253] Received {'type': 'http.response.body', 'body': '<365 bytes>'}
2019-10-19 21:55:43,910 DEBUG    ('127.0.0.1', 52102) - ASGI [253] Completed
2019-10-19 21:55:43,913 DEBUG    ('127.0.0.1', 52037) - ASGI [254] Started
2019-10-19 21:55:43,914 DEBUG    ('127.0.0.1', 52037) - ASGI [254] Sent {'type': 'http.request', 'body': '<2091 bytes>', 'more_body': False}
2019-10-19 21:55:43,914 DEBUG    received items: https://sync-eu.connectad.io/syncer/1,https://sync-eu.connectad.io/syncer/1,https://sync-eu.connectad.io/syncer/1?dataid=data5&uuid=d72d00d2-5495-0f63-39d8-df2050bab74a,https://sync-eu.connectad.io/syncer/1?bidder=appnexus&dataid=data11&uuid=7981047338159745652,https://sync-eu.connectad.io/syncer/1?bidder=sovrn&dataid=data12&uuid=eeacabbfbee45592a442623f,https://sync-eu.connectad.io/syncer/1?bidder=idx&dataid=data13&uuid=Xau.Y9HM5zgAAEhoongAAAB9%26041,https://sync-eu.connectad.io/syncer/1?bidder=appnexus&dataid=data11&uuid=7981047338159745652,https://sync-eu.connectad.io/syncer/1?bidder=adform&dataid=data4&uuid=3912233068022959670,https://sync-eu.connectad.io/syncer/1?dataid=data5&uuid=d72d00d2-5495-0f63-39d8-df2050bab74a,https://sync-eu.connectad.io/syncer/1?bidder=sovrn&dataid=data12&uuid=eeacabbfbee45592a442623f,https://sync-eu.connectad.io/syncer/1?bidder=idx&dataid=data13&uuid=Xau.Y9HM5zgAAEhoongAAAB9%26041,https://sync-eu.connectad.io/pixel/1?dataid=data3&uuid=19fc55c8-262c-43d7-850b-18ee9ba53b56,https://sync-eu.connectad.io/pixel/1?dataid=data3&uuid=19fc55c8-262c-43d7-850b-18ee9ba53b56,https://sync-eu.connectad.io/syncer/1?dataid=data1&uuid=9D0A4133-29CB-4408-ABCC-8C799074A43D,https://sync-eu.connectad.io/syncer/1?dataid=data1&uuid=9D0A4133-29CB-4408-ABCC-8C799074A43D,https://sync-eu.connectad.io/syncer/1,https://sync-eu.connectad.io/syncer/1,https://sync-eu.connectad.io/syncer/1?bidder=adform&dataid=data4&uuid=3912233068022959670,https://sync-eu.connectad.io/syncer/1?bidder=appnexus&dataid=data11&uuid=7981047338159745652,https://sync-eu.connectad.io/syncer/1?dataid=data5&uuid=d72d00d2-5495-0f63-39d8-df2050bab74a,https://sync-eu.connectad.io/syncer/1?bidder=sovrn&dataid=data12&uuid=eeacabbfbee45592a442623f,https://sync-eu.connectad.io/syncer/1?bidder=idx&dataid=data13&uuid=Xau.Y9HM5zgAAEhoongAAAB9%26041,https://sync-eu.connectad.io/syncer/1?dataid=data5&uuid=d72d00d2-5495-0f63-39d8-df2050bab74a,https://sync-eu.connectad.io/syncer/1?bidder=appnexus&dataid=data11&uuid=7981047338159745652
2019-10-19 21:55:43,915 DEBUG    save to sessions_items.log
2019-10-19 21:55:43,915 DEBUG    ('127.0.0.1', 52037) - ASGI [254] Received {'type': 'http.response.start', 'status': 200, 'headers': '<...>'}
2019-10-19 21:55:43,915 INFO     ('127.0.0.1', 52037) - "POST /predict_next HTTP/1.1" 200
2019-10-19 21:55:43,916 DEBUG    ('127.0.0.1', 52037) - ASGI [254] Received {'type': 'http.response.body', 'body': '<205 bytes>'}
2019-10-19 21:55:43,916 DEBUG    ('127.0.0.1', 52037) - ASGI [254] Completed
2019-10-19 21:55:43,918 DEBUG    ('127.0.0.1', 51956) - ASGI [255] Started
2019-10-19 21:55:43,918 DEBUG    ('127.0.0.1', 51956) - ASGI [255] Sent {'type': 'http.request', 'body': '<4829 bytes>', 'more_body': False}
2019-10-19 21:55:43,919 DEBUG    received items: https://ads.pubmatic.com/AdServer/js/user_sync.html?p=156011&s=165626&predirect=https%3A%2F%2Fs.amazon-adsystem.com%2Fecm3%3Fid%3DPM_UID%26ex%3Dpubmatic.com&userIdMacro=PM_UID,https://ads.pubmatic.com/AdServer/js/showad.js#PIX&kdntuid=1&SPug=true&p=156011&s=165626&predirect=https%3A%2F%2Fs.amazon-adsystem.com%2Fecm3%3Fid%3DPM_UID%26ex%3Dpubmatic.com&userIdMacro=PM_UID&it=0&gdpr=0&np=0,https://ads.pubmatic.com/AdServer/js/showad.js#PIX&kdntuid=1&p=1743386&gdpr=0&gdpr_consent=BOotW_eOotW_eDlABAENCr-AAAAm-AdAACAAoABsAGAAZAA4ACAAEgALQAZAA0ABwAD6AIoAjABMgCgAKIAWwA0ACEAEVAI4AkABNACfAFKALcAcgA_QDMAJPATe,https://ads.pubmatic.com/AdServer/js/showad.js#PIX&kdntuid=1&p=157369&gdpr=0&gdpr_consent=BOotW_eOotW_eDlABAENCr-AAAAm-AdAACAAoABsAGAAZAA4ACAAEgALQAZAA0ABwAD6AIoAjABMgCgAKIAWwA0ACEAEVAI4AkABNACfAFKALcAcgA_QDMAJPATe,https://ads.pubmatic.com/AdServer/js/user_sync.html?p=156077&predirect=https%3A%2F%2Fsync-eu.connectad.io%2Fsyncer%2F1%3Fdataid%3Ddata1%26uuid%3D,https://ads.pubmatic.com/AdServer/js/user_sync.html?p=156077&predirect=https%3A%2F%2Fsync-eu.connectad.io%2Fsyncer%2F1%3Fdataid%3Ddata1%26uuid%3D,https://ads.pubmatic.com/AdServer/js/showad.js#PIX&kdntuid=1&SPug=true&p=156077&predirect=https%3A%2F%2Fsync-eu.connectad.io%2Fsyncer%2F1%3Fdataid%3Ddata1%26uuid%3D&it=0&gdpr=0&np=0,https://ads.pubmatic.com/AdServer/js/showad.js#PIX&kdntuid=1&p=157369&gdpr=0&gdpr_consent=BOotW_eOotW_eDlABAENCr-AAAAm-AdAACAAoABsAGAAZAA4ACAAEgALQAZAA0ABwAD6AIoAjABMgCgAKIAWwA0ACEAEVAI4AkABNACfAFKALcAcgA_QDMAJPATe,https://ads.pubmatic.com/AdServer/js/showad.js#PIX&kdntuid=1&SPug=true&p=156077&predirect=https%3A%2F%2Fsync-eu.connectad.io%2Fsyncer%2F1%3Fdataid%3Ddata1%26uuid%3D&it=0&gdpr=1&gdpr_consent=BOotW_eOotW_eDlABAENCr-AAAAm-AdAACAAoABsAGAAZAA4ACAAEgALQAZAA0ABwAD6AIoAjABMgCgAKIAWwA0ACEAEVAI4AkABNACfAFKALcAcgA_QDMAJPATe&np=0,https://ads.pubmatic.com/AdServer/js/user_sync.html?gdpr_consent=&p=156423&predirect=https%3A%2F%2Fcms-xch.33across.com%2Fmatch%3Fgdpr%3D0%26gdpr_58%3D%26gdpr_consent%3D%26bidder_id%3D25%26external_user_id%3D,https://ads.pubmatic.com/AdServer/js/showad.js#PIX&kdntuid=1&p=157369&gdpr=0&gdpr_consent=BOotW_eOotW_eDlABAENCr-AAAAm-AdAACAAoABsAGAAZAA4ACAAEgALQAZAA0ABwAD6AIoAjABMgCgAKIAWwA0ACEAEVAI4AkABNACfAFKALcAcgA_QDMAJPATe,https://ads.pubmatic.com/AdServer/js/showad.js#PIX&kdntuid=1&SPug=true&p=156077&predirect=https%3A%2F%2Fsync-eu.connectad.io%2Fsyncer%2F1%3Fdataid%3Ddata1%26uuid%3D&it=0&gdpr=1&gdpr_consent=BOotW_eOotW_eDlABAENCr-AAAAm-AdAACAAoABsAGAAZAA4ACAAEgALQAZAA0ABwAD6AIoAjABMgCgAKIAWwA0ACEAEVAI4AkABNACfAFKALcAcgA_QDMAJPATe&np=0,https://ads.pubmatic.com/AdServer/js/showad.js#PIX&kdntuid=1&SPug=true&p=156423&predirect=https%3A%2F%2Fcms-xch.33across.com%2Fmatch%3Fgdpr%3D0%26gdpr_58%3D%26gdpr_consent%3D%26bidder_id%3D25%26external_user_id%3D&it=0&gdpr=0&np=0,https://ads.pubmatic.com/AdServer/js/showad.js#PIX&kdntuid=1&SPug=true&p=156077&predirect=https%3A%2F%2Fsync-eu.connectad.io%2Fsyncer%2F1%3Fdataid%3Ddata1%26uuid%3D&it=0&gdpr=1&gdpr_consent=BOotW_eOotW_eDlABAENCr-AAAAm-AdAACAAoABsAGAAZAA4ACAAEgALQAZAA0ABwAD6AIoAjABMgCgAKIAWwA0ACEAEVAI4AkABNACfAFKALcAcgA_QDMAJPATe&np=0,https://ads.pubmatic.com/AdServer/js/showad.js#PIX&kdntuid=1&SPug=true&p=156423&predirect=https%3A%2F%2Fcms-xch.33across.com%2Fmatch%3Fgdpr%3D0%26gdpr_58%3D%26gdpr_consent%3D%26bidder_id%3D25%26external_user_id%3D&it=0&gdpr=0&np=0,https://ads.pubmatic.com/AdServer/js/showad.js#PIX&kdntuid=1&SPug=true&p=156011&s=165626&predirect=https%3A%2F%2Fs.amazon-adsystem.com%2Fecm3%3Fid%3DPM_UID%26ex%3Dpubmatic.com&userIdMacro=PM_UID&it=0&gdpr=0&np=0,https://ads.pubmatic.com/AdServer/js/showad.js#PIX&ptask=DSP&SPug=1&fp=1&mpc=10&u=9D0A4133-29CB-4408-ABCC-8C799074A43D&p=157369&s=332539&d=2&cp=0&sc=1&rs=0&os=0,https://ads.pubmatic.com/AdServer/js/showad.js#PIX&kdntuid=1&p=157369&gdpr=0&gdpr_consent=BOotXHgOotXHgDlABAENCr-AAAAm-AdAACAAoABsAGAAZAA4ACAAEgALQAZAA0ABwAD6AIoAjABMgCgAKIAWwA0ACEAEVAI4AkABNACfAFKALcAcgA_QDMAJPATe,https://ads.pubmatic.com/AdServer/js/showad.js#PIX&kdntuid=1&p=1743386&gdpr=0&gdpr_consent=BOotXHgOotXHgDlABAENCr-AAAAm-AdAACAAoABsAGAAZAA4ACAAEgALQAZAA0ABwAD6AIoAjABMgCgAKIAWwA0ACEAEVAI4AkABNACfAFKALcAcgA_QDMAJPATe,https://ads.pubmatic.com/AdServer/js/user_sync.html?p=156077&predirect=https%3A%2F%2Fsync-eu.connectad.io%2Fsyncer%2F1%3Fdataid%3Ddata1%26uuid%3D,https://ads.pubmatic.com/AdServer/js/user_sync.html?p=156077&predirect=https%3A%2F%2Fsync-eu.connectad.io%2Fsyncer%2F1%3Fdataid%3Ddata1%26uuid%3D,https://ads.pubmatic.com/AdServer/js/showad.js#PIX&kdntuid=1&SPug=true&p=156077&predirect=https%3A%2F%2Fsync-eu.connectad.io%2Fsyncer%2F1%3Fdataid%3Ddata1%26uuid%3D&it=0&gdpr=1&gdpr_consent=BOotW_eOotW_eDlABAENCr-AAAAm-AdAACAAoABsAGAAZAA4ACAAEgALQAZAA0ABwAD6AIoAjABMgCgAKIAWwA0ACEAEVAI4AkABNACfAFKALcAcgA_QDMAJPATe&np=0
2019-10-19 21:55:43,919 DEBUG    save to sessions_items.log
2019-10-19 21:55:43,920 DEBUG    ('127.0.0.1', 51956) - ASGI [255] Received {'type': 'http.response.start', 'status': 200, 'headers': '<...>'}
2019-10-19 21:55:43,920 INFO     ('127.0.0.1', 51956) - "POST /predict_next HTTP/1.1" 200
2019-10-19 21:55:43,920 DEBUG    ('127.0.0.1', 51956) - ASGI [255] Received {'type': 'http.response.body', 'body': '<659 bytes>'}
2019-10-19 21:55:43,920 DEBUG    ('127.0.0.1', 51956) - ASGI [255] Completed
2019-10-19 21:55:44,240 DEBUG    ('127.0.0.1', 51956) - ASGI [256] Started
2019-10-19 21:55:44,240 DEBUG    ('127.0.0.1', 51956) - ASGI [256] Sent {'type': 'http.request', 'body': '<2183 bytes>', 'more_body': False}
2019-10-19 21:55:44,241 DEBUG    received items: https://sync-eu.connectad.io/syncer/1,https://sync-eu.connectad.io/syncer/1,https://sync-eu.connectad.io/syncer/1?dataid=data5&uuid=d72d00d2-5495-0f63-39d8-df2050bab74a,https://sync-eu.connectad.io/syncer/1?bidder=appnexus&dataid=data11&uuid=7981047338159745652,https://sync-eu.connectad.io/syncer/1?bidder=sovrn&dataid=data12&uuid=eeacabbfbee45592a442623f,https://sync-eu.connectad.io/syncer/1?bidder=idx&dataid=data13&uuid=Xau.Y9HM5zgAAEhoongAAAB9%26041,https://sync-eu.connectad.io/syncer/1?bidder=appnexus&dataid=data11&uuid=7981047338159745652,https://sync-eu.connectad.io/syncer/1?bidder=adform&dataid=data4&uuid=3912233068022959670,https://sync-eu.connectad.io/syncer/1?dataid=data5&uuid=d72d00d2-5495-0f63-39d8-df2050bab74a,https://sync-eu.connectad.io/syncer/1?bidder=sovrn&dataid=data12&uuid=eeacabbfbee45592a442623f,https://sync-eu.connectad.io/syncer/1?bidder=idx&dataid=data13&uuid=Xau.Y9HM5zgAAEhoongAAAB9%26041,https://sync-eu.connectad.io/pixel/1?dataid=data3&uuid=19fc55c8-262c-43d7-850b-18ee9ba53b56,https://sync-eu.connectad.io/pixel/1?dataid=data3&uuid=19fc55c8-262c-43d7-850b-18ee9ba53b56,https://sync-eu.connectad.io/syncer/1?dataid=data1&uuid=9D0A4133-29CB-4408-ABCC-8C799074A43D,https://sync-eu.connectad.io/syncer/1?dataid=data1&uuid=9D0A4133-29CB-4408-ABCC-8C799074A43D,https://sync-eu.connectad.io/syncer/1,https://sync-eu.connectad.io/syncer/1,https://sync-eu.connectad.io/syncer/1?bidder=adform&dataid=data4&uuid=3912233068022959670,https://sync-eu.connectad.io/syncer/1?bidder=appnexus&dataid=data11&uuid=7981047338159745652,https://sync-eu.connectad.io/syncer/1?dataid=data5&uuid=d72d00d2-5495-0f63-39d8-df2050bab74a,https://sync-eu.connectad.io/syncer/1?bidder=sovrn&dataid=data12&uuid=eeacabbfbee45592a442623f,https://sync-eu.connectad.io/syncer/1?bidder=idx&dataid=data13&uuid=Xau.Y9HM5zgAAEhoongAAAB9%26041,https://sync-eu.connectad.io/syncer/1?dataid=data5&uuid=d72d00d2-5495-0f63-39d8-df2050bab74a,https://sync-eu.connectad.io/syncer/1?bidder=appnexus&dataid=data11&uuid=7981047338159745652,https://sync-eu.connectad.io/syncer/1?bidder=adform&dataid=data4&uuid=3912233068022959670
2019-10-19 21:55:44,241 DEBUG    save to sessions_items.log
2019-10-19 21:55:44,242 DEBUG    ('127.0.0.1', 51956) - ASGI [256] Received {'type': 'http.response.start', 'status': 200, 'headers': '<...>'}
2019-10-19 21:55:44,242 INFO     ('127.0.0.1', 51956) - "POST /predict_next HTTP/1.1" 200
2019-10-19 21:55:44,242 DEBUG    ('127.0.0.1', 51956) - ASGI [256] Received {'type': 'http.response.body', 'body': '<199 bytes>'}
2019-10-19 21:55:44,242 DEBUG    ('127.0.0.1', 51956) - ASGI [256] Completed
2019-10-19 21:55:44,243 DEBUG    ('127.0.0.1', 52037) - ASGI [257] Started
2019-10-19 21:55:44,244 DEBUG    ('127.0.0.1', 52037) - ASGI [257] Sent {'type': 'http.request', 'body': '<1889 bytes>', 'more_body': False}
2019-10-19 21:55:44,245 DEBUG    received items: https://tpc.googlesyndication.com/safeframe/1-0-35/html/container.html,https://tpc.googlesyndication.com/safeframe/1-0-35/html/container.html,https://tpc.googlesyndication.com/safeframe/1-0-35/html/container.html,https://tpc.googlesyndication.com/safeframe/1-0-35/html/container.html,https://tpc.googlesyndication.com/safeframe/1-0-35/html/container.html,https://tpc.googlesyndication.com/safeframe/1-0-35/html/container.html,https://tpc.googlesyndication.com/safeframe/1-0-35/html/container.html,https://tpc.googlesyndication.com/safeframe/1-0-35/html/container.html,https://tpc.googlesyndication.com/safeframe/1-0-35/html/container.html,https://tpc.googlesyndication.com/safeframe/1-0-35/html/container.html,https://tpc.googlesyndication.com/safeframe/1-0-35/html/container.html,https://tpc.googlesyndication.com/safeframe/1-0-35/html/container.html,https://tpc.googlesyndication.com/safeframe/1-0-35/html/container.html,https://tpc.googlesyndication.com/sodar/Enqz_20U.html,https://tpc.googlesyndication.com/sodar/Enqz_20U.html,https://tpc.googlesyndication.com/sodar/Enqz_20U.html,https://tpc.googlesyndication.com/safeframe/1-0-35/html/container.html,https://tpc.googlesyndication.com/sodar/Enqz_20U.html,https://tpc.googlesyndication.com/sodar/Enqz_20U.html,https://tpc.googlesyndication.com/safeframe/1-0-35/html/container.html,https://tpc.googlesyndication.com/safeframe/1-0-35/html/container.html,https://tpc.googlesyndication.com/sodar/Enqz_20U.html,https://tpc.googlesyndication.com/sodar/Enqz_20U.html,https://tpc.googlesyndication.com/sodar/Enqz_20U.html,https://tpc.googlesyndication.com/sodar/Enqz_20U.html,https://tpc.googlesyndication.com/safeframe/1-0-35/html/container.html,https://tpc.googlesyndication.com/safeframe/1-0-35/html/container.html,https://tpc.googlesyndication.com/sodar/Enqz_20U.html
2019-10-19 21:55:44,245 DEBUG    save to sessions_items.log
2019-10-19 21:55:44,246 DEBUG    ('127.0.0.1', 52037) - ASGI [257] Received {'type': 'http.response.start', 'status': 200, 'headers': '<...>'}
2019-10-19 21:55:44,246 INFO     ('127.0.0.1', 52037) - "POST /predict_next HTTP/1.1" 200
2019-10-19 21:55:44,246 DEBUG    ('127.0.0.1', 52037) - ASGI [257] Received {'type': 'http.response.body', 'body': '<127 bytes>'}
2019-10-19 21:55:44,246 DEBUG    ('127.0.0.1', 52037) - ASGI [257] Completed
2019-10-19 21:55:44,248 DEBUG    ('127.0.0.1', 52102) - ASGI [258] Started
2019-10-19 21:55:44,248 DEBUG    ('127.0.0.1', 52102) - ASGI [258] Sent {'type': 'http.request', 'body': '<5151 bytes>', 'more_body': False}
2019-10-19 21:55:44,249 DEBUG    received items: https://ads.pubmatic.com/AdServer/js/user_sync.html?p=156011&s=165626&predirect=https%3A%2F%2Fs.amazon-adsystem.com%2Fecm3%3Fid%3DPM_UID%26ex%3Dpubmatic.com&userIdMacro=PM_UID,https://ads.pubmatic.com/AdServer/js/showad.js#PIX&kdntuid=1&SPug=true&p=156011&s=165626&predirect=https%3A%2F%2Fs.amazon-adsystem.com%2Fecm3%3Fid%3DPM_UID%26ex%3Dpubmatic.com&userIdMacro=PM_UID&it=0&gdpr=0&np=0,https://ads.pubmatic.com/AdServer/js/showad.js#PIX&kdntuid=1&p=1743386&gdpr=0&gdpr_consent=BOotW_eOotW_eDlABAENCr-AAAAm-AdAACAAoABsAGAAZAA4ACAAEgALQAZAA0ABwAD6AIoAjABMgCgAKIAWwA0ACEAEVAI4AkABNACfAFKALcAcgA_QDMAJPATe,https://ads.pubmatic.com/AdServer/js/showad.js#PIX&kdntuid=1&p=157369&gdpr=0&gdpr_consent=BOotW_eOotW_eDlABAENCr-AAAAm-AdAACAAoABsAGAAZAA4ACAAEgALQAZAA0ABwAD6AIoAjABMgCgAKIAWwA0ACEAEVAI4AkABNACfAFKALcAcgA_QDMAJPATe,https://ads.pubmatic.com/AdServer/js/user_sync.html?p=156077&predirect=https%3A%2F%2Fsync-eu.connectad.io%2Fsyncer%2F1%3Fdataid%3Ddata1%26uuid%3D,https://ads.pubmatic.com/AdServer/js/user_sync.html?p=156077&predirect=https%3A%2F%2Fsync-eu.connectad.io%2Fsyncer%2F1%3Fdataid%3Ddata1%26uuid%3D,https://ads.pubmatic.com/AdServer/js/showad.js#PIX&kdntuid=1&SPug=true&p=156077&predirect=https%3A%2F%2Fsync-eu.connectad.io%2Fsyncer%2F1%3Fdataid%3Ddata1%26uuid%3D&it=0&gdpr=0&np=0,https://ads.pubmatic.com/AdServer/js/showad.js#PIX&kdntuid=1&p=157369&gdpr=0&gdpr_consent=BOotW_eOotW_eDlABAENCr-AAAAm-AdAACAAoABsAGAAZAA4ACAAEgALQAZAA0ABwAD6AIoAjABMgCgAKIAWwA0ACEAEVAI4AkABNACfAFKALcAcgA_QDMAJPATe,https://ads.pubmatic.com/AdServer/js/showad.js#PIX&kdntuid=1&SPug=true&p=156077&predirect=https%3A%2F%2Fsync-eu.connectad.io%2Fsyncer%2F1%3Fdataid%3Ddata1%26uuid%3D&it=0&gdpr=1&gdpr_consent=BOotW_eOotW_eDlABAENCr-AAAAm-AdAACAAoABsAGAAZAA4ACAAEgALQAZAA0ABwAD6AIoAjABMgCgAKIAWwA0ACEAEVAI4AkABNACfAFKALcAcgA_QDMAJPATe&np=0,https://ads.pubmatic.com/AdServer/js/user_sync.html?gdpr_consent=&p=156423&predirect=https%3A%2F%2Fcms-xch.33across.com%2Fmatch%3Fgdpr%3D0%26gdpr_58%3D%26gdpr_consent%3D%26bidder_id%3D25%26external_user_id%3D,https://ads.pubmatic.com/AdServer/js/showad.js#PIX&kdntuid=1&p=157369&gdpr=0&gdpr_consent=BOotW_eOotW_eDlABAENCr-AAAAm-AdAACAAoABsAGAAZAA4ACAAEgALQAZAA0ABwAD6AIoAjABMgCgAKIAWwA0ACEAEVAI4AkABNACfAFKALcAcgA_QDMAJPATe,https://ads.pubmatic.com/AdServer/js/showad.js#PIX&kdntuid=1&SPug=true&p=156077&predirect=https%3A%2F%2Fsync-eu.connectad.io%2Fsyncer%2F1%3Fdataid%3Ddata1%26uuid%3D&it=0&gdpr=1&gdpr_consent=BOotW_eOotW_eDlABAENCr-AAAAm-AdAACAAoABsAGAAZAA4ACAAEgALQAZAA0ABwAD6AIoAjABMgCgAKIAWwA0ACEAEVAI4AkABNACfAFKALcAcgA_QDMAJPATe&np=0,https://ads.pubmatic.com/AdServer/js/showad.js#PIX&kdntuid=1&SPug=true&p=156423&predirect=https%3A%2F%2Fcms-xch.33across.com%2Fmatch%3Fgdpr%3D0%26gdpr_58%3D%26gdpr_consent%3D%26bidder_id%3D25%26external_user_id%3D&it=0&gdpr=0&np=0,https://ads.pubmatic.com/AdServer/js/showad.js#PIX&kdntuid=1&SPug=true&p=156077&predirect=https%3A%2F%2Fsync-eu.connectad.io%2Fsyncer%2F1%3Fdataid%3Ddata1%26uuid%3D&it=0&gdpr=1&gdpr_consent=BOotW_eOotW_eDlABAENCr-AAAAm-AdAACAAoABsAGAAZAA4ACAAEgALQAZAA0ABwAD6AIoAjABMgCgAKIAWwA0ACEAEVAI4AkABNACfAFKALcAcgA_QDMAJPATe&np=0,https://ads.pubmatic.com/AdServer/js/showad.js#PIX&kdntuid=1&SPug=true&p=156423&predirect=https%3A%2F%2Fcms-xch.33across.com%2Fmatch%3Fgdpr%3D0%26gdpr_58%3D%26gdpr_consent%3D%26bidder_id%3D25%26external_user_id%3D&it=0&gdpr=0&np=0,https://ads.pubmatic.com/AdServer/js/showad.js#PIX&kdntuid=1&SPug=true&p=156011&s=165626&predirect=https%3A%2F%2Fs.amazon-adsystem.com%2Fecm3%3Fid%3DPM_UID%26ex%3Dpubmatic.com&userIdMacro=PM_UID&it=0&gdpr=0&np=0,https://ads.pubmatic.com/AdServer/js/showad.js#PIX&ptask=DSP&SPug=1&fp=1&mpc=10&u=9D0A4133-29CB-4408-ABCC-8C799074A43D&p=157369&s=332539&d=2&cp=0&sc=1&rs=0&os=0,https://ads.pubmatic.com/AdServer/js/showad.js#PIX&kdntuid=1&p=157369&gdpr=0&gdpr_consent=BOotXHgOotXHgDlABAENCr-AAAAm-AdAACAAoABsAGAAZAA4ACAAEgALQAZAA0ABwAD6AIoAjABMgCgAKIAWwA0ACEAEVAI4AkABNACfAFKALcAcgA_QDMAJPATe,https://ads.pubmatic.com/AdServer/js/showad.js#PIX&kdntuid=1&p=1743386&gdpr=0&gdpr_consent=BOotXHgOotXHgDlABAENCr-AAAAm-AdAACAAoABsAGAAZAA4ACAAEgALQAZAA0ABwAD6AIoAjABMgCgAKIAWwA0ACEAEVAI4AkABNACfAFKALcAcgA_QDMAJPATe,https://ads.pubmatic.com/AdServer/js/user_sync.html?p=156077&predirect=https%3A%2F%2Fsync-eu.connectad.io%2Fsyncer%2F1%3Fdataid%3Ddata1%26uuid%3D,https://ads.pubmatic.com/AdServer/js/user_sync.html?p=156077&predirect=https%3A%2F%2Fsync-eu.connectad.io%2Fsyncer%2F1%3Fdataid%3Ddata1%26uuid%3D,https://ads.pubmatic.com/AdServer/js/showad.js#PIX&kdntuid=1&SPug=true&p=156077&predirect=https%3A%2F%2Fsync-eu.connectad.io%2Fsyncer%2F1%3Fdataid%3Ddata1%26uuid%3D&it=0&gdpr=1&gdpr_consent=BOotW_eOotW_eDlABAENCr-AAAAm-AdAACAAoABsAGAAZAA4ACAAEgALQAZAA0ABwAD6AIoAjABMgCgAKIAWwA0ACEAEVAI4AkABNACfAFKALcAcgA_QDMAJPATe&np=0,https://ads.pubmatic.com/AdServer/js/showad.js#PIX&kdntuid=1&SPug=true&p=156077&predirect=https%3A%2F%2Fsync-eu.connectad.io%2Fsyncer%2F1%3Fdataid%3Ddata1%26uuid%3D&it=0&gdpr=1&gdpr_consent=BOotW_eOotW_eDlABAENCr-AAAAm-AdAACAAoABsAGAAZAA4ACAAEgALQAZAA0ABwAD6AIoAjABMgCgAKIAWwA0ACEAEVAI4AkABNACfAFKALcAcgA_QDMAJPATe&np=0
2019-10-19 21:55:44,250 DEBUG    save to sessions_items.log
2019-10-19 21:55:44,251 DEBUG    ('127.0.0.1', 52102) - ASGI [258] Received {'type': 'http.response.start', 'status': 200, 'headers': '<...>'}
2019-10-19 21:55:44,252 INFO     ('127.0.0.1', 52102) - "POST /predict_next HTTP/1.1" 200
2019-10-19 21:55:44,252 DEBUG    ('127.0.0.1', 52102) - ASGI [258] Received {'type': 'http.response.body', 'body': '<659 bytes>'}
2019-10-19 21:55:44,253 DEBUG    ('127.0.0.1', 52102) - ASGI [258] Completed
2019-10-19 21:55:44,254 DEBUG    ('127.0.0.1', 52101) - ASGI [259] Started
2019-10-19 21:55:44,254 DEBUG    ('127.0.0.1', 52101) - ASGI [259] Sent {'type': 'http.request', 'body': '<2280 bytes>', 'more_body': False}
2019-10-19 21:55:44,255 DEBUG    received items: https://sync-eu.connectad.io/syncer/1,https://sync-eu.connectad.io/syncer/1,https://sync-eu.connectad.io/syncer/1?dataid=data5&uuid=d72d00d2-5495-0f63-39d8-df2050bab74a,https://sync-eu.connectad.io/syncer/1?bidder=appnexus&dataid=data11&uuid=7981047338159745652,https://sync-eu.connectad.io/syncer/1?bidder=sovrn&dataid=data12&uuid=eeacabbfbee45592a442623f,https://sync-eu.connectad.io/syncer/1?bidder=idx&dataid=data13&uuid=Xau.Y9HM5zgAAEhoongAAAB9%26041,https://sync-eu.connectad.io/syncer/1?bidder=appnexus&dataid=data11&uuid=7981047338159745652,https://sync-eu.connectad.io/syncer/1?bidder=adform&dataid=data4&uuid=3912233068022959670,https://sync-eu.connectad.io/syncer/1?dataid=data5&uuid=d72d00d2-5495-0f63-39d8-df2050bab74a,https://sync-eu.connectad.io/syncer/1?bidder=sovrn&dataid=data12&uuid=eeacabbfbee45592a442623f,https://sync-eu.connectad.io/syncer/1?bidder=idx&dataid=data13&uuid=Xau.Y9HM5zgAAEhoongAAAB9%26041,https://sync-eu.connectad.io/pixel/1?dataid=data3&uuid=19fc55c8-262c-43d7-850b-18ee9ba53b56,https://sync-eu.connectad.io/pixel/1?dataid=data3&uuid=19fc55c8-262c-43d7-850b-18ee9ba53b56,https://sync-eu.connectad.io/syncer/1?dataid=data1&uuid=9D0A4133-29CB-4408-ABCC-8C799074A43D,https://sync-eu.connectad.io/syncer/1?dataid=data1&uuid=9D0A4133-29CB-4408-ABCC-8C799074A43D,https://sync-eu.connectad.io/syncer/1,https://sync-eu.connectad.io/syncer/1,https://sync-eu.connectad.io/syncer/1?bidder=adform&dataid=data4&uuid=3912233068022959670,https://sync-eu.connectad.io/syncer/1?bidder=appnexus&dataid=data11&uuid=7981047338159745652,https://sync-eu.connectad.io/syncer/1?dataid=data5&uuid=d72d00d2-5495-0f63-39d8-df2050bab74a,https://sync-eu.connectad.io/syncer/1?bidder=sovrn&dataid=data12&uuid=eeacabbfbee45592a442623f,https://sync-eu.connectad.io/syncer/1?bidder=idx&dataid=data13&uuid=Xau.Y9HM5zgAAEhoongAAAB9%26041,https://sync-eu.connectad.io/syncer/1?dataid=data5&uuid=d72d00d2-5495-0f63-39d8-df2050bab74a,https://sync-eu.connectad.io/syncer/1?bidder=appnexus&dataid=data11&uuid=7981047338159745652,https://sync-eu.connectad.io/syncer/1?bidder=adform&dataid=data4&uuid=3912233068022959670,https://sync-eu.connectad.io/syncer/1?bidder=sovrn&dataid=data12&uuid=eeacabbfbee45592a442623f
2019-10-19 21:55:44,255 DEBUG    save to sessions_items.log
2019-10-19 21:55:44,256 DEBUG    ('127.0.0.1', 52101) - ASGI [259] Received {'type': 'http.response.start', 'status': 200, 'headers': '<...>'}
2019-10-19 21:55:44,257 INFO     ('127.0.0.1', 52101) - "POST /predict_next HTTP/1.1" 200
2019-10-19 21:55:44,257 DEBUG    ('127.0.0.1', 52101) - ASGI [259] Received {'type': 'http.response.body', 'body': '<209 bytes>'}
2019-10-19 21:55:44,258 DEBUG    ('127.0.0.1', 52101) - ASGI [259] Completed
2019-10-19 21:55:44,352 DEBUG    ('127.0.0.1', 52101) - ASGI [260] Started
2019-10-19 21:55:44,353 DEBUG    ('127.0.0.1', 52101) - ASGI [260] Sent {'type': 'http.request', 'body': '<1945 bytes>', 'more_body': False}
2019-10-19 21:55:44,354 DEBUG    received items: https://tpc.googlesyndication.com/safeframe/1-0-35/html/container.html,https://tpc.googlesyndication.com/safeframe/1-0-35/html/container.html,https://tpc.googlesyndication.com/safeframe/1-0-35/html/container.html,https://tpc.googlesyndication.com/safeframe/1-0-35/html/container.html,https://tpc.googlesyndication.com/safeframe/1-0-35/html/container.html,https://tpc.googlesyndication.com/safeframe/1-0-35/html/container.html,https://tpc.googlesyndication.com/safeframe/1-0-35/html/container.html,https://tpc.googlesyndication.com/safeframe/1-0-35/html/container.html,https://tpc.googlesyndication.com/safeframe/1-0-35/html/container.html,https://tpc.googlesyndication.com/safeframe/1-0-35/html/container.html,https://tpc.googlesyndication.com/safeframe/1-0-35/html/container.html,https://tpc.googlesyndication.com/safeframe/1-0-35/html/container.html,https://tpc.googlesyndication.com/safeframe/1-0-35/html/container.html,https://tpc.googlesyndication.com/sodar/Enqz_20U.html,https://tpc.googlesyndication.com/sodar/Enqz_20U.html,https://tpc.googlesyndication.com/sodar/Enqz_20U.html,https://tpc.googlesyndication.com/safeframe/1-0-35/html/container.html,https://tpc.googlesyndication.com/sodar/Enqz_20U.html,https://tpc.googlesyndication.com/sodar/Enqz_20U.html,https://tpc.googlesyndication.com/safeframe/1-0-35/html/container.html,https://tpc.googlesyndication.com/safeframe/1-0-35/html/container.html,https://tpc.googlesyndication.com/sodar/Enqz_20U.html,https://tpc.googlesyndication.com/sodar/Enqz_20U.html,https://tpc.googlesyndication.com/sodar/Enqz_20U.html,https://tpc.googlesyndication.com/sodar/Enqz_20U.html,https://tpc.googlesyndication.com/safeframe/1-0-35/html/container.html,https://tpc.googlesyndication.com/safeframe/1-0-35/html/container.html,https://tpc.googlesyndication.com/sodar/Enqz_20U.html,https://tpc.googlesyndication.com/sodar/Enqz_20U.html
2019-10-19 21:55:44,354 DEBUG    save to sessions_items.log
2019-10-19 21:55:44,355 DEBUG    ('127.0.0.1', 52101) - ASGI [260] Received {'type': 'http.response.start', 'status': 200, 'headers': '<...>'}
2019-10-19 21:55:44,355 INFO     ('127.0.0.1', 52101) - "POST /predict_next HTTP/1.1" 200
2019-10-19 21:55:44,355 DEBUG    ('127.0.0.1', 52101) - ASGI [260] Received {'type': 'http.response.body', 'body': '<127 bytes>'}
2019-10-19 21:55:44,355 DEBUG    ('127.0.0.1', 52101) - ASGI [260] Completed
2019-10-19 21:55:44,356 DEBUG    ('127.0.0.1', 52102) - ASGI [261] Started
2019-10-19 21:55:44,356 DEBUG    ('127.0.0.1', 52102) - ASGI [261] Sent {'type': 'http.request', 'body': '<2381 bytes>', 'more_body': False}
2019-10-19 21:55:44,356 DEBUG    received items: https://sync-eu.connectad.io/syncer/1,https://sync-eu.connectad.io/syncer/1,https://sync-eu.connectad.io/syncer/1?dataid=data5&uuid=d72d00d2-5495-0f63-39d8-df2050bab74a,https://sync-eu.connectad.io/syncer/1?bidder=appnexus&dataid=data11&uuid=7981047338159745652,https://sync-eu.connectad.io/syncer/1?bidder=sovrn&dataid=data12&uuid=eeacabbfbee45592a442623f,https://sync-eu.connectad.io/syncer/1?bidder=idx&dataid=data13&uuid=Xau.Y9HM5zgAAEhoongAAAB9%26041,https://sync-eu.connectad.io/syncer/1?bidder=appnexus&dataid=data11&uuid=7981047338159745652,https://sync-eu.connectad.io/syncer/1?bidder=adform&dataid=data4&uuid=3912233068022959670,https://sync-eu.connectad.io/syncer/1?dataid=data5&uuid=d72d00d2-5495-0f63-39d8-df2050bab74a,https://sync-eu.connectad.io/syncer/1?bidder=sovrn&dataid=data12&uuid=eeacabbfbee45592a442623f,https://sync-eu.connectad.io/syncer/1?bidder=idx&dataid=data13&uuid=Xau.Y9HM5zgAAEhoongAAAB9%26041,https://sync-eu.connectad.io/pixel/1?dataid=data3&uuid=19fc55c8-262c-43d7-850b-18ee9ba53b56,https://sync-eu.connectad.io/pixel/1?dataid=data3&uuid=19fc55c8-262c-43d7-850b-18ee9ba53b56,https://sync-eu.connectad.io/syncer/1?dataid=data1&uuid=9D0A4133-29CB-4408-ABCC-8C799074A43D,https://sync-eu.connectad.io/syncer/1?dataid=data1&uuid=9D0A4133-29CB-4408-ABCC-8C799074A43D,https://sync-eu.connectad.io/syncer/1,https://sync-eu.connectad.io/syncer/1,https://sync-eu.connectad.io/syncer/1?bidder=adform&dataid=data4&uuid=3912233068022959670,https://sync-eu.connectad.io/syncer/1?bidder=appnexus&dataid=data11&uuid=7981047338159745652,https://sync-eu.connectad.io/syncer/1?dataid=data5&uuid=d72d00d2-5495-0f63-39d8-df2050bab74a,https://sync-eu.connectad.io/syncer/1?bidder=sovrn&dataid=data12&uuid=eeacabbfbee45592a442623f,https://sync-eu.connectad.io/syncer/1?bidder=idx&dataid=data13&uuid=Xau.Y9HM5zgAAEhoongAAAB9%26041,https://sync-eu.connectad.io/syncer/1?dataid=data5&uuid=d72d00d2-5495-0f63-39d8-df2050bab74a,https://sync-eu.connectad.io/syncer/1?bidder=appnexus&dataid=data11&uuid=7981047338159745652,https://sync-eu.connectad.io/syncer/1?bidder=adform&dataid=data4&uuid=3912233068022959670,https://sync-eu.connectad.io/syncer/1?bidder=sovrn&dataid=data12&uuid=eeacabbfbee45592a442623f,https://sync-eu.connectad.io/syncer/1?bidder=idx&dataid=data13&uuid=Xau.Y9HM5zgAAEhoongAAAB9%26041
2019-10-19 21:55:44,357 DEBUG    save to sessions_items.log
2019-10-19 21:55:44,358 DEBUG    ('127.0.0.1', 52102) - ASGI [261] Received {'type': 'http.response.start', 'status': 200, 'headers': '<...>'}
2019-10-19 21:55:44,358 INFO     ('127.0.0.1', 52102) - "POST /predict_next HTTP/1.1" 200
2019-10-19 21:55:44,358 DEBUG    ('127.0.0.1', 52102) - ASGI [261] Received {'type': 'http.response.body', 'body': '<217 bytes>'}
2019-10-19 21:55:44,358 DEBUG    ('127.0.0.1', 52102) - ASGI [261] Completed
2019-10-19 21:55:44,419 DEBUG    ('127.0.0.1', 52101) - ASGI [262] Started
2019-10-19 21:55:44,419 DEBUG    ('127.0.0.1', 52101) - ASGI [262] Sent {'type': 'http.request', 'body': '<715 bytes>', 'more_body': False}
2019-10-19 21:55:44,420 DEBUG    received items: https://de.tynt.com/deb/?m=xch&rt=html&gdpr=0&gdpr_consent=&ru=https%3A%2F%2Fsync-eu.connectad.io%2Fsyncer%2F1%3Fdataid%3Ddata14%26uuid%3D33XUSERID33X&id=zzz000000000002zzz,https://de.tynt.com/deb/?m=xch&rt=html&gdpr=0&gdpr_consent=&ru=https%3A%2F%2Fsync-eu.connectad.io%2Fsyncer%2F1%3Fdataid%3Ddata14%26uuid%3D33XUSERID33X&id=zzz000000000002zzz,https://de.tynt.com/deb/?m=xch&rt=html&gdpr=0&gdpr_consent=&ru=https%3A%2F%2Fsync-eu.connectad.io%2Fsyncer%2F1%3Fdataid%3Ddata14%26uuid%3D33XUSERID33X&id=zzz000000000002zzz,https://de.tynt.com/deb/?m=xch&rt=html&gdpr=0&gdpr_consent=&ru=https%3A%2F%2Fsync-eu.connectad.io%2Fsyncer%2F1%3Fdataid%3Ddata14%26uuid%3D33XUSERID33X&id=zzz000000000002zzz
2019-10-19 21:55:44,420 DEBUG    save to sessions_items.log
2019-10-19 21:55:44,421 DEBUG    ('127.0.0.1', 52101) - ASGI [262] Received {'type': 'http.response.start', 'status': 200, 'headers': '<...>'}
2019-10-19 21:55:44,421 INFO     ('127.0.0.1', 52101) - "POST /predict_next HTTP/1.1" 200
2019-10-19 21:55:44,421 DEBUG    ('127.0.0.1', 52101) - ASGI [262] Received {'type': 'http.response.body', 'body': '<365 bytes>'}
2019-10-19 21:55:44,421 DEBUG    ('127.0.0.1', 52101) - ASGI [262] Completed
2019-10-19 21:55:44,616 DEBUG    ('127.0.0.1', 52101) - ASGI [263] Started
2019-10-19 21:55:44,617 DEBUG    ('127.0.0.1', 52101) - ASGI [263] Sent {'type': 'http.request', 'body': '<2475 bytes>', 'more_body': False}
2019-10-19 21:55:44,617 DEBUG    received items: https://sync-eu.connectad.io/syncer/1,https://sync-eu.connectad.io/syncer/1,https://sync-eu.connectad.io/syncer/1?dataid=data5&uuid=d72d00d2-5495-0f63-39d8-df2050bab74a,https://sync-eu.connectad.io/syncer/1?bidder=appnexus&dataid=data11&uuid=7981047338159745652,https://sync-eu.connectad.io/syncer/1?bidder=sovrn&dataid=data12&uuid=eeacabbfbee45592a442623f,https://sync-eu.connectad.io/syncer/1?bidder=idx&dataid=data13&uuid=Xau.Y9HM5zgAAEhoongAAAB9%26041,https://sync-eu.connectad.io/syncer/1?bidder=appnexus&dataid=data11&uuid=7981047338159745652,https://sync-eu.connectad.io/syncer/1?bidder=adform&dataid=data4&uuid=3912233068022959670,https://sync-eu.connectad.io/syncer/1?dataid=data5&uuid=d72d00d2-5495-0f63-39d8-df2050bab74a,https://sync-eu.connectad.io/syncer/1?bidder=sovrn&dataid=data12&uuid=eeacabbfbee45592a442623f,https://sync-eu.connectad.io/syncer/1?bidder=idx&dataid=data13&uuid=Xau.Y9HM5zgAAEhoongAAAB9%26041,https://sync-eu.connectad.io/pixel/1?dataid=data3&uuid=19fc55c8-262c-43d7-850b-18ee9ba53b56,https://sync-eu.connectad.io/pixel/1?dataid=data3&uuid=19fc55c8-262c-43d7-850b-18ee9ba53b56,https://sync-eu.connectad.io/syncer/1?dataid=data1&uuid=9D0A4133-29CB-4408-ABCC-8C799074A43D,https://sync-eu.connectad.io/syncer/1?dataid=data1&uuid=9D0A4133-29CB-4408-ABCC-8C799074A43D,https://sync-eu.connectad.io/syncer/1,https://sync-eu.connectad.io/syncer/1,https://sync-eu.connectad.io/syncer/1?bidder=adform&dataid=data4&uuid=3912233068022959670,https://sync-eu.connectad.io/syncer/1?bidder=appnexus&dataid=data11&uuid=7981047338159745652,https://sync-eu.connectad.io/syncer/1?dataid=data5&uuid=d72d00d2-5495-0f63-39d8-df2050bab74a,https://sync-eu.connectad.io/syncer/1?bidder=sovrn&dataid=data12&uuid=eeacabbfbee45592a442623f,https://sync-eu.connectad.io/syncer/1?bidder=idx&dataid=data13&uuid=Xau.Y9HM5zgAAEhoongAAAB9%26041,https://sync-eu.connectad.io/syncer/1?dataid=data5&uuid=d72d00d2-5495-0f63-39d8-df2050bab74a,https://sync-eu.connectad.io/syncer/1?bidder=appnexus&dataid=data11&uuid=7981047338159745652,https://sync-eu.connectad.io/syncer/1?bidder=adform&dataid=data4&uuid=3912233068022959670,https://sync-eu.connectad.io/syncer/1?bidder=sovrn&dataid=data12&uuid=eeacabbfbee45592a442623f,https://sync-eu.connectad.io/syncer/1?bidder=idx&dataid=data13&uuid=Xau.Y9HM5zgAAEhoongAAAB9%26041,https://sync-eu.connectad.io/pixel/1?dataid=data3&uuid=19fc55c8-262c-43d7-850b-18ee9ba53b56
2019-10-19 21:55:44,618 DEBUG    save to sessions_items.log
2019-10-19 21:55:44,619 DEBUG    ('127.0.0.1', 52101) - ASGI [263] Received {'type': 'http.response.start', 'status': 200, 'headers': '<...>'}
2019-10-19 21:55:44,619 INFO     ('127.0.0.1', 52101) - "POST /predict_next HTTP/1.1" 200
2019-10-19 21:55:44,620 DEBUG    ('127.0.0.1', 52101) - ASGI [263] Received {'type': 'http.response.body', 'body': '<203 bytes>'}
2019-10-19 21:55:44,621 DEBUG    ('127.0.0.1', 52101) - ASGI [263] Completed
2019-10-19 21:55:44,684 DEBUG    ('127.0.0.1', 52101) - ASGI [264] Started
2019-10-19 21:55:44,684 DEBUG    ('127.0.0.1', 52101) - ASGI [264] Sent {'type': 'http.request', 'body': '<2570 bytes>', 'more_body': False}
2019-10-19 21:55:44,685 DEBUG    received items: https://sync-eu.connectad.io/syncer/1,https://sync-eu.connectad.io/syncer/1,https://sync-eu.connectad.io/syncer/1?dataid=data5&uuid=d72d00d2-5495-0f63-39d8-df2050bab74a,https://sync-eu.connectad.io/syncer/1?bidder=appnexus&dataid=data11&uuid=7981047338159745652,https://sync-eu.connectad.io/syncer/1?bidder=sovrn&dataid=data12&uuid=eeacabbfbee45592a442623f,https://sync-eu.connectad.io/syncer/1?bidder=idx&dataid=data13&uuid=Xau.Y9HM5zgAAEhoongAAAB9%26041,https://sync-eu.connectad.io/syncer/1?bidder=appnexus&dataid=data11&uuid=7981047338159745652,https://sync-eu.connectad.io/syncer/1?bidder=adform&dataid=data4&uuid=3912233068022959670,https://sync-eu.connectad.io/syncer/1?dataid=data5&uuid=d72d00d2-5495-0f63-39d8-df2050bab74a,https://sync-eu.connectad.io/syncer/1?bidder=sovrn&dataid=data12&uuid=eeacabbfbee45592a442623f,https://sync-eu.connectad.io/syncer/1?bidder=idx&dataid=data13&uuid=Xau.Y9HM5zgAAEhoongAAAB9%26041,https://sync-eu.connectad.io/pixel/1?dataid=data3&uuid=19fc55c8-262c-43d7-850b-18ee9ba53b56,https://sync-eu.connectad.io/pixel/1?dataid=data3&uuid=19fc55c8-262c-43d7-850b-18ee9ba53b56,https://sync-eu.connectad.io/syncer/1?dataid=data1&uuid=9D0A4133-29CB-4408-ABCC-8C799074A43D,https://sync-eu.connectad.io/syncer/1?dataid=data1&uuid=9D0A4133-29CB-4408-ABCC-8C799074A43D,https://sync-eu.connectad.io/syncer/1,https://sync-eu.connectad.io/syncer/1,https://sync-eu.connectad.io/syncer/1?bidder=adform&dataid=data4&uuid=3912233068022959670,https://sync-eu.connectad.io/syncer/1?bidder=appnexus&dataid=data11&uuid=7981047338159745652,https://sync-eu.connectad.io/syncer/1?dataid=data5&uuid=d72d00d2-5495-0f63-39d8-df2050bab74a,https://sync-eu.connectad.io/syncer/1?bidder=sovrn&dataid=data12&uuid=eeacabbfbee45592a442623f,https://sync-eu.connectad.io/syncer/1?bidder=idx&dataid=data13&uuid=Xau.Y9HM5zgAAEhoongAAAB9%26041,https://sync-eu.connectad.io/syncer/1?dataid=data5&uuid=d72d00d2-5495-0f63-39d8-df2050bab74a,https://sync-eu.connectad.io/syncer/1?bidder=appnexus&dataid=data11&uuid=7981047338159745652,https://sync-eu.connectad.io/syncer/1?bidder=adform&dataid=data4&uuid=3912233068022959670,https://sync-eu.connectad.io/syncer/1?bidder=sovrn&dataid=data12&uuid=eeacabbfbee45592a442623f,https://sync-eu.connectad.io/syncer/1?bidder=idx&dataid=data13&uuid=Xau.Y9HM5zgAAEhoongAAAB9%26041,https://sync-eu.connectad.io/pixel/1?dataid=data3&uuid=19fc55c8-262c-43d7-850b-18ee9ba53b56,https://sync-eu.connectad.io/syncer/1?dataid=data1&uuid=9D0A4133-29CB-4408-ABCC-8C799074A43D
2019-10-19 21:55:44,685 DEBUG    save to sessions_items.log
2019-10-19 21:55:44,686 DEBUG    ('127.0.0.1', 52101) - ASGI [264] Received {'type': 'http.response.start', 'status': 200, 'headers': '<...>'}
2019-10-19 21:55:44,686 INFO     ('127.0.0.1', 52101) - "POST /predict_next HTTP/1.1" 200
2019-10-19 21:55:44,687 DEBUG    ('127.0.0.1', 52101) - ASGI [264] Received {'type': 'http.response.body', 'body': '<205 bytes>'}
2019-10-19 21:55:44,687 DEBUG    ('127.0.0.1', 52101) - ASGI [264] Completed
2019-10-19 21:55:44,805 DEBUG    ('127.0.0.1', 52101) - ASGI [265] Started
2019-10-19 21:55:44,805 DEBUG    ('127.0.0.1', 52101) - ASGI [265] Sent {'type': 'http.request', 'body': '<2664 bytes>', 'more_body': False}
2019-10-19 21:55:44,806 DEBUG    received items: https://sync-eu.connectad.io/syncer/1,https://sync-eu.connectad.io/syncer/1,https://sync-eu.connectad.io/syncer/1?dataid=data5&uuid=d72d00d2-5495-0f63-39d8-df2050bab74a,https://sync-eu.connectad.io/syncer/1?bidder=appnexus&dataid=data11&uuid=7981047338159745652,https://sync-eu.connectad.io/syncer/1?bidder=sovrn&dataid=data12&uuid=eeacabbfbee45592a442623f,https://sync-eu.connectad.io/syncer/1?bidder=idx&dataid=data13&uuid=Xau.Y9HM5zgAAEhoongAAAB9%26041,https://sync-eu.connectad.io/syncer/1?bidder=appnexus&dataid=data11&uuid=7981047338159745652,https://sync-eu.connectad.io/syncer/1?bidder=adform&dataid=data4&uuid=3912233068022959670,https://sync-eu.connectad.io/syncer/1?dataid=data5&uuid=d72d00d2-5495-0f63-39d8-df2050bab74a,https://sync-eu.connectad.io/syncer/1?bidder=sovrn&dataid=data12&uuid=eeacabbfbee45592a442623f,https://sync-eu.connectad.io/syncer/1?bidder=idx&dataid=data13&uuid=Xau.Y9HM5zgAAEhoongAAAB9%26041,https://sync-eu.connectad.io/pixel/1?dataid=data3&uuid=19fc55c8-262c-43d7-850b-18ee9ba53b56,https://sync-eu.connectad.io/pixel/1?dataid=data3&uuid=19fc55c8-262c-43d7-850b-18ee9ba53b56,https://sync-eu.connectad.io/syncer/1?dataid=data1&uuid=9D0A4133-29CB-4408-ABCC-8C799074A43D,https://sync-eu.connectad.io/syncer/1?dataid=data1&uuid=9D0A4133-29CB-4408-ABCC-8C799074A43D,https://sync-eu.connectad.io/syncer/1,https://sync-eu.connectad.io/syncer/1,https://sync-eu.connectad.io/syncer/1?bidder=adform&dataid=data4&uuid=3912233068022959670,https://sync-eu.connectad.io/syncer/1?bidder=appnexus&dataid=data11&uuid=7981047338159745652,https://sync-eu.connectad.io/syncer/1?dataid=data5&uuid=d72d00d2-5495-0f63-39d8-df2050bab74a,https://sync-eu.connectad.io/syncer/1?bidder=sovrn&dataid=data12&uuid=eeacabbfbee45592a442623f,https://sync-eu.connectad.io/syncer/1?bidder=idx&dataid=data13&uuid=Xau.Y9HM5zgAAEhoongAAAB9%26041,https://sync-eu.connectad.io/syncer/1?dataid=data5&uuid=d72d00d2-5495-0f63-39d8-df2050bab74a,https://sync-eu.connectad.io/syncer/1?bidder=appnexus&dataid=data11&uuid=7981047338159745652,https://sync-eu.connectad.io/syncer/1?bidder=adform&dataid=data4&uuid=3912233068022959670,https://sync-eu.connectad.io/syncer/1?bidder=sovrn&dataid=data12&uuid=eeacabbfbee45592a442623f,https://sync-eu.connectad.io/syncer/1?bidder=idx&dataid=data13&uuid=Xau.Y9HM5zgAAEhoongAAAB9%26041,https://sync-eu.connectad.io/pixel/1?dataid=data3&uuid=19fc55c8-262c-43d7-850b-18ee9ba53b56,https://sync-eu.connectad.io/syncer/1?dataid=data1&uuid=9D0A4133-29CB-4408-ABCC-8C799074A43D,https://sync-eu.connectad.io/pixel/1?dataid=data3&uuid=19fc55c8-262c-43d7-850b-18ee9ba53b56
2019-10-19 21:55:44,806 DEBUG    save to sessions_items.log
2019-10-19 21:55:44,807 DEBUG    ('127.0.0.1', 52101) - ASGI [265] Received {'type': 'http.response.start', 'status': 200, 'headers': '<...>'}
2019-10-19 21:55:44,807 INFO     ('127.0.0.1', 52101) - "POST /predict_next HTTP/1.1" 200
2019-10-19 21:55:44,807 DEBUG    ('127.0.0.1', 52101) - ASGI [265] Received {'type': 'http.response.body', 'body': '<203 bytes>'}
2019-10-19 21:55:44,807 DEBUG    ('127.0.0.1', 52101) - ASGI [265] Completed
2019-10-19 21:55:44,808 DEBUG    ('127.0.0.1', 52102) - ASGI [266] Started
2019-10-19 21:55:44,808 DEBUG    ('127.0.0.1', 52102) - ASGI [266] Sent {'type': 'http.request', 'body': '<2759 bytes>', 'more_body': False}
2019-10-19 21:55:44,808 DEBUG    received items: https://sync-eu.connectad.io/syncer/1,https://sync-eu.connectad.io/syncer/1,https://sync-eu.connectad.io/syncer/1?dataid=data5&uuid=d72d00d2-5495-0f63-39d8-df2050bab74a,https://sync-eu.connectad.io/syncer/1?bidder=appnexus&dataid=data11&uuid=7981047338159745652,https://sync-eu.connectad.io/syncer/1?bidder=sovrn&dataid=data12&uuid=eeacabbfbee45592a442623f,https://sync-eu.connectad.io/syncer/1?bidder=idx&dataid=data13&uuid=Xau.Y9HM5zgAAEhoongAAAB9%26041,https://sync-eu.connectad.io/syncer/1?bidder=appnexus&dataid=data11&uuid=7981047338159745652,https://sync-eu.connectad.io/syncer/1?bidder=adform&dataid=data4&uuid=3912233068022959670,https://sync-eu.connectad.io/syncer/1?dataid=data5&uuid=d72d00d2-5495-0f63-39d8-df2050bab74a,https://sync-eu.connectad.io/syncer/1?bidder=sovrn&dataid=data12&uuid=eeacabbfbee45592a442623f,https://sync-eu.connectad.io/syncer/1?bidder=idx&dataid=data13&uuid=Xau.Y9HM5zgAAEhoongAAAB9%26041,https://sync-eu.connectad.io/pixel/1?dataid=data3&uuid=19fc55c8-262c-43d7-850b-18ee9ba53b56,https://sync-eu.connectad.io/pixel/1?dataid=data3&uuid=19fc55c8-262c-43d7-850b-18ee9ba53b56,https://sync-eu.connectad.io/syncer/1?dataid=data1&uuid=9D0A4133-29CB-4408-ABCC-8C799074A43D,https://sync-eu.connectad.io/syncer/1?dataid=data1&uuid=9D0A4133-29CB-4408-ABCC-8C799074A43D,https://sync-eu.connectad.io/syncer/1,https://sync-eu.connectad.io/syncer/1,https://sync-eu.connectad.io/syncer/1?bidder=adform&dataid=data4&uuid=3912233068022959670,https://sync-eu.connectad.io/syncer/1?bidder=appnexus&dataid=data11&uuid=7981047338159745652,https://sync-eu.connectad.io/syncer/1?dataid=data5&uuid=d72d00d2-5495-0f63-39d8-df2050bab74a,https://sync-eu.connectad.io/syncer/1?bidder=sovrn&dataid=data12&uuid=eeacabbfbee45592a442623f,https://sync-eu.connectad.io/syncer/1?bidder=idx&dataid=data13&uuid=Xau.Y9HM5zgAAEhoongAAAB9%26041,https://sync-eu.connectad.io/syncer/1?dataid=data5&uuid=d72d00d2-5495-0f63-39d8-df2050bab74a,https://sync-eu.connectad.io/syncer/1?bidder=appnexus&dataid=data11&uuid=7981047338159745652,https://sync-eu.connectad.io/syncer/1?bidder=adform&dataid=data4&uuid=3912233068022959670,https://sync-eu.connectad.io/syncer/1?bidder=sovrn&dataid=data12&uuid=eeacabbfbee45592a442623f,https://sync-eu.connectad.io/syncer/1?bidder=idx&dataid=data13&uuid=Xau.Y9HM5zgAAEhoongAAAB9%26041,https://sync-eu.connectad.io/pixel/1?dataid=data3&uuid=19fc55c8-262c-43d7-850b-18ee9ba53b56,https://sync-eu.connectad.io/syncer/1?dataid=data1&uuid=9D0A4133-29CB-4408-ABCC-8C799074A43D,https://sync-eu.connectad.io/pixel/1?dataid=data3&uuid=19fc55c8-262c-43d7-850b-18ee9ba53b56,https://sync-eu.connectad.io/syncer/1?dataid=data1&uuid=9D0A4133-29CB-4408-ABCC-8C799074A43D
2019-10-19 21:55:44,809 DEBUG    save to sessions_items.log
2019-10-19 21:55:44,809 DEBUG    ('127.0.0.1', 52102) - ASGI [266] Received {'type': 'http.response.start', 'status': 200, 'headers': '<...>'}
2019-10-19 21:55:44,809 INFO     ('127.0.0.1', 52102) - "POST /predict_next HTTP/1.1" 200
2019-10-19 21:55:44,809 DEBUG    ('127.0.0.1', 52102) - ASGI [266] Received {'type': 'http.response.body', 'body': '<205 bytes>'}
2019-10-19 21:55:44,810 DEBUG    ('127.0.0.1', 52102) - ASGI [266] Completed
2019-10-19 21:55:48,330 DEBUG    ('127.0.0.1', 52039) - Disconnected
2019-10-19 21:55:48,891 DEBUG    ('127.0.0.1', 52038) - Disconnected
2019-10-19 21:55:49,247 DEBUG    ('127.0.0.1', 51956) - Disconnected
2019-10-19 21:55:49,248 DEBUG    ('127.0.0.1', 52037) - Disconnected
2019-10-19 21:55:49,810 DEBUG    ('127.0.0.1', 52101) - Disconnected
2019-10-19 21:55:49,810 DEBUG    ('127.0.0.1', 52102) - Disconnected
2019-10-19 21:56:11,520 DEBUG    ('127.0.0.1', 52236) - Connected
2019-10-19 21:56:11,521 DEBUG    ('127.0.0.1', 52236) - ASGI [267] Started
2019-10-19 21:56:11,521 DEBUG    ('127.0.0.1', 52236) - ASGI [267] Sent {'type': 'http.request', 'body': '<1516 bytes>', 'more_body': False}
2019-10-19 21:56:11,522 DEBUG    received items: https://www.statcan.gc.ca/,https://www.statcan.gc.ca/eng/start,https://www.statcan.gc.ca/eng/reference/refcentre/index?MM=1,https://www.statcan.gc.ca/eng/reference/refcentre/index?MM=1,https://www.statcan.gc.ca/eng/trust?utm_source=statcan&utm_medium=banner&utm_campaign=trust-confiance_2019,https://www.statcan.gc.ca/eng/trust?utm_source=statcan&utm_medium=banner&utm_campaign=trust-confiance_2019,https://www.statcan.gc.ca/eng/trust?utm_source=statcan&utm_medium=banner&utm_campaign=trust-confiance_2019,https://www.statcan.gc.ca/eng/trust?utm_source=statcan&utm_medium=banner&utm_campaign=trust-confiance_2019,https://www.statcan.gc.ca/eng/trust?utm_source=statcan&utm_medium=banner&utm_campaign=trust-confiance_2019,https://www.statcan.gc.ca/eng/trust?utm_source=statcan&utm_medium=banner&utm_campaign=trust-confiance_2019,https://www.statcan.gc.ca/eng/trust?utm_source=statcan&utm_medium=banner&utm_campaign=trust-confiance_2019,https://www.statcan.gc.ca/eng/trust?utm_source=statcan&utm_medium=banner&utm_campaign=trust-confiance_2019,https://www.statcan.gc.ca/eng/trust?utm_source=statcan&utm_medium=banner&utm_campaign=trust-confiance_2019,https://www.statcan.gc.ca/eng/trust?utm_source=statcan&utm_medium=banner&utm_campaign=trust-confiance_2019,https://www.statcan.gc.ca/eng/trust?utm_source=statcan&utm_medium=banner&utm_campaign=trust-confiance_2019,https://www.statcan.gc.ca/eng/trust?utm_source=statcan&utm_medium=banner&utm_campaign=trust-confiance_2019
2019-10-19 21:56:11,522 DEBUG    save to sessions_items.log
2019-10-19 21:56:11,522 DEBUG    ('127.0.0.1', 52236) - ASGI [267] Received {'type': 'http.response.start', 'status': 200, 'headers': '<...>'}
2019-10-19 21:56:11,522 INFO     ('127.0.0.1', 52236) - "POST /predict_next HTTP/1.1" 200
2019-10-19 21:56:11,523 DEBUG    ('127.0.0.1', 52236) - ASGI [267] Received {'type': 'http.response.body', 'body': '<233 bytes>'}
2019-10-19 21:56:11,523 DEBUG    ('127.0.0.1', 52236) - ASGI [267] Completed
2019-10-19 21:56:16,525 DEBUG    ('127.0.0.1', 52236) - Disconnected
2019-10-19 21:56:19,011 DEBUG    ('127.0.0.1', 52266) - Connected
2019-10-19 21:56:19,011 DEBUG    ('127.0.0.1', 52266) - ASGI [268] Started
2019-10-19 21:56:19,012 DEBUG    ('127.0.0.1', 52266) - ASGI [268] Sent {'type': 'http.request', 'body': '<1625 bytes>', 'more_body': False}
2019-10-19 21:56:19,012 DEBUG    received items: https://www.statcan.gc.ca/,https://www.statcan.gc.ca/eng/start,https://www.statcan.gc.ca/eng/reference/refcentre/index?MM=1,https://www.statcan.gc.ca/eng/reference/refcentre/index?MM=1,https://www.statcan.gc.ca/eng/trust?utm_source=statcan&utm_medium=banner&utm_campaign=trust-confiance_2019,https://www.statcan.gc.ca/eng/trust?utm_source=statcan&utm_medium=banner&utm_campaign=trust-confiance_2019,https://www.statcan.gc.ca/eng/trust?utm_source=statcan&utm_medium=banner&utm_campaign=trust-confiance_2019,https://www.statcan.gc.ca/eng/trust?utm_source=statcan&utm_medium=banner&utm_campaign=trust-confiance_2019,https://www.statcan.gc.ca/eng/trust?utm_source=statcan&utm_medium=banner&utm_campaign=trust-confiance_2019,https://www.statcan.gc.ca/eng/trust?utm_source=statcan&utm_medium=banner&utm_campaign=trust-confiance_2019,https://www.statcan.gc.ca/eng/trust?utm_source=statcan&utm_medium=banner&utm_campaign=trust-confiance_2019,https://www.statcan.gc.ca/eng/trust?utm_source=statcan&utm_medium=banner&utm_campaign=trust-confiance_2019,https://www.statcan.gc.ca/eng/trust?utm_source=statcan&utm_medium=banner&utm_campaign=trust-confiance_2019,https://www.statcan.gc.ca/eng/trust?utm_source=statcan&utm_medium=banner&utm_campaign=trust-confiance_2019,https://www.statcan.gc.ca/eng/trust?utm_source=statcan&utm_medium=banner&utm_campaign=trust-confiance_2019,https://www.statcan.gc.ca/eng/trust?utm_source=statcan&utm_medium=banner&utm_campaign=trust-confiance_2019,https://www.statcan.gc.ca/eng/trust?utm_source=statcan&utm_medium=banner&utm_campaign=trust-confiance_2019
2019-10-19 21:56:19,012 DEBUG    save to sessions_items.log
2019-10-19 21:56:19,013 DEBUG    ('127.0.0.1', 52266) - ASGI [268] Received {'type': 'http.response.start', 'status': 200, 'headers': '<...>'}
2019-10-19 21:56:19,013 INFO     ('127.0.0.1', 52266) - "POST /predict_next HTTP/1.1" 200
2019-10-19 21:56:19,013 DEBUG    ('127.0.0.1', 52266) - ASGI [268] Received {'type': 'http.response.body', 'body': '<233 bytes>'}
2019-10-19 21:56:19,013 DEBUG    ('127.0.0.1', 52266) - ASGI [268] Completed
2019-10-19 21:56:22,289 DEBUG    ('127.0.0.1', 52266) - ASGI [269] Started
2019-10-19 21:56:22,289 DEBUG    ('127.0.0.1', 52266) - ASGI [269] Sent {'type': 'http.request', 'body': '<1734 bytes>', 'more_body': False}
2019-10-19 21:56:22,291 DEBUG    received items: https://www.statcan.gc.ca/,https://www.statcan.gc.ca/eng/start,https://www.statcan.gc.ca/eng/reference/refcentre/index?MM=1,https://www.statcan.gc.ca/eng/reference/refcentre/index?MM=1,https://www.statcan.gc.ca/eng/trust?utm_source=statcan&utm_medium=banner&utm_campaign=trust-confiance_2019,https://www.statcan.gc.ca/eng/trust?utm_source=statcan&utm_medium=banner&utm_campaign=trust-confiance_2019,https://www.statcan.gc.ca/eng/trust?utm_source=statcan&utm_medium=banner&utm_campaign=trust-confiance_2019,https://www.statcan.gc.ca/eng/trust?utm_source=statcan&utm_medium=banner&utm_campaign=trust-confiance_2019,https://www.statcan.gc.ca/eng/trust?utm_source=statcan&utm_medium=banner&utm_campaign=trust-confiance_2019,https://www.statcan.gc.ca/eng/trust?utm_source=statcan&utm_medium=banner&utm_campaign=trust-confiance_2019,https://www.statcan.gc.ca/eng/trust?utm_source=statcan&utm_medium=banner&utm_campaign=trust-confiance_2019,https://www.statcan.gc.ca/eng/trust?utm_source=statcan&utm_medium=banner&utm_campaign=trust-confiance_2019,https://www.statcan.gc.ca/eng/trust?utm_source=statcan&utm_medium=banner&utm_campaign=trust-confiance_2019,https://www.statcan.gc.ca/eng/trust?utm_source=statcan&utm_medium=banner&utm_campaign=trust-confiance_2019,https://www.statcan.gc.ca/eng/trust?utm_source=statcan&utm_medium=banner&utm_campaign=trust-confiance_2019,https://www.statcan.gc.ca/eng/trust?utm_source=statcan&utm_medium=banner&utm_campaign=trust-confiance_2019,https://www.statcan.gc.ca/eng/trust?utm_source=statcan&utm_medium=banner&utm_campaign=trust-confiance_2019,https://www.statcan.gc.ca/eng/trust?utm_source=statcan&utm_medium=banner&utm_campaign=trust-confiance_2019
2019-10-19 21:56:22,292 DEBUG    save to sessions_items.log
2019-10-19 21:56:22,292 DEBUG    ('127.0.0.1', 52266) - ASGI [269] Received {'type': 'http.response.start', 'status': 200, 'headers': '<...>'}
2019-10-19 21:56:22,292 INFO     ('127.0.0.1', 52266) - "POST /predict_next HTTP/1.1" 200
2019-10-19 21:56:22,292 DEBUG    ('127.0.0.1', 52266) - ASGI [269] Received {'type': 'http.response.body', 'body': '<233 bytes>'}
2019-10-19 21:56:22,293 DEBUG    ('127.0.0.1', 52266) - ASGI [269] Completed
2019-10-19 21:56:27,297 DEBUG    ('127.0.0.1', 52266) - Disconnected
2019-10-19 21:56:45,707 DEBUG    ('127.0.0.1', 52392) - Connected
2019-10-19 21:56:45,708 DEBUG    ('127.0.0.1', 52392) - ASGI [270] Started
2019-10-19 21:56:45,708 DEBUG    ('127.0.0.1', 52392) - ASGI [270] Sent {'type': 'http.request', 'body': '<4055 bytes>', 'more_body': False}
2019-10-19 21:56:45,709 DEBUG    received items: https://www.google.com/search?q=chrome+inject+html&rlz=1C5CHFA_enCA815CA815&oq=chrome+inject+html&aqs=chrome..69i57j0l5.2667j0j8&sourceid=chrome&ie=UTF-8,https://www.google.com/search?q=chrome+inject+html&rlz=1C5CHFA_enCA815CA815&oq=chrome+inject+html&aqs=chrome..69i57j0l5.2667j0j8&sourceid=chrome&ie=UTF-8,https://www.google.com/search?q=getelementbyid&rlz=1C5CHFA_enCA815CA815&oq=getelementby&aqs=chrome.0.0l4j69i57j0.2736j0j4&sourceid=chrome&ie=UTF-8,https://www.google.com/search?rlz=1C5CHFA_enCA815CA815&sxsrf=ACYBGNSjOlo20LGVDmqlfp9ipfgI4K57Sw%3A1571536389451&ei=Bb6rXeWUG6S1ggeFhKPYBw&q=html+get+element&oq=html+get+element&gs_l=psy-ab.3..0l10.2718.8249..8368...11.4..1.242.2524.20j2j3......0....1..gws-wiz.......0i71j35i39j0i67j0i131j0i22i30j0i22i10i30j0i13j0i13i30j0i13i5i30j0i8i13i30j33i160.FJ5XlWYjk7w&ved=0ahUKEwilq_qh3anlAhWkmuAKHQXCCHsQ4dUDCAs&uact=5,https://www.google.com/search?rlz=1C5CHFA_enCA815CA815&sxsrf=ACYBGNQCwp0jVydWEZmDJuT5VazexhHC-Q%3A1571536399300&ei=D76rXf31EeTF_QaM-q2gDw&q=getelementbyid+append&oq=getelementbyid+append&gs_l=psy-ab.3..0i20i263j0l3j0i22i30l6.3429.11981..12075...6.4..0.474.2574.24j1j4-1......0....1..gws-wiz.......0i71j35i39j0i67j0i131i67j0i10j0i10i67j0i131.mAzLxrVwTDI&ved=0ahUKEwi9udOm3anlAhXkYt8KHQx9C_QQ4dUDCAs&uact=5,https://www.google.com/search?rlz=1C5CHFA_enCA815CA815&sxsrf=ACYBGNQCwp0jVydWEZmDJuT5VazexhHC-Q%3A1571536399300&ei=D76rXf31EeTF_QaM-q2gDw&q=getelementbyid+append&oq=getelementbyid+append&gs_l=psy-ab.3..0i20i263j0l3j0i22i30l6.3429.11981..12075...6.4..0.474.2574.24j1j4-1......0....1..gws-wiz.......0i71j35i39j0i67j0i131i67j0i10j0i10i67j0i131.mAzLxrVwTDI&ved=0ahUKEwi9udOm3anlAhXkYt8KHQx9C_QQ4dUDCAs&uact=5,https://www.google.com/search?rlz=1C5CHFA_enCA815CA815&sxsrf=ACYBGNTtqQUMdWH2yS7Euvi8vkjVJrlvhA%3A1571536412492&ei=HL6rXcbSHeGZ_QaS-ZzQDA&q=getelementbyid+append+before&oq=getelementbyid+append+before&gs_l=psy-ab.3...2827.3554..3994...0.2..0.256.1328.1j3j3......0....1..gws-wiz.......0i71j0j0i22i30j0i22i10i30j33i160j33i21.lSIy5S6va5Y&ved=0ahUKEwjG0Pis3anlAhXhTN8KHZI8B8oQ4dUDCAs&uact=5,https://www.google.com/search?rlz=1C5CHFA_enCA815CA815&sxsrf=ACYBGNTtqQUMdWH2yS7Euvi8vkjVJrlvhA%3A1571536412492&ei=HL6rXcbSHeGZ_QaS-ZzQDA&q=getelementbyid+append+before&oq=getelementbyid+append+before&gs_l=psy-ab.3...2827.3554..3994...0.2..0.256.1328.1j3j3......0....1..gws-wiz.......0i71j0j0i22i30j0i22i10i30j33i160j33i21.lSIy5S6va5Y&ved=0ahUKEwjG0Pis3anlAhXhTN8KHZI8B8oQ4dUDCAs&uact=5,https://www.google.com/search?rlz=1C5CHFA_enCA815CA815&sxsrf=ACYBGNQCwp0jVydWEZmDJuT5VazexhHC-Q%3A1571536399300&ei=D76rXf31EeTF_QaM-q2gDw&q=getelementbyid+append&oq=getelementbyid+append&gs_l=psy-ab.3..0i20i263j0l3j0i22i30l6.3429.11981..12075...6.4..0.474.2574.24j1j4-1......0....1..gws-wiz.......0i71j35i39j0i67j0i131i67j0i10j0i10i67j0i131.mAzLxrVwTDI&ved=0ahUKEwi9udOm3anlAhXkYt8KHQx9C_QQ4dUDCAs&uact=5,https://www.google.com/search?rlz=1C5CHFA_enCA815CA815&sxsrf=ACYBGNTtqQUMdWH2yS7Euvi8vkjVJrlvhA%3A1571536412492&ei=HL6rXcbSHeGZ_QaS-ZzQDA&q=getelementbyid+append+before&oq=getelementbyid+append+before&gs_l=psy-ab.3...2827.3554..3994...0.2..0.256.1328.1j3j3......0....1..gws-wiz.......0i71j0j0i22i30j0i22i10i30j33i160j33i21.lSIy5S6va5Y&ved=0ahUKEwjG0Pis3anlAhXhTN8KHZI8B8oQ4dUDCAs&uact=5,https://www.google.com/search?rlz=1C5CHFA_enCA815CA815&sxsrf=ACYBGNTtqQUMdWH2yS7Euvi8vkjVJrlvhA%3A1571536412492&ei=HL6rXcbSHeGZ_QaS-ZzQDA&q=getelementbyid+append+before&oq=getelementbyid+append+before&gs_l=psy-ab.3...2827.3554..3994...0.2..0.256.1328.1j3j3......0....1..gws-wiz.......0i71j0j0i22i30j0i22i10i30j33i160j33i21.lSIy5S6va5Y&ved=0ahUKEwjG0Pis3anlAhXhTN8KHZI8B8oQ4dUDCAs&uact=5,https://www.google.com/search?rlz=1C5CHFA_enCA815CA815&sxsrf=ACYBGNTtqQUMdWH2yS7Euvi8vkjVJrlvhA%3A1571536412492&ei=HL6rXcbSHeGZ_QaS-ZzQDA&q=getelementbyid+append+before&oq=getelementbyid+append+before&gs_l=psy-ab.3...2827.3554..3994...0.2..0.256.1328.1j3j3......0....1..gws-wiz.......0i71j0j0i22i30j0i22i10i30j33i160j33i21.lSIy5S6va5Y&ved=0ahUKEwjG0Pis3anlAhXhTN8KHZI8B8oQ4dUDCAs&uact=5
2019-10-19 21:56:45,709 DEBUG    save to sessions_items.log
2019-10-19 21:56:45,709 DEBUG    ('127.0.0.1', 52392) - ASGI [270] Received {'type': 'http.response.start', 'status': 200, 'headers': '<...>'}
2019-10-19 21:56:45,709 INFO     ('127.0.0.1', 52392) - "POST /predict_next HTTP/1.1" 200
2019-10-19 21:56:45,710 DEBUG    ('127.0.0.1', 52392) - ASGI [270] Received {'type': 'http.response.body', 'body': '<793 bytes>'}
2019-10-19 21:56:45,710 DEBUG    ('127.0.0.1', 52392) - ASGI [270] Completed
2019-10-19 21:56:50,713 DEBUG    ('127.0.0.1', 52392) - Disconnected
2019-10-19 21:56:52,202 DEBUG    ('127.0.0.1', 52421) - Connected
2019-10-19 21:56:52,202 DEBUG    ('127.0.0.1', 52421) - ASGI [271] Started
2019-10-19 21:56:52,203 DEBUG    ('127.0.0.1', 52421) - ASGI [271] Sent {'type': 'http.request', 'body': '<4382 bytes>', 'more_body': False}
2019-10-19 21:56:52,204 DEBUG    received items: https://www.google.com/search?q=chrome+inject+html&rlz=1C5CHFA_enCA815CA815&oq=chrome+inject+html&aqs=chrome..69i57j0l5.2667j0j8&sourceid=chrome&ie=UTF-8,https://www.google.com/search?q=chrome+inject+html&rlz=1C5CHFA_enCA815CA815&oq=chrome+inject+html&aqs=chrome..69i57j0l5.2667j0j8&sourceid=chrome&ie=UTF-8,https://www.google.com/search?q=getelementbyid&rlz=1C5CHFA_enCA815CA815&oq=getelementby&aqs=chrome.0.0l4j69i57j0.2736j0j4&sourceid=chrome&ie=UTF-8,https://www.google.com/search?rlz=1C5CHFA_enCA815CA815&sxsrf=ACYBGNSjOlo20LGVDmqlfp9ipfgI4K57Sw%3A1571536389451&ei=Bb6rXeWUG6S1ggeFhKPYBw&q=html+get+element&oq=html+get+element&gs_l=psy-ab.3..0l10.2718.8249..8368...11.4..1.242.2524.20j2j3......0....1..gws-wiz.......0i71j35i39j0i67j0i131j0i22i30j0i22i10i30j0i13j0i13i30j0i13i5i30j0i8i13i30j33i160.FJ5XlWYjk7w&ved=0ahUKEwilq_qh3anlAhWkmuAKHQXCCHsQ4dUDCAs&uact=5,https://www.google.com/search?rlz=1C5CHFA_enCA815CA815&sxsrf=ACYBGNQCwp0jVydWEZmDJuT5VazexhHC-Q%3A1571536399300&ei=D76rXf31EeTF_QaM-q2gDw&q=getelementbyid+append&oq=getelementbyid+append&gs_l=psy-ab.3..0i20i263j0l3j0i22i30l6.3429.11981..12075...6.4..0.474.2574.24j1j4-1......0....1..gws-wiz.......0i71j35i39j0i67j0i131i67j0i10j0i10i67j0i131.mAzLxrVwTDI&ved=0ahUKEwi9udOm3anlAhXkYt8KHQx9C_QQ4dUDCAs&uact=5,https://www.google.com/search?rlz=1C5CHFA_enCA815CA815&sxsrf=ACYBGNQCwp0jVydWEZmDJuT5VazexhHC-Q%3A1571536399300&ei=D76rXf31EeTF_QaM-q2gDw&q=getelementbyid+append&oq=getelementbyid+append&gs_l=psy-ab.3..0i20i263j0l3j0i22i30l6.3429.11981..12075...6.4..0.474.2574.24j1j4-1......0....1..gws-wiz.......0i71j35i39j0i67j0i131i67j0i10j0i10i67j0i131.mAzLxrVwTDI&ved=0ahUKEwi9udOm3anlAhXkYt8KHQx9C_QQ4dUDCAs&uact=5,https://www.google.com/search?rlz=1C5CHFA_enCA815CA815&sxsrf=ACYBGNTtqQUMdWH2yS7Euvi8vkjVJrlvhA%3A1571536412492&ei=HL6rXcbSHeGZ_QaS-ZzQDA&q=getelementbyid+append+before&oq=getelementbyid+append+before&gs_l=psy-ab.3...2827.3554..3994...0.2..0.256.1328.1j3j3......0....1..gws-wiz.......0i71j0j0i22i30j0i22i10i30j33i160j33i21.lSIy5S6va5Y&ved=0ahUKEwjG0Pis3anlAhXhTN8KHZI8B8oQ4dUDCAs&uact=5,https://www.google.com/search?rlz=1C5CHFA_enCA815CA815&sxsrf=ACYBGNTtqQUMdWH2yS7Euvi8vkjVJrlvhA%3A1571536412492&ei=HL6rXcbSHeGZ_QaS-ZzQDA&q=getelementbyid+append+before&oq=getelementbyid+append+before&gs_l=psy-ab.3...2827.3554..3994...0.2..0.256.1328.1j3j3......0....1..gws-wiz.......0i71j0j0i22i30j0i22i10i30j33i160j33i21.lSIy5S6va5Y&ved=0ahUKEwjG0Pis3anlAhXhTN8KHZI8B8oQ4dUDCAs&uact=5,https://www.google.com/search?rlz=1C5CHFA_enCA815CA815&sxsrf=ACYBGNQCwp0jVydWEZmDJuT5VazexhHC-Q%3A1571536399300&ei=D76rXf31EeTF_QaM-q2gDw&q=getelementbyid+append&oq=getelementbyid+append&gs_l=psy-ab.3..0i20i263j0l3j0i22i30l6.3429.11981..12075...6.4..0.474.2574.24j1j4-1......0....1..gws-wiz.......0i71j35i39j0i67j0i131i67j0i10j0i10i67j0i131.mAzLxrVwTDI&ved=0ahUKEwi9udOm3anlAhXkYt8KHQx9C_QQ4dUDCAs&uact=5,https://www.google.com/search?rlz=1C5CHFA_enCA815CA815&sxsrf=ACYBGNTtqQUMdWH2yS7Euvi8vkjVJrlvhA%3A1571536412492&ei=HL6rXcbSHeGZ_QaS-ZzQDA&q=getelementbyid+append+before&oq=getelementbyid+append+before&gs_l=psy-ab.3...2827.3554..3994...0.2..0.256.1328.1j3j3......0....1..gws-wiz.......0i71j0j0i22i30j0i22i10i30j33i160j33i21.lSIy5S6va5Y&ved=0ahUKEwjG0Pis3anlAhXhTN8KHZI8B8oQ4dUDCAs&uact=5,https://www.google.com/search?rlz=1C5CHFA_enCA815CA815&sxsrf=ACYBGNTtqQUMdWH2yS7Euvi8vkjVJrlvhA%3A1571536412492&ei=HL6rXcbSHeGZ_QaS-ZzQDA&q=getelementbyid+append+before&oq=getelementbyid+append+before&gs_l=psy-ab.3...2827.3554..3994...0.2..0.256.1328.1j3j3......0....1..gws-wiz.......0i71j0j0i22i30j0i22i10i30j33i160j33i21.lSIy5S6va5Y&ved=0ahUKEwjG0Pis3anlAhXhTN8KHZI8B8oQ4dUDCAs&uact=5,https://www.google.com/search?rlz=1C5CHFA_enCA815CA815&sxsrf=ACYBGNTtqQUMdWH2yS7Euvi8vkjVJrlvhA%3A1571536412492&ei=HL6rXcbSHeGZ_QaS-ZzQDA&q=getelementbyid+append+before&oq=getelementbyid+append+before&gs_l=psy-ab.3...2827.3554..3994...0.2..0.256.1328.1j3j3......0....1..gws-wiz.......0i71j0j0i22i30j0i22i10i30j33i160j33i21.lSIy5S6va5Y&ved=0ahUKEwjG0Pis3anlAhXhTN8KHZI8B8oQ4dUDCAs&uact=5,https://www.google.com/search?rlz=1C5CHFA_enCA815CA815&sxsrf=ACYBGNRORxbwLTYpUUDxK3dKcch44OxE9Q%3A1571536474863&ei=Wr6rXea2NObD_QaS5IfADA&q=getelementbyid+appendchild+before&oq=getelementbyid+appendChield+before&gs_l=psy-ab.3.0.33i10.2303.3508..5359...1.2..0.104.591.6j1......0....1..gws-wiz.......0i71j35i304i39.vP3AuSClHQo
2019-10-19 21:56:52,204 DEBUG    save to sessions_items.log
2019-10-19 21:56:52,205 DEBUG    ('127.0.0.1', 52421) - ASGI [271] Received {'type': 'http.response.start', 'status': 200, 'headers': '<...>'}
2019-10-19 21:56:52,205 INFO     ('127.0.0.1', 52421) - "POST /predict_next HTTP/1.1" 200
2019-10-19 21:56:52,205 DEBUG    ('127.0.0.1', 52421) - ASGI [271] Received {'type': 'http.response.body', 'body': '<669 bytes>'}
2019-10-19 21:56:52,206 DEBUG    ('127.0.0.1', 52421) - ASGI [271] Completed
2019-10-19 21:56:57,211 DEBUG    ('127.0.0.1', 52421) - Disconnected
2019-10-19 21:57:01,376 DEBUG    ('127.0.0.1', 52464) - Connected
2019-10-19 21:57:01,376 DEBUG    ('127.0.0.1', 52464) - ASGI [272] Started
2019-10-19 21:57:01,378 DEBUG    ('127.0.0.1', 52464) - ASGI [272] Sent {'type': 'http.request', 'body': '<252 bytes>', 'more_body': False}
2019-10-19 21:57:01,378 DEBUG    received items: https://www.w3schools.com/jsref/met_node_appendchild.asp,https://www.w3schools.com/jsref/met_node_appendchild.asp,https://www.w3schools.com/jsref/met_node_insertbefore.asp,https://www.w3schools.com/jsref/met_node_appendchild.asp
2019-10-19 21:57:01,379 DEBUG    save to sessions_items.log
2019-10-19 21:57:01,379 DEBUG    ('127.0.0.1', 52464) - ASGI [272] Received {'type': 'http.response.start', 'status': 200, 'headers': '<...>'}
2019-10-19 21:57:01,379 INFO     ('127.0.0.1', 52464) - "POST /predict_next HTTP/1.1" 200
2019-10-19 21:57:01,379 DEBUG    ('127.0.0.1', 52464) - ASGI [272] Received {'type': 'http.response.body', 'body': '<133 bytes>'}
2019-10-19 21:57:01,379 DEBUG    ('127.0.0.1', 52464) - ASGI [272] Completed
2019-10-19 21:57:04,115 DEBUG    ('127.0.0.1', 52464) - ASGI [273] Started
2019-10-19 21:57:04,115 DEBUG    ('127.0.0.1', 52464) - ASGI [273] Sent {'type': 'http.request', 'body': '<2018 bytes>', 'more_body': False}
2019-10-19 21:57:04,116 DEBUG    received items: https://tpc.googlesyndication.com/safeframe/1-0-35/html/container.html,https://tpc.googlesyndication.com/safeframe/1-0-35/html/container.html,https://tpc.googlesyndication.com/safeframe/1-0-35/html/container.html,https://tpc.googlesyndication.com/safeframe/1-0-35/html/container.html,https://tpc.googlesyndication.com/safeframe/1-0-35/html/container.html,https://tpc.googlesyndication.com/safeframe/1-0-35/html/container.html,https://tpc.googlesyndication.com/safeframe/1-0-35/html/container.html,https://tpc.googlesyndication.com/safeframe/1-0-35/html/container.html,https://tpc.googlesyndication.com/safeframe/1-0-35/html/container.html,https://tpc.googlesyndication.com/safeframe/1-0-35/html/container.html,https://tpc.googlesyndication.com/safeframe/1-0-35/html/container.html,https://tpc.googlesyndication.com/safeframe/1-0-35/html/container.html,https://tpc.googlesyndication.com/safeframe/1-0-35/html/container.html,https://tpc.googlesyndication.com/sodar/Enqz_20U.html,https://tpc.googlesyndication.com/sodar/Enqz_20U.html,https://tpc.googlesyndication.com/sodar/Enqz_20U.html,https://tpc.googlesyndication.com/safeframe/1-0-35/html/container.html,https://tpc.googlesyndication.com/sodar/Enqz_20U.html,https://tpc.googlesyndication.com/sodar/Enqz_20U.html,https://tpc.googlesyndication.com/safeframe/1-0-35/html/container.html,https://tpc.googlesyndication.com/safeframe/1-0-35/html/container.html,https://tpc.googlesyndication.com/sodar/Enqz_20U.html,https://tpc.googlesyndication.com/sodar/Enqz_20U.html,https://tpc.googlesyndication.com/sodar/Enqz_20U.html,https://tpc.googlesyndication.com/sodar/Enqz_20U.html,https://tpc.googlesyndication.com/safeframe/1-0-35/html/container.html,https://tpc.googlesyndication.com/safeframe/1-0-35/html/container.html,https://tpc.googlesyndication.com/sodar/Enqz_20U.html,https://tpc.googlesyndication.com/sodar/Enqz_20U.html,https://tpc.googlesyndication.com/safeframe/1-0-35/html/container.html
2019-10-19 21:57:04,116 DEBUG    save to sessions_items.log
2019-10-19 21:57:04,116 DEBUG    ('127.0.0.1', 52464) - ASGI [273] Received {'type': 'http.response.start', 'status': 200, 'headers': '<...>'}
2019-10-19 21:57:04,117 INFO     ('127.0.0.1', 52464) - "POST /predict_next HTTP/1.1" 200
2019-10-19 21:57:04,117 DEBUG    ('127.0.0.1', 52464) - ASGI [273] Received {'type': 'http.response.body', 'body': '<161 bytes>'}
2019-10-19 21:57:04,117 DEBUG    ('127.0.0.1', 52464) - ASGI [273] Completed
2019-10-19 21:57:04,117 DEBUG    ('127.0.0.1', 52492) - Connected
2019-10-19 21:57:04,123 DEBUG    ('127.0.0.1', 52492) - ASGI [274] Started
2019-10-19 21:57:04,123 DEBUG    ('127.0.0.1', 52492) - ASGI [274] Sent {'type': 'http.request', 'body': '<2091 bytes>', 'more_body': False}
2019-10-19 21:57:04,124 DEBUG    received items: https://tpc.googlesyndication.com/safeframe/1-0-35/html/container.html,https://tpc.googlesyndication.com/safeframe/1-0-35/html/container.html,https://tpc.googlesyndication.com/safeframe/1-0-35/html/container.html,https://tpc.googlesyndication.com/safeframe/1-0-35/html/container.html,https://tpc.googlesyndication.com/safeframe/1-0-35/html/container.html,https://tpc.googlesyndication.com/safeframe/1-0-35/html/container.html,https://tpc.googlesyndication.com/safeframe/1-0-35/html/container.html,https://tpc.googlesyndication.com/safeframe/1-0-35/html/container.html,https://tpc.googlesyndication.com/safeframe/1-0-35/html/container.html,https://tpc.googlesyndication.com/safeframe/1-0-35/html/container.html,https://tpc.googlesyndication.com/safeframe/1-0-35/html/container.html,https://tpc.googlesyndication.com/safeframe/1-0-35/html/container.html,https://tpc.googlesyndication.com/safeframe/1-0-35/html/container.html,https://tpc.googlesyndication.com/sodar/Enqz_20U.html,https://tpc.googlesyndication.com/sodar/Enqz_20U.html,https://tpc.googlesyndication.com/sodar/Enqz_20U.html,https://tpc.googlesyndication.com/safeframe/1-0-35/html/container.html,https://tpc.googlesyndication.com/sodar/Enqz_20U.html,https://tpc.googlesyndication.com/sodar/Enqz_20U.html,https://tpc.googlesyndication.com/safeframe/1-0-35/html/container.html,https://tpc.googlesyndication.com/safeframe/1-0-35/html/container.html,https://tpc.googlesyndication.com/sodar/Enqz_20U.html,https://tpc.googlesyndication.com/sodar/Enqz_20U.html,https://tpc.googlesyndication.com/sodar/Enqz_20U.html,https://tpc.googlesyndication.com/sodar/Enqz_20U.html,https://tpc.googlesyndication.com/safeframe/1-0-35/html/container.html,https://tpc.googlesyndication.com/safeframe/1-0-35/html/container.html,https://tpc.googlesyndication.com/sodar/Enqz_20U.html,https://tpc.googlesyndication.com/sodar/Enqz_20U.html,https://tpc.googlesyndication.com/safeframe/1-0-35/html/container.html,https://tpc.googlesyndication.com/safeframe/1-0-35/html/container.html
2019-10-19 21:57:04,124 DEBUG    save to sessions_items.log
2019-10-19 21:57:04,125 DEBUG    ('127.0.0.1', 52492) - ASGI [274] Received {'type': 'http.response.start', 'status': 200, 'headers': '<...>'}
2019-10-19 21:57:04,125 INFO     ('127.0.0.1', 52492) - "POST /predict_next HTTP/1.1" 200
2019-10-19 21:57:04,125 DEBUG    ('127.0.0.1', 52492) - ASGI [274] Received {'type': 'http.response.body', 'body': '<161 bytes>'}
2019-10-19 21:57:04,125 DEBUG    ('127.0.0.1', 52492) - ASGI [274] Completed
2019-10-19 21:57:04,518 DEBUG    ('127.0.0.1', 52492) - ASGI [275] Started
2019-10-19 21:57:04,519 DEBUG    ('127.0.0.1', 52492) - ASGI [275] Sent {'type': 'http.request', 'body': '<265 bytes>', 'more_body': False}
2019-10-19 21:57:04,519 DEBUG    received items: https://a033.casalemedia.com/ifnotify?c=844646&r=9249D0AE&t=5DABBEEE&u=WGF1Llk5SE01emdBQUVob29uZ0FBQUI5&m=268af7b2e0a4f3bda07e4286aa167c01&wp=176&aid=7988EB8010C9B9AD&tid=11406&s=43A76&cp=3.74&n=www.w3schools.com&pr=xx&sid=b13e&epr=2390213843c0787
2019-10-19 21:57:04,519 DEBUG    save to sessions_items.log
2019-10-19 21:57:04,520 DEBUG    ('127.0.0.1', 52492) - ASGI [275] Received {'type': 'http.response.start', 'status': 200, 'headers': '<...>'}
2019-10-19 21:57:04,520 INFO     ('127.0.0.1', 52492) - "POST /predict_next HTTP/1.1" 200
2019-10-19 21:57:04,521 DEBUG    ('127.0.0.1', 52492) - ASGI [275] Received {'type': 'http.response.body', 'body': '<515 bytes>'}
2019-10-19 21:57:04,521 DEBUG    ('127.0.0.1', 52492) - ASGI [275] Completed
2019-10-19 21:57:04,580 DEBUG    ('127.0.0.1', 52492) - ASGI [276] Started
2019-10-19 21:57:04,580 DEBUG    ('127.0.0.1', 52492) - ASGI [276] Sent {'type': 'http.request', 'body': '<2094 bytes>', 'more_body': False}
2019-10-19 21:57:04,581 DEBUG    received items: https://googleads.g.doubleclick.net/xbbe/pixel?d=CNjMexDvnXwYoYOLJzAB&v=APEucNUFDIOjNCM7H6DAo27xX1bggmAZQPdtkROsCYLrh_CjZem-XFu6_ataRKWkAuZPM1BRb2iNCyPpIQzWhYGiPaXcBBdTsQ,https://googleads.g.doubleclick.net/xbbe/pixel?d=CIkCEIuDmgEYyoXuXjAB&v=APEucNWkNt5dJZlf8L-UhuzDrfxaUrV4xGZhulUgcZ8zIL241cgVbi17QWfaAUwX5G3mnbmOECe_zjq1g1stECT5ITVGUFvpUg,https://googleads.g.doubleclick.net/xbbe/pixel?d=CNjMexDvnXwY1pOLJzAB&v=APEucNVqfuPoUxKpwPYLXGxKyPj7Vft_CzeCzZW3pIwHC3C1i_wRLJPORXaNYXLMVQ3T3O0tra08iM3OH2lCZIkZDOFk3QQimQ,https://googleads.g.doubleclick.net/xbbe/pixel?d=CNjMexDvnXwY1pOLJzAB&v=APEucNVyT7FEHK9N-l6h2Om2y9wyJqitmTj3MQAEu4Y6jQ2PgySLheVdyOv704HL-Wq2OK2ME5vwBrjCAQAF0pVD32ezkBk16g,https://googleads.g.doubleclick.net/xbbe/pixel?d=CJfnugEQw7j0ARiN4-9fMAE&v=APEucNX7oIt87BbUALRG-Xu74AVdjFvlM8a2Djwvy6NHATa5ORcR71rsosvqaJ-tY89YMFf4vyDvLECvdFgmaXXbq2JufPLsew,https://googleads.g.doubleclick.net/xbbe/pixel?d=CNjmXhCA8WYYvriaXjAB&v=APEucNXlnsphlYVCAgN-T0UvIeXhTM09D7t1HYHQSmtrWhYWUEu2PXfiE7KyoVuNQikES3EN_hmwyYRWxyp7YpwQRoPYxrOM6g,https://googleads.g.doubleclick.net/xbbe/pixel?d=CNjmXhCA8WYYrr2aXjAB&v=APEucNV3G_9k1tCZR-V18KPimWrhLYbGmzM3UwhZ28SGtKJ3nILub0LeL6_kF4uY5C9pLlRPQdI_jWGA-HNswCgtP81l82tlvA,https://googleads.g.doubleclick.net/xbbe/pixel?d=CIkCEIuDmgEYyoXuXjAB&v=APEucNXdJbIM3snlIT0v4TSQVt0wO4an1dx_kyzseIqqu33nTsDq4cDn4XYQSH1jPHY7BQIrSbEz4GJFVcRn5uZMp3jVlcpoCQ,https://googleads.g.doubleclick.net/xbbe/pixel?d=CNTVDhDZrzAYz_G4YTAB&v=APEucNU2OGt69eZxYyv-SJZv8PhMzS-850aMYovIRxnSbvn4fEuhZ4Oah3En5kyQoHfrPjuXqX6ztW_8H2Re23N7U5kHa_rf7g,https://googleads.g.doubleclick.net/xbbe/pixel?d=CNjMexDvnXwY0ZOLJzAB&v=APEucNX5iJHPznF-b5Y7iof5dD7KTeihSngojIr4nyLy0QFn0JCwU9PzlU04ujyV3R_gHnJeFB_4DxhmNpyUx5vhOYkDeINOrg,https://googleads.g.doubleclick.net/xbbe/pixel?d=CNjMexDvnXwYoYOLJzAB&v=APEucNUBRSVWkID0r666c0HTPRyXkc_5iNgwFHIdJeqwPJyz3gaWCNLRoVTK54Ec74N3z6FLHzCnxdrTUighonf341pYIktydg,https://googleads.g.doubleclick.net/xbbe/pixel?d=CIkCEIuDmgEYyoXuXjAB&v=APEucNUeciGWE5_pky4lGT8SQlwL-CS8tq964RiTslzRSWZOh0efJNI_sFiXDf37zjuqWfIGeVfi_acYFKsuadnTW69ADJofcA
2019-10-19 21:57:04,581 DEBUG    save to sessions_items.log
2019-10-19 21:57:04,582 DEBUG    ('127.0.0.1', 52492) - ASGI [276] Received {'type': 'http.response.start', 'status': 200, 'headers': '<...>'}
2019-10-19 21:57:04,582 INFO     ('127.0.0.1', 52492) - "POST /predict_next HTTP/1.1" 200
2019-10-19 21:57:04,582 DEBUG    ('127.0.0.1', 52492) - ASGI [276] Received {'type': 'http.response.body', 'body': '<361 bytes>'}
2019-10-19 21:57:04,582 DEBUG    ('127.0.0.1', 52492) - ASGI [276] Completed
2019-10-19 21:57:04,583 DEBUG    ('127.0.0.1', 52464) - ASGI [277] Started
2019-10-19 21:57:04,583 DEBUG    ('127.0.0.1', 52464) - ASGI [277] Sent {'type': 'http.request', 'body': '<2267 bytes>', 'more_body': False}
2019-10-19 21:57:04,584 DEBUG    received items: https://googleads.g.doubleclick.net/xbbe/pixel?d=CNjMexDvnXwYoYOLJzAB&v=APEucNUFDIOjNCM7H6DAo27xX1bggmAZQPdtkROsCYLrh_CjZem-XFu6_ataRKWkAuZPM1BRb2iNCyPpIQzWhYGiPaXcBBdTsQ,https://googleads.g.doubleclick.net/xbbe/pixel?d=CIkCEIuDmgEYyoXuXjAB&v=APEucNWkNt5dJZlf8L-UhuzDrfxaUrV4xGZhulUgcZ8zIL241cgVbi17QWfaAUwX5G3mnbmOECe_zjq1g1stECT5ITVGUFvpUg,https://googleads.g.doubleclick.net/xbbe/pixel?d=CNjMexDvnXwY1pOLJzAB&v=APEucNVqfuPoUxKpwPYLXGxKyPj7Vft_CzeCzZW3pIwHC3C1i_wRLJPORXaNYXLMVQ3T3O0tra08iM3OH2lCZIkZDOFk3QQimQ,https://googleads.g.doubleclick.net/xbbe/pixel?d=CNjMexDvnXwY1pOLJzAB&v=APEucNVyT7FEHK9N-l6h2Om2y9wyJqitmTj3MQAEu4Y6jQ2PgySLheVdyOv704HL-Wq2OK2ME5vwBrjCAQAF0pVD32ezkBk16g,https://googleads.g.doubleclick.net/xbbe/pixel?d=CJfnugEQw7j0ARiN4-9fMAE&v=APEucNX7oIt87BbUALRG-Xu74AVdjFvlM8a2Djwvy6NHATa5ORcR71rsosvqaJ-tY89YMFf4vyDvLECvdFgmaXXbq2JufPLsew,https://googleads.g.doubleclick.net/xbbe/pixel?d=CNjmXhCA8WYYvriaXjAB&v=APEucNXlnsphlYVCAgN-T0UvIeXhTM09D7t1HYHQSmtrWhYWUEu2PXfiE7KyoVuNQikES3EN_hmwyYRWxyp7YpwQRoPYxrOM6g,https://googleads.g.doubleclick.net/xbbe/pixel?d=CNjmXhCA8WYYrr2aXjAB&v=APEucNV3G_9k1tCZR-V18KPimWrhLYbGmzM3UwhZ28SGtKJ3nILub0LeL6_kF4uY5C9pLlRPQdI_jWGA-HNswCgtP81l82tlvA,https://googleads.g.doubleclick.net/xbbe/pixel?d=CIkCEIuDmgEYyoXuXjAB&v=APEucNXdJbIM3snlIT0v4TSQVt0wO4an1dx_kyzseIqqu33nTsDq4cDn4XYQSH1jPHY7BQIrSbEz4GJFVcRn5uZMp3jVlcpoCQ,https://googleads.g.doubleclick.net/xbbe/pixel?d=CNTVDhDZrzAYz_G4YTAB&v=APEucNU2OGt69eZxYyv-SJZv8PhMzS-850aMYovIRxnSbvn4fEuhZ4Oah3En5kyQoHfrPjuXqX6ztW_8H2Re23N7U5kHa_rf7g,https://googleads.g.doubleclick.net/xbbe/pixel?d=CNjMexDvnXwY0ZOLJzAB&v=APEucNX5iJHPznF-b5Y7iof5dD7KTeihSngojIr4nyLy0QFn0JCwU9PzlU04ujyV3R_gHnJeFB_4DxhmNpyUx5vhOYkDeINOrg,https://googleads.g.doubleclick.net/xbbe/pixel?d=CNjMexDvnXwYoYOLJzAB&v=APEucNUBRSVWkID0r666c0HTPRyXkc_5iNgwFHIdJeqwPJyz3gaWCNLRoVTK54Ec74N3z6FLHzCnxdrTUighonf341pYIktydg,https://googleads.g.doubleclick.net/xbbe/pixel?d=CIkCEIuDmgEYyoXuXjAB&v=APEucNUeciGWE5_pky4lGT8SQlwL-CS8tq964RiTslzRSWZOh0efJNI_sFiXDf37zjuqWfIGeVfi_acYFKsuadnTW69ADJofcA,https://googleads.g.doubleclick.net/xbbe/pixel?d=CNjmXhCA8WYYrr2aXjAB&v=APEucNUDwAxR_SF2WrAJQYifJGkjUtwTJRTS5Y02K0iCJETR8p3xG8Q3k6yIGFBxnsJmyV6TMEZVGQ0FjRgFW_WFVB-51aMdnw
2019-10-19 21:57:04,584 DEBUG    save to sessions_items.log
2019-10-19 21:57:04,584 DEBUG    ('127.0.0.1', 52464) - ASGI [277] Received {'type': 'http.response.start', 'status': 200, 'headers': '<...>'}
2019-10-19 21:57:04,584 INFO     ('127.0.0.1', 52464) - "POST /predict_next HTTP/1.1" 200
2019-10-19 21:57:04,585 DEBUG    ('127.0.0.1', 52464) - ASGI [277] Received {'type': 'http.response.body', 'body': '<361 bytes>'}
2019-10-19 21:57:04,585 DEBUG    ('127.0.0.1', 52464) - ASGI [277] Completed
2019-10-19 21:57:04,598 DEBUG    ('127.0.0.1', 52504) - Connected
2019-10-19 21:57:04,614 DEBUG    ('127.0.0.1', 52504) - ASGI [278] Started
2019-10-19 21:57:04,614 DEBUG    ('127.0.0.1', 52504) - ASGI [278] Sent {'type': 'http.request', 'body': '<2440 bytes>', 'more_body': False}
2019-10-19 21:57:04,614 DEBUG    received items: https://googleads.g.doubleclick.net/xbbe/pixel?d=CNjMexDvnXwYoYOLJzAB&v=APEucNUFDIOjNCM7H6DAo27xX1bggmAZQPdtkROsCYLrh_CjZem-XFu6_ataRKWkAuZPM1BRb2iNCyPpIQzWhYGiPaXcBBdTsQ,https://googleads.g.doubleclick.net/xbbe/pixel?d=CIkCEIuDmgEYyoXuXjAB&v=APEucNWkNt5dJZlf8L-UhuzDrfxaUrV4xGZhulUgcZ8zIL241cgVbi17QWfaAUwX5G3mnbmOECe_zjq1g1stECT5ITVGUFvpUg,https://googleads.g.doubleclick.net/xbbe/pixel?d=CNjMexDvnXwY1pOLJzAB&v=APEucNVqfuPoUxKpwPYLXGxKyPj7Vft_CzeCzZW3pIwHC3C1i_wRLJPORXaNYXLMVQ3T3O0tra08iM3OH2lCZIkZDOFk3QQimQ,https://googleads.g.doubleclick.net/xbbe/pixel?d=CNjMexDvnXwY1pOLJzAB&v=APEucNVyT7FEHK9N-l6h2Om2y9wyJqitmTj3MQAEu4Y6jQ2PgySLheVdyOv704HL-Wq2OK2ME5vwBrjCAQAF0pVD32ezkBk16g,https://googleads.g.doubleclick.net/xbbe/pixel?d=CJfnugEQw7j0ARiN4-9fMAE&v=APEucNX7oIt87BbUALRG-Xu74AVdjFvlM8a2Djwvy6NHATa5ORcR71rsosvqaJ-tY89YMFf4vyDvLECvdFgmaXXbq2JufPLsew,https://googleads.g.doubleclick.net/xbbe/pixel?d=CNjmXhCA8WYYvriaXjAB&v=APEucNXlnsphlYVCAgN-T0UvIeXhTM09D7t1HYHQSmtrWhYWUEu2PXfiE7KyoVuNQikES3EN_hmwyYRWxyp7YpwQRoPYxrOM6g,https://googleads.g.doubleclick.net/xbbe/pixel?d=CNjmXhCA8WYYrr2aXjAB&v=APEucNV3G_9k1tCZR-V18KPimWrhLYbGmzM3UwhZ28SGtKJ3nILub0LeL6_kF4uY5C9pLlRPQdI_jWGA-HNswCgtP81l82tlvA,https://googleads.g.doubleclick.net/xbbe/pixel?d=CIkCEIuDmgEYyoXuXjAB&v=APEucNXdJbIM3snlIT0v4TSQVt0wO4an1dx_kyzseIqqu33nTsDq4cDn4XYQSH1jPHY7BQIrSbEz4GJFVcRn5uZMp3jVlcpoCQ,https://googleads.g.doubleclick.net/xbbe/pixel?d=CNTVDhDZrzAYz_G4YTAB&v=APEucNU2OGt69eZxYyv-SJZv8PhMzS-850aMYovIRxnSbvn4fEuhZ4Oah3En5kyQoHfrPjuXqX6ztW_8H2Re23N7U5kHa_rf7g,https://googleads.g.doubleclick.net/xbbe/pixel?d=CNjMexDvnXwY0ZOLJzAB&v=APEucNX5iJHPznF-b5Y7iof5dD7KTeihSngojIr4nyLy0QFn0JCwU9PzlU04ujyV3R_gHnJeFB_4DxhmNpyUx5vhOYkDeINOrg,https://googleads.g.doubleclick.net/xbbe/pixel?d=CNjMexDvnXwYoYOLJzAB&v=APEucNUBRSVWkID0r666c0HTPRyXkc_5iNgwFHIdJeqwPJyz3gaWCNLRoVTK54Ec74N3z6FLHzCnxdrTUighonf341pYIktydg,https://googleads.g.doubleclick.net/xbbe/pixel?d=CIkCEIuDmgEYyoXuXjAB&v=APEucNUeciGWE5_pky4lGT8SQlwL-CS8tq964RiTslzRSWZOh0efJNI_sFiXDf37zjuqWfIGeVfi_acYFKsuadnTW69ADJofcA,https://googleads.g.doubleclick.net/xbbe/pixel?d=CNjmXhCA8WYYrr2aXjAB&v=APEucNUDwAxR_SF2WrAJQYifJGkjUtwTJRTS5Y02K0iCJETR8p3xG8Q3k6yIGFBxnsJmyV6TMEZVGQ0FjRgFW_WFVB-51aMdnw,https://googleads.g.doubleclick.net/xbbe/pixel?d=CNjMexDvnXwY1pOLJzAB&v=APEucNVsCVoy-8qb7VLYu_1iEHH3ZsUoIKVk6QlO0iApx8S5gpFX6gzkKImfqLq8dg2lOmrbLkphTo9iCupiWEr8_SFRnp_Oew
2019-10-19 21:57:04,614 DEBUG    save to sessions_items.log
2019-10-19 21:57:04,615 DEBUG    ('127.0.0.1', 52504) - ASGI [278] Received {'type': 'http.response.start', 'status': 200, 'headers': '<...>'}
2019-10-19 21:57:04,615 INFO     ('127.0.0.1', 52504) - "POST /predict_next HTTP/1.1" 200
2019-10-19 21:57:04,615 DEBUG    ('127.0.0.1', 52504) - ASGI [278] Received {'type': 'http.response.body', 'body': '<361 bytes>'}
2019-10-19 21:57:04,615 DEBUG    ('127.0.0.1', 52504) - ASGI [278] Completed
2019-10-19 21:57:04,875 DEBUG    ('127.0.0.1', 52504) - ASGI [279] Started
2019-10-19 21:57:04,875 DEBUG    ('127.0.0.1', 52504) - ASGI [279] Sent {'type': 'http.request', 'body': '<2613 bytes>', 'more_body': False}
2019-10-19 21:57:04,876 DEBUG    received items: https://googleads.g.doubleclick.net/xbbe/pixel?d=CNjMexDvnXwYoYOLJzAB&v=APEucNUFDIOjNCM7H6DAo27xX1bggmAZQPdtkROsCYLrh_CjZem-XFu6_ataRKWkAuZPM1BRb2iNCyPpIQzWhYGiPaXcBBdTsQ,https://googleads.g.doubleclick.net/xbbe/pixel?d=CIkCEIuDmgEYyoXuXjAB&v=APEucNWkNt5dJZlf8L-UhuzDrfxaUrV4xGZhulUgcZ8zIL241cgVbi17QWfaAUwX5G3mnbmOECe_zjq1g1stECT5ITVGUFvpUg,https://googleads.g.doubleclick.net/xbbe/pixel?d=CNjMexDvnXwY1pOLJzAB&v=APEucNVqfuPoUxKpwPYLXGxKyPj7Vft_CzeCzZW3pIwHC3C1i_wRLJPORXaNYXLMVQ3T3O0tra08iM3OH2lCZIkZDOFk3QQimQ,https://googleads.g.doubleclick.net/xbbe/pixel?d=CNjMexDvnXwY1pOLJzAB&v=APEucNVyT7FEHK9N-l6h2Om2y9wyJqitmTj3MQAEu4Y6jQ2PgySLheVdyOv704HL-Wq2OK2ME5vwBrjCAQAF0pVD32ezkBk16g,https://googleads.g.doubleclick.net/xbbe/pixel?d=CJfnugEQw7j0ARiN4-9fMAE&v=APEucNX7oIt87BbUALRG-Xu74AVdjFvlM8a2Djwvy6NHATa5ORcR71rsosvqaJ-tY89YMFf4vyDvLECvdFgmaXXbq2JufPLsew,https://googleads.g.doubleclick.net/xbbe/pixel?d=CNjmXhCA8WYYvriaXjAB&v=APEucNXlnsphlYVCAgN-T0UvIeXhTM09D7t1HYHQSmtrWhYWUEu2PXfiE7KyoVuNQikES3EN_hmwyYRWxyp7YpwQRoPYxrOM6g,https://googleads.g.doubleclick.net/xbbe/pixel?d=CNjmXhCA8WYYrr2aXjAB&v=APEucNV3G_9k1tCZR-V18KPimWrhLYbGmzM3UwhZ28SGtKJ3nILub0LeL6_kF4uY5C9pLlRPQdI_jWGA-HNswCgtP81l82tlvA,https://googleads.g.doubleclick.net/xbbe/pixel?d=CIkCEIuDmgEYyoXuXjAB&v=APEucNXdJbIM3snlIT0v4TSQVt0wO4an1dx_kyzseIqqu33nTsDq4cDn4XYQSH1jPHY7BQIrSbEz4GJFVcRn5uZMp3jVlcpoCQ,https://googleads.g.doubleclick.net/xbbe/pixel?d=CNTVDhDZrzAYz_G4YTAB&v=APEucNU2OGt69eZxYyv-SJZv8PhMzS-850aMYovIRxnSbvn4fEuhZ4Oah3En5kyQoHfrPjuXqX6ztW_8H2Re23N7U5kHa_rf7g,https://googleads.g.doubleclick.net/xbbe/pixel?d=CNjMexDvnXwY0ZOLJzAB&v=APEucNX5iJHPznF-b5Y7iof5dD7KTeihSngojIr4nyLy0QFn0JCwU9PzlU04ujyV3R_gHnJeFB_4DxhmNpyUx5vhOYkDeINOrg,https://googleads.g.doubleclick.net/xbbe/pixel?d=CNjMexDvnXwYoYOLJzAB&v=APEucNUBRSVWkID0r666c0HTPRyXkc_5iNgwFHIdJeqwPJyz3gaWCNLRoVTK54Ec74N3z6FLHzCnxdrTUighonf341pYIktydg,https://googleads.g.doubleclick.net/xbbe/pixel?d=CIkCEIuDmgEYyoXuXjAB&v=APEucNUeciGWE5_pky4lGT8SQlwL-CS8tq964RiTslzRSWZOh0efJNI_sFiXDf37zjuqWfIGeVfi_acYFKsuadnTW69ADJofcA,https://googleads.g.doubleclick.net/xbbe/pixel?d=CNjmXhCA8WYYrr2aXjAB&v=APEucNUDwAxR_SF2WrAJQYifJGkjUtwTJRTS5Y02K0iCJETR8p3xG8Q3k6yIGFBxnsJmyV6TMEZVGQ0FjRgFW_WFVB-51aMdnw,https://googleads.g.doubleclick.net/xbbe/pixel?d=CNjMexDvnXwY1pOLJzAB&v=APEucNVsCVoy-8qb7VLYu_1iEHH3ZsUoIKVk6QlO0iApx8S5gpFX6gzkKImfqLq8dg2lOmrbLkphTo9iCupiWEr8_SFRnp_Oew,https://googleads.g.doubleclick.net/xbbe/pixel?d=CNjMexDvnXwYoYOLJzAB&v=APEucNWyx7ZJmxduvxBM1y_6jrG_axaOSCG9uDs7uq8mPDaM5TIN8phJloV572fifb2td_y-uTaVvAECXlla9SKFfxfxFdyw7A
2019-10-19 21:57:04,876 DEBUG    save to sessions_items.log
2019-10-19 21:57:04,876 DEBUG    ('127.0.0.1', 52504) - ASGI [279] Received {'type': 'http.response.start', 'status': 200, 'headers': '<...>'}
2019-10-19 21:57:04,877 INFO     ('127.0.0.1', 52504) - "POST /predict_next HTTP/1.1" 200
2019-10-19 21:57:04,877 DEBUG    ('127.0.0.1', 52504) - ASGI [279] Received {'type': 'http.response.body', 'body': '<361 bytes>'}
2019-10-19 21:57:04,877 DEBUG    ('127.0.0.1', 52504) - ASGI [279] Completed
2019-10-19 21:57:05,119 DEBUG    ('127.0.0.1', 52504) - ASGI [280] Started
2019-10-19 21:57:05,120 DEBUG    ('127.0.0.1', 52504) - ASGI [280] Sent {'type': 'http.request', 'body': '<4815 bytes>', 'more_body': False}
2019-10-19 21:57:05,120 DEBUG    received items: https://pagead2.googlesyndication.com/pagead/s/cookie_push.html?cb=20190204#aHR0cHM6Ly93d3cuZmFjZWJvb2suY29tL2F1ZGllbmNlbmV0d29yay9pZHN5bmM_cGFydG5lcj0zNDM4MTY3ODYzODkyNzEmY2FsbGJhY2s9aHR0cHMlM0EvL2NtLmcuZG91YmxlY2xpY2submV0L3BpeGVsJTNGZ29vZ2xlX25pZCUzRGpiX25iJTI2Z29vZ2xlX2N2ZXI9MSUyNmdvb2dsZV9wdXNoPUFITkYxM0piQkxiMmlJa01UYVU4VnZLQnRyVHZQSnFlRjNhUkU1VDJxUmFlUnclMjZnb29nbGVfaG0lM0QlMjRCVVlFUlVJRCZnb29nbGVfZ2lkPUNBRVNFS3BzaTUtdVBwQ0hFd2hqNFVCX2FTRQ==,aHR0cHM6Ly9jbS5nLmRvdWJsZWNsaWNrLm5ldC9waXhlbC9hdHRyP2Q9QUhORjEzSmhLM1JCZGFUdk1lN3hWbFFBNXEwcHhBclVlbnBNTlE=,https://pagead2.googlesyndication.com/pagead/s/cookie_push.html?cb=20190204#aHR0cHM6Ly9hZC50dXJuLmNvbS9yL2NzP3BpZD0zJmdvb2dsZV9naWQ9Q0FFU0VCOUdJczAwMGdyVVJWT0g1dnpHcmlvJmdvb2dsZV9jdmVyPTEmZ29vZ2xlX3B1c2g9QUhORjEzSzNrYjgyczBvbGIwMk5PSHUyZ2J0c2hKSC1BTWFrMFFmM0t3Vzk=,aHR0cHM6Ly9jbS5nLmRvdWJsZWNsaWNrLm5ldC9waXhlbC9hdHRyP2Q9QUhORjEzS3Utak8wM0hqRmlnNmdDMEJSQ3R5V0lLeUpUcVQ4,https://pagead2.googlesyndication.com/pagead/s/cookie_push.html?cb=20190204#aHR0cHM6Ly9hZXAubXhwdGludC5uZXQvc24uYXNoeD9nb29nbGVfZ2lkPUNBRVNFQ2wxejJZY0dBcjcwdGJzQnFwZF9XNCZnb29nbGVfY3Zlcj0xJmdvb2dsZV9wdXNoPUFITkYxM0kydWM0SC1mOUpQdlFPQVRiRjFJRENJYm55X3BHbkJXUUtCVjNU,aHR0cHM6Ly9jbS5nLmRvdWJsZWNsaWNrLm5ldC9waXhlbC9hdHRyP2Q9QUhORjEzSXlIU0hxT3ByakFvWVhpV1JVRlZtdVRkRW9oSlRv,https://pagead2.googlesyndication.com/pagead/s/cookie_push.html?cb=20190204#aHR0cHM6Ly9jbXMucXVhbnRzZXJ2ZS5jb20vZHBpeGVsP2E9cC1uNXZ2THZSZGpnMGVrJmVpZD0wJnFjX2dvb2dsZV9wdXNoPSZnb29nbGVfZ2lkPUNBRVNFQnJ4QlZJelE3S292LVR6QTQwSTV5dyZnb29nbGVfY3Zlcj0xJmdvb2dsZV9wdXNoPUFITkYxM0t6RnBTR29rX2ZNVW9QS0JUQ09kbDdSSGFZbnVHS2lPbHJGdjQ=,aHR0cHM6Ly9jbS5nLmRvdWJsZWNsaWNrLm5ldC9waXhlbC9hdHRyP2Q9QUhORjEzSzRiaG5uTWFUNlpRaHpCX2RKUlRHbG9zdG9iZ3Ix,https://pagead2.googlesyndication.com/pagead/s/cookie_push.html?cb=20190204#aHR0cHM6Ly9hZC50dXJuLmNvbS9yL2NzP3BpZD0zJmdvb2dsZV9naWQ9Q0FFU0VCOUdJczAwMGdyVVJWT0g1dnpHcmlvJmdvb2dsZV9jdmVyPTEmZ29vZ2xlX3B1c2g9QUhORjEzSWx2dVJjV3I0QkJNVC1hZVpaQlpMeWsyZU5tQ3dXQWlCZHNBOFM=,aHR0cHM6Ly9jbS5nLmRvdWJsZWNsaWNrLm5ldC9waXhlbC9hdHRyP2Q9QUhORjEzSWlKSFFMLU9OdXpnREdpdHloUG9KNzBsOE05WmZ3,https://pagead2.googlesyndication.com/pagead/s/cookie_push.html?cb=20190204#aHR0cHM6Ly9zeW5jLjFyeC5pby91c2Vyc3luYzIvcm1wc3NwP3N1Yj1nb29nbGUmcmVkaXI9aHR0cHMlM0ElMkYlMkZjbS5nLmRvdWJsZWNsaWNrLm5ldCUyRnBpeGVsJTNGZ29vZ2xlX25pZCUzRHIxJTI2Z29vZ2xlX3B1c2glM0QlNUJSWF9TUEQlNUQlMjZnb29nbGVfaG0lM0QlNUJSWF9VVUlEX0I2NF9CSU4lNUQmZ29vZ2xlX2dpZD1DQUVTRUxyNWJXb2lHRkJ3eVc2aHhXN3pUSzQmZ29vZ2xlX2N2ZXI9MSZnb29nbGVfcHVzaD1BSE5GMTNLMVQ0aDNCdEpFR25NNHRRRjNZLUZEMXRhNWhwNFBvMGlTUldsNGd3,aHR0cHM6Ly9jbS5nLmRvdWJsZWNsaWNrLm5ldC9waXhlbC9hdHRyP2Q9QUhORjEzSWlOOE5ySGlGb0hWYTl5N3VNZDl4UzlFQlFVOXJz,https://pagead2.googlesyndication.com/pagead/s/cookie_push.html?cb=20190204#aHR0cHM6Ly9waXhlbC1zeW5jLnNpdGVzY291dC5jb20vZG1wL3BpeGVsU3luYz9uaWQ9OCZnb29nbGVfZ2lkPUNBRVNFQ0ZfQlRSUGViNWNvQTc3THYtZXZTQSZnb29nbGVfY3Zlcj0xJmdvb2dsZV9wdXNoPUFITkYxM0pnV0hZeUNScC1ERVhOVFVwcXJnOE9qeWJwanpTUTlwUjNxaDNz,aHR0cHM6Ly9jbS5nLmRvdWJsZWNsaWNrLm5ldC9waXhlbC9hdHRyP2Q9QUhORjEzTGNDc2E4cFl6aFBtX040TWxNeHMycmhsZk5MV1lo,https://pagead2.googlesyndication.com/pagead/s/cookie_push.html?cb=20190204#aHR0cHM6Ly9tYXRjaC4zNjB5aWVsZC5jb20vbWF0Y2gvZWJkYT9nb29nbGVfZ2lkPUNBRVNFQ2oxeTZlcFh0QnlyMGZHTGpFZzRrSSZnb29nbGVfY3Zlcj0xJmdvb2dsZV9wdXNoPUFITkYxM0tPbnBYa3F1S18yV2JDNUM0MjdoV1B6Wl9ZSEZXNkRVaHBvdFg3VlpB,aHR0cHM6Ly9jbS5nLmRvdWJsZWNsaWNrLm5ldC9waXhlbC9hdHRyP2Q9QUhORjEzSkRSME81TGtwczJOdWhUdjdEXzRQWDhvOF9abDd1,https://pagead2.googlesyndication.com/pagead/s/cookie_push.html?cb=20190204#aHR0cHM6Ly9weC5vd25lcmlxLm5ldC9lY21nP2dvb2dsZV9naWQ9Q0FFU0VCTGhBMGZSdkVfNVFmeDdvRUdDdGNnJmdvb2dsZV9jdmVyPTEmZ29vZ2xlX3B1c2g9QUhORjEzSlpHMVpKZjFUXzN5RjU0Q1YyeFEzMlZQc1E0VzQ2Wjd6bTdWaVVOZw==,aHR0cHM6Ly9jbS5nLmRvdWJsZWNsaWNrLm5ldC9waXhlbC9hdHRyP2Q9QUhORjEzSlBYVnhXVUl2RF9ZSS1QWDhzVjdWcHY4VkZtek5x,https://pagead2.googlesyndication.com/pagead/s/cookie_push.html?cb=20190204#aHR0cHM6Ly9zeW5jLXRtLmV2ZXJlc3R0ZWNoLm5ldC91cGkvcGlkLzV3M2pxcjRrP3JlZGlyPWh0dHBzJTNBJTJGJTJGY20uZy5kb3VibGVjbGljay5uZXQlMkZwaXhlbCUzRmdvb2dsZV9uaWQlM0RnOGY0N3MzOWUzOTlmM2ZlJTI2Z29vZ2xlX2htJTNEJTI0JTdCVE1fVVNFUl9JRF9CQVNFNjRFTkNfVVJMRU5DJTdEJmdvb2dsZV9naWQ9Q0FFU0VDTmtoVjFXR091TS04NVFobndCeHhvJmdvb2dsZV9jdmVyPTEmZ29vZ2xlX3B1c2g9QUhORjEzSVdSLVNMdFBESHZDQlFDeDBNb0pJNndoV242a3lzcF81VTZJazYyUQ==,aHR0cHM6Ly9jbS5nLmRvdWJsZWNsaWNrLm5ldC9waXhlbC9hdHRyP2Q9QUhORjEzS2dxYUk3enJEV1A5bEJBYWtBdnBKZ1pEek1NNkpn,https://pagead2.googlesyndication.com/pagead/s/cookie_push.html?cb=20190204#aHR0cHM6Ly9zeW5jLm1hdGh0YWcuY29tL3N5bmMvaW1nP210X2V4aWQ9NCZnb29nbGVfZ2lkPUNBRVNFT3BxNzZaVElSaThsZUZmaU45ZUtSMCZnb29nbGVfY3Zlcj0xJmdvb2dsZV9wdXNoPUFITkYxM0lqLXpab1NjcUJ6TWd6V0lRT0VPenhsemNORDVPTlJGU09WNEpf,aHR0cHM6Ly9jbS5nLmRvdWJsZWNsaWNrLm5ldC9waXhlbC9hdHRyP2Q9QUhORjEzSkxwOHlFWV93QXJia1hmZUExRWc0Y0VQREdEc2Vq
2019-10-19 21:57:05,122 DEBUG    save to sessions_items.log
2019-10-19 21:57:05,123 DEBUG    ('127.0.0.1', 52504) - ASGI [280] Received {'type': 'http.response.start', 'status': 200, 'headers': '<...>'}
2019-10-19 21:57:05,123 INFO     ('127.0.0.1', 52504) - "POST /predict_next HTTP/1.1" 200
2019-10-19 21:57:05,123 DEBUG    ('127.0.0.1', 52504) - ASGI [280] Received {'type': 'http.response.body', 'body': '<791 bytes>'}
2019-10-19 21:57:05,123 DEBUG    ('127.0.0.1', 52504) - ASGI [280] Completed
2019-10-19 21:57:05,124 DEBUG    ('127.0.0.1', 52464) - ASGI [281] Started
2019-10-19 21:57:05,124 DEBUG    ('127.0.0.1', 52464) - ASGI [281] Sent {'type': 'http.request', 'body': '<5247 bytes>', 'more_body': False}
2019-10-19 21:57:05,124 DEBUG    received items: https://pagead2.googlesyndication.com/pagead/s/cookie_push.html?cb=20190204#aHR0cHM6Ly93d3cuZmFjZWJvb2suY29tL2F1ZGllbmNlbmV0d29yay9pZHN5bmM_cGFydG5lcj0zNDM4MTY3ODYzODkyNzEmY2FsbGJhY2s9aHR0cHMlM0EvL2NtLmcuZG91YmxlY2xpY2submV0L3BpeGVsJTNGZ29vZ2xlX25pZCUzRGpiX25iJTI2Z29vZ2xlX2N2ZXI9MSUyNmdvb2dsZV9wdXNoPUFITkYxM0piQkxiMmlJa01UYVU4VnZLQnRyVHZQSnFlRjNhUkU1VDJxUmFlUnclMjZnb29nbGVfaG0lM0QlMjRCVVlFUlVJRCZnb29nbGVfZ2lkPUNBRVNFS3BzaTUtdVBwQ0hFd2hqNFVCX2FTRQ==,aHR0cHM6Ly9jbS5nLmRvdWJsZWNsaWNrLm5ldC9waXhlbC9hdHRyP2Q9QUhORjEzSmhLM1JCZGFUdk1lN3hWbFFBNXEwcHhBclVlbnBNTlE=,https://pagead2.googlesyndication.com/pagead/s/cookie_push.html?cb=20190204#aHR0cHM6Ly9hZC50dXJuLmNvbS9yL2NzP3BpZD0zJmdvb2dsZV9naWQ9Q0FFU0VCOUdJczAwMGdyVVJWT0g1dnpHcmlvJmdvb2dsZV9jdmVyPTEmZ29vZ2xlX3B1c2g9QUhORjEzSzNrYjgyczBvbGIwMk5PSHUyZ2J0c2hKSC1BTWFrMFFmM0t3Vzk=,aHR0cHM6Ly9jbS5nLmRvdWJsZWNsaWNrLm5ldC9waXhlbC9hdHRyP2Q9QUhORjEzS3Utak8wM0hqRmlnNmdDMEJSQ3R5V0lLeUpUcVQ4,https://pagead2.googlesyndication.com/pagead/s/cookie_push.html?cb=20190204#aHR0cHM6Ly9hZXAubXhwdGludC5uZXQvc24uYXNoeD9nb29nbGVfZ2lkPUNBRVNFQ2wxejJZY0dBcjcwdGJzQnFwZF9XNCZnb29nbGVfY3Zlcj0xJmdvb2dsZV9wdXNoPUFITkYxM0kydWM0SC1mOUpQdlFPQVRiRjFJRENJYm55X3BHbkJXUUtCVjNU,aHR0cHM6Ly9jbS5nLmRvdWJsZWNsaWNrLm5ldC9waXhlbC9hdHRyP2Q9QUhORjEzSXlIU0hxT3ByakFvWVhpV1JVRlZtdVRkRW9oSlRv,https://pagead2.googlesyndication.com/pagead/s/cookie_push.html?cb=20190204#aHR0cHM6Ly9jbXMucXVhbnRzZXJ2ZS5jb20vZHBpeGVsP2E9cC1uNXZ2THZSZGpnMGVrJmVpZD0wJnFjX2dvb2dsZV9wdXNoPSZnb29nbGVfZ2lkPUNBRVNFQnJ4QlZJelE3S292LVR6QTQwSTV5dyZnb29nbGVfY3Zlcj0xJmdvb2dsZV9wdXNoPUFITkYxM0t6RnBTR29rX2ZNVW9QS0JUQ09kbDdSSGFZbnVHS2lPbHJGdjQ=,aHR0cHM6Ly9jbS5nLmRvdWJsZWNsaWNrLm5ldC9waXhlbC9hdHRyP2Q9QUhORjEzSzRiaG5uTWFUNlpRaHpCX2RKUlRHbG9zdG9iZ3Ix,https://pagead2.googlesyndication.com/pagead/s/cookie_push.html?cb=20190204#aHR0cHM6Ly9hZC50dXJuLmNvbS9yL2NzP3BpZD0zJmdvb2dsZV9naWQ9Q0FFU0VCOUdJczAwMGdyVVJWT0g1dnpHcmlvJmdvb2dsZV9jdmVyPTEmZ29vZ2xlX3B1c2g9QUhORjEzSWx2dVJjV3I0QkJNVC1hZVpaQlpMeWsyZU5tQ3dXQWlCZHNBOFM=,aHR0cHM6Ly9jbS5nLmRvdWJsZWNsaWNrLm5ldC9waXhlbC9hdHRyP2Q9QUhORjEzSWlKSFFMLU9OdXpnREdpdHloUG9KNzBsOE05WmZ3,https://pagead2.googlesyndication.com/pagead/s/cookie_push.html?cb=20190204#aHR0cHM6Ly9zeW5jLjFyeC5pby91c2Vyc3luYzIvcm1wc3NwP3N1Yj1nb29nbGUmcmVkaXI9aHR0cHMlM0ElMkYlMkZjbS5nLmRvdWJsZWNsaWNrLm5ldCUyRnBpeGVsJTNGZ29vZ2xlX25pZCUzRHIxJTI2Z29vZ2xlX3B1c2glM0QlNUJSWF9TUEQlNUQlMjZnb29nbGVfaG0lM0QlNUJSWF9VVUlEX0I2NF9CSU4lNUQmZ29vZ2xlX2dpZD1DQUVTRUxyNWJXb2lHRkJ3eVc2aHhXN3pUSzQmZ29vZ2xlX2N2ZXI9MSZnb29nbGVfcHVzaD1BSE5GMTNLMVQ0aDNCdEpFR25NNHRRRjNZLUZEMXRhNWhwNFBvMGlTUldsNGd3,aHR0cHM6Ly9jbS5nLmRvdWJsZWNsaWNrLm5ldC9waXhlbC9hdHRyP2Q9QUhORjEzSWlOOE5ySGlGb0hWYTl5N3VNZDl4UzlFQlFVOXJz,https://pagead2.googlesyndication.com/pagead/s/cookie_push.html?cb=20190204#aHR0cHM6Ly9waXhlbC1zeW5jLnNpdGVzY291dC5jb20vZG1wL3BpeGVsU3luYz9uaWQ9OCZnb29nbGVfZ2lkPUNBRVNFQ0ZfQlRSUGViNWNvQTc3THYtZXZTQSZnb29nbGVfY3Zlcj0xJmdvb2dsZV9wdXNoPUFITkYxM0pnV0hZeUNScC1ERVhOVFVwcXJnOE9qeWJwanpTUTlwUjNxaDNz,aHR0cHM6Ly9jbS5nLmRvdWJsZWNsaWNrLm5ldC9waXhlbC9hdHRyP2Q9QUhORjEzTGNDc2E4cFl6aFBtX040TWxNeHMycmhsZk5MV1lo,https://pagead2.googlesyndication.com/pagead/s/cookie_push.html?cb=20190204#aHR0cHM6Ly9tYXRjaC4zNjB5aWVsZC5jb20vbWF0Y2gvZWJkYT9nb29nbGVfZ2lkPUNBRVNFQ2oxeTZlcFh0QnlyMGZHTGpFZzRrSSZnb29nbGVfY3Zlcj0xJmdvb2dsZV9wdXNoPUFITkYxM0tPbnBYa3F1S18yV2JDNUM0MjdoV1B6Wl9ZSEZXNkRVaHBvdFg3VlpB,aHR0cHM6Ly9jbS5nLmRvdWJsZWNsaWNrLm5ldC9waXhlbC9hdHRyP2Q9QUhORjEzSkRSME81TGtwczJOdWhUdjdEXzRQWDhvOF9abDd1,https://pagead2.googlesyndication.com/pagead/s/cookie_push.html?cb=20190204#aHR0cHM6Ly9weC5vd25lcmlxLm5ldC9lY21nP2dvb2dsZV9naWQ9Q0FFU0VCTGhBMGZSdkVfNVFmeDdvRUdDdGNnJmdvb2dsZV9jdmVyPTEmZ29vZ2xlX3B1c2g9QUhORjEzSlpHMVpKZjFUXzN5RjU0Q1YyeFEzMlZQc1E0VzQ2Wjd6bTdWaVVOZw==,aHR0cHM6Ly9jbS5nLmRvdWJsZWNsaWNrLm5ldC9waXhlbC9hdHRyP2Q9QUhORjEzSlBYVnhXVUl2RF9ZSS1QWDhzVjdWcHY4VkZtek5x,https://pagead2.googlesyndication.com/pagead/s/cookie_push.html?cb=20190204#aHR0cHM6Ly9zeW5jLXRtLmV2ZXJlc3R0ZWNoLm5ldC91cGkvcGlkLzV3M2pxcjRrP3JlZGlyPWh0dHBzJTNBJTJGJTJGY20uZy5kb3VibGVjbGljay5uZXQlMkZwaXhlbCUzRmdvb2dsZV9uaWQlM0RnOGY0N3MzOWUzOTlmM2ZlJTI2Z29vZ2xlX2htJTNEJTI0JTdCVE1fVVNFUl9JRF9CQVNFNjRFTkNfVVJMRU5DJTdEJmdvb2dsZV9naWQ9Q0FFU0VDTmtoVjFXR091TS04NVFobndCeHhvJmdvb2dsZV9jdmVyPTEmZ29vZ2xlX3B1c2g9QUhORjEzSVdSLVNMdFBESHZDQlFDeDBNb0pJNndoV242a3lzcF81VTZJazYyUQ==,aHR0cHM6Ly9jbS5nLmRvdWJsZWNsaWNrLm5ldC9waXhlbC9hdHRyP2Q9QUhORjEzS2dxYUk3enJEV1A5bEJBYWtBdnBKZ1pEek1NNkpn,https://pagead2.googlesyndication.com/pagead/s/cookie_push.html?cb=20190204#aHR0cHM6Ly9zeW5jLm1hdGh0YWcuY29tL3N5bmMvaW1nP210X2V4aWQ9NCZnb29nbGVfZ2lkPUNBRVNFT3BxNzZaVElSaThsZUZmaU45ZUtSMCZnb29nbGVfY3Zlcj0xJmdvb2dsZV9wdXNoPUFITkYxM0lqLXpab1NjcUJ6TWd6V0lRT0VPenhsemNORDVPTlJGU09WNEpf,aHR0cHM6Ly9jbS5nLmRvdWJsZWNsaWNrLm5ldC9waXhlbC9hdHRyP2Q9QUhORjEzSkxwOHlFWV93QXJia1hmZUExRWc0Y0VQREdEc2Vq,https://pagead2.googlesyndication.com/pagead/s/cookie_push.html?cb=20190204#aHR0cHM6Ly9kY2xrLW1hdGNoLmRvdG9taS5jb20vbWF0Y2gvYm91bmNlL2N1cnJlbnQ_bmV0d29ya0lkPTE0MDAwJnZlcnNpb249MSZnb29nbGVfZ2lkPUNBRVNFREZwLTA3RHdfS0NQVnpUUGVQazBIcyZnb29nbGVfY3Zlcj0xJmdvb2dsZV9wdXNoPUFITkYxM0pnMC1PZlhVWW9pSER0MjVIZW9SQ3FLWEw3c1VxdnRCWjd3aGxB,aHR0cHM6Ly9jbS5nLmRvdWJsZWNsaWNrLm5ldC9waXhlbC9hdHRyP2Q9QUhORjEzSU90SVZEb1Z6NnA2WDg1RURsUFpyc0ZKdjRkZ2ZX
2019-10-19 21:57:05,124 DEBUG    save to sessions_items.log
2019-10-19 21:57:05,125 DEBUG    ('127.0.0.1', 52464) - ASGI [281] Received {'type': 'http.response.start', 'status': 200, 'headers': '<...>'}
2019-10-19 21:57:05,125 INFO     ('127.0.0.1', 52464) - "POST /predict_next HTTP/1.1" 200
2019-10-19 21:57:05,125 DEBUG    ('127.0.0.1', 52464) - ASGI [281] Received {'type': 'http.response.body', 'body': '<879 bytes>'}
2019-10-19 21:57:05,125 DEBUG    ('127.0.0.1', 52464) - ASGI [281] Completed
2019-10-19 21:57:05,155 DEBUG    ('127.0.0.1', 52464) - ASGI [282] Started
2019-10-19 21:57:05,156 DEBUG    ('127.0.0.1', 52464) - ASGI [282] Sent {'type': 'http.request', 'body': '<2147 bytes>', 'more_body': False}
2019-10-19 21:57:05,156 DEBUG    received items: https://tpc.googlesyndication.com/safeframe/1-0-35/html/container.html,https://tpc.googlesyndication.com/safeframe/1-0-35/html/container.html,https://tpc.googlesyndication.com/safeframe/1-0-35/html/container.html,https://tpc.googlesyndication.com/safeframe/1-0-35/html/container.html,https://tpc.googlesyndication.com/safeframe/1-0-35/html/container.html,https://tpc.googlesyndication.com/safeframe/1-0-35/html/container.html,https://tpc.googlesyndication.com/safeframe/1-0-35/html/container.html,https://tpc.googlesyndication.com/safeframe/1-0-35/html/container.html,https://tpc.googlesyndication.com/safeframe/1-0-35/html/container.html,https://tpc.googlesyndication.com/safeframe/1-0-35/html/container.html,https://tpc.googlesyndication.com/safeframe/1-0-35/html/container.html,https://tpc.googlesyndication.com/safeframe/1-0-35/html/container.html,https://tpc.googlesyndication.com/safeframe/1-0-35/html/container.html,https://tpc.googlesyndication.com/sodar/Enqz_20U.html,https://tpc.googlesyndication.com/sodar/Enqz_20U.html,https://tpc.googlesyndication.com/sodar/Enqz_20U.html,https://tpc.googlesyndication.com/safeframe/1-0-35/html/container.html,https://tpc.googlesyndication.com/sodar/Enqz_20U.html,https://tpc.googlesyndication.com/sodar/Enqz_20U.html,https://tpc.googlesyndication.com/safeframe/1-0-35/html/container.html,https://tpc.googlesyndication.com/safeframe/1-0-35/html/container.html,https://tpc.googlesyndication.com/sodar/Enqz_20U.html,https://tpc.googlesyndication.com/sodar/Enqz_20U.html,https://tpc.googlesyndication.com/sodar/Enqz_20U.html,https://tpc.googlesyndication.com/sodar/Enqz_20U.html,https://tpc.googlesyndication.com/safeframe/1-0-35/html/container.html,https://tpc.googlesyndication.com/safeframe/1-0-35/html/container.html,https://tpc.googlesyndication.com/sodar/Enqz_20U.html,https://tpc.googlesyndication.com/sodar/Enqz_20U.html,https://tpc.googlesyndication.com/safeframe/1-0-35/html/container.html,https://tpc.googlesyndication.com/safeframe/1-0-35/html/container.html,https://tpc.googlesyndication.com/sodar/Enqz_20U.html
2019-10-19 21:57:05,157 DEBUG    save to sessions_items.log
2019-10-19 21:57:05,157 DEBUG    ('127.0.0.1', 52464) - ASGI [282] Received {'type': 'http.response.start', 'status': 200, 'headers': '<...>'}
2019-10-19 21:57:05,157 INFO     ('127.0.0.1', 52464) - "POST /predict_next HTTP/1.1" 200
2019-10-19 21:57:05,158 DEBUG    ('127.0.0.1', 52464) - ASGI [282] Received {'type': 'http.response.body', 'body': '<127 bytes>'}
2019-10-19 21:57:05,158 DEBUG    ('127.0.0.1', 52464) - ASGI [282] Completed
2019-10-19 21:57:05,158 DEBUG    ('127.0.0.1', 52504) - ASGI [283] Started
2019-10-19 21:57:05,158 DEBUG    ('127.0.0.1', 52504) - ASGI [283] Sent {'type': 'http.request', 'body': '<2203 bytes>', 'more_body': False}
2019-10-19 21:57:05,159 DEBUG    received items: https://tpc.googlesyndication.com/safeframe/1-0-35/html/container.html,https://tpc.googlesyndication.com/safeframe/1-0-35/html/container.html,https://tpc.googlesyndication.com/safeframe/1-0-35/html/container.html,https://tpc.googlesyndication.com/safeframe/1-0-35/html/container.html,https://tpc.googlesyndication.com/safeframe/1-0-35/html/container.html,https://tpc.googlesyndication.com/safeframe/1-0-35/html/container.html,https://tpc.googlesyndication.com/safeframe/1-0-35/html/container.html,https://tpc.googlesyndication.com/safeframe/1-0-35/html/container.html,https://tpc.googlesyndication.com/safeframe/1-0-35/html/container.html,https://tpc.googlesyndication.com/safeframe/1-0-35/html/container.html,https://tpc.googlesyndication.com/safeframe/1-0-35/html/container.html,https://tpc.googlesyndication.com/safeframe/1-0-35/html/container.html,https://tpc.googlesyndication.com/safeframe/1-0-35/html/container.html,https://tpc.googlesyndication.com/sodar/Enqz_20U.html,https://tpc.googlesyndication.com/sodar/Enqz_20U.html,https://tpc.googlesyndication.com/sodar/Enqz_20U.html,https://tpc.googlesyndication.com/safeframe/1-0-35/html/container.html,https://tpc.googlesyndication.com/sodar/Enqz_20U.html,https://tpc.googlesyndication.com/sodar/Enqz_20U.html,https://tpc.googlesyndication.com/safeframe/1-0-35/html/container.html,https://tpc.googlesyndication.com/safeframe/1-0-35/html/container.html,https://tpc.googlesyndication.com/sodar/Enqz_20U.html,https://tpc.googlesyndication.com/sodar/Enqz_20U.html,https://tpc.googlesyndication.com/sodar/Enqz_20U.html,https://tpc.googlesyndication.com/sodar/Enqz_20U.html,https://tpc.googlesyndication.com/safeframe/1-0-35/html/container.html,https://tpc.googlesyndication.com/safeframe/1-0-35/html/container.html,https://tpc.googlesyndication.com/sodar/Enqz_20U.html,https://tpc.googlesyndication.com/sodar/Enqz_20U.html,https://tpc.googlesyndication.com/safeframe/1-0-35/html/container.html,https://tpc.googlesyndication.com/safeframe/1-0-35/html/container.html,https://tpc.googlesyndication.com/sodar/Enqz_20U.html,https://tpc.googlesyndication.com/sodar/Enqz_20U.html
2019-10-19 21:57:05,159 DEBUG    save to sessions_items.log
2019-10-19 21:57:05,160 DEBUG    ('127.0.0.1', 52504) - ASGI [283] Received {'type': 'http.response.start', 'status': 200, 'headers': '<...>'}
2019-10-19 21:57:05,160 INFO     ('127.0.0.1', 52504) - "POST /predict_next HTTP/1.1" 200
2019-10-19 21:57:05,160 DEBUG    ('127.0.0.1', 52504) - ASGI [283] Received {'type': 'http.response.body', 'body': '<127 bytes>'}
2019-10-19 21:57:05,160 DEBUG    ('127.0.0.1', 52504) - ASGI [283] Completed
2019-10-19 21:57:05,343 DEBUG    ('127.0.0.1', 52504) - ASGI [284] Started
2019-10-19 21:57:05,344 DEBUG    ('127.0.0.1', 52504) - ASGI [284] Sent {'type': 'http.request', 'body': '<999 bytes>', 'more_body': False}
2019-10-19 21:57:05,344 DEBUG    received items: https://acdn.adnxs.com/ib/static/usersync/v3/async_usersync.html,https://acdn.adnxs.com/ib/static/usersync/v3/async_usersync.html,https://acdn.adnxs.com/ib/static/usersync/v3/async_usersync.html,https://acdn.adnxs.com/ib/static/usersync/v3/async_usersync.html,https://acdn.adnxs.com/dmp/async_usersync.html?gdpr=0&gdpr_consent=BOotXHgOotXHgDlABAENCr-AAAAm-AdAACAAoABsAGAAZAA4ACAAEgALQAZAA0ABwAD6AIoAjABMgCgAKIAWwA0ACEAEVAI4AkABNACfAFKALcAcgA_QDMAJPATe&seller_id=8738&pub_id=1184100,https://acdn.adnxs.com/ib/static/usersync/v3/async_usersync.html,https://acdn.adnxs.com/ib/static/usersync/v3/async_usersync.html,https://acdn.adnxs.com/ib/static/usersync/v3/async_usersync.html,https://acdn.adnxs.com/ib/static/usersync/v3/async_usersync.html,https://acdn.adnxs.com/dmp/async_usersync.html?gdpr=0&gdpr_consent=BOotXVOOotXVODlABAENCr-AAAAm-AdAACAAoABsAGAAZAA4ACAAEgALQAZAA0ABwAD6AIoAjABMgCgAKIAWwA0ACEAEVAI4AkABNACfAFKALcAcgA_QDMAJPATe&seller_id=8738&pub_id=1184100
2019-10-19 21:57:05,344 DEBUG    save to sessions_items.log
2019-10-19 21:57:05,345 DEBUG    ('127.0.0.1', 52504) - ASGI [284] Received {'type': 'http.response.start', 'status': 200, 'headers': '<...>'}
2019-10-19 21:57:05,345 INFO     ('127.0.0.1', 52504) - "POST /predict_next HTTP/1.1" 200
2019-10-19 21:57:05,345 DEBUG    ('127.0.0.1', 52504) - ASGI [284] Received {'type': 'http.response.body', 'body': '<463 bytes>'}
2019-10-19 21:57:05,345 DEBUG    ('127.0.0.1', 52504) - ASGI [284] Completed
2019-10-19 21:57:05,940 DEBUG    ('127.0.0.1', 52504) - ASGI [285] Started
2019-10-19 21:57:05,940 DEBUG    ('127.0.0.1', 52504) - ASGI [285] Sent {'type': 'http.request', 'body': '<2259 bytes>', 'more_body': False}
2019-10-19 21:57:05,940 DEBUG    received items: https://tpc.googlesyndication.com/safeframe/1-0-35/html/container.html,https://tpc.googlesyndication.com/safeframe/1-0-35/html/container.html,https://tpc.googlesyndication.com/safeframe/1-0-35/html/container.html,https://tpc.googlesyndication.com/safeframe/1-0-35/html/container.html,https://tpc.googlesyndication.com/safeframe/1-0-35/html/container.html,https://tpc.googlesyndication.com/safeframe/1-0-35/html/container.html,https://tpc.googlesyndication.com/safeframe/1-0-35/html/container.html,https://tpc.googlesyndication.com/safeframe/1-0-35/html/container.html,https://tpc.googlesyndication.com/safeframe/1-0-35/html/container.html,https://tpc.googlesyndication.com/safeframe/1-0-35/html/container.html,https://tpc.googlesyndication.com/safeframe/1-0-35/html/container.html,https://tpc.googlesyndication.com/safeframe/1-0-35/html/container.html,https://tpc.googlesyndication.com/safeframe/1-0-35/html/container.html,https://tpc.googlesyndication.com/sodar/Enqz_20U.html,https://tpc.googlesyndication.com/sodar/Enqz_20U.html,https://tpc.googlesyndication.com/sodar/Enqz_20U.html,https://tpc.googlesyndication.com/safeframe/1-0-35/html/container.html,https://tpc.googlesyndication.com/sodar/Enqz_20U.html,https://tpc.googlesyndication.com/sodar/Enqz_20U.html,https://tpc.googlesyndication.com/safeframe/1-0-35/html/container.html,https://tpc.googlesyndication.com/safeframe/1-0-35/html/container.html,https://tpc.googlesyndication.com/sodar/Enqz_20U.html,https://tpc.googlesyndication.com/sodar/Enqz_20U.html,https://tpc.googlesyndication.com/sodar/Enqz_20U.html,https://tpc.googlesyndication.com/sodar/Enqz_20U.html,https://tpc.googlesyndication.com/safeframe/1-0-35/html/container.html,https://tpc.googlesyndication.com/safeframe/1-0-35/html/container.html,https://tpc.googlesyndication.com/sodar/Enqz_20U.html,https://tpc.googlesyndication.com/sodar/Enqz_20U.html,https://tpc.googlesyndication.com/safeframe/1-0-35/html/container.html,https://tpc.googlesyndication.com/safeframe/1-0-35/html/container.html,https://tpc.googlesyndication.com/sodar/Enqz_20U.html,https://tpc.googlesyndication.com/sodar/Enqz_20U.html,https://tpc.googlesyndication.com/sodar/Enqz_20U.html
2019-10-19 21:57:05,940 DEBUG    save to sessions_items.log
2019-10-19 21:57:05,941 DEBUG    ('127.0.0.1', 52504) - ASGI [285] Received {'type': 'http.response.start', 'status': 200, 'headers': '<...>'}
2019-10-19 21:57:05,941 INFO     ('127.0.0.1', 52504) - "POST /predict_next HTTP/1.1" 200
2019-10-19 21:57:05,941 DEBUG    ('127.0.0.1', 52504) - ASGI [285] Received {'type': 'http.response.body', 'body': '<127 bytes>'}
2019-10-19 21:57:05,941 DEBUG    ('127.0.0.1', 52504) - ASGI [285] Completed
2019-10-19 21:57:06,020 DEBUG    ('127.0.0.1', 52504) - ASGI [286] Started
2019-10-19 21:57:06,021 DEBUG    ('127.0.0.1', 52504) - ASGI [286] Sent {'type': 'http.request', 'body': '<2332 bytes>', 'more_body': False}
2019-10-19 21:57:06,021 DEBUG    received items: https://tpc.googlesyndication.com/safeframe/1-0-35/html/container.html,https://tpc.googlesyndication.com/safeframe/1-0-35/html/container.html,https://tpc.googlesyndication.com/safeframe/1-0-35/html/container.html,https://tpc.googlesyndication.com/safeframe/1-0-35/html/container.html,https://tpc.googlesyndication.com/safeframe/1-0-35/html/container.html,https://tpc.googlesyndication.com/safeframe/1-0-35/html/container.html,https://tpc.googlesyndication.com/safeframe/1-0-35/html/container.html,https://tpc.googlesyndication.com/safeframe/1-0-35/html/container.html,https://tpc.googlesyndication.com/safeframe/1-0-35/html/container.html,https://tpc.googlesyndication.com/safeframe/1-0-35/html/container.html,https://tpc.googlesyndication.com/safeframe/1-0-35/html/container.html,https://tpc.googlesyndication.com/safeframe/1-0-35/html/container.html,https://tpc.googlesyndication.com/safeframe/1-0-35/html/container.html,https://tpc.googlesyndication.com/sodar/Enqz_20U.html,https://tpc.googlesyndication.com/sodar/Enqz_20U.html,https://tpc.googlesyndication.com/sodar/Enqz_20U.html,https://tpc.googlesyndication.com/safeframe/1-0-35/html/container.html,https://tpc.googlesyndication.com/sodar/Enqz_20U.html,https://tpc.googlesyndication.com/sodar/Enqz_20U.html,https://tpc.googlesyndication.com/safeframe/1-0-35/html/container.html,https://tpc.googlesyndication.com/safeframe/1-0-35/html/container.html,https://tpc.googlesyndication.com/sodar/Enqz_20U.html,https://tpc.googlesyndication.com/sodar/Enqz_20U.html,https://tpc.googlesyndication.com/sodar/Enqz_20U.html,https://tpc.googlesyndication.com/sodar/Enqz_20U.html,https://tpc.googlesyndication.com/safeframe/1-0-35/html/container.html,https://tpc.googlesyndication.com/safeframe/1-0-35/html/container.html,https://tpc.googlesyndication.com/sodar/Enqz_20U.html,https://tpc.googlesyndication.com/sodar/Enqz_20U.html,https://tpc.googlesyndication.com/safeframe/1-0-35/html/container.html,https://tpc.googlesyndication.com/safeframe/1-0-35/html/container.html,https://tpc.googlesyndication.com/sodar/Enqz_20U.html,https://tpc.googlesyndication.com/sodar/Enqz_20U.html,https://tpc.googlesyndication.com/sodar/Enqz_20U.html,https://tpc.googlesyndication.com/safeframe/1-0-35/html/container.html
2019-10-19 21:57:06,021 DEBUG    save to sessions_items.log
2019-10-19 21:57:06,022 DEBUG    ('127.0.0.1', 52504) - ASGI [286] Received {'type': 'http.response.start', 'status': 200, 'headers': '<...>'}
2019-10-19 21:57:06,022 INFO     ('127.0.0.1', 52504) - "POST /predict_next HTTP/1.1" 200
2019-10-19 21:57:06,022 DEBUG    ('127.0.0.1', 52504) - ASGI [286] Received {'type': 'http.response.body', 'body': '<161 bytes>'}
2019-10-19 21:57:06,022 DEBUG    ('127.0.0.1', 52504) - ASGI [286] Completed
2019-10-19 21:57:06,041 DEBUG    ('127.0.0.1', 52504) - ASGI [287] Started
2019-10-19 21:57:06,042 DEBUG    ('127.0.0.1', 52504) - ASGI [287] Sent {'type': 'http.request', 'body': '<2405 bytes>', 'more_body': False}
2019-10-19 21:57:06,042 DEBUG    received items: https://tpc.googlesyndication.com/safeframe/1-0-35/html/container.html,https://tpc.googlesyndication.com/safeframe/1-0-35/html/container.html,https://tpc.googlesyndication.com/safeframe/1-0-35/html/container.html,https://tpc.googlesyndication.com/safeframe/1-0-35/html/container.html,https://tpc.googlesyndication.com/safeframe/1-0-35/html/container.html,https://tpc.googlesyndication.com/safeframe/1-0-35/html/container.html,https://tpc.googlesyndication.com/safeframe/1-0-35/html/container.html,https://tpc.googlesyndication.com/safeframe/1-0-35/html/container.html,https://tpc.googlesyndication.com/safeframe/1-0-35/html/container.html,https://tpc.googlesyndication.com/safeframe/1-0-35/html/container.html,https://tpc.googlesyndication.com/safeframe/1-0-35/html/container.html,https://tpc.googlesyndication.com/safeframe/1-0-35/html/container.html,https://tpc.googlesyndication.com/safeframe/1-0-35/html/container.html,https://tpc.googlesyndication.com/sodar/Enqz_20U.html,https://tpc.googlesyndication.com/sodar/Enqz_20U.html,https://tpc.googlesyndication.com/sodar/Enqz_20U.html,https://tpc.googlesyndication.com/safeframe/1-0-35/html/container.html,https://tpc.googlesyndication.com/sodar/Enqz_20U.html,https://tpc.googlesyndication.com/sodar/Enqz_20U.html,https://tpc.googlesyndication.com/safeframe/1-0-35/html/container.html,https://tpc.googlesyndication.com/safeframe/1-0-35/html/container.html,https://tpc.googlesyndication.com/sodar/Enqz_20U.html,https://tpc.googlesyndication.com/sodar/Enqz_20U.html,https://tpc.googlesyndication.com/sodar/Enqz_20U.html,https://tpc.googlesyndication.com/sodar/Enqz_20U.html,https://tpc.googlesyndication.com/safeframe/1-0-35/html/container.html,https://tpc.googlesyndication.com/safeframe/1-0-35/html/container.html,https://tpc.googlesyndication.com/sodar/Enqz_20U.html,https://tpc.googlesyndication.com/sodar/Enqz_20U.html,https://tpc.googlesyndication.com/safeframe/1-0-35/html/container.html,https://tpc.googlesyndication.com/safeframe/1-0-35/html/container.html,https://tpc.googlesyndication.com/sodar/Enqz_20U.html,https://tpc.googlesyndication.com/sodar/Enqz_20U.html,https://tpc.googlesyndication.com/sodar/Enqz_20U.html,https://tpc.googlesyndication.com/safeframe/1-0-35/html/container.html,https://tpc.googlesyndication.com/safeframe/1-0-35/html/container.html
2019-10-19 21:57:06,042 DEBUG    save to sessions_items.log
2019-10-19 21:57:06,043 DEBUG    ('127.0.0.1', 52504) - ASGI [287] Received {'type': 'http.response.start', 'status': 200, 'headers': '<...>'}
2019-10-19 21:57:06,043 INFO     ('127.0.0.1', 52504) - "POST /predict_next HTTP/1.1" 200
2019-10-19 21:57:06,043 DEBUG    ('127.0.0.1', 52504) - ASGI [287] Received {'type': 'http.response.body', 'body': '<161 bytes>'}
2019-10-19 21:57:06,043 DEBUG    ('127.0.0.1', 52504) - ASGI [287] Completed
2019-10-19 21:57:06,125 DEBUG    ('127.0.0.1', 52504) - ASGI [288] Started
2019-10-19 21:57:06,125 DEBUG    ('127.0.0.1', 52504) - ASGI [288] Sent {'type': 'http.request', 'body': '<2786 bytes>', 'more_body': False}
2019-10-19 21:57:06,126 DEBUG    received items: https://googleads.g.doubleclick.net/xbbe/pixel?d=CNjMexDvnXwYoYOLJzAB&v=APEucNUFDIOjNCM7H6DAo27xX1bggmAZQPdtkROsCYLrh_CjZem-XFu6_ataRKWkAuZPM1BRb2iNCyPpIQzWhYGiPaXcBBdTsQ,https://googleads.g.doubleclick.net/xbbe/pixel?d=CIkCEIuDmgEYyoXuXjAB&v=APEucNWkNt5dJZlf8L-UhuzDrfxaUrV4xGZhulUgcZ8zIL241cgVbi17QWfaAUwX5G3mnbmOECe_zjq1g1stECT5ITVGUFvpUg,https://googleads.g.doubleclick.net/xbbe/pixel?d=CNjMexDvnXwY1pOLJzAB&v=APEucNVqfuPoUxKpwPYLXGxKyPj7Vft_CzeCzZW3pIwHC3C1i_wRLJPORXaNYXLMVQ3T3O0tra08iM3OH2lCZIkZDOFk3QQimQ,https://googleads.g.doubleclick.net/xbbe/pixel?d=CNjMexDvnXwY1pOLJzAB&v=APEucNVyT7FEHK9N-l6h2Om2y9wyJqitmTj3MQAEu4Y6jQ2PgySLheVdyOv704HL-Wq2OK2ME5vwBrjCAQAF0pVD32ezkBk16g,https://googleads.g.doubleclick.net/xbbe/pixel?d=CJfnugEQw7j0ARiN4-9fMAE&v=APEucNX7oIt87BbUALRG-Xu74AVdjFvlM8a2Djwvy6NHATa5ORcR71rsosvqaJ-tY89YMFf4vyDvLECvdFgmaXXbq2JufPLsew,https://googleads.g.doubleclick.net/xbbe/pixel?d=CNjmXhCA8WYYvriaXjAB&v=APEucNXlnsphlYVCAgN-T0UvIeXhTM09D7t1HYHQSmtrWhYWUEu2PXfiE7KyoVuNQikES3EN_hmwyYRWxyp7YpwQRoPYxrOM6g,https://googleads.g.doubleclick.net/xbbe/pixel?d=CNjmXhCA8WYYrr2aXjAB&v=APEucNV3G_9k1tCZR-V18KPimWrhLYbGmzM3UwhZ28SGtKJ3nILub0LeL6_kF4uY5C9pLlRPQdI_jWGA-HNswCgtP81l82tlvA,https://googleads.g.doubleclick.net/xbbe/pixel?d=CIkCEIuDmgEYyoXuXjAB&v=APEucNXdJbIM3snlIT0v4TSQVt0wO4an1dx_kyzseIqqu33nTsDq4cDn4XYQSH1jPHY7BQIrSbEz4GJFVcRn5uZMp3jVlcpoCQ,https://googleads.g.doubleclick.net/xbbe/pixel?d=CNTVDhDZrzAYz_G4YTAB&v=APEucNU2OGt69eZxYyv-SJZv8PhMzS-850aMYovIRxnSbvn4fEuhZ4Oah3En5kyQoHfrPjuXqX6ztW_8H2Re23N7U5kHa_rf7g,https://googleads.g.doubleclick.net/xbbe/pixel?d=CNjMexDvnXwY0ZOLJzAB&v=APEucNX5iJHPznF-b5Y7iof5dD7KTeihSngojIr4nyLy0QFn0JCwU9PzlU04ujyV3R_gHnJeFB_4DxhmNpyUx5vhOYkDeINOrg,https://googleads.g.doubleclick.net/xbbe/pixel?d=CNjMexDvnXwYoYOLJzAB&v=APEucNUBRSVWkID0r666c0HTPRyXkc_5iNgwFHIdJeqwPJyz3gaWCNLRoVTK54Ec74N3z6FLHzCnxdrTUighonf341pYIktydg,https://googleads.g.doubleclick.net/xbbe/pixel?d=CIkCEIuDmgEYyoXuXjAB&v=APEucNUeciGWE5_pky4lGT8SQlwL-CS8tq964RiTslzRSWZOh0efJNI_sFiXDf37zjuqWfIGeVfi_acYFKsuadnTW69ADJofcA,https://googleads.g.doubleclick.net/xbbe/pixel?d=CNjmXhCA8WYYrr2aXjAB&v=APEucNUDwAxR_SF2WrAJQYifJGkjUtwTJRTS5Y02K0iCJETR8p3xG8Q3k6yIGFBxnsJmyV6TMEZVGQ0FjRgFW_WFVB-51aMdnw,https://googleads.g.doubleclick.net/xbbe/pixel?d=CNjMexDvnXwY1pOLJzAB&v=APEucNVsCVoy-8qb7VLYu_1iEHH3ZsUoIKVk6QlO0iApx8S5gpFX6gzkKImfqLq8dg2lOmrbLkphTo9iCupiWEr8_SFRnp_Oew,https://googleads.g.doubleclick.net/xbbe/pixel?d=CNjMexDvnXwYoYOLJzAB&v=APEucNWyx7ZJmxduvxBM1y_6jrG_axaOSCG9uDs7uq8mPDaM5TIN8phJloV572fifb2td_y-uTaVvAECXlla9SKFfxfxFdyw7A,https://googleads.g.doubleclick.net/xbbe/pixel?d=CNjMexDvnXwY0ZOLJzAB&v=APEucNUE21WzHnT0vMdAWH1kb_VRRU2BTH2RMNg5Axmlrl9vQyfPZIk4zRI6KEBJ59PIdVPLcDouzkpUbkBBLOFdCBDmw15odA
2019-10-19 21:57:06,126 DEBUG    save to sessions_items.log
2019-10-19 21:57:06,127 DEBUG    ('127.0.0.1', 52504) - ASGI [288] Received {'type': 'http.response.start', 'status': 200, 'headers': '<...>'}
2019-10-19 21:57:06,128 INFO     ('127.0.0.1', 52504) - "POST /predict_next HTTP/1.1" 200
2019-10-19 21:57:06,128 DEBUG    ('127.0.0.1', 52504) - ASGI [288] Received {'type': 'http.response.body', 'body': '<361 bytes>'}
2019-10-19 21:57:06,128 DEBUG    ('127.0.0.1', 52504) - ASGI [288] Completed
2019-10-19 21:57:06,170 DEBUG    ('127.0.0.1', 52504) - ASGI [289] Started
2019-10-19 21:57:06,170 DEBUG    ('127.0.0.1', 52504) - ASGI [289] Sent {'type': 'http.request', 'body': '<2959 bytes>', 'more_body': False}
2019-10-19 21:57:06,171 DEBUG    received items: https://googleads.g.doubleclick.net/xbbe/pixel?d=CNjMexDvnXwYoYOLJzAB&v=APEucNUFDIOjNCM7H6DAo27xX1bggmAZQPdtkROsCYLrh_CjZem-XFu6_ataRKWkAuZPM1BRb2iNCyPpIQzWhYGiPaXcBBdTsQ,https://googleads.g.doubleclick.net/xbbe/pixel?d=CIkCEIuDmgEYyoXuXjAB&v=APEucNWkNt5dJZlf8L-UhuzDrfxaUrV4xGZhulUgcZ8zIL241cgVbi17QWfaAUwX5G3mnbmOECe_zjq1g1stECT5ITVGUFvpUg,https://googleads.g.doubleclick.net/xbbe/pixel?d=CNjMexDvnXwY1pOLJzAB&v=APEucNVqfuPoUxKpwPYLXGxKyPj7Vft_CzeCzZW3pIwHC3C1i_wRLJPORXaNYXLMVQ3T3O0tra08iM3OH2lCZIkZDOFk3QQimQ,https://googleads.g.doubleclick.net/xbbe/pixel?d=CNjMexDvnXwY1pOLJzAB&v=APEucNVyT7FEHK9N-l6h2Om2y9wyJqitmTj3MQAEu4Y6jQ2PgySLheVdyOv704HL-Wq2OK2ME5vwBrjCAQAF0pVD32ezkBk16g,https://googleads.g.doubleclick.net/xbbe/pixel?d=CJfnugEQw7j0ARiN4-9fMAE&v=APEucNX7oIt87BbUALRG-Xu74AVdjFvlM8a2Djwvy6NHATa5ORcR71rsosvqaJ-tY89YMFf4vyDvLECvdFgmaXXbq2JufPLsew,https://googleads.g.doubleclick.net/xbbe/pixel?d=CNjmXhCA8WYYvriaXjAB&v=APEucNXlnsphlYVCAgN-T0UvIeXhTM09D7t1HYHQSmtrWhYWUEu2PXfiE7KyoVuNQikES3EN_hmwyYRWxyp7YpwQRoPYxrOM6g,https://googleads.g.doubleclick.net/xbbe/pixel?d=CNjmXhCA8WYYrr2aXjAB&v=APEucNV3G_9k1tCZR-V18KPimWrhLYbGmzM3UwhZ28SGtKJ3nILub0LeL6_kF4uY5C9pLlRPQdI_jWGA-HNswCgtP81l82tlvA,https://googleads.g.doubleclick.net/xbbe/pixel?d=CIkCEIuDmgEYyoXuXjAB&v=APEucNXdJbIM3snlIT0v4TSQVt0wO4an1dx_kyzseIqqu33nTsDq4cDn4XYQSH1jPHY7BQIrSbEz4GJFVcRn5uZMp3jVlcpoCQ,https://googleads.g.doubleclick.net/xbbe/pixel?d=CNTVDhDZrzAYz_G4YTAB&v=APEucNU2OGt69eZxYyv-SJZv8PhMzS-850aMYovIRxnSbvn4fEuhZ4Oah3En5kyQoHfrPjuXqX6ztW_8H2Re23N7U5kHa_rf7g,https://googleads.g.doubleclick.net/xbbe/pixel?d=CNjMexDvnXwY0ZOLJzAB&v=APEucNX5iJHPznF-b5Y7iof5dD7KTeihSngojIr4nyLy0QFn0JCwU9PzlU04ujyV3R_gHnJeFB_4DxhmNpyUx5vhOYkDeINOrg,https://googleads.g.doubleclick.net/xbbe/pixel?d=CNjMexDvnXwYoYOLJzAB&v=APEucNUBRSVWkID0r666c0HTPRyXkc_5iNgwFHIdJeqwPJyz3gaWCNLRoVTK54Ec74N3z6FLHzCnxdrTUighonf341pYIktydg,https://googleads.g.doubleclick.net/xbbe/pixel?d=CIkCEIuDmgEYyoXuXjAB&v=APEucNUeciGWE5_pky4lGT8SQlwL-CS8tq964RiTslzRSWZOh0efJNI_sFiXDf37zjuqWfIGeVfi_acYFKsuadnTW69ADJofcA,https://googleads.g.doubleclick.net/xbbe/pixel?d=CNjmXhCA8WYYrr2aXjAB&v=APEucNUDwAxR_SF2WrAJQYifJGkjUtwTJRTS5Y02K0iCJETR8p3xG8Q3k6yIGFBxnsJmyV6TMEZVGQ0FjRgFW_WFVB-51aMdnw,https://googleads.g.doubleclick.net/xbbe/pixel?d=CNjMexDvnXwY1pOLJzAB&v=APEucNVsCVoy-8qb7VLYu_1iEHH3ZsUoIKVk6QlO0iApx8S5gpFX6gzkKImfqLq8dg2lOmrbLkphTo9iCupiWEr8_SFRnp_Oew,https://googleads.g.doubleclick.net/xbbe/pixel?d=CNjMexDvnXwYoYOLJzAB&v=APEucNWyx7ZJmxduvxBM1y_6jrG_axaOSCG9uDs7uq8mPDaM5TIN8phJloV572fifb2td_y-uTaVvAECXlla9SKFfxfxFdyw7A,https://googleads.g.doubleclick.net/xbbe/pixel?d=CNjMexDvnXwY0ZOLJzAB&v=APEucNUE21WzHnT0vMdAWH1kb_VRRU2BTH2RMNg5Axmlrl9vQyfPZIk4zRI6KEBJ59PIdVPLcDouzkpUbkBBLOFdCBDmw15odA,https://googleads.g.doubleclick.net/xbbe/pixel?d=CNjMexDvnXwYoYOLJzAB&v=APEucNUnMkaNZMozXwtPGJVBCLmnIvonrzng5IJJm9QCwmkL8mK2RB4llLc0TChEOf0OOLZHLKK70FSR1fmU9sgLyT4fCLHaqg
2019-10-19 21:57:06,171 DEBUG    save to sessions_items.log
2019-10-19 21:57:06,172 DEBUG    ('127.0.0.1', 52504) - ASGI [289] Received {'type': 'http.response.start', 'status': 200, 'headers': '<...>'}
2019-10-19 21:57:06,172 INFO     ('127.0.0.1', 52504) - "POST /predict_next HTTP/1.1" 200
2019-10-19 21:57:06,172 DEBUG    ('127.0.0.1', 52504) - ASGI [289] Received {'type': 'http.response.body', 'body': '<361 bytes>'}
2019-10-19 21:57:06,172 DEBUG    ('127.0.0.1', 52504) - ASGI [289] Completed
2019-10-19 21:57:06,950 DEBUG    ('127.0.0.1', 52504) - ASGI [290] Started
2019-10-19 21:57:06,951 DEBUG    ('127.0.0.1', 52504) - ASGI [290] Sent {'type': 'http.request', 'body': '<2461 bytes>', 'more_body': False}
2019-10-19 21:57:06,951 DEBUG    received items: https://tpc.googlesyndication.com/safeframe/1-0-35/html/container.html,https://tpc.googlesyndication.com/safeframe/1-0-35/html/container.html,https://tpc.googlesyndication.com/safeframe/1-0-35/html/container.html,https://tpc.googlesyndication.com/safeframe/1-0-35/html/container.html,https://tpc.googlesyndication.com/safeframe/1-0-35/html/container.html,https://tpc.googlesyndication.com/safeframe/1-0-35/html/container.html,https://tpc.googlesyndication.com/safeframe/1-0-35/html/container.html,https://tpc.googlesyndication.com/safeframe/1-0-35/html/container.html,https://tpc.googlesyndication.com/safeframe/1-0-35/html/container.html,https://tpc.googlesyndication.com/safeframe/1-0-35/html/container.html,https://tpc.googlesyndication.com/safeframe/1-0-35/html/container.html,https://tpc.googlesyndication.com/safeframe/1-0-35/html/container.html,https://tpc.googlesyndication.com/safeframe/1-0-35/html/container.html,https://tpc.googlesyndication.com/sodar/Enqz_20U.html,https://tpc.googlesyndication.com/sodar/Enqz_20U.html,https://tpc.googlesyndication.com/sodar/Enqz_20U.html,https://tpc.googlesyndication.com/safeframe/1-0-35/html/container.html,https://tpc.googlesyndication.com/sodar/Enqz_20U.html,https://tpc.googlesyndication.com/sodar/Enqz_20U.html,https://tpc.googlesyndication.com/safeframe/1-0-35/html/container.html,https://tpc.googlesyndication.com/safeframe/1-0-35/html/container.html,https://tpc.googlesyndication.com/sodar/Enqz_20U.html,https://tpc.googlesyndication.com/sodar/Enqz_20U.html,https://tpc.googlesyndication.com/sodar/Enqz_20U.html,https://tpc.googlesyndication.com/sodar/Enqz_20U.html,https://tpc.googlesyndication.com/safeframe/1-0-35/html/container.html,https://tpc.googlesyndication.com/safeframe/1-0-35/html/container.html,https://tpc.googlesyndication.com/sodar/Enqz_20U.html,https://tpc.googlesyndication.com/sodar/Enqz_20U.html,https://tpc.googlesyndication.com/safeframe/1-0-35/html/container.html,https://tpc.googlesyndication.com/safeframe/1-0-35/html/container.html,https://tpc.googlesyndication.com/sodar/Enqz_20U.html,https://tpc.googlesyndication.com/sodar/Enqz_20U.html,https://tpc.googlesyndication.com/sodar/Enqz_20U.html,https://tpc.googlesyndication.com/safeframe/1-0-35/html/container.html,https://tpc.googlesyndication.com/safeframe/1-0-35/html/container.html,https://tpc.googlesyndication.com/sodar/Enqz_20U.html
2019-10-19 21:57:06,952 DEBUG    save to sessions_items.log
2019-10-19 21:57:06,952 DEBUG    ('127.0.0.1', 52504) - ASGI [290] Received {'type': 'http.response.start', 'status': 200, 'headers': '<...>'}
2019-10-19 21:57:06,953 INFO     ('127.0.0.1', 52504) - "POST /predict_next HTTP/1.1" 200
2019-10-19 21:57:06,953 DEBUG    ('127.0.0.1', 52504) - ASGI [290] Received {'type': 'http.response.body', 'body': '<127 bytes>'}
2019-10-19 21:57:06,953 DEBUG    ('127.0.0.1', 52504) - ASGI [290] Completed
2019-10-19 21:57:07,124 DEBUG    ('127.0.0.1', 52504) - ASGI [291] Started
2019-10-19 21:57:07,124 DEBUG    ('127.0.0.1', 52504) - ASGI [291] Sent {'type': 'http.request', 'body': '<5683 bytes>', 'more_body': False}
2019-10-19 21:57:07,125 DEBUG    received items: https://pagead2.googlesyndication.com/pagead/s/cookie_push.html?cb=20190204#aHR0cHM6Ly93d3cuZmFjZWJvb2suY29tL2F1ZGllbmNlbmV0d29yay9pZHN5bmM_cGFydG5lcj0zNDM4MTY3ODYzODkyNzEmY2FsbGJhY2s9aHR0cHMlM0EvL2NtLmcuZG91YmxlY2xpY2submV0L3BpeGVsJTNGZ29vZ2xlX25pZCUzRGpiX25iJTI2Z29vZ2xlX2N2ZXI9MSUyNmdvb2dsZV9wdXNoPUFITkYxM0piQkxiMmlJa01UYVU4VnZLQnRyVHZQSnFlRjNhUkU1VDJxUmFlUnclMjZnb29nbGVfaG0lM0QlMjRCVVlFUlVJRCZnb29nbGVfZ2lkPUNBRVNFS3BzaTUtdVBwQ0hFd2hqNFVCX2FTRQ==,aHR0cHM6Ly9jbS5nLmRvdWJsZWNsaWNrLm5ldC9waXhlbC9hdHRyP2Q9QUhORjEzSmhLM1JCZGFUdk1lN3hWbFFBNXEwcHhBclVlbnBNTlE=,https://pagead2.googlesyndication.com/pagead/s/cookie_push.html?cb=20190204#aHR0cHM6Ly9hZC50dXJuLmNvbS9yL2NzP3BpZD0zJmdvb2dsZV9naWQ9Q0FFU0VCOUdJczAwMGdyVVJWT0g1dnpHcmlvJmdvb2dsZV9jdmVyPTEmZ29vZ2xlX3B1c2g9QUhORjEzSzNrYjgyczBvbGIwMk5PSHUyZ2J0c2hKSC1BTWFrMFFmM0t3Vzk=,aHR0cHM6Ly9jbS5nLmRvdWJsZWNsaWNrLm5ldC9waXhlbC9hdHRyP2Q9QUhORjEzS3Utak8wM0hqRmlnNmdDMEJSQ3R5V0lLeUpUcVQ4,https://pagead2.googlesyndication.com/pagead/s/cookie_push.html?cb=20190204#aHR0cHM6Ly9hZXAubXhwdGludC5uZXQvc24uYXNoeD9nb29nbGVfZ2lkPUNBRVNFQ2wxejJZY0dBcjcwdGJzQnFwZF9XNCZnb29nbGVfY3Zlcj0xJmdvb2dsZV9wdXNoPUFITkYxM0kydWM0SC1mOUpQdlFPQVRiRjFJRENJYm55X3BHbkJXUUtCVjNU,aHR0cHM6Ly9jbS5nLmRvdWJsZWNsaWNrLm5ldC9waXhlbC9hdHRyP2Q9QUhORjEzSXlIU0hxT3ByakFvWVhpV1JVRlZtdVRkRW9oSlRv,https://pagead2.googlesyndication.com/pagead/s/cookie_push.html?cb=20190204#aHR0cHM6Ly9jbXMucXVhbnRzZXJ2ZS5jb20vZHBpeGVsP2E9cC1uNXZ2THZSZGpnMGVrJmVpZD0wJnFjX2dvb2dsZV9wdXNoPSZnb29nbGVfZ2lkPUNBRVNFQnJ4QlZJelE3S292LVR6QTQwSTV5dyZnb29nbGVfY3Zlcj0xJmdvb2dsZV9wdXNoPUFITkYxM0t6RnBTR29rX2ZNVW9QS0JUQ09kbDdSSGFZbnVHS2lPbHJGdjQ=,aHR0cHM6Ly9jbS5nLmRvdWJsZWNsaWNrLm5ldC9waXhlbC9hdHRyP2Q9QUhORjEzSzRiaG5uTWFUNlpRaHpCX2RKUlRHbG9zdG9iZ3Ix,https://pagead2.googlesyndication.com/pagead/s/cookie_push.html?cb=20190204#aHR0cHM6Ly9hZC50dXJuLmNvbS9yL2NzP3BpZD0zJmdvb2dsZV9naWQ9Q0FFU0VCOUdJczAwMGdyVVJWT0g1dnpHcmlvJmdvb2dsZV9jdmVyPTEmZ29vZ2xlX3B1c2g9QUhORjEzSWx2dVJjV3I0QkJNVC1hZVpaQlpMeWsyZU5tQ3dXQWlCZHNBOFM=,aHR0cHM6Ly9jbS5nLmRvdWJsZWNsaWNrLm5ldC9waXhlbC9hdHRyP2Q9QUhORjEzSWlKSFFMLU9OdXpnREdpdHloUG9KNzBsOE05WmZ3,https://pagead2.googlesyndication.com/pagead/s/cookie_push.html?cb=20190204#aHR0cHM6Ly9zeW5jLjFyeC5pby91c2Vyc3luYzIvcm1wc3NwP3N1Yj1nb29nbGUmcmVkaXI9aHR0cHMlM0ElMkYlMkZjbS5nLmRvdWJsZWNsaWNrLm5ldCUyRnBpeGVsJTNGZ29vZ2xlX25pZCUzRHIxJTI2Z29vZ2xlX3B1c2glM0QlNUJSWF9TUEQlNUQlMjZnb29nbGVfaG0lM0QlNUJSWF9VVUlEX0I2NF9CSU4lNUQmZ29vZ2xlX2dpZD1DQUVTRUxyNWJXb2lHRkJ3eVc2aHhXN3pUSzQmZ29vZ2xlX2N2ZXI9MSZnb29nbGVfcHVzaD1BSE5GMTNLMVQ0aDNCdEpFR25NNHRRRjNZLUZEMXRhNWhwNFBvMGlTUldsNGd3,aHR0cHM6Ly9jbS5nLmRvdWJsZWNsaWNrLm5ldC9waXhlbC9hdHRyP2Q9QUhORjEzSWlOOE5ySGlGb0hWYTl5N3VNZDl4UzlFQlFVOXJz,https://pagead2.googlesyndication.com/pagead/s/cookie_push.html?cb=20190204#aHR0cHM6Ly9waXhlbC1zeW5jLnNpdGVzY291dC5jb20vZG1wL3BpeGVsU3luYz9uaWQ9OCZnb29nbGVfZ2lkPUNBRVNFQ0ZfQlRSUGViNWNvQTc3THYtZXZTQSZnb29nbGVfY3Zlcj0xJmdvb2dsZV9wdXNoPUFITkYxM0pnV0hZeUNScC1ERVhOVFVwcXJnOE9qeWJwanpTUTlwUjNxaDNz,aHR0cHM6Ly9jbS5nLmRvdWJsZWNsaWNrLm5ldC9waXhlbC9hdHRyP2Q9QUhORjEzTGNDc2E4cFl6aFBtX040TWxNeHMycmhsZk5MV1lo,https://pagead2.googlesyndication.com/pagead/s/cookie_push.html?cb=20190204#aHR0cHM6Ly9tYXRjaC4zNjB5aWVsZC5jb20vbWF0Y2gvZWJkYT9nb29nbGVfZ2lkPUNBRVNFQ2oxeTZlcFh0QnlyMGZHTGpFZzRrSSZnb29nbGVfY3Zlcj0xJmdvb2dsZV9wdXNoPUFITkYxM0tPbnBYa3F1S18yV2JDNUM0MjdoV1B6Wl9ZSEZXNkRVaHBvdFg3VlpB,aHR0cHM6Ly9jbS5nLmRvdWJsZWNsaWNrLm5ldC9waXhlbC9hdHRyP2Q9QUhORjEzSkRSME81TGtwczJOdWhUdjdEXzRQWDhvOF9abDd1,https://pagead2.googlesyndication.com/pagead/s/cookie_push.html?cb=20190204#aHR0cHM6Ly9weC5vd25lcmlxLm5ldC9lY21nP2dvb2dsZV9naWQ9Q0FFU0VCTGhBMGZSdkVfNVFmeDdvRUdDdGNnJmdvb2dsZV9jdmVyPTEmZ29vZ2xlX3B1c2g9QUhORjEzSlpHMVpKZjFUXzN5RjU0Q1YyeFEzMlZQc1E0VzQ2Wjd6bTdWaVVOZw==,aHR0cHM6Ly9jbS5nLmRvdWJsZWNsaWNrLm5ldC9waXhlbC9hdHRyP2Q9QUhORjEzSlBYVnhXVUl2RF9ZSS1QWDhzVjdWcHY4VkZtek5x,https://pagead2.googlesyndication.com/pagead/s/cookie_push.html?cb=20190204#aHR0cHM6Ly9zeW5jLXRtLmV2ZXJlc3R0ZWNoLm5ldC91cGkvcGlkLzV3M2pxcjRrP3JlZGlyPWh0dHBzJTNBJTJGJTJGY20uZy5kb3VibGVjbGljay5uZXQlMkZwaXhlbCUzRmdvb2dsZV9uaWQlM0RnOGY0N3MzOWUzOTlmM2ZlJTI2Z29vZ2xlX2htJTNEJTI0JTdCVE1fVVNFUl9JRF9CQVNFNjRFTkNfVVJMRU5DJTdEJmdvb2dsZV9naWQ9Q0FFU0VDTmtoVjFXR091TS04NVFobndCeHhvJmdvb2dsZV9jdmVyPTEmZ29vZ2xlX3B1c2g9QUhORjEzSVdSLVNMdFBESHZDQlFDeDBNb0pJNndoV242a3lzcF81VTZJazYyUQ==,aHR0cHM6Ly9jbS5nLmRvdWJsZWNsaWNrLm5ldC9waXhlbC9hdHRyP2Q9QUhORjEzS2dxYUk3enJEV1A5bEJBYWtBdnBKZ1pEek1NNkpn,https://pagead2.googlesyndication.com/pagead/s/cookie_push.html?cb=20190204#aHR0cHM6Ly9zeW5jLm1hdGh0YWcuY29tL3N5bmMvaW1nP210X2V4aWQ9NCZnb29nbGVfZ2lkPUNBRVNFT3BxNzZaVElSaThsZUZmaU45ZUtSMCZnb29nbGVfY3Zlcj0xJmdvb2dsZV9wdXNoPUFITkYxM0lqLXpab1NjcUJ6TWd6V0lRT0VPenhsemNORDVPTlJGU09WNEpf,aHR0cHM6Ly9jbS5nLmRvdWJsZWNsaWNrLm5ldC9waXhlbC9hdHRyP2Q9QUhORjEzSkxwOHlFWV93QXJia1hmZUExRWc0Y0VQREdEc2Vq,https://pagead2.googlesyndication.com/pagead/s/cookie_push.html?cb=20190204#aHR0cHM6Ly9kY2xrLW1hdGNoLmRvdG9taS5jb20vbWF0Y2gvYm91bmNlL2N1cnJlbnQ_bmV0d29ya0lkPTE0MDAwJnZlcnNpb249MSZnb29nbGVfZ2lkPUNBRVNFREZwLTA3RHdfS0NQVnpUUGVQazBIcyZnb29nbGVfY3Zlcj0xJmdvb2dsZV9wdXNoPUFITkYxM0pnMC1PZlhVWW9pSER0MjVIZW9SQ3FLWEw3c1VxdnRCWjd3aGxB,aHR0cHM6Ly9jbS5nLmRvdWJsZWNsaWNrLm5ldC9waXhlbC9hdHRyP2Q9QUhORjEzSU90SVZEb1Z6NnA2WDg1RURsUFpyc0ZKdjRkZ2ZX,https://pagead2.googlesyndication.com/pagead/s/cookie_push.html?cb=20190204#aHR0cHM6Ly9kY2xrLW1hdGNoLmRvdG9taS5jb20vbWF0Y2gvYm91bmNlL2N1cnJlbnQ_bmV0d29ya0lkPTE0MDAwJnZlcnNpb249MSZnb29nbGVfZ2lkPUNBRVNFREZwLTA3RHdfS0NQVnpUUGVQazBIcyZnb29nbGVfY3Zlcj0xJmdvb2dsZV9wdXNoPUFITkYxM0x0N2VqRU4xeVl4SV9kQUdpb2N5M3Rhekw0TTdBZFByRC10SjlkclE=,aHR0cHM6Ly9jbS5nLmRvdWJsZWNsaWNrLm5ldC9waXhlbC9hdHRyP2Q9QUhORjEzSm9tY0JiTHNGcnppa3FlMks1bEV2Z3Y4ekI4d29V
2019-10-19 21:57:07,126 DEBUG    save to sessions_items.log
2019-10-19 21:57:07,127 DEBUG    ('127.0.0.1', 52504) - ASGI [291] Received {'type': 'http.response.start', 'status': 200, 'headers': '<...>'}
2019-10-19 21:57:07,127 INFO     ('127.0.0.1', 52504) - "POST /predict_next HTTP/1.1" 200
2019-10-19 21:57:07,127 DEBUG    ('127.0.0.1', 52504) - ASGI [291] Received {'type': 'http.response.body', 'body': '<887 bytes>'}
2019-10-19 21:57:07,127 DEBUG    ('127.0.0.1', 52504) - ASGI [291] Completed
2019-10-19 21:57:07,380 DEBUG    ('127.0.0.1', 52504) - ASGI [292] Started
2019-10-19 21:57:07,381 DEBUG    ('127.0.0.1', 52504) - ASGI [292] Sent {'type': 'http.request', 'body': '<6055 bytes>', 'more_body': False}
2019-10-19 21:57:07,382 DEBUG    received items: https://pagead2.googlesyndication.com/pagead/s/cookie_push.html?cb=20190204#aHR0cHM6Ly93d3cuZmFjZWJvb2suY29tL2F1ZGllbmNlbmV0d29yay9pZHN5bmM_cGFydG5lcj0zNDM4MTY3ODYzODkyNzEmY2FsbGJhY2s9aHR0cHMlM0EvL2NtLmcuZG91YmxlY2xpY2submV0L3BpeGVsJTNGZ29vZ2xlX25pZCUzRGpiX25iJTI2Z29vZ2xlX2N2ZXI9MSUyNmdvb2dsZV9wdXNoPUFITkYxM0piQkxiMmlJa01UYVU4VnZLQnRyVHZQSnFlRjNhUkU1VDJxUmFlUnclMjZnb29nbGVfaG0lM0QlMjRCVVlFUlVJRCZnb29nbGVfZ2lkPUNBRVNFS3BzaTUtdVBwQ0hFd2hqNFVCX2FTRQ==,aHR0cHM6Ly9jbS5nLmRvdWJsZWNsaWNrLm5ldC9waXhlbC9hdHRyP2Q9QUhORjEzSmhLM1JCZGFUdk1lN3hWbFFBNXEwcHhBclVlbnBNTlE=,https://pagead2.googlesyndication.com/pagead/s/cookie_push.html?cb=20190204#aHR0cHM6Ly9hZC50dXJuLmNvbS9yL2NzP3BpZD0zJmdvb2dsZV9naWQ9Q0FFU0VCOUdJczAwMGdyVVJWT0g1dnpHcmlvJmdvb2dsZV9jdmVyPTEmZ29vZ2xlX3B1c2g9QUhORjEzSzNrYjgyczBvbGIwMk5PSHUyZ2J0c2hKSC1BTWFrMFFmM0t3Vzk=,aHR0cHM6Ly9jbS5nLmRvdWJsZWNsaWNrLm5ldC9waXhlbC9hdHRyP2Q9QUhORjEzS3Utak8wM0hqRmlnNmdDMEJSQ3R5V0lLeUpUcVQ4,https://pagead2.googlesyndication.com/pagead/s/cookie_push.html?cb=20190204#aHR0cHM6Ly9hZXAubXhwdGludC5uZXQvc24uYXNoeD9nb29nbGVfZ2lkPUNBRVNFQ2wxejJZY0dBcjcwdGJzQnFwZF9XNCZnb29nbGVfY3Zlcj0xJmdvb2dsZV9wdXNoPUFITkYxM0kydWM0SC1mOUpQdlFPQVRiRjFJRENJYm55X3BHbkJXUUtCVjNU,aHR0cHM6Ly9jbS5nLmRvdWJsZWNsaWNrLm5ldC9waXhlbC9hdHRyP2Q9QUhORjEzSXlIU0hxT3ByakFvWVhpV1JVRlZtdVRkRW9oSlRv,https://pagead2.googlesyndication.com/pagead/s/cookie_push.html?cb=20190204#aHR0cHM6Ly9jbXMucXVhbnRzZXJ2ZS5jb20vZHBpeGVsP2E9cC1uNXZ2THZSZGpnMGVrJmVpZD0wJnFjX2dvb2dsZV9wdXNoPSZnb29nbGVfZ2lkPUNBRVNFQnJ4QlZJelE3S292LVR6QTQwSTV5dyZnb29nbGVfY3Zlcj0xJmdvb2dsZV9wdXNoPUFITkYxM0t6RnBTR29rX2ZNVW9QS0JUQ09kbDdSSGFZbnVHS2lPbHJGdjQ=,aHR0cHM6Ly9jbS5nLmRvdWJsZWNsaWNrLm5ldC9waXhlbC9hdHRyP2Q9QUhORjEzSzRiaG5uTWFUNlpRaHpCX2RKUlRHbG9zdG9iZ3Ix,https://pagead2.googlesyndication.com/pagead/s/cookie_push.html?cb=20190204#aHR0cHM6Ly9hZC50dXJuLmNvbS9yL2NzP3BpZD0zJmdvb2dsZV9naWQ9Q0FFU0VCOUdJczAwMGdyVVJWT0g1dnpHcmlvJmdvb2dsZV9jdmVyPTEmZ29vZ2xlX3B1c2g9QUhORjEzSWx2dVJjV3I0QkJNVC1hZVpaQlpMeWsyZU5tQ3dXQWlCZHNBOFM=,aHR0cHM6Ly9jbS5nLmRvdWJsZWNsaWNrLm5ldC9waXhlbC9hdHRyP2Q9QUhORjEzSWlKSFFMLU9OdXpnREdpdHloUG9KNzBsOE05WmZ3,https://pagead2.googlesyndication.com/pagead/s/cookie_push.html?cb=20190204#aHR0cHM6Ly9zeW5jLjFyeC5pby91c2Vyc3luYzIvcm1wc3NwP3N1Yj1nb29nbGUmcmVkaXI9aHR0cHMlM0ElMkYlMkZjbS5nLmRvdWJsZWNsaWNrLm5ldCUyRnBpeGVsJTNGZ29vZ2xlX25pZCUzRHIxJTI2Z29vZ2xlX3B1c2glM0QlNUJSWF9TUEQlNUQlMjZnb29nbGVfaG0lM0QlNUJSWF9VVUlEX0I2NF9CSU4lNUQmZ29vZ2xlX2dpZD1DQUVTRUxyNWJXb2lHRkJ3eVc2aHhXN3pUSzQmZ29vZ2xlX2N2ZXI9MSZnb29nbGVfcHVzaD1BSE5GMTNLMVQ0aDNCdEpFR25NNHRRRjNZLUZEMXRhNWhwNFBvMGlTUldsNGd3,aHR0cHM6Ly9jbS5nLmRvdWJsZWNsaWNrLm5ldC9waXhlbC9hdHRyP2Q9QUhORjEzSWlOOE5ySGlGb0hWYTl5N3VNZDl4UzlFQlFVOXJz,https://pagead2.googlesyndication.com/pagead/s/cookie_push.html?cb=20190204#aHR0cHM6Ly9waXhlbC1zeW5jLnNpdGVzY291dC5jb20vZG1wL3BpeGVsU3luYz9uaWQ9OCZnb29nbGVfZ2lkPUNBRVNFQ0ZfQlRSUGViNWNvQTc3THYtZXZTQSZnb29nbGVfY3Zlcj0xJmdvb2dsZV9wdXNoPUFITkYxM0pnV0hZeUNScC1ERVhOVFVwcXJnOE9qeWJwanpTUTlwUjNxaDNz,aHR0cHM6Ly9jbS5nLmRvdWJsZWNsaWNrLm5ldC9waXhlbC9hdHRyP2Q9QUhORjEzTGNDc2E4cFl6aFBtX040TWxNeHMycmhsZk5MV1lo,https://pagead2.googlesyndication.com/pagead/s/cookie_push.html?cb=20190204#aHR0cHM6Ly9tYXRjaC4zNjB5aWVsZC5jb20vbWF0Y2gvZWJkYT9nb29nbGVfZ2lkPUNBRVNFQ2oxeTZlcFh0QnlyMGZHTGpFZzRrSSZnb29nbGVfY3Zlcj0xJmdvb2dsZV9wdXNoPUFITkYxM0tPbnBYa3F1S18yV2JDNUM0MjdoV1B6Wl9ZSEZXNkRVaHBvdFg3VlpB,aHR0cHM6Ly9jbS5nLmRvdWJsZWNsaWNrLm5ldC9waXhlbC9hdHRyP2Q9QUhORjEzSkRSME81TGtwczJOdWhUdjdEXzRQWDhvOF9abDd1,https://pagead2.googlesyndication.com/pagead/s/cookie_push.html?cb=20190204#aHR0cHM6Ly9weC5vd25lcmlxLm5ldC9lY21nP2dvb2dsZV9naWQ9Q0FFU0VCTGhBMGZSdkVfNVFmeDdvRUdDdGNnJmdvb2dsZV9jdmVyPTEmZ29vZ2xlX3B1c2g9QUhORjEzSlpHMVpKZjFUXzN5RjU0Q1YyeFEzMlZQc1E0VzQ2Wjd6bTdWaVVOZw==,aHR0cHM6Ly9jbS5nLmRvdWJsZWNsaWNrLm5ldC9waXhlbC9hdHRyP2Q9QUhORjEzSlBYVnhXVUl2RF9ZSS1QWDhzVjdWcHY4VkZtek5x,https://pagead2.googlesyndication.com/pagead/s/cookie_push.html?cb=20190204#aHR0cHM6Ly9zeW5jLXRtLmV2ZXJlc3R0ZWNoLm5ldC91cGkvcGlkLzV3M2pxcjRrP3JlZGlyPWh0dHBzJTNBJTJGJTJGY20uZy5kb3VibGVjbGljay5uZXQlMkZwaXhlbCUzRmdvb2dsZV9uaWQlM0RnOGY0N3MzOWUzOTlmM2ZlJTI2Z29vZ2xlX2htJTNEJTI0JTdCVE1fVVNFUl9JRF9CQVNFNjRFTkNfVVJMRU5DJTdEJmdvb2dsZV9naWQ9Q0FFU0VDTmtoVjFXR091TS04NVFobndCeHhvJmdvb2dsZV9jdmVyPTEmZ29vZ2xlX3B1c2g9QUhORjEzSVdSLVNMdFBESHZDQlFDeDBNb0pJNndoV242a3lzcF81VTZJazYyUQ==,aHR0cHM6Ly9jbS5nLmRvdWJsZWNsaWNrLm5ldC9waXhlbC9hdHRyP2Q9QUhORjEzS2dxYUk3enJEV1A5bEJBYWtBdnBKZ1pEek1NNkpn,https://pagead2.googlesyndication.com/pagead/s/cookie_push.html?cb=20190204#aHR0cHM6Ly9zeW5jLm1hdGh0YWcuY29tL3N5bmMvaW1nP210X2V4aWQ9NCZnb29nbGVfZ2lkPUNBRVNFT3BxNzZaVElSaThsZUZmaU45ZUtSMCZnb29nbGVfY3Zlcj0xJmdvb2dsZV9wdXNoPUFITkYxM0lqLXpab1NjcUJ6TWd6V0lRT0VPenhsemNORDVPTlJGU09WNEpf,aHR0cHM6Ly9jbS5nLmRvdWJsZWNsaWNrLm5ldC9waXhlbC9hdHRyP2Q9QUhORjEzSkxwOHlFWV93QXJia1hmZUExRWc0Y0VQREdEc2Vq,https://pagead2.googlesyndication.com/pagead/s/cookie_push.html?cb=20190204#aHR0cHM6Ly9kY2xrLW1hdGNoLmRvdG9taS5jb20vbWF0Y2gvYm91bmNlL2N1cnJlbnQ_bmV0d29ya0lkPTE0MDAwJnZlcnNpb249MSZnb29nbGVfZ2lkPUNBRVNFREZwLTA3RHdfS0NQVnpUUGVQazBIcyZnb29nbGVfY3Zlcj0xJmdvb2dsZV9wdXNoPUFITkYxM0pnMC1PZlhVWW9pSER0MjVIZW9SQ3FLWEw3c1VxdnRCWjd3aGxB,aHR0cHM6Ly9jbS5nLmRvdWJsZWNsaWNrLm5ldC9waXhlbC9hdHRyP2Q9QUhORjEzSU90SVZEb1Z6NnA2WDg1RURsUFpyc0ZKdjRkZ2ZX,https://pagead2.googlesyndication.com/pagead/s/cookie_push.html?cb=20190204#aHR0cHM6Ly9kY2xrLW1hdGNoLmRvdG9taS5jb20vbWF0Y2gvYm91bmNlL2N1cnJlbnQ_bmV0d29ya0lkPTE0MDAwJnZlcnNpb249MSZnb29nbGVfZ2lkPUNBRVNFREZwLTA3RHdfS0NQVnpUUGVQazBIcyZnb29nbGVfY3Zlcj0xJmdvb2dsZV9wdXNoPUFITkYxM0x0N2VqRU4xeVl4SV9kQUdpb2N5M3Rhekw0TTdBZFByRC10SjlkclE=,aHR0cHM6Ly9jbS5nLmRvdWJsZWNsaWNrLm5ldC9waXhlbC9hdHRyP2Q9QUhORjEzSm9tY0JiTHNGcnppa3FlMks1bEV2Z3Y4ekI4d29V,https://pagead2.googlesyndication.com/pagead/s/cookie_push.html?cb=20190204#aHR0cHM6Ly91bS5zaW1wbGkuZmkvZ3BfbWF0Y2g_Z29vZ2xlX2dpZD1DQUVTRU9XS01hdmZLbjhQTDVaWnV4aGZNaTQmZ29vZ2xlX2N2ZXI9MSZnb29nbGVfcHVzaD1BSE5GMTNMSUkwNlpKdW1FQnJrOTd1NThUSzBwWF8yWGVkTmxDZ1VzN3hlbg==,aHR0cHM6Ly9jbS5nLmRvdWJsZWNsaWNrLm5ldC9waXhlbC9hdHRyP2Q9QUhORjEzTGt4X25FcE93eVBmVlRhSEx5cm9lcXBkSVF1YV84
2019-10-19 21:57:07,382 DEBUG    save to sessions_items.log
2019-10-19 21:57:07,383 DEBUG    ('127.0.0.1', 52504) - ASGI [292] Received {'type': 'http.response.start', 'status': 200, 'headers': '<...>'}
2019-10-19 21:57:07,383 INFO     ('127.0.0.1', 52504) - "POST /predict_next HTTP/1.1" 200
2019-10-19 21:57:07,383 DEBUG    ('127.0.0.1', 52504) - ASGI [292] Received {'type': 'http.response.body', 'body': '<759 bytes>'}
2019-10-19 21:57:07,384 DEBUG    ('127.0.0.1', 52504) - ASGI [292] Completed
2019-10-19 21:57:07,404 DEBUG    ('127.0.0.1', 52464) - ASGI [293] Started
2019-10-19 21:57:07,405 DEBUG    ('127.0.0.1', 52464) - ASGI [293] Sent {'type': 'http.request', 'body': '<2517 bytes>', 'more_body': False}
2019-10-19 21:57:07,405 DEBUG    received items: https://tpc.googlesyndication.com/safeframe/1-0-35/html/container.html,https://tpc.googlesyndication.com/safeframe/1-0-35/html/container.html,https://tpc.googlesyndication.com/safeframe/1-0-35/html/container.html,https://tpc.googlesyndication.com/safeframe/1-0-35/html/container.html,https://tpc.googlesyndication.com/safeframe/1-0-35/html/container.html,https://tpc.googlesyndication.com/safeframe/1-0-35/html/container.html,https://tpc.googlesyndication.com/safeframe/1-0-35/html/container.html,https://tpc.googlesyndication.com/safeframe/1-0-35/html/container.html,https://tpc.googlesyndication.com/safeframe/1-0-35/html/container.html,https://tpc.googlesyndication.com/safeframe/1-0-35/html/container.html,https://tpc.googlesyndication.com/safeframe/1-0-35/html/container.html,https://tpc.googlesyndication.com/safeframe/1-0-35/html/container.html,https://tpc.googlesyndication.com/safeframe/1-0-35/html/container.html,https://tpc.googlesyndication.com/sodar/Enqz_20U.html,https://tpc.googlesyndication.com/sodar/Enqz_20U.html,https://tpc.googlesyndication.com/sodar/Enqz_20U.html,https://tpc.googlesyndication.com/safeframe/1-0-35/html/container.html,https://tpc.googlesyndication.com/sodar/Enqz_20U.html,https://tpc.googlesyndication.com/sodar/Enqz_20U.html,https://tpc.googlesyndication.com/safeframe/1-0-35/html/container.html,https://tpc.googlesyndication.com/safeframe/1-0-35/html/container.html,https://tpc.googlesyndication.com/sodar/Enqz_20U.html,https://tpc.googlesyndication.com/sodar/Enqz_20U.html,https://tpc.googlesyndication.com/sodar/Enqz_20U.html,https://tpc.googlesyndication.com/sodar/Enqz_20U.html,https://tpc.googlesyndication.com/safeframe/1-0-35/html/container.html,https://tpc.googlesyndication.com/safeframe/1-0-35/html/container.html,https://tpc.googlesyndication.com/sodar/Enqz_20U.html,https://tpc.googlesyndication.com/sodar/Enqz_20U.html,https://tpc.googlesyndication.com/safeframe/1-0-35/html/container.html,https://tpc.googlesyndication.com/safeframe/1-0-35/html/container.html,https://tpc.googlesyndication.com/sodar/Enqz_20U.html,https://tpc.googlesyndication.com/sodar/Enqz_20U.html,https://tpc.googlesyndication.com/sodar/Enqz_20U.html,https://tpc.googlesyndication.com/safeframe/1-0-35/html/container.html,https://tpc.googlesyndication.com/safeframe/1-0-35/html/container.html,https://tpc.googlesyndication.com/sodar/Enqz_20U.html,https://tpc.googlesyndication.com/sodar/Enqz_20U.html
2019-10-19 21:57:07,405 DEBUG    save to sessions_items.log
2019-10-19 21:57:07,406 DEBUG    ('127.0.0.1', 52464) - ASGI [293] Received {'type': 'http.response.start', 'status': 200, 'headers': '<...>'}
2019-10-19 21:57:07,406 INFO     ('127.0.0.1', 52464) - "POST /predict_next HTTP/1.1" 200
2019-10-19 21:57:07,406 DEBUG    ('127.0.0.1', 52464) - ASGI [293] Received {'type': 'http.response.body', 'body': '<127 bytes>'}
2019-10-19 21:57:07,406 DEBUG    ('127.0.0.1', 52464) - ASGI [293] Completed
2019-10-19 21:57:07,476 DEBUG    ('127.0.0.1', 52492) - ASGI [294] Started
2019-10-19 21:57:07,476 DEBUG    ('127.0.0.1', 52492) - ASGI [294] Sent {'type': 'http.request', 'body': '<2573 bytes>', 'more_body': False}
2019-10-19 21:57:07,477 DEBUG    received items: https://tpc.googlesyndication.com/safeframe/1-0-35/html/container.html,https://tpc.googlesyndication.com/safeframe/1-0-35/html/container.html,https://tpc.googlesyndication.com/safeframe/1-0-35/html/container.html,https://tpc.googlesyndication.com/safeframe/1-0-35/html/container.html,https://tpc.googlesyndication.com/safeframe/1-0-35/html/container.html,https://tpc.googlesyndication.com/safeframe/1-0-35/html/container.html,https://tpc.googlesyndication.com/safeframe/1-0-35/html/container.html,https://tpc.googlesyndication.com/safeframe/1-0-35/html/container.html,https://tpc.googlesyndication.com/safeframe/1-0-35/html/container.html,https://tpc.googlesyndication.com/safeframe/1-0-35/html/container.html,https://tpc.googlesyndication.com/safeframe/1-0-35/html/container.html,https://tpc.googlesyndication.com/safeframe/1-0-35/html/container.html,https://tpc.googlesyndication.com/safeframe/1-0-35/html/container.html,https://tpc.googlesyndication.com/sodar/Enqz_20U.html,https://tpc.googlesyndication.com/sodar/Enqz_20U.html,https://tpc.googlesyndication.com/sodar/Enqz_20U.html,https://tpc.googlesyndication.com/safeframe/1-0-35/html/container.html,https://tpc.googlesyndication.com/sodar/Enqz_20U.html,https://tpc.googlesyndication.com/sodar/Enqz_20U.html,https://tpc.googlesyndication.com/safeframe/1-0-35/html/container.html,https://tpc.googlesyndication.com/safeframe/1-0-35/html/container.html,https://tpc.googlesyndication.com/sodar/Enqz_20U.html,https://tpc.googlesyndication.com/sodar/Enqz_20U.html,https://tpc.googlesyndication.com/sodar/Enqz_20U.html,https://tpc.googlesyndication.com/sodar/Enqz_20U.html,https://tpc.googlesyndication.com/safeframe/1-0-35/html/container.html,https://tpc.googlesyndication.com/safeframe/1-0-35/html/container.html,https://tpc.googlesyndication.com/sodar/Enqz_20U.html,https://tpc.googlesyndication.com/sodar/Enqz_20U.html,https://tpc.googlesyndication.com/safeframe/1-0-35/html/container.html,https://tpc.googlesyndication.com/safeframe/1-0-35/html/container.html,https://tpc.googlesyndication.com/sodar/Enqz_20U.html,https://tpc.googlesyndication.com/sodar/Enqz_20U.html,https://tpc.googlesyndication.com/sodar/Enqz_20U.html,https://tpc.googlesyndication.com/safeframe/1-0-35/html/container.html,https://tpc.googlesyndication.com/safeframe/1-0-35/html/container.html,https://tpc.googlesyndication.com/sodar/Enqz_20U.html,https://tpc.googlesyndication.com/sodar/Enqz_20U.html,https://tpc.googlesyndication.com/sodar/Enqz_20U.html
2019-10-19 21:57:07,477 DEBUG    save to sessions_items.log
2019-10-19 21:57:07,478 DEBUG    ('127.0.0.1', 52492) - ASGI [294] Received {'type': 'http.response.start', 'status': 200, 'headers': '<...>'}
2019-10-19 21:57:07,478 INFO     ('127.0.0.1', 52492) - "POST /predict_next HTTP/1.1" 200
2019-10-19 21:57:07,479 DEBUG    ('127.0.0.1', 52492) - ASGI [294] Received {'type': 'http.response.body', 'body': '<127 bytes>'}
2019-10-19 21:57:07,479 DEBUG    ('127.0.0.1', 52492) - ASGI [294] Completed
2019-10-19 21:57:07,554 DEBUG    ('127.0.0.1', 52464) - ASGI [295] Started
2019-10-19 21:57:07,554 DEBUG    ('127.0.0.1', 52464) - ASGI [295] Sent {'type': 'http.request', 'body': '<1066 bytes>', 'more_body': False}
2019-10-19 21:57:07,554 DEBUG    received items: https://acdn.adnxs.com/ib/static/usersync/v3/async_usersync.html,https://acdn.adnxs.com/ib/static/usersync/v3/async_usersync.html,https://acdn.adnxs.com/ib/static/usersync/v3/async_usersync.html,https://acdn.adnxs.com/ib/static/usersync/v3/async_usersync.html,https://acdn.adnxs.com/dmp/async_usersync.html?gdpr=0&gdpr_consent=BOotXHgOotXHgDlABAENCr-AAAAm-AdAACAAoABsAGAAZAA4ACAAEgALQAZAA0ABwAD6AIoAjABMgCgAKIAWwA0ACEAEVAI4AkABNACfAFKALcAcgA_QDMAJPATe&seller_id=8738&pub_id=1184100,https://acdn.adnxs.com/ib/static/usersync/v3/async_usersync.html,https://acdn.adnxs.com/ib/static/usersync/v3/async_usersync.html,https://acdn.adnxs.com/ib/static/usersync/v3/async_usersync.html,https://acdn.adnxs.com/ib/static/usersync/v3/async_usersync.html,https://acdn.adnxs.com/dmp/async_usersync.html?gdpr=0&gdpr_consent=BOotXVOOotXVODlABAENCr-AAAAm-AdAACAAoABsAGAAZAA4ACAAEgALQAZAA0ABwAD6AIoAjABMgCgAKIAWwA0ACEAEVAI4AkABNACfAFKALcAcgA_QDMAJPATe&seller_id=8738&pub_id=1184100,https://acdn.adnxs.com/ib/static/usersync/v3/async_usersync.html
2019-10-19 21:57:07,554 DEBUG    save to sessions_items.log
2019-10-19 21:57:07,555 DEBUG    ('127.0.0.1', 52464) - ASGI [295] Received {'type': 'http.response.start', 'status': 200, 'headers': '<...>'}
2019-10-19 21:57:07,555 INFO     ('127.0.0.1', 52464) - "POST /predict_next HTTP/1.1" 200
2019-10-19 21:57:07,555 DEBUG    ('127.0.0.1', 52464) - ASGI [295] Received {'type': 'http.response.body', 'body': '<149 bytes>'}
2019-10-19 21:57:07,556 DEBUG    ('127.0.0.1', 52464) - ASGI [295] Completed
2019-10-19 21:57:07,674 DEBUG    ('127.0.0.1', 52492) - ASGI [296] Started
2019-10-19 21:57:07,674 DEBUG    ('127.0.0.1', 52492) - ASGI [296] Sent {'type': 'http.request', 'body': '<245 bytes>', 'more_body': False}
2019-10-19 21:57:07,675 DEBUG    received items: https://cdn.connectad.io/connectmyusers.php,https://cdn.connectad.io/connectmyusers.php,https://cdn.connectad.io/connectmyusers.php,https://cdn.connectad.io/connectmyusers.php,https://cdn.connectad.io/connectmyusers.php
2019-10-19 21:57:07,675 DEBUG    save to sessions_items.log
2019-10-19 21:57:07,676 DEBUG    ('127.0.0.1', 52492) - ASGI [296] Received {'type': 'http.response.start', 'status': 200, 'headers': '<...>'}
2019-10-19 21:57:07,676 INFO     ('127.0.0.1', 52492) - "POST /predict_next HTTP/1.1" 200
2019-10-19 21:57:07,676 DEBUG    ('127.0.0.1', 52492) - ASGI [296] Received {'type': 'http.response.body', 'body': '<107 bytes>'}
2019-10-19 21:57:07,677 DEBUG    ('127.0.0.1', 52492) - ASGI [296] Completed
2019-10-19 21:57:07,677 DEBUG    ('127.0.0.1', 52504) - ASGI [297] Started
2019-10-19 21:57:07,677 DEBUG    ('127.0.0.1', 52504) - ASGI [297] Sent {'type': 'http.request', 'body': '<291 bytes>', 'more_body': False}
2019-10-19 21:57:07,678 DEBUG    received items: https://cdn.connectad.io/connectmyusers.php,https://cdn.connectad.io/connectmyusers.php,https://cdn.connectad.io/connectmyusers.php,https://cdn.connectad.io/connectmyusers.php,https://cdn.connectad.io/connectmyusers.php,https://cdn.connectad.io/connectmyusers.php
2019-10-19 21:57:07,679 DEBUG    save to sessions_items.log
2019-10-19 21:57:07,679 DEBUG    ('127.0.0.1', 52504) - ASGI [297] Received {'type': 'http.response.start', 'status': 200, 'headers': '<...>'}
2019-10-19 21:57:07,679 INFO     ('127.0.0.1', 52504) - "POST /predict_next HTTP/1.1" 200
2019-10-19 21:57:07,679 DEBUG    ('127.0.0.1', 52504) - ASGI [297] Received {'type': 'http.response.body', 'body': '<107 bytes>'}
2019-10-19 21:57:07,680 DEBUG    ('127.0.0.1', 52504) - ASGI [297] Completed
2019-10-19 21:57:07,874 DEBUG    ('127.0.0.1', 52464) - ASGI [298] Started
2019-10-19 21:57:07,874 DEBUG    ('127.0.0.1', 52464) - ASGI [298] Sent {'type': 'http.request', 'body': '<1133 bytes>', 'more_body': False}
2019-10-19 21:57:07,875 DEBUG    received items: https://acdn.adnxs.com/ib/static/usersync/v3/async_usersync.html,https://acdn.adnxs.com/ib/static/usersync/v3/async_usersync.html,https://acdn.adnxs.com/ib/static/usersync/v3/async_usersync.html,https://acdn.adnxs.com/ib/static/usersync/v3/async_usersync.html,https://acdn.adnxs.com/dmp/async_usersync.html?gdpr=0&gdpr_consent=BOotXHgOotXHgDlABAENCr-AAAAm-AdAACAAoABsAGAAZAA4ACAAEgALQAZAA0ABwAD6AIoAjABMgCgAKIAWwA0ACEAEVAI4AkABNACfAFKALcAcgA_QDMAJPATe&seller_id=8738&pub_id=1184100,https://acdn.adnxs.com/ib/static/usersync/v3/async_usersync.html,https://acdn.adnxs.com/ib/static/usersync/v3/async_usersync.html,https://acdn.adnxs.com/ib/static/usersync/v3/async_usersync.html,https://acdn.adnxs.com/ib/static/usersync/v3/async_usersync.html,https://acdn.adnxs.com/dmp/async_usersync.html?gdpr=0&gdpr_consent=BOotXVOOotXVODlABAENCr-AAAAm-AdAACAAoABsAGAAZAA4ACAAEgALQAZAA0ABwAD6AIoAjABMgCgAKIAWwA0ACEAEVAI4AkABNACfAFKALcAcgA_QDMAJPATe&seller_id=8738&pub_id=1184100,https://acdn.adnxs.com/ib/static/usersync/v3/async_usersync.html,https://acdn.adnxs.com/ib/static/usersync/v3/async_usersync.html
2019-10-19 21:57:07,875 DEBUG    save to sessions_items.log
2019-10-19 21:57:07,876 DEBUG    ('127.0.0.1', 52464) - ASGI [298] Received {'type': 'http.response.start', 'status': 200, 'headers': '<...>'}
2019-10-19 21:57:07,876 INFO     ('127.0.0.1', 52464) - "POST /predict_next HTTP/1.1" 200
2019-10-19 21:57:07,876 DEBUG    ('127.0.0.1', 52464) - ASGI [298] Received {'type': 'http.response.body', 'body': '<149 bytes>'}
2019-10-19 21:57:07,876 DEBUG    ('127.0.0.1', 52464) - ASGI [298] Completed
2019-10-19 21:57:07,922 DEBUG    ('127.0.0.1', 52504) - ASGI [299] Started
2019-10-19 21:57:07,923 DEBUG    ('127.0.0.1', 52504) - ASGI [299] Sent {'type': 'http.request', 'body': '<5368 bytes>', 'more_body': False}
2019-10-19 21:57:07,924 DEBUG    received items: https://ads.pubmatic.com/AdServer/js/user_sync.html?p=156011&s=165626&predirect=https%3A%2F%2Fs.amazon-adsystem.com%2Fecm3%3Fid%3DPM_UID%26ex%3Dpubmatic.com&userIdMacro=PM_UID,https://ads.pubmatic.com/AdServer/js/showad.js#PIX&kdntuid=1&SPug=true&p=156011&s=165626&predirect=https%3A%2F%2Fs.amazon-adsystem.com%2Fecm3%3Fid%3DPM_UID%26ex%3Dpubmatic.com&userIdMacro=PM_UID&it=0&gdpr=0&np=0,https://ads.pubmatic.com/AdServer/js/showad.js#PIX&kdntuid=1&p=1743386&gdpr=0&gdpr_consent=BOotW_eOotW_eDlABAENCr-AAAAm-AdAACAAoABsAGAAZAA4ACAAEgALQAZAA0ABwAD6AIoAjABMgCgAKIAWwA0ACEAEVAI4AkABNACfAFKALcAcgA_QDMAJPATe,https://ads.pubmatic.com/AdServer/js/showad.js#PIX&kdntuid=1&p=157369&gdpr=0&gdpr_consent=BOotW_eOotW_eDlABAENCr-AAAAm-AdAACAAoABsAGAAZAA4ACAAEgALQAZAA0ABwAD6AIoAjABMgCgAKIAWwA0ACEAEVAI4AkABNACfAFKALcAcgA_QDMAJPATe,https://ads.pubmatic.com/AdServer/js/user_sync.html?p=156077&predirect=https%3A%2F%2Fsync-eu.connectad.io%2Fsyncer%2F1%3Fdataid%3Ddata1%26uuid%3D,https://ads.pubmatic.com/AdServer/js/user_sync.html?p=156077&predirect=https%3A%2F%2Fsync-eu.connectad.io%2Fsyncer%2F1%3Fdataid%3Ddata1%26uuid%3D,https://ads.pubmatic.com/AdServer/js/showad.js#PIX&kdntuid=1&SPug=true&p=156077&predirect=https%3A%2F%2Fsync-eu.connectad.io%2Fsyncer%2F1%3Fdataid%3Ddata1%26uuid%3D&it=0&gdpr=0&np=0,https://ads.pubmatic.com/AdServer/js/showad.js#PIX&kdntuid=1&p=157369&gdpr=0&gdpr_consent=BOotW_eOotW_eDlABAENCr-AAAAm-AdAACAAoABsAGAAZAA4ACAAEgALQAZAA0ABwAD6AIoAjABMgCgAKIAWwA0ACEAEVAI4AkABNACfAFKALcAcgA_QDMAJPATe,https://ads.pubmatic.com/AdServer/js/showad.js#PIX&kdntuid=1&SPug=true&p=156077&predirect=https%3A%2F%2Fsync-eu.connectad.io%2Fsyncer%2F1%3Fdataid%3Ddata1%26uuid%3D&it=0&gdpr=1&gdpr_consent=BOotW_eOotW_eDlABAENCr-AAAAm-AdAACAAoABsAGAAZAA4ACAAEgALQAZAA0ABwAD6AIoAjABMgCgAKIAWwA0ACEAEVAI4AkABNACfAFKALcAcgA_QDMAJPATe&np=0,https://ads.pubmatic.com/AdServer/js/user_sync.html?gdpr_consent=&p=156423&predirect=https%3A%2F%2Fcms-xch.33across.com%2Fmatch%3Fgdpr%3D0%26gdpr_58%3D%26gdpr_consent%3D%26bidder_id%3D25%26external_user_id%3D,https://ads.pubmatic.com/AdServer/js/showad.js#PIX&kdntuid=1&p=157369&gdpr=0&gdpr_consent=BOotW_eOotW_eDlABAENCr-AAAAm-AdAACAAoABsAGAAZAA4ACAAEgALQAZAA0ABwAD6AIoAjABMgCgAKIAWwA0ACEAEVAI4AkABNACfAFKALcAcgA_QDMAJPATe,https://ads.pubmatic.com/AdServer/js/showad.js#PIX&kdntuid=1&SPug=true&p=156077&predirect=https%3A%2F%2Fsync-eu.connectad.io%2Fsyncer%2F1%3Fdataid%3Ddata1%26uuid%3D&it=0&gdpr=1&gdpr_consent=BOotW_eOotW_eDlABAENCr-AAAAm-AdAACAAoABsAGAAZAA4ACAAEgALQAZAA0ABwAD6AIoAjABMgCgAKIAWwA0ACEAEVAI4AkABNACfAFKALcAcgA_QDMAJPATe&np=0,https://ads.pubmatic.com/AdServer/js/showad.js#PIX&kdntuid=1&SPug=true&p=156423&predirect=https%3A%2F%2Fcms-xch.33across.com%2Fmatch%3Fgdpr%3D0%26gdpr_58%3D%26gdpr_consent%3D%26bidder_id%3D25%26external_user_id%3D&it=0&gdpr=0&np=0,https://ads.pubmatic.com/AdServer/js/showad.js#PIX&kdntuid=1&SPug=true&p=156077&predirect=https%3A%2F%2Fsync-eu.connectad.io%2Fsyncer%2F1%3Fdataid%3Ddata1%26uuid%3D&it=0&gdpr=1&gdpr_consent=BOotW_eOotW_eDlABAENCr-AAAAm-AdAACAAoABsAGAAZAA4ACAAEgALQAZAA0ABwAD6AIoAjABMgCgAKIAWwA0ACEAEVAI4AkABNACfAFKALcAcgA_QDMAJPATe&np=0,https://ads.pubmatic.com/AdServer/js/showad.js#PIX&kdntuid=1&SPug=true&p=156423&predirect=https%3A%2F%2Fcms-xch.33across.com%2Fmatch%3Fgdpr%3D0%26gdpr_58%3D%26gdpr_consent%3D%26bidder_id%3D25%26external_user_id%3D&it=0&gdpr=0&np=0,https://ads.pubmatic.com/AdServer/js/showad.js#PIX&kdntuid=1&SPug=true&p=156011&s=165626&predirect=https%3A%2F%2Fs.amazon-adsystem.com%2Fecm3%3Fid%3DPM_UID%26ex%3Dpubmatic.com&userIdMacro=PM_UID&it=0&gdpr=0&np=0,https://ads.pubmatic.com/AdServer/js/showad.js#PIX&ptask=DSP&SPug=1&fp=1&mpc=10&u=9D0A4133-29CB-4408-ABCC-8C799074A43D&p=157369&s=332539&d=2&cp=0&sc=1&rs=0&os=0,https://ads.pubmatic.com/AdServer/js/showad.js#PIX&kdntuid=1&p=157369&gdpr=0&gdpr_consent=BOotXHgOotXHgDlABAENCr-AAAAm-AdAACAAoABsAGAAZAA4ACAAEgALQAZAA0ABwAD6AIoAjABMgCgAKIAWwA0ACEAEVAI4AkABNACfAFKALcAcgA_QDMAJPATe,https://ads.pubmatic.com/AdServer/js/showad.js#PIX&kdntuid=1&p=1743386&gdpr=0&gdpr_consent=BOotXHgOotXHgDlABAENCr-AAAAm-AdAACAAoABsAGAAZAA4ACAAEgALQAZAA0ABwAD6AIoAjABMgCgAKIAWwA0ACEAEVAI4AkABNACfAFKALcAcgA_QDMAJPATe,https://ads.pubmatic.com/AdServer/js/user_sync.html?p=156077&predirect=https%3A%2F%2Fsync-eu.connectad.io%2Fsyncer%2F1%3Fdataid%3Ddata1%26uuid%3D,https://ads.pubmatic.com/AdServer/js/user_sync.html?p=156077&predirect=https%3A%2F%2Fsync-eu.connectad.io%2Fsyncer%2F1%3Fdataid%3Ddata1%26uuid%3D,https://ads.pubmatic.com/AdServer/js/showad.js#PIX&kdntuid=1&SPug=true&p=156077&predirect=https%3A%2F%2Fsync-eu.connectad.io%2Fsyncer%2F1%3Fdataid%3Ddata1%26uuid%3D&it=0&gdpr=1&gdpr_consent=BOotW_eOotW_eDlABAENCr-AAAAm-AdAACAAoABsAGAAZAA4ACAAEgALQAZAA0ABwAD6AIoAjABMgCgAKIAWwA0ACEAEVAI4AkABNACfAFKALcAcgA_QDMAJPATe&np=0,https://ads.pubmatic.com/AdServer/js/showad.js#PIX&kdntuid=1&SPug=true&p=156077&predirect=https%3A%2F%2Fsync-eu.connectad.io%2Fsyncer%2F1%3Fdataid%3Ddata1%26uuid%3D&it=0&gdpr=1&gdpr_consent=BOotW_eOotW_eDlABAENCr-AAAAm-AdAACAAoABsAGAAZAA4ACAAEgALQAZAA0ABwAD6AIoAjABMgCgAKIAWwA0ACEAEVAI4AkABNACfAFKALcAcgA_QDMAJPATe&np=0,https://ads.pubmatic.com/AdServer/js/showad.js#PIX&kdntuid=1&p=157369&gdpr=0&gdpr_consent=BOotXVOOotXVODlABAENCr-AAAAm-AdAACAAoABsAGAAZAA4ACAAEgALQAZAA0ABwAD6AIoAjABMgCgAKIAWwA0ACEAEVAI4AkABNACfAFKALcAcgA_QDMAJPATe
2019-10-19 21:57:07,926 DEBUG    save to sessions_items.log
2019-10-19 21:57:07,926 DEBUG    ('127.0.0.1', 52504) - ASGI [299] Received {'type': 'http.response.start', 'status': 200, 'headers': '<...>'}
2019-10-19 21:57:07,927 INFO     ('127.0.0.1', 52504) - "POST /predict_next HTTP/1.1" 200
2019-10-19 21:57:07,927 DEBUG    ('127.0.0.1', 52504) - ASGI [299] Received {'type': 'http.response.body', 'body': '<449 bytes>'}
2019-10-19 21:57:07,927 DEBUG    ('127.0.0.1', 52504) - ASGI [299] Completed
2019-10-19 21:57:07,940 DEBUG    ('127.0.0.1', 52464) - ASGI [300] Started
2019-10-19 21:57:07,940 DEBUG    ('127.0.0.1', 52464) - ASGI [300] Sent {'type': 'http.request', 'body': '<1394 bytes>', 'more_body': False}
2019-10-19 21:57:07,944 DEBUG    received items: https://us-u.openx.net/w/1.0/pd?plm=6&ph=8a7ca719-8c2c-4c16-98ad-37ac6dbf26e9&gdpr=0&gdpr_consent=BOotW_eOotW_eDlABAENCr-AAAAm-AdAACAAoABsAGAAZAA4ACAAEgALQAZAA0ABwAD6AIoAjABMgCgAKIAWwA0ACEAEVAI4AkABNACfAFKALcAcgA_QDMAJPATe,https://us-u.openx.net/w/1.0/pd?plm=6&ph=8a7ca719-8c2c-4c16-98ad-37ac6dbf26e9&gdpr=0&gdpr_consent=BOotW_eOotW_eDlABAENCr-AAAAm-AdAACAAoABsAGAAZAA4ACAAEgALQAZAA0ABwAD6AIoAjABMgCgAKIAWwA0ACEAEVAI4AkABNACfAFKALcAcgA_QDMAJPATe,https://us-u.openx.net/w/1.0/cm?id=c6a5ba0d-ce02-41bd-a1ea-842c68bd5108&ph=8f5ed5d4-642c-4222-968a-d709c87ac3c8&gdpr_consent=&r=https%3A%2F%2Fcms-xch.33across.com%2Fmatch%3Fgdpr%3D0%26gdpr_58%3D%26gdpr_consent%3D%26bidder_id%3D70%26external_user_id%3D,https://us-u.openx.net/w/1.0/pd?plm=6&ph=8a7ca719-8c2c-4c16-98ad-37ac6dbf26e9&gdpr=0&gdpr_consent=BOotXHgOotXHgDlABAENCr-AAAAm-AdAACAAoABsAGAAZAA4ACAAEgALQAZAA0ABwAD6AIoAjABMgCgAKIAWwA0ACEAEVAI4AkABNACfAFKALcAcgA_QDMAJPATe,https://us-u.openx.net/w/1.0/pd?plm=6&ph=8a7ca719-8c2c-4c16-98ad-37ac6dbf26e9&gdpr=0&gdpr_consent=BOotXHgOotXHgDlABAENCr-AAAAm-AdAACAAoABsAGAAZAA4ACAAEgALQAZAA0ABwAD6AIoAjABMgCgAKIAWwA0ACEAEVAI4AkABNACfAFKALcAcgA_QDMAJPATe,https://us-u.openx.net/w/1.0/pd?plm=6&ph=8a7ca719-8c2c-4c16-98ad-37ac6dbf26e9&gdpr=0&gdpr_consent=BOotXVOOotXVODlABAENCr-AAAAm-AdAACAAoABsAGAAZAA4ACAAEgALQAZAA0ABwAD6AIoAjABMgCgAKIAWwA0ACEAEVAI4AkABNACfAFKALcAcgA_QDMAJPATe
2019-10-19 21:57:07,944 DEBUG    save to sessions_items.log
2019-10-19 21:57:07,945 DEBUG    ('127.0.0.1', 52464) - ASGI [300] Received {'type': 'http.response.start', 'status': 200, 'headers': '<...>'}
2019-10-19 21:57:07,945 INFO     ('127.0.0.1', 52464) - "POST /predict_next HTTP/1.1" 200
2019-10-19 21:57:07,945 DEBUG    ('127.0.0.1', 52464) - ASGI [300] Received {'type': 'http.response.body', 'body': '<465 bytes>'}
2019-10-19 21:57:07,945 DEBUG    ('127.0.0.1', 52464) - ASGI [300] Completed
2019-10-19 21:57:07,946 DEBUG    ('127.0.0.1', 52492) - ASGI [301] Started
2019-10-19 21:57:07,946 DEBUG    ('127.0.0.1', 52492) - ASGI [301] Sent {'type': 'http.request', 'body': '<1619 bytes>', 'more_body': False}
2019-10-19 21:57:07,946 DEBUG    received items: https://us-u.openx.net/w/1.0/pd?plm=6&ph=8a7ca719-8c2c-4c16-98ad-37ac6dbf26e9&gdpr=0&gdpr_consent=BOotW_eOotW_eDlABAENCr-AAAAm-AdAACAAoABsAGAAZAA4ACAAEgALQAZAA0ABwAD6AIoAjABMgCgAKIAWwA0ACEAEVAI4AkABNACfAFKALcAcgA_QDMAJPATe,https://us-u.openx.net/w/1.0/pd?plm=6&ph=8a7ca719-8c2c-4c16-98ad-37ac6dbf26e9&gdpr=0&gdpr_consent=BOotW_eOotW_eDlABAENCr-AAAAm-AdAACAAoABsAGAAZAA4ACAAEgALQAZAA0ABwAD6AIoAjABMgCgAKIAWwA0ACEAEVAI4AkABNACfAFKALcAcgA_QDMAJPATe,https://us-u.openx.net/w/1.0/cm?id=c6a5ba0d-ce02-41bd-a1ea-842c68bd5108&ph=8f5ed5d4-642c-4222-968a-d709c87ac3c8&gdpr_consent=&r=https%3A%2F%2Fcms-xch.33across.com%2Fmatch%3Fgdpr%3D0%26gdpr_58%3D%26gdpr_consent%3D%26bidder_id%3D70%26external_user_id%3D,https://us-u.openx.net/w/1.0/pd?plm=6&ph=8a7ca719-8c2c-4c16-98ad-37ac6dbf26e9&gdpr=0&gdpr_consent=BOotXHgOotXHgDlABAENCr-AAAAm-AdAACAAoABsAGAAZAA4ACAAEgALQAZAA0ABwAD6AIoAjABMgCgAKIAWwA0ACEAEVAI4AkABNACfAFKALcAcgA_QDMAJPATe,https://us-u.openx.net/w/1.0/pd?plm=6&ph=8a7ca719-8c2c-4c16-98ad-37ac6dbf26e9&gdpr=0&gdpr_consent=BOotXHgOotXHgDlABAENCr-AAAAm-AdAACAAoABsAGAAZAA4ACAAEgALQAZAA0ABwAD6AIoAjABMgCgAKIAWwA0ACEAEVAI4AkABNACfAFKALcAcgA_QDMAJPATe,https://us-u.openx.net/w/1.0/pd?plm=6&ph=8a7ca719-8c2c-4c16-98ad-37ac6dbf26e9&gdpr=0&gdpr_consent=BOotXVOOotXVODlABAENCr-AAAAm-AdAACAAoABsAGAAZAA4ACAAEgALQAZAA0ABwAD6AIoAjABMgCgAKIAWwA0ACEAEVAI4AkABNACfAFKALcAcgA_QDMAJPATe,https://us-u.openx.net/w/1.0/pd?plm=6&ph=8a7ca719-8c2c-4c16-98ad-37ac6dbf26e9&gdpr=0&gdpr_consent=BOotXVOOotXVODlABAENCr-AAAAm-AdAACAAoABsAGAAZAA4ACAAEgALQAZAA0ABwAD6AIoAjABMgCgAKIAWwA0ACEAEVAI4AkABNACfAFKALcAcgA_QDMAJPATe
2019-10-19 21:57:07,947 DEBUG    save to sessions_items.log
2019-10-19 21:57:07,948 DEBUG    ('127.0.0.1', 52492) - ASGI [301] Received {'type': 'http.response.start', 'status': 200, 'headers': '<...>'}
2019-10-19 21:57:07,948 INFO     ('127.0.0.1', 52492) - "POST /predict_next HTTP/1.1" 200
2019-10-19 21:57:07,948 DEBUG    ('127.0.0.1', 52492) - ASGI [301] Received {'type': 'http.response.body', 'body': '<465 bytes>'}
2019-10-19 21:57:07,948 DEBUG    ('127.0.0.1', 52492) - ASGI [301] Completed
2019-10-19 21:57:08,152 DEBUG    ('127.0.0.1', 52464) - ASGI [302] Started
2019-10-19 21:57:08,152 DEBUG    ('127.0.0.1', 52464) - ASGI [302] Sent {'type': 'http.request', 'body': '<1200 bytes>', 'more_body': False}
2019-10-19 21:57:08,153 DEBUG    received items: https://acdn.adnxs.com/ib/static/usersync/v3/async_usersync.html,https://acdn.adnxs.com/ib/static/usersync/v3/async_usersync.html,https://acdn.adnxs.com/ib/static/usersync/v3/async_usersync.html,https://acdn.adnxs.com/ib/static/usersync/v3/async_usersync.html,https://acdn.adnxs.com/dmp/async_usersync.html?gdpr=0&gdpr_consent=BOotXHgOotXHgDlABAENCr-AAAAm-AdAACAAoABsAGAAZAA4ACAAEgALQAZAA0ABwAD6AIoAjABMgCgAKIAWwA0ACEAEVAI4AkABNACfAFKALcAcgA_QDMAJPATe&seller_id=8738&pub_id=1184100,https://acdn.adnxs.com/ib/static/usersync/v3/async_usersync.html,https://acdn.adnxs.com/ib/static/usersync/v3/async_usersync.html,https://acdn.adnxs.com/ib/static/usersync/v3/async_usersync.html,https://acdn.adnxs.com/ib/static/usersync/v3/async_usersync.html,https://acdn.adnxs.com/dmp/async_usersync.html?gdpr=0&gdpr_consent=BOotXVOOotXVODlABAENCr-AAAAm-AdAACAAoABsAGAAZAA4ACAAEgALQAZAA0ABwAD6AIoAjABMgCgAKIAWwA0ACEAEVAI4AkABNACfAFKALcAcgA_QDMAJPATe&seller_id=8738&pub_id=1184100,https://acdn.adnxs.com/ib/static/usersync/v3/async_usersync.html,https://acdn.adnxs.com/ib/static/usersync/v3/async_usersync.html,https://acdn.adnxs.com/ib/static/usersync/v3/async_usersync.html
2019-10-19 21:57:08,153 DEBUG    save to sessions_items.log
2019-10-19 21:57:08,153 DEBUG    ('127.0.0.1', 52464) - ASGI [302] Received {'type': 'http.response.start', 'status': 200, 'headers': '<...>'}
2019-10-19 21:57:08,154 INFO     ('127.0.0.1', 52464) - "POST /predict_next HTTP/1.1" 200
2019-10-19 21:57:08,154 DEBUG    ('127.0.0.1', 52464) - ASGI [302] Received {'type': 'http.response.body', 'body': '<149 bytes>'}
2019-10-19 21:57:08,154 DEBUG    ('127.0.0.1', 52464) - ASGI [302] Completed
2019-10-19 21:57:08,172 DEBUG    ('127.0.0.1', 52492) - ASGI [303] Started
2019-10-19 21:57:08,173 DEBUG    ('127.0.0.1', 52492) - ASGI [303] Sent {'type': 'http.request', 'body': '<1267 bytes>', 'more_body': False}
2019-10-19 21:57:08,173 DEBUG    received items: https://acdn.adnxs.com/ib/static/usersync/v3/async_usersync.html,https://acdn.adnxs.com/ib/static/usersync/v3/async_usersync.html,https://acdn.adnxs.com/ib/static/usersync/v3/async_usersync.html,https://acdn.adnxs.com/ib/static/usersync/v3/async_usersync.html,https://acdn.adnxs.com/dmp/async_usersync.html?gdpr=0&gdpr_consent=BOotXHgOotXHgDlABAENCr-AAAAm-AdAACAAoABsAGAAZAA4ACAAEgALQAZAA0ABwAD6AIoAjABMgCgAKIAWwA0ACEAEVAI4AkABNACfAFKALcAcgA_QDMAJPATe&seller_id=8738&pub_id=1184100,https://acdn.adnxs.com/ib/static/usersync/v3/async_usersync.html,https://acdn.adnxs.com/ib/static/usersync/v3/async_usersync.html,https://acdn.adnxs.com/ib/static/usersync/v3/async_usersync.html,https://acdn.adnxs.com/ib/static/usersync/v3/async_usersync.html,https://acdn.adnxs.com/dmp/async_usersync.html?gdpr=0&gdpr_consent=BOotXVOOotXVODlABAENCr-AAAAm-AdAACAAoABsAGAAZAA4ACAAEgALQAZAA0ABwAD6AIoAjABMgCgAKIAWwA0ACEAEVAI4AkABNACfAFKALcAcgA_QDMAJPATe&seller_id=8738&pub_id=1184100,https://acdn.adnxs.com/ib/static/usersync/v3/async_usersync.html,https://acdn.adnxs.com/ib/static/usersync/v3/async_usersync.html,https://acdn.adnxs.com/ib/static/usersync/v3/async_usersync.html,https://acdn.adnxs.com/ib/static/usersync/v3/async_usersync.html
2019-10-19 21:57:08,173 DEBUG    save to sessions_items.log
2019-10-19 21:57:08,174 DEBUG    ('127.0.0.1', 52492) - ASGI [303] Received {'type': 'http.response.start', 'status': 200, 'headers': '<...>'}
2019-10-19 21:57:08,174 INFO     ('127.0.0.1', 52492) - "POST /predict_next HTTP/1.1" 200
2019-10-19 21:57:08,174 DEBUG    ('127.0.0.1', 52492) - ASGI [303] Received {'type': 'http.response.body', 'body': '<149 bytes>'}
2019-10-19 21:57:08,174 DEBUG    ('127.0.0.1', 52492) - ASGI [303] Completed
2019-10-19 21:57:08,174 DEBUG    ('127.0.0.1', 52504) - ASGI [304] Started
2019-10-19 21:57:08,174 DEBUG    ('127.0.0.1', 52504) - ASGI [304] Sent {'type': 'http.request', 'body': '<5586 bytes>', 'more_body': False}
2019-10-19 21:57:08,175 DEBUG    received items: https://ads.pubmatic.com/AdServer/js/user_sync.html?p=156011&s=165626&predirect=https%3A%2F%2Fs.amazon-adsystem.com%2Fecm3%3Fid%3DPM_UID%26ex%3Dpubmatic.com&userIdMacro=PM_UID,https://ads.pubmatic.com/AdServer/js/showad.js#PIX&kdntuid=1&SPug=true&p=156011&s=165626&predirect=https%3A%2F%2Fs.amazon-adsystem.com%2Fecm3%3Fid%3DPM_UID%26ex%3Dpubmatic.com&userIdMacro=PM_UID&it=0&gdpr=0&np=0,https://ads.pubmatic.com/AdServer/js/showad.js#PIX&kdntuid=1&p=1743386&gdpr=0&gdpr_consent=BOotW_eOotW_eDlABAENCr-AAAAm-AdAACAAoABsAGAAZAA4ACAAEgALQAZAA0ABwAD6AIoAjABMgCgAKIAWwA0ACEAEVAI4AkABNACfAFKALcAcgA_QDMAJPATe,https://ads.pubmatic.com/AdServer/js/showad.js#PIX&kdntuid=1&p=157369&gdpr=0&gdpr_consent=BOotW_eOotW_eDlABAENCr-AAAAm-AdAACAAoABsAGAAZAA4ACAAEgALQAZAA0ABwAD6AIoAjABMgCgAKIAWwA0ACEAEVAI4AkABNACfAFKALcAcgA_QDMAJPATe,https://ads.pubmatic.com/AdServer/js/user_sync.html?p=156077&predirect=https%3A%2F%2Fsync-eu.connectad.io%2Fsyncer%2F1%3Fdataid%3Ddata1%26uuid%3D,https://ads.pubmatic.com/AdServer/js/user_sync.html?p=156077&predirect=https%3A%2F%2Fsync-eu.connectad.io%2Fsyncer%2F1%3Fdataid%3Ddata1%26uuid%3D,https://ads.pubmatic.com/AdServer/js/showad.js#PIX&kdntuid=1&SPug=true&p=156077&predirect=https%3A%2F%2Fsync-eu.connectad.io%2Fsyncer%2F1%3Fdataid%3Ddata1%26uuid%3D&it=0&gdpr=0&np=0,https://ads.pubmatic.com/AdServer/js/showad.js#PIX&kdntuid=1&p=157369&gdpr=0&gdpr_consent=BOotW_eOotW_eDlABAENCr-AAAAm-AdAACAAoABsAGAAZAA4ACAAEgALQAZAA0ABwAD6AIoAjABMgCgAKIAWwA0ACEAEVAI4AkABNACfAFKALcAcgA_QDMAJPATe,https://ads.pubmatic.com/AdServer/js/showad.js#PIX&kdntuid=1&SPug=true&p=156077&predirect=https%3A%2F%2Fsync-eu.connectad.io%2Fsyncer%2F1%3Fdataid%3Ddata1%26uuid%3D&it=0&gdpr=1&gdpr_consent=BOotW_eOotW_eDlABAENCr-AAAAm-AdAACAAoABsAGAAZAA4ACAAEgALQAZAA0ABwAD6AIoAjABMgCgAKIAWwA0ACEAEVAI4AkABNACfAFKALcAcgA_QDMAJPATe&np=0,https://ads.pubmatic.com/AdServer/js/user_sync.html?gdpr_consent=&p=156423&predirect=https%3A%2F%2Fcms-xch.33across.com%2Fmatch%3Fgdpr%3D0%26gdpr_58%3D%26gdpr_consent%3D%26bidder_id%3D25%26external_user_id%3D,https://ads.pubmatic.com/AdServer/js/showad.js#PIX&kdntuid=1&p=157369&gdpr=0&gdpr_consent=BOotW_eOotW_eDlABAENCr-AAAAm-AdAACAAoABsAGAAZAA4ACAAEgALQAZAA0ABwAD6AIoAjABMgCgAKIAWwA0ACEAEVAI4AkABNACfAFKALcAcgA_QDMAJPATe,https://ads.pubmatic.com/AdServer/js/showad.js#PIX&kdntuid=1&SPug=true&p=156077&predirect=https%3A%2F%2Fsync-eu.connectad.io%2Fsyncer%2F1%3Fdataid%3Ddata1%26uuid%3D&it=0&gdpr=1&gdpr_consent=BOotW_eOotW_eDlABAENCr-AAAAm-AdAACAAoABsAGAAZAA4ACAAEgALQAZAA0ABwAD6AIoAjABMgCgAKIAWwA0ACEAEVAI4AkABNACfAFKALcAcgA_QDMAJPATe&np=0,https://ads.pubmatic.com/AdServer/js/showad.js#PIX&kdntuid=1&SPug=true&p=156423&predirect=https%3A%2F%2Fcms-xch.33across.com%2Fmatch%3Fgdpr%3D0%26gdpr_58%3D%26gdpr_consent%3D%26bidder_id%3D25%26external_user_id%3D&it=0&gdpr=0&np=0,https://ads.pubmatic.com/AdServer/js/showad.js#PIX&kdntuid=1&SPug=true&p=156077&predirect=https%3A%2F%2Fsync-eu.connectad.io%2Fsyncer%2F1%3Fdataid%3Ddata1%26uuid%3D&it=0&gdpr=1&gdpr_consent=BOotW_eOotW_eDlABAENCr-AAAAm-AdAACAAoABsAGAAZAA4ACAAEgALQAZAA0ABwAD6AIoAjABMgCgAKIAWwA0ACEAEVAI4AkABNACfAFKALcAcgA_QDMAJPATe&np=0,https://ads.pubmatic.com/AdServer/js/showad.js#PIX&kdntuid=1&SPug=true&p=156423&predirect=https%3A%2F%2Fcms-xch.33across.com%2Fmatch%3Fgdpr%3D0%26gdpr_58%3D%26gdpr_consent%3D%26bidder_id%3D25%26external_user_id%3D&it=0&gdpr=0&np=0,https://ads.pubmatic.com/AdServer/js/showad.js#PIX&kdntuid=1&SPug=true&p=156011&s=165626&predirect=https%3A%2F%2Fs.amazon-adsystem.com%2Fecm3%3Fid%3DPM_UID%26ex%3Dpubmatic.com&userIdMacro=PM_UID&it=0&gdpr=0&np=0,https://ads.pubmatic.com/AdServer/js/showad.js#PIX&ptask=DSP&SPug=1&fp=1&mpc=10&u=9D0A4133-29CB-4408-ABCC-8C799074A43D&p=157369&s=332539&d=2&cp=0&sc=1&rs=0&os=0,https://ads.pubmatic.com/AdServer/js/showad.js#PIX&kdntuid=1&p=157369&gdpr=0&gdpr_consent=BOotXHgOotXHgDlABAENCr-AAAAm-AdAACAAoABsAGAAZAA4ACAAEgALQAZAA0ABwAD6AIoAjABMgCgAKIAWwA0ACEAEVAI4AkABNACfAFKALcAcgA_QDMAJPATe,https://ads.pubmatic.com/AdServer/js/showad.js#PIX&kdntuid=1&p=1743386&gdpr=0&gdpr_consent=BOotXHgOotXHgDlABAENCr-AAAAm-AdAACAAoABsAGAAZAA4ACAAEgALQAZAA0ABwAD6AIoAjABMgCgAKIAWwA0ACEAEVAI4AkABNACfAFKALcAcgA_QDMAJPATe,https://ads.pubmatic.com/AdServer/js/user_sync.html?p=156077&predirect=https%3A%2F%2Fsync-eu.connectad.io%2Fsyncer%2F1%3Fdataid%3Ddata1%26uuid%3D,https://ads.pubmatic.com/AdServer/js/user_sync.html?p=156077&predirect=https%3A%2F%2Fsync-eu.connectad.io%2Fsyncer%2F1%3Fdataid%3Ddata1%26uuid%3D,https://ads.pubmatic.com/AdServer/js/showad.js#PIX&kdntuid=1&SPug=true&p=156077&predirect=https%3A%2F%2Fsync-eu.connectad.io%2Fsyncer%2F1%3Fdataid%3Ddata1%26uuid%3D&it=0&gdpr=1&gdpr_consent=BOotW_eOotW_eDlABAENCr-AAAAm-AdAACAAoABsAGAAZAA4ACAAEgALQAZAA0ABwAD6AIoAjABMgCgAKIAWwA0ACEAEVAI4AkABNACfAFKALcAcgA_QDMAJPATe&np=0,https://ads.pubmatic.com/AdServer/js/showad.js#PIX&kdntuid=1&SPug=true&p=156077&predirect=https%3A%2F%2Fsync-eu.connectad.io%2Fsyncer%2F1%3Fdataid%3Ddata1%26uuid%3D&it=0&gdpr=1&gdpr_consent=BOotW_eOotW_eDlABAENCr-AAAAm-AdAACAAoABsAGAAZAA4ACAAEgALQAZAA0ABwAD6AIoAjABMgCgAKIAWwA0ACEAEVAI4AkABNACfAFKALcAcgA_QDMAJPATe&np=0,https://ads.pubmatic.com/AdServer/js/showad.js#PIX&kdntuid=1&p=157369&gdpr=0&gdpr_consent=BOotXVOOotXVODlABAENCr-AAAAm-AdAACAAoABsAGAAZAA4ACAAEgALQAZAA0ABwAD6AIoAjABMgCgAKIAWwA0ACEAEVAI4AkABNACfAFKALcAcgA_QDMAJPATe,https://ads.pubmatic.com/AdServer/js/showad.js#PIX&kdntuid=1&p=1743386&gdpr=0&gdpr_consent=BOotXVOOotXVODlABAENCr-AAAAm-AdAACAAoABsAGAAZAA4ACAAEgALQAZAA0ABwAD6AIoAjABMgCgAKIAWwA0ACEAEVAI4AkABNACfAFKALcAcgA_QDMAJPATe
2019-10-19 21:57:08,175 DEBUG    save to sessions_items.log
2019-10-19 21:57:08,176 DEBUG    ('127.0.0.1', 52504) - ASGI [304] Received {'type': 'http.response.start', 'status': 200, 'headers': '<...>'}
2019-10-19 21:57:08,176 INFO     ('127.0.0.1', 52504) - "POST /predict_next HTTP/1.1" 200
2019-10-19 21:57:08,176 DEBUG    ('127.0.0.1', 52504) - ASGI [304] Received {'type': 'http.response.body', 'body': '<451 bytes>'}
2019-10-19 21:57:08,176 DEBUG    ('127.0.0.1', 52504) - ASGI [304] Completed
2019-10-19 21:57:08,642 DEBUG    ('127.0.0.1', 52504) - ASGI [305] Started
2019-10-19 21:57:08,643 DEBUG    ('127.0.0.1', 52504) - ASGI [305] Sent {'type': 'http.request', 'body': '<853 bytes>', 'more_body': False}
2019-10-19 21:57:08,643 DEBUG    received items: https://eus.rubiconproject.com/usync.html?gdpr=0&gdpr_consent=BOotW_eOotW_eDlABAENCr-AAAAm-AdAACAAoABsAGAAZAA4ACAAEgALQAZAA0ABwAD6AIoAjABMgCgAKIAWwA0ACEAEVAI4AkABNACfAFKALcAcgA_QDMAJPATe,https://eus.rubiconproject.com/usync.html?geo=na&co=us&s=ms2&gdpr_consent=BOotW_eOotW_eDlABAENCr-AAAAm-AdAACAAoABsAGAAZAA4ACAAEgALQAZAA0ABwAD6AIoAjABMgCgAKIAWwA0ACEAEVAI4AkABNACfAFKALcAcgA_QDMAJPATe&gdpr=0,https://eus.rubiconproject.com/usync.html?geo=na&co=us&s=ms2,https://eus.rubiconproject.com/usync.html?gdpr=0&gdpr_consent=BOotXHgOotXHgDlABAENCr-AAAAm-AdAACAAoABsAGAAZAA4ACAAEgALQAZAA0ABwAD6AIoAjABMgCgAKIAWwA0ACEAEVAI4AkABNACfAFKALcAcgA_QDMAJPATe,https://eus.rubiconproject.com/usync.html?gdpr=0&gdpr_consent=BOotXVOOotXVODlABAENCr-AAAAm-AdAACAAoABsAGAAZAA4ACAAEgALQAZAA0ABwAD6AIoAjABMgCgAKIAWwA0ACEAEVAI4AkABNACfAFKALcAcgA_QDMAJPATe
2019-10-19 21:57:08,643 DEBUG    save to sessions_items.log
2019-10-19 21:57:08,644 DEBUG    ('127.0.0.1', 52504) - ASGI [305] Received {'type': 'http.response.start', 'status': 200, 'headers': '<...>'}
2019-10-19 21:57:08,644 INFO     ('127.0.0.1', 52504) - "POST /predict_next HTTP/1.1" 200
2019-10-19 21:57:08,644 DEBUG    ('127.0.0.1', 52504) - ASGI [305] Received {'type': 'http.response.body', 'body': '<393 bytes>'}
2019-10-19 21:57:08,644 DEBUG    ('127.0.0.1', 52504) - ASGI [305] Completed
2019-10-19 21:57:09,073 DEBUG    ('127.0.0.1', 52504) - ASGI [306] Started
2019-10-19 21:57:09,073 DEBUG    ('127.0.0.1', 52504) - ASGI [306] Sent {'type': 'http.request', 'body': '<2799 bytes>', 'more_body': False}
2019-10-19 21:57:09,074 DEBUG    received items: https://sync-eu.connectad.io/syncer/1,https://sync-eu.connectad.io/syncer/1,https://sync-eu.connectad.io/syncer/1?dataid=data5&uuid=d72d00d2-5495-0f63-39d8-df2050bab74a,https://sync-eu.connectad.io/syncer/1?bidder=appnexus&dataid=data11&uuid=7981047338159745652,https://sync-eu.connectad.io/syncer/1?bidder=sovrn&dataid=data12&uuid=eeacabbfbee45592a442623f,https://sync-eu.connectad.io/syncer/1?bidder=idx&dataid=data13&uuid=Xau.Y9HM5zgAAEhoongAAAB9%26041,https://sync-eu.connectad.io/syncer/1?bidder=appnexus&dataid=data11&uuid=7981047338159745652,https://sync-eu.connectad.io/syncer/1?bidder=adform&dataid=data4&uuid=3912233068022959670,https://sync-eu.connectad.io/syncer/1?dataid=data5&uuid=d72d00d2-5495-0f63-39d8-df2050bab74a,https://sync-eu.connectad.io/syncer/1?bidder=sovrn&dataid=data12&uuid=eeacabbfbee45592a442623f,https://sync-eu.connectad.io/syncer/1?bidder=idx&dataid=data13&uuid=Xau.Y9HM5zgAAEhoongAAAB9%26041,https://sync-eu.connectad.io/pixel/1?dataid=data3&uuid=19fc55c8-262c-43d7-850b-18ee9ba53b56,https://sync-eu.connectad.io/pixel/1?dataid=data3&uuid=19fc55c8-262c-43d7-850b-18ee9ba53b56,https://sync-eu.connectad.io/syncer/1?dataid=data1&uuid=9D0A4133-29CB-4408-ABCC-8C799074A43D,https://sync-eu.connectad.io/syncer/1?dataid=data1&uuid=9D0A4133-29CB-4408-ABCC-8C799074A43D,https://sync-eu.connectad.io/syncer/1,https://sync-eu.connectad.io/syncer/1,https://sync-eu.connectad.io/syncer/1?bidder=adform&dataid=data4&uuid=3912233068022959670,https://sync-eu.connectad.io/syncer/1?bidder=appnexus&dataid=data11&uuid=7981047338159745652,https://sync-eu.connectad.io/syncer/1?dataid=data5&uuid=d72d00d2-5495-0f63-39d8-df2050bab74a,https://sync-eu.connectad.io/syncer/1?bidder=sovrn&dataid=data12&uuid=eeacabbfbee45592a442623f,https://sync-eu.connectad.io/syncer/1?bidder=idx&dataid=data13&uuid=Xau.Y9HM5zgAAEhoongAAAB9%26041,https://sync-eu.connectad.io/syncer/1?dataid=data5&uuid=d72d00d2-5495-0f63-39d8-df2050bab74a,https://sync-eu.connectad.io/syncer/1?bidder=appnexus&dataid=data11&uuid=7981047338159745652,https://sync-eu.connectad.io/syncer/1?bidder=adform&dataid=data4&uuid=3912233068022959670,https://sync-eu.connectad.io/syncer/1?bidder=sovrn&dataid=data12&uuid=eeacabbfbee45592a442623f,https://sync-eu.connectad.io/syncer/1?bidder=idx&dataid=data13&uuid=Xau.Y9HM5zgAAEhoongAAAB9%26041,https://sync-eu.connectad.io/pixel/1?dataid=data3&uuid=19fc55c8-262c-43d7-850b-18ee9ba53b56,https://sync-eu.connectad.io/syncer/1?dataid=data1&uuid=9D0A4133-29CB-4408-ABCC-8C799074A43D,https://sync-eu.connectad.io/pixel/1?dataid=data3&uuid=19fc55c8-262c-43d7-850b-18ee9ba53b56,https://sync-eu.connectad.io/syncer/1?dataid=data1&uuid=9D0A4133-29CB-4408-ABCC-8C799074A43D,https://sync-eu.connectad.io/syncer/1
2019-10-19 21:57:09,074 DEBUG    save to sessions_items.log
2019-10-19 21:57:09,075 DEBUG    ('127.0.0.1', 52504) - ASGI [306] Received {'type': 'http.response.start', 'status': 200, 'headers': '<...>'}
2019-10-19 21:57:09,075 INFO     ('127.0.0.1', 52504) - "POST /predict_next HTTP/1.1" 200
2019-10-19 21:57:09,075 DEBUG    ('127.0.0.1', 52504) - ASGI [306] Received {'type': 'http.response.body', 'body': '<95 bytes>'}
2019-10-19 21:57:09,075 DEBUG    ('127.0.0.1', 52504) - ASGI [306] Completed
2019-10-19 21:57:09,491 DEBUG    ('127.0.0.1', 52504) - ASGI [307] Started
2019-10-19 21:57:09,492 DEBUG    ('127.0.0.1', 52504) - ASGI [307] Sent {'type': 'http.request', 'body': '<2839 bytes>', 'more_body': False}
2019-10-19 21:57:09,492 DEBUG    received items: https://sync-eu.connectad.io/syncer/1,https://sync-eu.connectad.io/syncer/1,https://sync-eu.connectad.io/syncer/1?dataid=data5&uuid=d72d00d2-5495-0f63-39d8-df2050bab74a,https://sync-eu.connectad.io/syncer/1?bidder=appnexus&dataid=data11&uuid=7981047338159745652,https://sync-eu.connectad.io/syncer/1?bidder=sovrn&dataid=data12&uuid=eeacabbfbee45592a442623f,https://sync-eu.connectad.io/syncer/1?bidder=idx&dataid=data13&uuid=Xau.Y9HM5zgAAEhoongAAAB9%26041,https://sync-eu.connectad.io/syncer/1?bidder=appnexus&dataid=data11&uuid=7981047338159745652,https://sync-eu.connectad.io/syncer/1?bidder=adform&dataid=data4&uuid=3912233068022959670,https://sync-eu.connectad.io/syncer/1?dataid=data5&uuid=d72d00d2-5495-0f63-39d8-df2050bab74a,https://sync-eu.connectad.io/syncer/1?bidder=sovrn&dataid=data12&uuid=eeacabbfbee45592a442623f,https://sync-eu.connectad.io/syncer/1?bidder=idx&dataid=data13&uuid=Xau.Y9HM5zgAAEhoongAAAB9%26041,https://sync-eu.connectad.io/pixel/1?dataid=data3&uuid=19fc55c8-262c-43d7-850b-18ee9ba53b56,https://sync-eu.connectad.io/pixel/1?dataid=data3&uuid=19fc55c8-262c-43d7-850b-18ee9ba53b56,https://sync-eu.connectad.io/syncer/1?dataid=data1&uuid=9D0A4133-29CB-4408-ABCC-8C799074A43D,https://sync-eu.connectad.io/syncer/1?dataid=data1&uuid=9D0A4133-29CB-4408-ABCC-8C799074A43D,https://sync-eu.connectad.io/syncer/1,https://sync-eu.connectad.io/syncer/1,https://sync-eu.connectad.io/syncer/1?bidder=adform&dataid=data4&uuid=3912233068022959670,https://sync-eu.connectad.io/syncer/1?bidder=appnexus&dataid=data11&uuid=7981047338159745652,https://sync-eu.connectad.io/syncer/1?dataid=data5&uuid=d72d00d2-5495-0f63-39d8-df2050bab74a,https://sync-eu.connectad.io/syncer/1?bidder=sovrn&dataid=data12&uuid=eeacabbfbee45592a442623f,https://sync-eu.connectad.io/syncer/1?bidder=idx&dataid=data13&uuid=Xau.Y9HM5zgAAEhoongAAAB9%26041,https://sync-eu.connectad.io/syncer/1?dataid=data5&uuid=d72d00d2-5495-0f63-39d8-df2050bab74a,https://sync-eu.connectad.io/syncer/1?bidder=appnexus&dataid=data11&uuid=7981047338159745652,https://sync-eu.connectad.io/syncer/1?bidder=adform&dataid=data4&uuid=3912233068022959670,https://sync-eu.connectad.io/syncer/1?bidder=sovrn&dataid=data12&uuid=eeacabbfbee45592a442623f,https://sync-eu.connectad.io/syncer/1?bidder=idx&dataid=data13&uuid=Xau.Y9HM5zgAAEhoongAAAB9%26041,https://sync-eu.connectad.io/pixel/1?dataid=data3&uuid=19fc55c8-262c-43d7-850b-18ee9ba53b56,https://sync-eu.connectad.io/syncer/1?dataid=data1&uuid=9D0A4133-29CB-4408-ABCC-8C799074A43D,https://sync-eu.connectad.io/pixel/1?dataid=data3&uuid=19fc55c8-262c-43d7-850b-18ee9ba53b56,https://sync-eu.connectad.io/syncer/1?dataid=data1&uuid=9D0A4133-29CB-4408-ABCC-8C799074A43D,https://sync-eu.connectad.io/syncer/1,https://sync-eu.connectad.io/syncer/1
2019-10-19 21:57:09,493 DEBUG    save to sessions_items.log
2019-10-19 21:57:09,493 DEBUG    ('127.0.0.1', 52504) - ASGI [307] Received {'type': 'http.response.start', 'status': 200, 'headers': '<...>'}
2019-10-19 21:57:09,494 INFO     ('127.0.0.1', 52504) - "POST /predict_next HTTP/1.1" 200
2019-10-19 21:57:09,494 DEBUG    ('127.0.0.1', 52504) - ASGI [307] Received {'type': 'http.response.body', 'body': '<95 bytes>'}
2019-10-19 21:57:09,494 DEBUG    ('127.0.0.1', 52504) - ASGI [307] Completed
2019-10-19 21:57:09,496 DEBUG    ('127.0.0.1', 52492) - ASGI [308] Started
2019-10-19 21:57:09,497 DEBUG    ('127.0.0.1', 52492) - ASGI [308] Sent {'type': 'http.request', 'body': '<853 bytes>', 'more_body': False}
2019-10-19 21:57:09,497 DEBUG    received items: https://dco-assets.everestads.net/ics-campaign/static/dco/html5-ad-script_v4.html?data=Xau53AAAL9j2ehJN,https://dco-assets.everestads.net/ics-campaign//5031/t/7178/7/728x90.html,https://dco-assets.everestads.net/ics-campaign/static/dco/html5-ad-script_v4.html?data=Xau_IQAABJf0skpQ,https://dco-assets.everestads.net/ics-campaign//5031/t/7178/7/728x90.html,https://dco-assets.everestads.net/ics-campaign/static/dco/html5-ad-script_v4.html?data=Xau_aQAABQ8uNUpQ,https://dco-assets.everestads.net/ics-campaign//5031/t/6459/13/160x600.html,https://dco-assets.everestads.net/ics-campaign/static/dco/html5-ad-script_v4.html?data=Xau_mwAAJTWhsmXG,https://dco-assets.everestads.net/ics-campaign//5031/t/6459/13/160x600.html,https://dco-assets.everestads.net/ics-campaign/static/dco/html5-ad-script_v4.html?data=Xau_8wAAImHpgWXG
2019-10-19 21:57:09,498 DEBUG    save to sessions_items.log
2019-10-19 21:57:09,498 DEBUG    ('127.0.0.1', 52492) - ASGI [308] Received {'type': 'http.response.start', 'status': 200, 'headers': '<...>'}
2019-10-19 21:57:09,498 INFO     ('127.0.0.1', 52492) - "POST /predict_next HTTP/1.1" 200
2019-10-19 21:57:09,499 DEBUG    ('127.0.0.1', 52492) - ASGI [308] Received {'type': 'http.response.body', 'body': '<227 bytes>'}
2019-10-19 21:57:09,499 DEBUG    ('127.0.0.1', 52492) - ASGI [308] Completed
2019-10-19 21:57:09,822 DEBUG    ('127.0.0.1', 52492) - ASGI [309] Started
2019-10-19 21:57:09,823 DEBUG    ('127.0.0.1', 52492) - ASGI [309] Sent {'type': 'http.request', 'body': '<5734 bytes>', 'more_body': False}
2019-10-19 21:57:09,823 DEBUG    received items: https://ads.pubmatic.com/AdServer/js/user_sync.html?p=156011&s=165626&predirect=https%3A%2F%2Fs.amazon-adsystem.com%2Fecm3%3Fid%3DPM_UID%26ex%3Dpubmatic.com&userIdMacro=PM_UID,https://ads.pubmatic.com/AdServer/js/showad.js#PIX&kdntuid=1&SPug=true&p=156011&s=165626&predirect=https%3A%2F%2Fs.amazon-adsystem.com%2Fecm3%3Fid%3DPM_UID%26ex%3Dpubmatic.com&userIdMacro=PM_UID&it=0&gdpr=0&np=0,https://ads.pubmatic.com/AdServer/js/showad.js#PIX&kdntuid=1&p=1743386&gdpr=0&gdpr_consent=BOotW_eOotW_eDlABAENCr-AAAAm-AdAACAAoABsAGAAZAA4ACAAEgALQAZAA0ABwAD6AIoAjABMgCgAKIAWwA0ACEAEVAI4AkABNACfAFKALcAcgA_QDMAJPATe,https://ads.pubmatic.com/AdServer/js/showad.js#PIX&kdntuid=1&p=157369&gdpr=0&gdpr_consent=BOotW_eOotW_eDlABAENCr-AAAAm-AdAACAAoABsAGAAZAA4ACAAEgALQAZAA0ABwAD6AIoAjABMgCgAKIAWwA0ACEAEVAI4AkABNACfAFKALcAcgA_QDMAJPATe,https://ads.pubmatic.com/AdServer/js/user_sync.html?p=156077&predirect=https%3A%2F%2Fsync-eu.connectad.io%2Fsyncer%2F1%3Fdataid%3Ddata1%26uuid%3D,https://ads.pubmatic.com/AdServer/js/user_sync.html?p=156077&predirect=https%3A%2F%2Fsync-eu.connectad.io%2Fsyncer%2F1%3Fdataid%3Ddata1%26uuid%3D,https://ads.pubmatic.com/AdServer/js/showad.js#PIX&kdntuid=1&SPug=true&p=156077&predirect=https%3A%2F%2Fsync-eu.connectad.io%2Fsyncer%2F1%3Fdataid%3Ddata1%26uuid%3D&it=0&gdpr=0&np=0,https://ads.pubmatic.com/AdServer/js/showad.js#PIX&kdntuid=1&p=157369&gdpr=0&gdpr_consent=BOotW_eOotW_eDlABAENCr-AAAAm-AdAACAAoABsAGAAZAA4ACAAEgALQAZAA0ABwAD6AIoAjABMgCgAKIAWwA0ACEAEVAI4AkABNACfAFKALcAcgA_QDMAJPATe,https://ads.pubmatic.com/AdServer/js/showad.js#PIX&kdntuid=1&SPug=true&p=156077&predirect=https%3A%2F%2Fsync-eu.connectad.io%2Fsyncer%2F1%3Fdataid%3Ddata1%26uuid%3D&it=0&gdpr=1&gdpr_consent=BOotW_eOotW_eDlABAENCr-AAAAm-AdAACAAoABsAGAAZAA4ACAAEgALQAZAA0ABwAD6AIoAjABMgCgAKIAWwA0ACEAEVAI4AkABNACfAFKALcAcgA_QDMAJPATe&np=0,https://ads.pubmatic.com/AdServer/js/user_sync.html?gdpr_consent=&p=156423&predirect=https%3A%2F%2Fcms-xch.33across.com%2Fmatch%3Fgdpr%3D0%26gdpr_58%3D%26gdpr_consent%3D%26bidder_id%3D25%26external_user_id%3D,https://ads.pubmatic.com/AdServer/js/showad.js#PIX&kdntuid=1&p=157369&gdpr=0&gdpr_consent=BOotW_eOotW_eDlABAENCr-AAAAm-AdAACAAoABsAGAAZAA4ACAAEgALQAZAA0ABwAD6AIoAjABMgCgAKIAWwA0ACEAEVAI4AkABNACfAFKALcAcgA_QDMAJPATe,https://ads.pubmatic.com/AdServer/js/showad.js#PIX&kdntuid=1&SPug=true&p=156077&predirect=https%3A%2F%2Fsync-eu.connectad.io%2Fsyncer%2F1%3Fdataid%3Ddata1%26uuid%3D&it=0&gdpr=1&gdpr_consent=BOotW_eOotW_eDlABAENCr-AAAAm-AdAACAAoABsAGAAZAA4ACAAEgALQAZAA0ABwAD6AIoAjABMgCgAKIAWwA0ACEAEVAI4AkABNACfAFKALcAcgA_QDMAJPATe&np=0,https://ads.pubmatic.com/AdServer/js/showad.js#PIX&kdntuid=1&SPug=true&p=156423&predirect=https%3A%2F%2Fcms-xch.33across.com%2Fmatch%3Fgdpr%3D0%26gdpr_58%3D%26gdpr_consent%3D%26bidder_id%3D25%26external_user_id%3D&it=0&gdpr=0&np=0,https://ads.pubmatic.com/AdServer/js/showad.js#PIX&kdntuid=1&SPug=true&p=156077&predirect=https%3A%2F%2Fsync-eu.connectad.io%2Fsyncer%2F1%3Fdataid%3Ddata1%26uuid%3D&it=0&gdpr=1&gdpr_consent=BOotW_eOotW_eDlABAENCr-AAAAm-AdAACAAoABsAGAAZAA4ACAAEgALQAZAA0ABwAD6AIoAjABMgCgAKIAWwA0ACEAEVAI4AkABNACfAFKALcAcgA_QDMAJPATe&np=0,https://ads.pubmatic.com/AdServer/js/showad.js#PIX&kdntuid=1&SPug=true&p=156423&predirect=https%3A%2F%2Fcms-xch.33across.com%2Fmatch%3Fgdpr%3D0%26gdpr_58%3D%26gdpr_consent%3D%26bidder_id%3D25%26external_user_id%3D&it=0&gdpr=0&np=0,https://ads.pubmatic.com/AdServer/js/showad.js#PIX&kdntuid=1&SPug=true&p=156011&s=165626&predirect=https%3A%2F%2Fs.amazon-adsystem.com%2Fecm3%3Fid%3DPM_UID%26ex%3Dpubmatic.com&userIdMacro=PM_UID&it=0&gdpr=0&np=0,https://ads.pubmatic.com/AdServer/js/showad.js#PIX&ptask=DSP&SPug=1&fp=1&mpc=10&u=9D0A4133-29CB-4408-ABCC-8C799074A43D&p=157369&s=332539&d=2&cp=0&sc=1&rs=0&os=0,https://ads.pubmatic.com/AdServer/js/showad.js#PIX&kdntuid=1&p=157369&gdpr=0&gdpr_consent=BOotXHgOotXHgDlABAENCr-AAAAm-AdAACAAoABsAGAAZAA4ACAAEgALQAZAA0ABwAD6AIoAjABMgCgAKIAWwA0ACEAEVAI4AkABNACfAFKALcAcgA_QDMAJPATe,https://ads.pubmatic.com/AdServer/js/showad.js#PIX&kdntuid=1&p=1743386&gdpr=0&gdpr_consent=BOotXHgOotXHgDlABAENCr-AAAAm-AdAACAAoABsAGAAZAA4ACAAEgALQAZAA0ABwAD6AIoAjABMgCgAKIAWwA0ACEAEVAI4AkABNACfAFKALcAcgA_QDMAJPATe,https://ads.pubmatic.com/AdServer/js/user_sync.html?p=156077&predirect=https%3A%2F%2Fsync-eu.connectad.io%2Fsyncer%2F1%3Fdataid%3Ddata1%26uuid%3D,https://ads.pubmatic.com/AdServer/js/user_sync.html?p=156077&predirect=https%3A%2F%2Fsync-eu.connectad.io%2Fsyncer%2F1%3Fdataid%3Ddata1%26uuid%3D,https://ads.pubmatic.com/AdServer/js/showad.js#PIX&kdntuid=1&SPug=true&p=156077&predirect=https%3A%2F%2Fsync-eu.connectad.io%2Fsyncer%2F1%3Fdataid%3Ddata1%26uuid%3D&it=0&gdpr=1&gdpr_consent=BOotW_eOotW_eDlABAENCr-AAAAm-AdAACAAoABsAGAAZAA4ACAAEgALQAZAA0ABwAD6AIoAjABMgCgAKIAWwA0ACEAEVAI4AkABNACfAFKALcAcgA_QDMAJPATe&np=0,https://ads.pubmatic.com/AdServer/js/showad.js#PIX&kdntuid=1&SPug=true&p=156077&predirect=https%3A%2F%2Fsync-eu.connectad.io%2Fsyncer%2F1%3Fdataid%3Ddata1%26uuid%3D&it=0&gdpr=1&gdpr_consent=BOotW_eOotW_eDlABAENCr-AAAAm-AdAACAAoABsAGAAZAA4ACAAEgALQAZAA0ABwAD6AIoAjABMgCgAKIAWwA0ACEAEVAI4AkABNACfAFKALcAcgA_QDMAJPATe&np=0,https://ads.pubmatic.com/AdServer/js/showad.js#PIX&kdntuid=1&p=157369&gdpr=0&gdpr_consent=BOotXVOOotXVODlABAENCr-AAAAm-AdAACAAoABsAGAAZAA4ACAAEgALQAZAA0ABwAD6AIoAjABMgCgAKIAWwA0ACEAEVAI4AkABNACfAFKALcAcgA_QDMAJPATe,https://ads.pubmatic.com/AdServer/js/showad.js#PIX&kdntuid=1&p=1743386&gdpr=0&gdpr_consent=BOotXVOOotXVODlABAENCr-AAAAm-AdAACAAoABsAGAAZAA4ACAAEgALQAZAA0ABwAD6AIoAjABMgCgAKIAWwA0ACEAEVAI4AkABNACfAFKALcAcgA_QDMAJPATe,https://ads.pubmatic.com/AdServer/js/user_sync.html?p=156077&predirect=https%3A%2F%2Fsync-eu.connectad.io%2Fsyncer%2F1%3Fdataid%3Ddata1%26uuid%3D
2019-10-19 21:57:09,823 DEBUG    save to sessions_items.log
2019-10-19 21:57:09,824 DEBUG    ('127.0.0.1', 52492) - ASGI [309] Received {'type': 'http.response.start', 'status': 200, 'headers': '<...>'}
2019-10-19 21:57:09,824 INFO     ('127.0.0.1', 52492) - "POST /predict_next HTTP/1.1" 200
2019-10-19 21:57:09,824 DEBUG    ('127.0.0.1', 52492) - ASGI [309] Received {'type': 'http.response.body', 'body': '<311 bytes>'}
2019-10-19 21:57:09,824 DEBUG    ('127.0.0.1', 52492) - ASGI [309] Completed
2019-10-19 21:57:09,961 DEBUG    ('127.0.0.1', 52492) - ASGI [310] Started
2019-10-19 21:57:09,961 DEBUG    ('127.0.0.1', 52492) - ASGI [310] Sent {'type': 'http.request', 'body': '<2931 bytes>', 'more_body': False}
2019-10-19 21:57:09,962 DEBUG    received items: https://sync-eu.connectad.io/syncer/1,https://sync-eu.connectad.io/syncer/1,https://sync-eu.connectad.io/syncer/1?dataid=data5&uuid=d72d00d2-5495-0f63-39d8-df2050bab74a,https://sync-eu.connectad.io/syncer/1?bidder=appnexus&dataid=data11&uuid=7981047338159745652,https://sync-eu.connectad.io/syncer/1?bidder=sovrn&dataid=data12&uuid=eeacabbfbee45592a442623f,https://sync-eu.connectad.io/syncer/1?bidder=idx&dataid=data13&uuid=Xau.Y9HM5zgAAEhoongAAAB9%26041,https://sync-eu.connectad.io/syncer/1?bidder=appnexus&dataid=data11&uuid=7981047338159745652,https://sync-eu.connectad.io/syncer/1?bidder=adform&dataid=data4&uuid=3912233068022959670,https://sync-eu.connectad.io/syncer/1?dataid=data5&uuid=d72d00d2-5495-0f63-39d8-df2050bab74a,https://sync-eu.connectad.io/syncer/1?bidder=sovrn&dataid=data12&uuid=eeacabbfbee45592a442623f,https://sync-eu.connectad.io/syncer/1?bidder=idx&dataid=data13&uuid=Xau.Y9HM5zgAAEhoongAAAB9%26041,https://sync-eu.connectad.io/pixel/1?dataid=data3&uuid=19fc55c8-262c-43d7-850b-18ee9ba53b56,https://sync-eu.connectad.io/pixel/1?dataid=data3&uuid=19fc55c8-262c-43d7-850b-18ee9ba53b56,https://sync-eu.connectad.io/syncer/1?dataid=data1&uuid=9D0A4133-29CB-4408-ABCC-8C799074A43D,https://sync-eu.connectad.io/syncer/1?dataid=data1&uuid=9D0A4133-29CB-4408-ABCC-8C799074A43D,https://sync-eu.connectad.io/syncer/1,https://sync-eu.connectad.io/syncer/1,https://sync-eu.connectad.io/syncer/1?bidder=adform&dataid=data4&uuid=3912233068022959670,https://sync-eu.connectad.io/syncer/1?bidder=appnexus&dataid=data11&uuid=7981047338159745652,https://sync-eu.connectad.io/syncer/1?dataid=data5&uuid=d72d00d2-5495-0f63-39d8-df2050bab74a,https://sync-eu.connectad.io/syncer/1?bidder=sovrn&dataid=data12&uuid=eeacabbfbee45592a442623f,https://sync-eu.connectad.io/syncer/1?bidder=idx&dataid=data13&uuid=Xau.Y9HM5zgAAEhoongAAAB9%26041,https://sync-eu.connectad.io/syncer/1?dataid=data5&uuid=d72d00d2-5495-0f63-39d8-df2050bab74a,https://sync-eu.connectad.io/syncer/1?bidder=appnexus&dataid=data11&uuid=7981047338159745652,https://sync-eu.connectad.io/syncer/1?bidder=adform&dataid=data4&uuid=3912233068022959670,https://sync-eu.connectad.io/syncer/1?bidder=sovrn&dataid=data12&uuid=eeacabbfbee45592a442623f,https://sync-eu.connectad.io/syncer/1?bidder=idx&dataid=data13&uuid=Xau.Y9HM5zgAAEhoongAAAB9%26041,https://sync-eu.connectad.io/pixel/1?dataid=data3&uuid=19fc55c8-262c-43d7-850b-18ee9ba53b56,https://sync-eu.connectad.io/syncer/1?dataid=data1&uuid=9D0A4133-29CB-4408-ABCC-8C799074A43D,https://sync-eu.connectad.io/pixel/1?dataid=data3&uuid=19fc55c8-262c-43d7-850b-18ee9ba53b56,https://sync-eu.connectad.io/syncer/1?dataid=data1&uuid=9D0A4133-29CB-4408-ABCC-8C799074A43D,https://sync-eu.connectad.io/syncer/1,https://sync-eu.connectad.io/syncer/1,https://sync-eu.connectad.io/syncer/1?bidder=adform&dataid=data4&uuid=3912233068022959670
2019-10-19 21:57:09,962 DEBUG    save to sessions_items.log
2019-10-19 21:57:09,963 DEBUG    ('127.0.0.1', 52492) - ASGI [310] Received {'type': 'http.response.start', 'status': 200, 'headers': '<...>'}
2019-10-19 21:57:09,963 INFO     ('127.0.0.1', 52492) - "POST /predict_next HTTP/1.1" 200
2019-10-19 21:57:09,963 DEBUG    ('127.0.0.1', 52492) - ASGI [310] Received {'type': 'http.response.body', 'body': '<199 bytes>'}
2019-10-19 21:57:09,963 DEBUG    ('127.0.0.1', 52492) - ASGI [310] Completed
2019-10-19 21:57:10,043 DEBUG    ('127.0.0.1', 52492) - ASGI [311] Started
2019-10-19 21:57:10,043 DEBUG    ('127.0.0.1', 52492) - ASGI [311] Sent {'type': 'http.request', 'body': '<5882 bytes>', 'more_body': False}
2019-10-19 21:57:10,044 DEBUG    received items: https://ads.pubmatic.com/AdServer/js/user_sync.html?p=156011&s=165626&predirect=https%3A%2F%2Fs.amazon-adsystem.com%2Fecm3%3Fid%3DPM_UID%26ex%3Dpubmatic.com&userIdMacro=PM_UID,https://ads.pubmatic.com/AdServer/js/showad.js#PIX&kdntuid=1&SPug=true&p=156011&s=165626&predirect=https%3A%2F%2Fs.amazon-adsystem.com%2Fecm3%3Fid%3DPM_UID%26ex%3Dpubmatic.com&userIdMacro=PM_UID&it=0&gdpr=0&np=0,https://ads.pubmatic.com/AdServer/js/showad.js#PIX&kdntuid=1&p=1743386&gdpr=0&gdpr_consent=BOotW_eOotW_eDlABAENCr-AAAAm-AdAACAAoABsAGAAZAA4ACAAEgALQAZAA0ABwAD6AIoAjABMgCgAKIAWwA0ACEAEVAI4AkABNACfAFKALcAcgA_QDMAJPATe,https://ads.pubmatic.com/AdServer/js/showad.js#PIX&kdntuid=1&p=157369&gdpr=0&gdpr_consent=BOotW_eOotW_eDlABAENCr-AAAAm-AdAACAAoABsAGAAZAA4ACAAEgALQAZAA0ABwAD6AIoAjABMgCgAKIAWwA0ACEAEVAI4AkABNACfAFKALcAcgA_QDMAJPATe,https://ads.pubmatic.com/AdServer/js/user_sync.html?p=156077&predirect=https%3A%2F%2Fsync-eu.connectad.io%2Fsyncer%2F1%3Fdataid%3Ddata1%26uuid%3D,https://ads.pubmatic.com/AdServer/js/user_sync.html?p=156077&predirect=https%3A%2F%2Fsync-eu.connectad.io%2Fsyncer%2F1%3Fdataid%3Ddata1%26uuid%3D,https://ads.pubmatic.com/AdServer/js/showad.js#PIX&kdntuid=1&SPug=true&p=156077&predirect=https%3A%2F%2Fsync-eu.connectad.io%2Fsyncer%2F1%3Fdataid%3Ddata1%26uuid%3D&it=0&gdpr=0&np=0,https://ads.pubmatic.com/AdServer/js/showad.js#PIX&kdntuid=1&p=157369&gdpr=0&gdpr_consent=BOotW_eOotW_eDlABAENCr-AAAAm-AdAACAAoABsAGAAZAA4ACAAEgALQAZAA0ABwAD6AIoAjABMgCgAKIAWwA0ACEAEVAI4AkABNACfAFKALcAcgA_QDMAJPATe,https://ads.pubmatic.com/AdServer/js/showad.js#PIX&kdntuid=1&SPug=true&p=156077&predirect=https%3A%2F%2Fsync-eu.connectad.io%2Fsyncer%2F1%3Fdataid%3Ddata1%26uuid%3D&it=0&gdpr=1&gdpr_consent=BOotW_eOotW_eDlABAENCr-AAAAm-AdAACAAoABsAGAAZAA4ACAAEgALQAZAA0ABwAD6AIoAjABMgCgAKIAWwA0ACEAEVAI4AkABNACfAFKALcAcgA_QDMAJPATe&np=0,https://ads.pubmatic.com/AdServer/js/user_sync.html?gdpr_consent=&p=156423&predirect=https%3A%2F%2Fcms-xch.33across.com%2Fmatch%3Fgdpr%3D0%26gdpr_58%3D%26gdpr_consent%3D%26bidder_id%3D25%26external_user_id%3D,https://ads.pubmatic.com/AdServer/js/showad.js#PIX&kdntuid=1&p=157369&gdpr=0&gdpr_consent=BOotW_eOotW_eDlABAENCr-AAAAm-AdAACAAoABsAGAAZAA4ACAAEgALQAZAA0ABwAD6AIoAjABMgCgAKIAWwA0ACEAEVAI4AkABNACfAFKALcAcgA_QDMAJPATe,https://ads.pubmatic.com/AdServer/js/showad.js#PIX&kdntuid=1&SPug=true&p=156077&predirect=https%3A%2F%2Fsync-eu.connectad.io%2Fsyncer%2F1%3Fdataid%3Ddata1%26uuid%3D&it=0&gdpr=1&gdpr_consent=BOotW_eOotW_eDlABAENCr-AAAAm-AdAACAAoABsAGAAZAA4ACAAEgALQAZAA0ABwAD6AIoAjABMgCgAKIAWwA0ACEAEVAI4AkABNACfAFKALcAcgA_QDMAJPATe&np=0,https://ads.pubmatic.com/AdServer/js/showad.js#PIX&kdntuid=1&SPug=true&p=156423&predirect=https%3A%2F%2Fcms-xch.33across.com%2Fmatch%3Fgdpr%3D0%26gdpr_58%3D%26gdpr_consent%3D%26bidder_id%3D25%26external_user_id%3D&it=0&gdpr=0&np=0,https://ads.pubmatic.com/AdServer/js/showad.js#PIX&kdntuid=1&SPug=true&p=156077&predirect=https%3A%2F%2Fsync-eu.connectad.io%2Fsyncer%2F1%3Fdataid%3Ddata1%26uuid%3D&it=0&gdpr=1&gdpr_consent=BOotW_eOotW_eDlABAENCr-AAAAm-AdAACAAoABsAGAAZAA4ACAAEgALQAZAA0ABwAD6AIoAjABMgCgAKIAWwA0ACEAEVAI4AkABNACfAFKALcAcgA_QDMAJPATe&np=0,https://ads.pubmatic.com/AdServer/js/showad.js#PIX&kdntuid=1&SPug=true&p=156423&predirect=https%3A%2F%2Fcms-xch.33across.com%2Fmatch%3Fgdpr%3D0%26gdpr_58%3D%26gdpr_consent%3D%26bidder_id%3D25%26external_user_id%3D&it=0&gdpr=0&np=0,https://ads.pubmatic.com/AdServer/js/showad.js#PIX&kdntuid=1&SPug=true&p=156011&s=165626&predirect=https%3A%2F%2Fs.amazon-adsystem.com%2Fecm3%3Fid%3DPM_UID%26ex%3Dpubmatic.com&userIdMacro=PM_UID&it=0&gdpr=0&np=0,https://ads.pubmatic.com/AdServer/js/showad.js#PIX&ptask=DSP&SPug=1&fp=1&mpc=10&u=9D0A4133-29CB-4408-ABCC-8C799074A43D&p=157369&s=332539&d=2&cp=0&sc=1&rs=0&os=0,https://ads.pubmatic.com/AdServer/js/showad.js#PIX&kdntuid=1&p=157369&gdpr=0&gdpr_consent=BOotXHgOotXHgDlABAENCr-AAAAm-AdAACAAoABsAGAAZAA4ACAAEgALQAZAA0ABwAD6AIoAjABMgCgAKIAWwA0ACEAEVAI4AkABNACfAFKALcAcgA_QDMAJPATe,https://ads.pubmatic.com/AdServer/js/showad.js#PIX&kdntuid=1&p=1743386&gdpr=0&gdpr_consent=BOotXHgOotXHgDlABAENCr-AAAAm-AdAACAAoABsAGAAZAA4ACAAEgALQAZAA0ABwAD6AIoAjABMgCgAKIAWwA0ACEAEVAI4AkABNACfAFKALcAcgA_QDMAJPATe,https://ads.pubmatic.com/AdServer/js/user_sync.html?p=156077&predirect=https%3A%2F%2Fsync-eu.connectad.io%2Fsyncer%2F1%3Fdataid%3Ddata1%26uuid%3D,https://ads.pubmatic.com/AdServer/js/user_sync.html?p=156077&predirect=https%3A%2F%2Fsync-eu.connectad.io%2Fsyncer%2F1%3Fdataid%3Ddata1%26uuid%3D,https://ads.pubmatic.com/AdServer/js/showad.js#PIX&kdntuid=1&SPug=true&p=156077&predirect=https%3A%2F%2Fsync-eu.connectad.io%2Fsyncer%2F1%3Fdataid%3Ddata1%26uuid%3D&it=0&gdpr=1&gdpr_consent=BOotW_eOotW_eDlABAENCr-AAAAm-AdAACAAoABsAGAAZAA4ACAAEgALQAZAA0ABwAD6AIoAjABMgCgAKIAWwA0ACEAEVAI4AkABNACfAFKALcAcgA_QDMAJPATe&np=0,https://ads.pubmatic.com/AdServer/js/showad.js#PIX&kdntuid=1&SPug=true&p=156077&predirect=https%3A%2F%2Fsync-eu.connectad.io%2Fsyncer%2F1%3Fdataid%3Ddata1%26uuid%3D&it=0&gdpr=1&gdpr_consent=BOotW_eOotW_eDlABAENCr-AAAAm-AdAACAAoABsAGAAZAA4ACAAEgALQAZAA0ABwAD6AIoAjABMgCgAKIAWwA0ACEAEVAI4AkABNACfAFKALcAcgA_QDMAJPATe&np=0,https://ads.pubmatic.com/AdServer/js/showad.js#PIX&kdntuid=1&p=157369&gdpr=0&gdpr_consent=BOotXVOOotXVODlABAENCr-AAAAm-AdAACAAoABsAGAAZAA4ACAAEgALQAZAA0ABwAD6AIoAjABMgCgAKIAWwA0ACEAEVAI4AkABNACfAFKALcAcgA_QDMAJPATe,https://ads.pubmatic.com/AdServer/js/showad.js#PIX&kdntuid=1&p=1743386&gdpr=0&gdpr_consent=BOotXVOOotXVODlABAENCr-AAAAm-AdAACAAoABsAGAAZAA4ACAAEgALQAZAA0ABwAD6AIoAjABMgCgAKIAWwA0ACEAEVAI4AkABNACfAFKALcAcgA_QDMAJPATe,https://ads.pubmatic.com/AdServer/js/user_sync.html?p=156077&predirect=https%3A%2F%2Fsync-eu.connectad.io%2Fsyncer%2F1%3Fdataid%3Ddata1%26uuid%3D,https://ads.pubmatic.com/AdServer/js/user_sync.html?p=156077&predirect=https%3A%2F%2Fsync-eu.connectad.io%2Fsyncer%2F1%3Fdataid%3Ddata1%26uuid%3D
2019-10-19 21:57:10,050 DEBUG    save to sessions_items.log
2019-10-19 21:57:10,051 DEBUG    ('127.0.0.1', 52492) - ASGI [311] Received {'type': 'http.response.start', 'status': 200, 'headers': '<...>'}
2019-10-19 21:57:10,051 INFO     ('127.0.0.1', 52492) - "POST /predict_next HTTP/1.1" 200
2019-10-19 21:57:10,051 DEBUG    ('127.0.0.1', 52492) - ASGI [311] Received {'type': 'http.response.body', 'body': '<311 bytes>'}
2019-10-19 21:57:10,051 DEBUG    ('127.0.0.1', 52492) - ASGI [311] Completed
2019-10-19 21:57:10,056 DEBUG    ('127.0.0.1', 52504) - ASGI [312] Started
2019-10-19 21:57:10,057 DEBUG    ('127.0.0.1', 52504) - ASGI [312] Sent {'type': 'http.request', 'body': '<3026 bytes>', 'more_body': False}
2019-10-19 21:57:10,058 DEBUG    received items: https://sync-eu.connectad.io/syncer/1,https://sync-eu.connectad.io/syncer/1,https://sync-eu.connectad.io/syncer/1?dataid=data5&uuid=d72d00d2-5495-0f63-39d8-df2050bab74a,https://sync-eu.connectad.io/syncer/1?bidder=appnexus&dataid=data11&uuid=7981047338159745652,https://sync-eu.connectad.io/syncer/1?bidder=sovrn&dataid=data12&uuid=eeacabbfbee45592a442623f,https://sync-eu.connectad.io/syncer/1?bidder=idx&dataid=data13&uuid=Xau.Y9HM5zgAAEhoongAAAB9%26041,https://sync-eu.connectad.io/syncer/1?bidder=appnexus&dataid=data11&uuid=7981047338159745652,https://sync-eu.connectad.io/syncer/1?bidder=adform&dataid=data4&uuid=3912233068022959670,https://sync-eu.connectad.io/syncer/1?dataid=data5&uuid=d72d00d2-5495-0f63-39d8-df2050bab74a,https://sync-eu.connectad.io/syncer/1?bidder=sovrn&dataid=data12&uuid=eeacabbfbee45592a442623f,https://sync-eu.connectad.io/syncer/1?bidder=idx&dataid=data13&uuid=Xau.Y9HM5zgAAEhoongAAAB9%26041,https://sync-eu.connectad.io/pixel/1?dataid=data3&uuid=19fc55c8-262c-43d7-850b-18ee9ba53b56,https://sync-eu.connectad.io/pixel/1?dataid=data3&uuid=19fc55c8-262c-43d7-850b-18ee9ba53b56,https://sync-eu.connectad.io/syncer/1?dataid=data1&uuid=9D0A4133-29CB-4408-ABCC-8C799074A43D,https://sync-eu.connectad.io/syncer/1?dataid=data1&uuid=9D0A4133-29CB-4408-ABCC-8C799074A43D,https://sync-eu.connectad.io/syncer/1,https://sync-eu.connectad.io/syncer/1,https://sync-eu.connectad.io/syncer/1?bidder=adform&dataid=data4&uuid=3912233068022959670,https://sync-eu.connectad.io/syncer/1?bidder=appnexus&dataid=data11&uuid=7981047338159745652,https://sync-eu.connectad.io/syncer/1?dataid=data5&uuid=d72d00d2-5495-0f63-39d8-df2050bab74a,https://sync-eu.connectad.io/syncer/1?bidder=sovrn&dataid=data12&uuid=eeacabbfbee45592a442623f,https://sync-eu.connectad.io/syncer/1?bidder=idx&dataid=data13&uuid=Xau.Y9HM5zgAAEhoongAAAB9%26041,https://sync-eu.connectad.io/syncer/1?dataid=data5&uuid=d72d00d2-5495-0f63-39d8-df2050bab74a,https://sync-eu.connectad.io/syncer/1?bidder=appnexus&dataid=data11&uuid=7981047338159745652,https://sync-eu.connectad.io/syncer/1?bidder=adform&dataid=data4&uuid=3912233068022959670,https://sync-eu.connectad.io/syncer/1?bidder=sovrn&dataid=data12&uuid=eeacabbfbee45592a442623f,https://sync-eu.connectad.io/syncer/1?bidder=idx&dataid=data13&uuid=Xau.Y9HM5zgAAEhoongAAAB9%26041,https://sync-eu.connectad.io/pixel/1?dataid=data3&uuid=19fc55c8-262c-43d7-850b-18ee9ba53b56,https://sync-eu.connectad.io/syncer/1?dataid=data1&uuid=9D0A4133-29CB-4408-ABCC-8C799074A43D,https://sync-eu.connectad.io/pixel/1?dataid=data3&uuid=19fc55c8-262c-43d7-850b-18ee9ba53b56,https://sync-eu.connectad.io/syncer/1?dataid=data1&uuid=9D0A4133-29CB-4408-ABCC-8C799074A43D,https://sync-eu.connectad.io/syncer/1,https://sync-eu.connectad.io/syncer/1,https://sync-eu.connectad.io/syncer/1?bidder=adform&dataid=data4&uuid=3912233068022959670,https://sync-eu.connectad.io/syncer/1?dataid=data5&uuid=d72d00d2-5495-0f63-39d8-df2050bab74a
2019-10-19 21:57:10,058 DEBUG    save to sessions_items.log
2019-10-19 21:57:10,058 DEBUG    ('127.0.0.1', 52504) - ASGI [312] Received {'type': 'http.response.start', 'status': 200, 'headers': '<...>'}
2019-10-19 21:57:10,059 INFO     ('127.0.0.1', 52504) - "POST /predict_next HTTP/1.1" 200
2019-10-19 21:57:10,059 DEBUG    ('127.0.0.1', 52504) - ASGI [312] Received {'type': 'http.response.body', 'body': '<205 bytes>'}
2019-10-19 21:57:10,059 DEBUG    ('127.0.0.1', 52504) - ASGI [312] Completed
2019-10-19 21:57:10,107 DEBUG    ('127.0.0.1', 52464) - ASGI [313] Started
2019-10-19 21:57:10,107 DEBUG    ('127.0.0.1', 52464) - ASGI [313] Sent {'type': 'http.request', 'body': '<3121 bytes>', 'more_body': False}
2019-10-19 21:57:10,107 DEBUG    received items: https://sync-eu.connectad.io/syncer/1,https://sync-eu.connectad.io/syncer/1,https://sync-eu.connectad.io/syncer/1?dataid=data5&uuid=d72d00d2-5495-0f63-39d8-df2050bab74a,https://sync-eu.connectad.io/syncer/1?bidder=appnexus&dataid=data11&uuid=7981047338159745652,https://sync-eu.connectad.io/syncer/1?bidder=sovrn&dataid=data12&uuid=eeacabbfbee45592a442623f,https://sync-eu.connectad.io/syncer/1?bidder=idx&dataid=data13&uuid=Xau.Y9HM5zgAAEhoongAAAB9%26041,https://sync-eu.connectad.io/syncer/1?bidder=appnexus&dataid=data11&uuid=7981047338159745652,https://sync-eu.connectad.io/syncer/1?bidder=adform&dataid=data4&uuid=3912233068022959670,https://sync-eu.connectad.io/syncer/1?dataid=data5&uuid=d72d00d2-5495-0f63-39d8-df2050bab74a,https://sync-eu.connectad.io/syncer/1?bidder=sovrn&dataid=data12&uuid=eeacabbfbee45592a442623f,https://sync-eu.connectad.io/syncer/1?bidder=idx&dataid=data13&uuid=Xau.Y9HM5zgAAEhoongAAAB9%26041,https://sync-eu.connectad.io/pixel/1?dataid=data3&uuid=19fc55c8-262c-43d7-850b-18ee9ba53b56,https://sync-eu.connectad.io/pixel/1?dataid=data3&uuid=19fc55c8-262c-43d7-850b-18ee9ba53b56,https://sync-eu.connectad.io/syncer/1?dataid=data1&uuid=9D0A4133-29CB-4408-ABCC-8C799074A43D,https://sync-eu.connectad.io/syncer/1?dataid=data1&uuid=9D0A4133-29CB-4408-ABCC-8C799074A43D,https://sync-eu.connectad.io/syncer/1,https://sync-eu.connectad.io/syncer/1,https://sync-eu.connectad.io/syncer/1?bidder=adform&dataid=data4&uuid=3912233068022959670,https://sync-eu.connectad.io/syncer/1?bidder=appnexus&dataid=data11&uuid=7981047338159745652,https://sync-eu.connectad.io/syncer/1?dataid=data5&uuid=d72d00d2-5495-0f63-39d8-df2050bab74a,https://sync-eu.connectad.io/syncer/1?bidder=sovrn&dataid=data12&uuid=eeacabbfbee45592a442623f,https://sync-eu.connectad.io/syncer/1?bidder=idx&dataid=data13&uuid=Xau.Y9HM5zgAAEhoongAAAB9%26041,https://sync-eu.connectad.io/syncer/1?dataid=data5&uuid=d72d00d2-5495-0f63-39d8-df2050bab74a,https://sync-eu.connectad.io/syncer/1?bidder=appnexus&dataid=data11&uuid=7981047338159745652,https://sync-eu.connectad.io/syncer/1?bidder=adform&dataid=data4&uuid=3912233068022959670,https://sync-eu.connectad.io/syncer/1?bidder=sovrn&dataid=data12&uuid=eeacabbfbee45592a442623f,https://sync-eu.connectad.io/syncer/1?bidder=idx&dataid=data13&uuid=Xau.Y9HM5zgAAEhoongAAAB9%26041,https://sync-eu.connectad.io/pixel/1?dataid=data3&uuid=19fc55c8-262c-43d7-850b-18ee9ba53b56,https://sync-eu.connectad.io/syncer/1?dataid=data1&uuid=9D0A4133-29CB-4408-ABCC-8C799074A43D,https://sync-eu.connectad.io/pixel/1?dataid=data3&uuid=19fc55c8-262c-43d7-850b-18ee9ba53b56,https://sync-eu.connectad.io/syncer/1?dataid=data1&uuid=9D0A4133-29CB-4408-ABCC-8C799074A43D,https://sync-eu.connectad.io/syncer/1,https://sync-eu.connectad.io/syncer/1,https://sync-eu.connectad.io/syncer/1?bidder=adform&dataid=data4&uuid=3912233068022959670,https://sync-eu.connectad.io/syncer/1?dataid=data5&uuid=d72d00d2-5495-0f63-39d8-df2050bab74a,https://sync-eu.connectad.io/syncer/1?bidder=appnexus&dataid=data11&uuid=7981047338159745652
2019-10-19 21:57:10,108 DEBUG    save to sessions_items.log
2019-10-19 21:57:10,108 DEBUG    ('127.0.0.1', 52464) - ASGI [313] Received {'type': 'http.response.start', 'status': 200, 'headers': '<...>'}
2019-10-19 21:57:10,108 INFO     ('127.0.0.1', 52464) - "POST /predict_next HTTP/1.1" 200
2019-10-19 21:57:10,108 DEBUG    ('127.0.0.1', 52464) - ASGI [313] Received {'type': 'http.response.body', 'body': '<205 bytes>'}
2019-10-19 21:57:10,108 DEBUG    ('127.0.0.1', 52464) - ASGI [313] Completed
2019-10-19 21:57:10,182 DEBUG    ('127.0.0.1', 52492) - ASGI [314] Started
2019-10-19 21:57:10,183 DEBUG    ('127.0.0.1', 52492) - ASGI [314] Sent {'type': 'http.request', 'body': '<3222 bytes>', 'more_body': False}
2019-10-19 21:57:10,183 DEBUG    received items: https://sync-eu.connectad.io/syncer/1,https://sync-eu.connectad.io/syncer/1,https://sync-eu.connectad.io/syncer/1?dataid=data5&uuid=d72d00d2-5495-0f63-39d8-df2050bab74a,https://sync-eu.connectad.io/syncer/1?bidder=appnexus&dataid=data11&uuid=7981047338159745652,https://sync-eu.connectad.io/syncer/1?bidder=sovrn&dataid=data12&uuid=eeacabbfbee45592a442623f,https://sync-eu.connectad.io/syncer/1?bidder=idx&dataid=data13&uuid=Xau.Y9HM5zgAAEhoongAAAB9%26041,https://sync-eu.connectad.io/syncer/1?bidder=appnexus&dataid=data11&uuid=7981047338159745652,https://sync-eu.connectad.io/syncer/1?bidder=adform&dataid=data4&uuid=3912233068022959670,https://sync-eu.connectad.io/syncer/1?dataid=data5&uuid=d72d00d2-5495-0f63-39d8-df2050bab74a,https://sync-eu.connectad.io/syncer/1?bidder=sovrn&dataid=data12&uuid=eeacabbfbee45592a442623f,https://sync-eu.connectad.io/syncer/1?bidder=idx&dataid=data13&uuid=Xau.Y9HM5zgAAEhoongAAAB9%26041,https://sync-eu.connectad.io/pixel/1?dataid=data3&uuid=19fc55c8-262c-43d7-850b-18ee9ba53b56,https://sync-eu.connectad.io/pixel/1?dataid=data3&uuid=19fc55c8-262c-43d7-850b-18ee9ba53b56,https://sync-eu.connectad.io/syncer/1?dataid=data1&uuid=9D0A4133-29CB-4408-ABCC-8C799074A43D,https://sync-eu.connectad.io/syncer/1?dataid=data1&uuid=9D0A4133-29CB-4408-ABCC-8C799074A43D,https://sync-eu.connectad.io/syncer/1,https://sync-eu.connectad.io/syncer/1,https://sync-eu.connectad.io/syncer/1?bidder=adform&dataid=data4&uuid=3912233068022959670,https://sync-eu.connectad.io/syncer/1?bidder=appnexus&dataid=data11&uuid=7981047338159745652,https://sync-eu.connectad.io/syncer/1?dataid=data5&uuid=d72d00d2-5495-0f63-39d8-df2050bab74a,https://sync-eu.connectad.io/syncer/1?bidder=sovrn&dataid=data12&uuid=eeacabbfbee45592a442623f,https://sync-eu.connectad.io/syncer/1?bidder=idx&dataid=data13&uuid=Xau.Y9HM5zgAAEhoongAAAB9%26041,https://sync-eu.connectad.io/syncer/1?dataid=data5&uuid=d72d00d2-5495-0f63-39d8-df2050bab74a,https://sync-eu.connectad.io/syncer/1?bidder=appnexus&dataid=data11&uuid=7981047338159745652,https://sync-eu.connectad.io/syncer/1?bidder=adform&dataid=data4&uuid=3912233068022959670,https://sync-eu.connectad.io/syncer/1?bidder=sovrn&dataid=data12&uuid=eeacabbfbee45592a442623f,https://sync-eu.connectad.io/syncer/1?bidder=idx&dataid=data13&uuid=Xau.Y9HM5zgAAEhoongAAAB9%26041,https://sync-eu.connectad.io/pixel/1?dataid=data3&uuid=19fc55c8-262c-43d7-850b-18ee9ba53b56,https://sync-eu.connectad.io/syncer/1?dataid=data1&uuid=9D0A4133-29CB-4408-ABCC-8C799074A43D,https://sync-eu.connectad.io/pixel/1?dataid=data3&uuid=19fc55c8-262c-43d7-850b-18ee9ba53b56,https://sync-eu.connectad.io/syncer/1?dataid=data1&uuid=9D0A4133-29CB-4408-ABCC-8C799074A43D,https://sync-eu.connectad.io/syncer/1,https://sync-eu.connectad.io/syncer/1,https://sync-eu.connectad.io/syncer/1?bidder=adform&dataid=data4&uuid=3912233068022959670,https://sync-eu.connectad.io/syncer/1?dataid=data5&uuid=d72d00d2-5495-0f63-39d8-df2050bab74a,https://sync-eu.connectad.io/syncer/1?bidder=appnexus&dataid=data11&uuid=7981047338159745652,https://sync-eu.connectad.io/syncer/1?bidder=idx&dataid=data13&uuid=Xau.Y9HM5zgAAEhoongAAAB9%26041
2019-10-19 21:57:10,184 DEBUG    save to sessions_items.log
2019-10-19 21:57:10,184 DEBUG    ('127.0.0.1', 52492) - ASGI [314] Received {'type': 'http.response.start', 'status': 200, 'headers': '<...>'}
2019-10-19 21:57:10,185 INFO     ('127.0.0.1', 52492) - "POST /predict_next HTTP/1.1" 200
2019-10-19 21:57:10,185 DEBUG    ('127.0.0.1', 52492) - ASGI [314] Received {'type': 'http.response.body', 'body': '<217 bytes>'}
2019-10-19 21:57:10,185 DEBUG    ('127.0.0.1', 52492) - ASGI [314] Completed
2019-10-19 21:57:10,306 DEBUG    ('127.0.0.1', 52492) - ASGI [315] Started
2019-10-19 21:57:10,307 DEBUG    ('127.0.0.1', 52492) - ASGI [315] Sent {'type': 'http.request', 'body': '<6204 bytes>', 'more_body': False}
2019-10-19 21:57:10,307 DEBUG    received items: https://ads.pubmatic.com/AdServer/js/user_sync.html?p=156011&s=165626&predirect=https%3A%2F%2Fs.amazon-adsystem.com%2Fecm3%3Fid%3DPM_UID%26ex%3Dpubmatic.com&userIdMacro=PM_UID,https://ads.pubmatic.com/AdServer/js/showad.js#PIX&kdntuid=1&SPug=true&p=156011&s=165626&predirect=https%3A%2F%2Fs.amazon-adsystem.com%2Fecm3%3Fid%3DPM_UID%26ex%3Dpubmatic.com&userIdMacro=PM_UID&it=0&gdpr=0&np=0,https://ads.pubmatic.com/AdServer/js/showad.js#PIX&kdntuid=1&p=1743386&gdpr=0&gdpr_consent=BOotW_eOotW_eDlABAENCr-AAAAm-AdAACAAoABsAGAAZAA4ACAAEgALQAZAA0ABwAD6AIoAjABMgCgAKIAWwA0ACEAEVAI4AkABNACfAFKALcAcgA_QDMAJPATe,https://ads.pubmatic.com/AdServer/js/showad.js#PIX&kdntuid=1&p=157369&gdpr=0&gdpr_consent=BOotW_eOotW_eDlABAENCr-AAAAm-AdAACAAoABsAGAAZAA4ACAAEgALQAZAA0ABwAD6AIoAjABMgCgAKIAWwA0ACEAEVAI4AkABNACfAFKALcAcgA_QDMAJPATe,https://ads.pubmatic.com/AdServer/js/user_sync.html?p=156077&predirect=https%3A%2F%2Fsync-eu.connectad.io%2Fsyncer%2F1%3Fdataid%3Ddata1%26uuid%3D,https://ads.pubmatic.com/AdServer/js/user_sync.html?p=156077&predirect=https%3A%2F%2Fsync-eu.connectad.io%2Fsyncer%2F1%3Fdataid%3Ddata1%26uuid%3D,https://ads.pubmatic.com/AdServer/js/showad.js#PIX&kdntuid=1&SPug=true&p=156077&predirect=https%3A%2F%2Fsync-eu.connectad.io%2Fsyncer%2F1%3Fdataid%3Ddata1%26uuid%3D&it=0&gdpr=0&np=0,https://ads.pubmatic.com/AdServer/js/showad.js#PIX&kdntuid=1&p=157369&gdpr=0&gdpr_consent=BOotW_eOotW_eDlABAENCr-AAAAm-AdAACAAoABsAGAAZAA4ACAAEgALQAZAA0ABwAD6AIoAjABMgCgAKIAWwA0ACEAEVAI4AkABNACfAFKALcAcgA_QDMAJPATe,https://ads.pubmatic.com/AdServer/js/showad.js#PIX&kdntuid=1&SPug=true&p=156077&predirect=https%3A%2F%2Fsync-eu.connectad.io%2Fsyncer%2F1%3Fdataid%3Ddata1%26uuid%3D&it=0&gdpr=1&gdpr_consent=BOotW_eOotW_eDlABAENCr-AAAAm-AdAACAAoABsAGAAZAA4ACAAEgALQAZAA0ABwAD6AIoAjABMgCgAKIAWwA0ACEAEVAI4AkABNACfAFKALcAcgA_QDMAJPATe&np=0,https://ads.pubmatic.com/AdServer/js/user_sync.html?gdpr_consent=&p=156423&predirect=https%3A%2F%2Fcms-xch.33across.com%2Fmatch%3Fgdpr%3D0%26gdpr_58%3D%26gdpr_consent%3D%26bidder_id%3D25%26external_user_id%3D,https://ads.pubmatic.com/AdServer/js/showad.js#PIX&kdntuid=1&p=157369&gdpr=0&gdpr_consent=BOotW_eOotW_eDlABAENCr-AAAAm-AdAACAAoABsAGAAZAA4ACAAEgALQAZAA0ABwAD6AIoAjABMgCgAKIAWwA0ACEAEVAI4AkABNACfAFKALcAcgA_QDMAJPATe,https://ads.pubmatic.com/AdServer/js/showad.js#PIX&kdntuid=1&SPug=true&p=156077&predirect=https%3A%2F%2Fsync-eu.connectad.io%2Fsyncer%2F1%3Fdataid%3Ddata1%26uuid%3D&it=0&gdpr=1&gdpr_consent=BOotW_eOotW_eDlABAENCr-AAAAm-AdAACAAoABsAGAAZAA4ACAAEgALQAZAA0ABwAD6AIoAjABMgCgAKIAWwA0ACEAEVAI4AkABNACfAFKALcAcgA_QDMAJPATe&np=0,https://ads.pubmatic.com/AdServer/js/showad.js#PIX&kdntuid=1&SPug=true&p=156423&predirect=https%3A%2F%2Fcms-xch.33across.com%2Fmatch%3Fgdpr%3D0%26gdpr_58%3D%26gdpr_consent%3D%26bidder_id%3D25%26external_user_id%3D&it=0&gdpr=0&np=0,https://ads.pubmatic.com/AdServer/js/showad.js#PIX&kdntuid=1&SPug=true&p=156077&predirect=https%3A%2F%2Fsync-eu.connectad.io%2Fsyncer%2F1%3Fdataid%3Ddata1%26uuid%3D&it=0&gdpr=1&gdpr_consent=BOotW_eOotW_eDlABAENCr-AAAAm-AdAACAAoABsAGAAZAA4ACAAEgALQAZAA0ABwAD6AIoAjABMgCgAKIAWwA0ACEAEVAI4AkABNACfAFKALcAcgA_QDMAJPATe&np=0,https://ads.pubmatic.com/AdServer/js/showad.js#PIX&kdntuid=1&SPug=true&p=156423&predirect=https%3A%2F%2Fcms-xch.33across.com%2Fmatch%3Fgdpr%3D0%26gdpr_58%3D%26gdpr_consent%3D%26bidder_id%3D25%26external_user_id%3D&it=0&gdpr=0&np=0,https://ads.pubmatic.com/AdServer/js/showad.js#PIX&kdntuid=1&SPug=true&p=156011&s=165626&predirect=https%3A%2F%2Fs.amazon-adsystem.com%2Fecm3%3Fid%3DPM_UID%26ex%3Dpubmatic.com&userIdMacro=PM_UID&it=0&gdpr=0&np=0,https://ads.pubmatic.com/AdServer/js/showad.js#PIX&ptask=DSP&SPug=1&fp=1&mpc=10&u=9D0A4133-29CB-4408-ABCC-8C799074A43D&p=157369&s=332539&d=2&cp=0&sc=1&rs=0&os=0,https://ads.pubmatic.com/AdServer/js/showad.js#PIX&kdntuid=1&p=157369&gdpr=0&gdpr_consent=BOotXHgOotXHgDlABAENCr-AAAAm-AdAACAAoABsAGAAZAA4ACAAEgALQAZAA0ABwAD6AIoAjABMgCgAKIAWwA0ACEAEVAI4AkABNACfAFKALcAcgA_QDMAJPATe,https://ads.pubmatic.com/AdServer/js/showad.js#PIX&kdntuid=1&p=1743386&gdpr=0&gdpr_consent=BOotXHgOotXHgDlABAENCr-AAAAm-AdAACAAoABsAGAAZAA4ACAAEgALQAZAA0ABwAD6AIoAjABMgCgAKIAWwA0ACEAEVAI4AkABNACfAFKALcAcgA_QDMAJPATe,https://ads.pubmatic.com/AdServer/js/user_sync.html?p=156077&predirect=https%3A%2F%2Fsync-eu.connectad.io%2Fsyncer%2F1%3Fdataid%3Ddata1%26uuid%3D,https://ads.pubmatic.com/AdServer/js/user_sync.html?p=156077&predirect=https%3A%2F%2Fsync-eu.connectad.io%2Fsyncer%2F1%3Fdataid%3Ddata1%26uuid%3D,https://ads.pubmatic.com/AdServer/js/showad.js#PIX&kdntuid=1&SPug=true&p=156077&predirect=https%3A%2F%2Fsync-eu.connectad.io%2Fsyncer%2F1%3Fdataid%3Ddata1%26uuid%3D&it=0&gdpr=1&gdpr_consent=BOotW_eOotW_eDlABAENCr-AAAAm-AdAACAAoABsAGAAZAA4ACAAEgALQAZAA0ABwAD6AIoAjABMgCgAKIAWwA0ACEAEVAI4AkABNACfAFKALcAcgA_QDMAJPATe&np=0,https://ads.pubmatic.com/AdServer/js/showad.js#PIX&kdntuid=1&SPug=true&p=156077&predirect=https%3A%2F%2Fsync-eu.connectad.io%2Fsyncer%2F1%3Fdataid%3Ddata1%26uuid%3D&it=0&gdpr=1&gdpr_consent=BOotW_eOotW_eDlABAENCr-AAAAm-AdAACAAoABsAGAAZAA4ACAAEgALQAZAA0ABwAD6AIoAjABMgCgAKIAWwA0ACEAEVAI4AkABNACfAFKALcAcgA_QDMAJPATe&np=0,https://ads.pubmatic.com/AdServer/js/showad.js#PIX&kdntuid=1&p=157369&gdpr=0&gdpr_consent=BOotXVOOotXVODlABAENCr-AAAAm-AdAACAAoABsAGAAZAA4ACAAEgALQAZAA0ABwAD6AIoAjABMgCgAKIAWwA0ACEAEVAI4AkABNACfAFKALcAcgA_QDMAJPATe,https://ads.pubmatic.com/AdServer/js/showad.js#PIX&kdntuid=1&p=1743386&gdpr=0&gdpr_consent=BOotXVOOotXVODlABAENCr-AAAAm-AdAACAAoABsAGAAZAA4ACAAEgALQAZAA0ABwAD6AIoAjABMgCgAKIAWwA0ACEAEVAI4AkABNACfAFKALcAcgA_QDMAJPATe,https://ads.pubmatic.com/AdServer/js/user_sync.html?p=156077&predirect=https%3A%2F%2Fsync-eu.connectad.io%2Fsyncer%2F1%3Fdataid%3Ddata1%26uuid%3D,https://ads.pubmatic.com/AdServer/js/user_sync.html?p=156077&predirect=https%3A%2F%2Fsync-eu.connectad.io%2Fsyncer%2F1%3Fdataid%3Ddata1%26uuid%3D,https://ads.pubmatic.com/AdServer/js/showad.js#PIX&kdntuid=1&SPug=true&p=156077&predirect=https%3A%2F%2Fsync-eu.connectad.io%2Fsyncer%2F1%3Fdataid%3Ddata1%26uuid%3D&it=0&gdpr=1&gdpr_consent=BOotXHgOotXHgDlABAENCr-AAAAm-AdAACAAoABsAGAAZAA4ACAAEgALQAZAA0ABwAD6AIoAjABMgCgAKIAWwA0ACEAEVAI4AkABNACfAFKALcAcgA_QDMAJPATe&np=0
2019-10-19 21:57:10,307 DEBUG    save to sessions_items.log
2019-10-19 21:57:10,308 DEBUG    ('127.0.0.1', 52492) - ASGI [315] Received {'type': 'http.response.start', 'status': 200, 'headers': '<...>'}
2019-10-19 21:57:10,308 INFO     ('127.0.0.1', 52492) - "POST /predict_next HTTP/1.1" 200
2019-10-19 21:57:10,308 DEBUG    ('127.0.0.1', 52492) - ASGI [315] Received {'type': 'http.response.body', 'body': '<659 bytes>'}
2019-10-19 21:57:10,308 DEBUG    ('127.0.0.1', 52492) - ASGI [315] Completed
2019-10-19 21:57:10,430 DEBUG    ('127.0.0.1', 52464) - ASGI [316] Started
2019-10-19 21:57:10,431 DEBUG    ('127.0.0.1', 52464) - ASGI [316] Sent {'type': 'http.request', 'body': '<3319 bytes>', 'more_body': False}
2019-10-19 21:57:10,431 DEBUG    received items: https://sync-eu.connectad.io/syncer/1,https://sync-eu.connectad.io/syncer/1,https://sync-eu.connectad.io/syncer/1?dataid=data5&uuid=d72d00d2-5495-0f63-39d8-df2050bab74a,https://sync-eu.connectad.io/syncer/1?bidder=appnexus&dataid=data11&uuid=7981047338159745652,https://sync-eu.connectad.io/syncer/1?bidder=sovrn&dataid=data12&uuid=eeacabbfbee45592a442623f,https://sync-eu.connectad.io/syncer/1?bidder=idx&dataid=data13&uuid=Xau.Y9HM5zgAAEhoongAAAB9%26041,https://sync-eu.connectad.io/syncer/1?bidder=appnexus&dataid=data11&uuid=7981047338159745652,https://sync-eu.connectad.io/syncer/1?bidder=adform&dataid=data4&uuid=3912233068022959670,https://sync-eu.connectad.io/syncer/1?dataid=data5&uuid=d72d00d2-5495-0f63-39d8-df2050bab74a,https://sync-eu.connectad.io/syncer/1?bidder=sovrn&dataid=data12&uuid=eeacabbfbee45592a442623f,https://sync-eu.connectad.io/syncer/1?bidder=idx&dataid=data13&uuid=Xau.Y9HM5zgAAEhoongAAAB9%26041,https://sync-eu.connectad.io/pixel/1?dataid=data3&uuid=19fc55c8-262c-43d7-850b-18ee9ba53b56,https://sync-eu.connectad.io/pixel/1?dataid=data3&uuid=19fc55c8-262c-43d7-850b-18ee9ba53b56,https://sync-eu.connectad.io/syncer/1?dataid=data1&uuid=9D0A4133-29CB-4408-ABCC-8C799074A43D,https://sync-eu.connectad.io/syncer/1?dataid=data1&uuid=9D0A4133-29CB-4408-ABCC-8C799074A43D,https://sync-eu.connectad.io/syncer/1,https://sync-eu.connectad.io/syncer/1,https://sync-eu.connectad.io/syncer/1?bidder=adform&dataid=data4&uuid=3912233068022959670,https://sync-eu.connectad.io/syncer/1?bidder=appnexus&dataid=data11&uuid=7981047338159745652,https://sync-eu.connectad.io/syncer/1?dataid=data5&uuid=d72d00d2-5495-0f63-39d8-df2050bab74a,https://sync-eu.connectad.io/syncer/1?bidder=sovrn&dataid=data12&uuid=eeacabbfbee45592a442623f,https://sync-eu.connectad.io/syncer/1?bidder=idx&dataid=data13&uuid=Xau.Y9HM5zgAAEhoongAAAB9%26041,https://sync-eu.connectad.io/syncer/1?dataid=data5&uuid=d72d00d2-5495-0f63-39d8-df2050bab74a,https://sync-eu.connectad.io/syncer/1?bidder=appnexus&dataid=data11&uuid=7981047338159745652,https://sync-eu.connectad.io/syncer/1?bidder=adform&dataid=data4&uuid=3912233068022959670,https://sync-eu.connectad.io/syncer/1?bidder=sovrn&dataid=data12&uuid=eeacabbfbee45592a442623f,https://sync-eu.connectad.io/syncer/1?bidder=idx&dataid=data13&uuid=Xau.Y9HM5zgAAEhoongAAAB9%26041,https://sync-eu.connectad.io/pixel/1?dataid=data3&uuid=19fc55c8-262c-43d7-850b-18ee9ba53b56,https://sync-eu.connectad.io/syncer/1?dataid=data1&uuid=9D0A4133-29CB-4408-ABCC-8C799074A43D,https://sync-eu.connectad.io/pixel/1?dataid=data3&uuid=19fc55c8-262c-43d7-850b-18ee9ba53b56,https://sync-eu.connectad.io/syncer/1?dataid=data1&uuid=9D0A4133-29CB-4408-ABCC-8C799074A43D,https://sync-eu.connectad.io/syncer/1,https://sync-eu.connectad.io/syncer/1,https://sync-eu.connectad.io/syncer/1?bidder=adform&dataid=data4&uuid=3912233068022959670,https://sync-eu.connectad.io/syncer/1?dataid=data5&uuid=d72d00d2-5495-0f63-39d8-df2050bab74a,https://sync-eu.connectad.io/syncer/1?bidder=appnexus&dataid=data11&uuid=7981047338159745652,https://sync-eu.connectad.io/syncer/1?bidder=idx&dataid=data13&uuid=Xau.Y9HM5zgAAEhoongAAAB9%26041,https://sync-eu.connectad.io/syncer/1?bidder=sovrn&dataid=data12&uuid=eeacabbfbee45592a442623f
2019-10-19 21:57:10,432 DEBUG    save to sessions_items.log
2019-10-19 21:57:10,432 DEBUG    ('127.0.0.1', 52464) - ASGI [316] Received {'type': 'http.response.start', 'status': 200, 'headers': '<...>'}
2019-10-19 21:57:10,432 INFO     ('127.0.0.1', 52464) - "POST /predict_next HTTP/1.1" 200
2019-10-19 21:57:10,432 DEBUG    ('127.0.0.1', 52464) - ASGI [316] Received {'type': 'http.response.body', 'body': '<209 bytes>'}
2019-10-19 21:57:10,432 DEBUG    ('127.0.0.1', 52464) - ASGI [316] Completed
2019-10-19 21:57:10,634 DEBUG    ('127.0.0.1', 52464) - ASGI [317] Started
2019-10-19 21:57:10,634 DEBUG    ('127.0.0.1', 52464) - ASGI [317] Sent {'type': 'http.request', 'body': '<6526 bytes>', 'more_body': False}
2019-10-19 21:57:10,635 DEBUG    received items: https://ads.pubmatic.com/AdServer/js/user_sync.html?p=156011&s=165626&predirect=https%3A%2F%2Fs.amazon-adsystem.com%2Fecm3%3Fid%3DPM_UID%26ex%3Dpubmatic.com&userIdMacro=PM_UID,https://ads.pubmatic.com/AdServer/js/showad.js#PIX&kdntuid=1&SPug=true&p=156011&s=165626&predirect=https%3A%2F%2Fs.amazon-adsystem.com%2Fecm3%3Fid%3DPM_UID%26ex%3Dpubmatic.com&userIdMacro=PM_UID&it=0&gdpr=0&np=0,https://ads.pubmatic.com/AdServer/js/showad.js#PIX&kdntuid=1&p=1743386&gdpr=0&gdpr_consent=BOotW_eOotW_eDlABAENCr-AAAAm-AdAACAAoABsAGAAZAA4ACAAEgALQAZAA0ABwAD6AIoAjABMgCgAKIAWwA0ACEAEVAI4AkABNACfAFKALcAcgA_QDMAJPATe,https://ads.pubmatic.com/AdServer/js/showad.js#PIX&kdntuid=1&p=157369&gdpr=0&gdpr_consent=BOotW_eOotW_eDlABAENCr-AAAAm-AdAACAAoABsAGAAZAA4ACAAEgALQAZAA0ABwAD6AIoAjABMgCgAKIAWwA0ACEAEVAI4AkABNACfAFKALcAcgA_QDMAJPATe,https://ads.pubmatic.com/AdServer/js/user_sync.html?p=156077&predirect=https%3A%2F%2Fsync-eu.connectad.io%2Fsyncer%2F1%3Fdataid%3Ddata1%26uuid%3D,https://ads.pubmatic.com/AdServer/js/user_sync.html?p=156077&predirect=https%3A%2F%2Fsync-eu.connectad.io%2Fsyncer%2F1%3Fdataid%3Ddata1%26uuid%3D,https://ads.pubmatic.com/AdServer/js/showad.js#PIX&kdntuid=1&SPug=true&p=156077&predirect=https%3A%2F%2Fsync-eu.connectad.io%2Fsyncer%2F1%3Fdataid%3Ddata1%26uuid%3D&it=0&gdpr=0&np=0,https://ads.pubmatic.com/AdServer/js/showad.js#PIX&kdntuid=1&p=157369&gdpr=0&gdpr_consent=BOotW_eOotW_eDlABAENCr-AAAAm-AdAACAAoABsAGAAZAA4ACAAEgALQAZAA0ABwAD6AIoAjABMgCgAKIAWwA0ACEAEVAI4AkABNACfAFKALcAcgA_QDMAJPATe,https://ads.pubmatic.com/AdServer/js/showad.js#PIX&kdntuid=1&SPug=true&p=156077&predirect=https%3A%2F%2Fsync-eu.connectad.io%2Fsyncer%2F1%3Fdataid%3Ddata1%26uuid%3D&it=0&gdpr=1&gdpr_consent=BOotW_eOotW_eDlABAENCr-AAAAm-AdAACAAoABsAGAAZAA4ACAAEgALQAZAA0ABwAD6AIoAjABMgCgAKIAWwA0ACEAEVAI4AkABNACfAFKALcAcgA_QDMAJPATe&np=0,https://ads.pubmatic.com/AdServer/js/user_sync.html?gdpr_consent=&p=156423&predirect=https%3A%2F%2Fcms-xch.33across.com%2Fmatch%3Fgdpr%3D0%26gdpr_58%3D%26gdpr_consent%3D%26bidder_id%3D25%26external_user_id%3D,https://ads.pubmatic.com/AdServer/js/showad.js#PIX&kdntuid=1&p=157369&gdpr=0&gdpr_consent=BOotW_eOotW_eDlABAENCr-AAAAm-AdAACAAoABsAGAAZAA4ACAAEgALQAZAA0ABwAD6AIoAjABMgCgAKIAWwA0ACEAEVAI4AkABNACfAFKALcAcgA_QDMAJPATe,https://ads.pubmatic.com/AdServer/js/showad.js#PIX&kdntuid=1&SPug=true&p=156077&predirect=https%3A%2F%2Fsync-eu.connectad.io%2Fsyncer%2F1%3Fdataid%3Ddata1%26uuid%3D&it=0&gdpr=1&gdpr_consent=BOotW_eOotW_eDlABAENCr-AAAAm-AdAACAAoABsAGAAZAA4ACAAEgALQAZAA0ABwAD6AIoAjABMgCgAKIAWwA0ACEAEVAI4AkABNACfAFKALcAcgA_QDMAJPATe&np=0,https://ads.pubmatic.com/AdServer/js/showad.js#PIX&kdntuid=1&SPug=true&p=156423&predirect=https%3A%2F%2Fcms-xch.33across.com%2Fmatch%3Fgdpr%3D0%26gdpr_58%3D%26gdpr_consent%3D%26bidder_id%3D25%26external_user_id%3D&it=0&gdpr=0&np=0,https://ads.pubmatic.com/AdServer/js/showad.js#PIX&kdntuid=1&SPug=true&p=156077&predirect=https%3A%2F%2Fsync-eu.connectad.io%2Fsyncer%2F1%3Fdataid%3Ddata1%26uuid%3D&it=0&gdpr=1&gdpr_consent=BOotW_eOotW_eDlABAENCr-AAAAm-AdAACAAoABsAGAAZAA4ACAAEgALQAZAA0ABwAD6AIoAjABMgCgAKIAWwA0ACEAEVAI4AkABNACfAFKALcAcgA_QDMAJPATe&np=0,https://ads.pubmatic.com/AdServer/js/showad.js#PIX&kdntuid=1&SPug=true&p=156423&predirect=https%3A%2F%2Fcms-xch.33across.com%2Fmatch%3Fgdpr%3D0%26gdpr_58%3D%26gdpr_consent%3D%26bidder_id%3D25%26external_user_id%3D&it=0&gdpr=0&np=0,https://ads.pubmatic.com/AdServer/js/showad.js#PIX&kdntuid=1&SPug=true&p=156011&s=165626&predirect=https%3A%2F%2Fs.amazon-adsystem.com%2Fecm3%3Fid%3DPM_UID%26ex%3Dpubmatic.com&userIdMacro=PM_UID&it=0&gdpr=0&np=0,https://ads.pubmatic.com/AdServer/js/showad.js#PIX&ptask=DSP&SPug=1&fp=1&mpc=10&u=9D0A4133-29CB-4408-ABCC-8C799074A43D&p=157369&s=332539&d=2&cp=0&sc=1&rs=0&os=0,https://ads.pubmatic.com/AdServer/js/showad.js#PIX&kdntuid=1&p=157369&gdpr=0&gdpr_consent=BOotXHgOotXHgDlABAENCr-AAAAm-AdAACAAoABsAGAAZAA4ACAAEgALQAZAA0ABwAD6AIoAjABMgCgAKIAWwA0ACEAEVAI4AkABNACfAFKALcAcgA_QDMAJPATe,https://ads.pubmatic.com/AdServer/js/showad.js#PIX&kdntuid=1&p=1743386&gdpr=0&gdpr_consent=BOotXHgOotXHgDlABAENCr-AAAAm-AdAACAAoABsAGAAZAA4ACAAEgALQAZAA0ABwAD6AIoAjABMgCgAKIAWwA0ACEAEVAI4AkABNACfAFKALcAcgA_QDMAJPATe,https://ads.pubmatic.com/AdServer/js/user_sync.html?p=156077&predirect=https%3A%2F%2Fsync-eu.connectad.io%2Fsyncer%2F1%3Fdataid%3Ddata1%26uuid%3D,https://ads.pubmatic.com/AdServer/js/user_sync.html?p=156077&predirect=https%3A%2F%2Fsync-eu.connectad.io%2Fsyncer%2F1%3Fdataid%3Ddata1%26uuid%3D,https://ads.pubmatic.com/AdServer/js/showad.js#PIX&kdntuid=1&SPug=true&p=156077&predirect=https%3A%2F%2Fsync-eu.connectad.io%2Fsyncer%2F1%3Fdataid%3Ddata1%26uuid%3D&it=0&gdpr=1&gdpr_consent=BOotW_eOotW_eDlABAENCr-AAAAm-AdAACAAoABsAGAAZAA4ACAAEgALQAZAA0ABwAD6AIoAjABMgCgAKIAWwA0ACEAEVAI4AkABNACfAFKALcAcgA_QDMAJPATe&np=0,https://ads.pubmatic.com/AdServer/js/showad.js#PIX&kdntuid=1&SPug=true&p=156077&predirect=https%3A%2F%2Fsync-eu.connectad.io%2Fsyncer%2F1%3Fdataid%3Ddata1%26uuid%3D&it=0&gdpr=1&gdpr_consent=BOotW_eOotW_eDlABAENCr-AAAAm-AdAACAAoABsAGAAZAA4ACAAEgALQAZAA0ABwAD6AIoAjABMgCgAKIAWwA0ACEAEVAI4AkABNACfAFKALcAcgA_QDMAJPATe&np=0,https://ads.pubmatic.com/AdServer/js/showad.js#PIX&kdntuid=1&p=157369&gdpr=0&gdpr_consent=BOotXVOOotXVODlABAENCr-AAAAm-AdAACAAoABsAGAAZAA4ACAAEgALQAZAA0ABwAD6AIoAjABMgCgAKIAWwA0ACEAEVAI4AkABNACfAFKALcAcgA_QDMAJPATe,https://ads.pubmatic.com/AdServer/js/showad.js#PIX&kdntuid=1&p=1743386&gdpr=0&gdpr_consent=BOotXVOOotXVODlABAENCr-AAAAm-AdAACAAoABsAGAAZAA4ACAAEgALQAZAA0ABwAD6AIoAjABMgCgAKIAWwA0ACEAEVAI4AkABNACfAFKALcAcgA_QDMAJPATe,https://ads.pubmatic.com/AdServer/js/user_sync.html?p=156077&predirect=https%3A%2F%2Fsync-eu.connectad.io%2Fsyncer%2F1%3Fdataid%3Ddata1%26uuid%3D,https://ads.pubmatic.com/AdServer/js/user_sync.html?p=156077&predirect=https%3A%2F%2Fsync-eu.connectad.io%2Fsyncer%2F1%3Fdataid%3Ddata1%26uuid%3D,https://ads.pubmatic.com/AdServer/js/showad.js#PIX&kdntuid=1&SPug=true&p=156077&predirect=https%3A%2F%2Fsync-eu.connectad.io%2Fsyncer%2F1%3Fdataid%3Ddata1%26uuid%3D&it=0&gdpr=1&gdpr_consent=BOotXHgOotXHgDlABAENCr-AAAAm-AdAACAAoABsAGAAZAA4ACAAEgALQAZAA0ABwAD6AIoAjABMgCgAKIAWwA0ACEAEVAI4AkABNACfAFKALcAcgA_QDMAJPATe&np=0,https://ads.pubmatic.com/AdServer/js/showad.js#PIX&kdntuid=1&SPug=true&p=156077&predirect=https%3A%2F%2Fsync-eu.connectad.io%2Fsyncer%2F1%3Fdataid%3Ddata1%26uuid%3D&it=0&gdpr=1&gdpr_consent=BOotXHgOotXHgDlABAENCr-AAAAm-AdAACAAoABsAGAAZAA4ACAAEgALQAZAA0ABwAD6AIoAjABMgCgAKIAWwA0ACEAEVAI4AkABNACfAFKALcAcgA_QDMAJPATe&np=0
2019-10-19 21:57:10,635 DEBUG    save to sessions_items.log
2019-10-19 21:57:10,636 DEBUG    ('127.0.0.1', 52464) - ASGI [317] Received {'type': 'http.response.start', 'status': 200, 'headers': '<...>'}
2019-10-19 21:57:10,636 INFO     ('127.0.0.1', 52464) - "POST /predict_next HTTP/1.1" 200
2019-10-19 21:57:10,636 DEBUG    ('127.0.0.1', 52464) - ASGI [317] Received {'type': 'http.response.body', 'body': '<659 bytes>'}
2019-10-19 21:57:10,636 DEBUG    ('127.0.0.1', 52464) - ASGI [317] Completed
2019-10-19 21:57:10,637 DEBUG    ('127.0.0.1', 52492) - ASGI [318] Started
2019-10-19 21:57:10,637 DEBUG    ('127.0.0.1', 52492) - ASGI [318] Sent {'type': 'http.request', 'body': '<931 bytes>', 'more_body': False}
2019-10-19 21:57:10,637 DEBUG    received items: https://dco-assets.everestads.net/ics-campaign/static/dco/html5-ad-script_v4.html?data=Xau53AAAL9j2ehJN,https://dco-assets.everestads.net/ics-campaign//5031/t/7178/7/728x90.html,https://dco-assets.everestads.net/ics-campaign/static/dco/html5-ad-script_v4.html?data=Xau_IQAABJf0skpQ,https://dco-assets.everestads.net/ics-campaign//5031/t/7178/7/728x90.html,https://dco-assets.everestads.net/ics-campaign/static/dco/html5-ad-script_v4.html?data=Xau_aQAABQ8uNUpQ,https://dco-assets.everestads.net/ics-campaign//5031/t/6459/13/160x600.html,https://dco-assets.everestads.net/ics-campaign/static/dco/html5-ad-script_v4.html?data=Xau_mwAAJTWhsmXG,https://dco-assets.everestads.net/ics-campaign//5031/t/6459/13/160x600.html,https://dco-assets.everestads.net/ics-campaign/static/dco/html5-ad-script_v4.html?data=Xau_8wAAImHpgWXG,https://dco-assets.everestads.net/ics-campaign//5031/t/6459/13/160x600.html
2019-10-19 21:57:10,637 DEBUG    save to sessions_items.log
2019-10-19 21:57:10,638 DEBUG    ('127.0.0.1', 52492) - ASGI [318] Received {'type': 'http.response.start', 'status': 200, 'headers': '<...>'}
2019-10-19 21:57:10,638 INFO     ('127.0.0.1', 52492) - "POST /predict_next HTTP/1.1" 200
2019-10-19 21:57:10,638 DEBUG    ('127.0.0.1', 52492) - ASGI [318] Received {'type': 'http.response.body', 'body': '<171 bytes>'}
2019-10-19 21:57:10,639 DEBUG    ('127.0.0.1', 52492) - ASGI [318] Completed
2019-10-19 21:57:10,646 DEBUG    ('127.0.0.1', 52504) - ASGI [319] Started
2019-10-19 21:57:10,646 DEBUG    ('127.0.0.1', 52504) - ASGI [319] Sent {'type': 'http.request', 'body': '<3411 bytes>', 'more_body': False}
2019-10-19 21:57:10,647 DEBUG    received items: https://sync-eu.connectad.io/syncer/1,https://sync-eu.connectad.io/syncer/1,https://sync-eu.connectad.io/syncer/1?dataid=data5&uuid=d72d00d2-5495-0f63-39d8-df2050bab74a,https://sync-eu.connectad.io/syncer/1?bidder=appnexus&dataid=data11&uuid=7981047338159745652,https://sync-eu.connectad.io/syncer/1?bidder=sovrn&dataid=data12&uuid=eeacabbfbee45592a442623f,https://sync-eu.connectad.io/syncer/1?bidder=idx&dataid=data13&uuid=Xau.Y9HM5zgAAEhoongAAAB9%26041,https://sync-eu.connectad.io/syncer/1?bidder=appnexus&dataid=data11&uuid=7981047338159745652,https://sync-eu.connectad.io/syncer/1?bidder=adform&dataid=data4&uuid=3912233068022959670,https://sync-eu.connectad.io/syncer/1?dataid=data5&uuid=d72d00d2-5495-0f63-39d8-df2050bab74a,https://sync-eu.connectad.io/syncer/1?bidder=sovrn&dataid=data12&uuid=eeacabbfbee45592a442623f,https://sync-eu.connectad.io/syncer/1?bidder=idx&dataid=data13&uuid=Xau.Y9HM5zgAAEhoongAAAB9%26041,https://sync-eu.connectad.io/pixel/1?dataid=data3&uuid=19fc55c8-262c-43d7-850b-18ee9ba53b56,https://sync-eu.connectad.io/pixel/1?dataid=data3&uuid=19fc55c8-262c-43d7-850b-18ee9ba53b56,https://sync-eu.connectad.io/syncer/1?dataid=data1&uuid=9D0A4133-29CB-4408-ABCC-8C799074A43D,https://sync-eu.connectad.io/syncer/1?dataid=data1&uuid=9D0A4133-29CB-4408-ABCC-8C799074A43D,https://sync-eu.connectad.io/syncer/1,https://sync-eu.connectad.io/syncer/1,https://sync-eu.connectad.io/syncer/1?bidder=adform&dataid=data4&uuid=3912233068022959670,https://sync-eu.connectad.io/syncer/1?bidder=appnexus&dataid=data11&uuid=7981047338159745652,https://sync-eu.connectad.io/syncer/1?dataid=data5&uuid=d72d00d2-5495-0f63-39d8-df2050bab74a,https://sync-eu.connectad.io/syncer/1?bidder=sovrn&dataid=data12&uuid=eeacabbfbee45592a442623f,https://sync-eu.connectad.io/syncer/1?bidder=idx&dataid=data13&uuid=Xau.Y9HM5zgAAEhoongAAAB9%26041,https://sync-eu.connectad.io/syncer/1?dataid=data5&uuid=d72d00d2-5495-0f63-39d8-df2050bab74a,https://sync-eu.connectad.io/syncer/1?bidder=appnexus&dataid=data11&uuid=7981047338159745652,https://sync-eu.connectad.io/syncer/1?bidder=adform&dataid=data4&uuid=3912233068022959670,https://sync-eu.connectad.io/syncer/1?bidder=sovrn&dataid=data12&uuid=eeacabbfbee45592a442623f,https://sync-eu.connectad.io/syncer/1?bidder=idx&dataid=data13&uuid=Xau.Y9HM5zgAAEhoongAAAB9%26041,https://sync-eu.connectad.io/pixel/1?dataid=data3&uuid=19fc55c8-262c-43d7-850b-18ee9ba53b56,https://sync-eu.connectad.io/syncer/1?dataid=data1&uuid=9D0A4133-29CB-4408-ABCC-8C799074A43D,https://sync-eu.connectad.io/pixel/1?dataid=data3&uuid=19fc55c8-262c-43d7-850b-18ee9ba53b56,https://sync-eu.connectad.io/syncer/1?dataid=data1&uuid=9D0A4133-29CB-4408-ABCC-8C799074A43D,https://sync-eu.connectad.io/syncer/1,https://sync-eu.connectad.io/syncer/1,https://sync-eu.connectad.io/syncer/1?bidder=adform&dataid=data4&uuid=3912233068022959670,https://sync-eu.connectad.io/syncer/1?dataid=data5&uuid=d72d00d2-5495-0f63-39d8-df2050bab74a,https://sync-eu.connectad.io/syncer/1?bidder=appnexus&dataid=data11&uuid=7981047338159745652,https://sync-eu.connectad.io/syncer/1?bidder=idx&dataid=data13&uuid=Xau.Y9HM5zgAAEhoongAAAB9%26041,https://sync-eu.connectad.io/syncer/1?bidder=sovrn&dataid=data12&uuid=eeacabbfbee45592a442623f,https://sync-eu.connectad.io/syncer/1?bidder=adform&dataid=data4&uuid=3912233068022959670
2019-10-19 21:57:10,647 DEBUG    save to sessions_items.log
2019-10-19 21:57:10,648 DEBUG    ('127.0.0.1', 52504) - ASGI [319] Received {'type': 'http.response.start', 'status': 200, 'headers': '<...>'}
2019-10-19 21:57:10,648 INFO     ('127.0.0.1', 52504) - "POST /predict_next HTTP/1.1" 200
2019-10-19 21:57:10,648 DEBUG    ('127.0.0.1', 52504) - ASGI [319] Received {'type': 'http.response.body', 'body': '<199 bytes>'}
2019-10-19 21:57:10,648 DEBUG    ('127.0.0.1', 52504) - ASGI [319] Completed
2019-10-19 21:57:10,706 DEBUG    ('127.0.0.1', 52562) - Connected
2019-10-19 21:57:10,708 DEBUG    ('127.0.0.1', 52563) - Connected
2019-10-19 21:57:10,712 DEBUG    ('127.0.0.1', 52562) - ASGI [320] Started
2019-10-19 21:57:10,713 DEBUG    ('127.0.0.1', 52562) - ASGI [320] Sent {'type': 'http.request', 'body': '<890 bytes>', 'more_body': False}
2019-10-19 21:57:10,713 DEBUG    received items: https://de.tynt.com/deb/?m=xch&rt=html&gdpr=0&gdpr_consent=&ru=https%3A%2F%2Fsync-eu.connectad.io%2Fsyncer%2F1%3Fdataid%3Ddata14%26uuid%3D33XUSERID33X&id=zzz000000000002zzz,https://de.tynt.com/deb/?m=xch&rt=html&gdpr=0&gdpr_consent=&ru=https%3A%2F%2Fsync-eu.connectad.io%2Fsyncer%2F1%3Fdataid%3Ddata14%26uuid%3D33XUSERID33X&id=zzz000000000002zzz,https://de.tynt.com/deb/?m=xch&rt=html&gdpr=0&gdpr_consent=&ru=https%3A%2F%2Fsync-eu.connectad.io%2Fsyncer%2F1%3Fdataid%3Ddata14%26uuid%3D33XUSERID33X&id=zzz000000000002zzz,https://de.tynt.com/deb/?m=xch&rt=html&gdpr=0&gdpr_consent=&ru=https%3A%2F%2Fsync-eu.connectad.io%2Fsyncer%2F1%3Fdataid%3Ddata14%26uuid%3D33XUSERID33X&id=zzz000000000002zzz,https://de.tynt.com/deb/?m=xch&rt=html&gdpr=0&gdpr_consent=&ru=https%3A%2F%2Fsync-eu.connectad.io%2Fsyncer%2F1%3Fdataid%3Ddata14%26uuid%3D33XUSERID33X&id=zzz000000000002zzz
2019-10-19 21:57:10,714 DEBUG    save to sessions_items.log
2019-10-19 21:57:10,715 DEBUG    ('127.0.0.1', 52562) - ASGI [320] Received {'type': 'http.response.start', 'status': 200, 'headers': '<...>'}
2019-10-19 21:57:10,715 INFO     ('127.0.0.1', 52562) - "POST /predict_next HTTP/1.1" 200
2019-10-19 21:57:10,715 DEBUG    ('127.0.0.1', 52562) - ASGI [320] Received {'type': 'http.response.body', 'body': '<365 bytes>'}
2019-10-19 21:57:10,715 DEBUG    ('127.0.0.1', 52562) - ASGI [320] Completed
2019-10-19 21:57:10,716 DEBUG    ('127.0.0.1', 52563) - ASGI [321] Started
2019-10-19 21:57:10,716 DEBUG    ('127.0.0.1', 52563) - ASGI [321] Sent {'type': 'http.request', 'body': '<3506 bytes>', 'more_body': False}
2019-10-19 21:57:10,717 DEBUG    received items: https://sync-eu.connectad.io/syncer/1,https://sync-eu.connectad.io/syncer/1,https://sync-eu.connectad.io/syncer/1?dataid=data5&uuid=d72d00d2-5495-0f63-39d8-df2050bab74a,https://sync-eu.connectad.io/syncer/1?bidder=appnexus&dataid=data11&uuid=7981047338159745652,https://sync-eu.connectad.io/syncer/1?bidder=sovrn&dataid=data12&uuid=eeacabbfbee45592a442623f,https://sync-eu.connectad.io/syncer/1?bidder=idx&dataid=data13&uuid=Xau.Y9HM5zgAAEhoongAAAB9%26041,https://sync-eu.connectad.io/syncer/1?bidder=appnexus&dataid=data11&uuid=7981047338159745652,https://sync-eu.connectad.io/syncer/1?bidder=adform&dataid=data4&uuid=3912233068022959670,https://sync-eu.connectad.io/syncer/1?dataid=data5&uuid=d72d00d2-5495-0f63-39d8-df2050bab74a,https://sync-eu.connectad.io/syncer/1?bidder=sovrn&dataid=data12&uuid=eeacabbfbee45592a442623f,https://sync-eu.connectad.io/syncer/1?bidder=idx&dataid=data13&uuid=Xau.Y9HM5zgAAEhoongAAAB9%26041,https://sync-eu.connectad.io/pixel/1?dataid=data3&uuid=19fc55c8-262c-43d7-850b-18ee9ba53b56,https://sync-eu.connectad.io/pixel/1?dataid=data3&uuid=19fc55c8-262c-43d7-850b-18ee9ba53b56,https://sync-eu.connectad.io/syncer/1?dataid=data1&uuid=9D0A4133-29CB-4408-ABCC-8C799074A43D,https://sync-eu.connectad.io/syncer/1?dataid=data1&uuid=9D0A4133-29CB-4408-ABCC-8C799074A43D,https://sync-eu.connectad.io/syncer/1,https://sync-eu.connectad.io/syncer/1,https://sync-eu.connectad.io/syncer/1?bidder=adform&dataid=data4&uuid=3912233068022959670,https://sync-eu.connectad.io/syncer/1?bidder=appnexus&dataid=data11&uuid=7981047338159745652,https://sync-eu.connectad.io/syncer/1?dataid=data5&uuid=d72d00d2-5495-0f63-39d8-df2050bab74a,https://sync-eu.connectad.io/syncer/1?bidder=sovrn&dataid=data12&uuid=eeacabbfbee45592a442623f,https://sync-eu.connectad.io/syncer/1?bidder=idx&dataid=data13&uuid=Xau.Y9HM5zgAAEhoongAAAB9%26041,https://sync-eu.connectad.io/syncer/1?dataid=data5&uuid=d72d00d2-5495-0f63-39d8-df2050bab74a,https://sync-eu.connectad.io/syncer/1?bidder=appnexus&dataid=data11&uuid=7981047338159745652,https://sync-eu.connectad.io/syncer/1?bidder=adform&dataid=data4&uuid=3912233068022959670,https://sync-eu.connectad.io/syncer/1?bidder=sovrn&dataid=data12&uuid=eeacabbfbee45592a442623f,https://sync-eu.connectad.io/syncer/1?bidder=idx&dataid=data13&uuid=Xau.Y9HM5zgAAEhoongAAAB9%26041,https://sync-eu.connectad.io/pixel/1?dataid=data3&uuid=19fc55c8-262c-43d7-850b-18ee9ba53b56,https://sync-eu.connectad.io/syncer/1?dataid=data1&uuid=9D0A4133-29CB-4408-ABCC-8C799074A43D,https://sync-eu.connectad.io/pixel/1?dataid=data3&uuid=19fc55c8-262c-43d7-850b-18ee9ba53b56,https://sync-eu.connectad.io/syncer/1?dataid=data1&uuid=9D0A4133-29CB-4408-ABCC-8C799074A43D,https://sync-eu.connectad.io/syncer/1,https://sync-eu.connectad.io/syncer/1,https://sync-eu.connectad.io/syncer/1?bidder=adform&dataid=data4&uuid=3912233068022959670,https://sync-eu.connectad.io/syncer/1?dataid=data5&uuid=d72d00d2-5495-0f63-39d8-df2050bab74a,https://sync-eu.connectad.io/syncer/1?bidder=appnexus&dataid=data11&uuid=7981047338159745652,https://sync-eu.connectad.io/syncer/1?bidder=idx&dataid=data13&uuid=Xau.Y9HM5zgAAEhoongAAAB9%26041,https://sync-eu.connectad.io/syncer/1?bidder=sovrn&dataid=data12&uuid=eeacabbfbee45592a442623f,https://sync-eu.connectad.io/syncer/1?bidder=adform&dataid=data4&uuid=3912233068022959670,https://sync-eu.connectad.io/syncer/1?dataid=data5&uuid=d72d00d2-5495-0f63-39d8-df2050bab74a
2019-10-19 21:57:10,717 DEBUG    save to sessions_items.log
2019-10-19 21:57:10,717 DEBUG    ('127.0.0.1', 52563) - ASGI [321] Received {'type': 'http.response.start', 'status': 200, 'headers': '<...>'}
2019-10-19 21:57:10,718 INFO     ('127.0.0.1', 52563) - "POST /predict_next HTTP/1.1" 200
2019-10-19 21:57:10,718 DEBUG    ('127.0.0.1', 52563) - ASGI [321] Received {'type': 'http.response.body', 'body': '<205 bytes>'}
2019-10-19 21:57:10,718 DEBUG    ('127.0.0.1', 52563) - ASGI [321] Completed
2019-10-19 21:57:10,790 DEBUG    ('127.0.0.1', 52564) - Connected
2019-10-19 21:57:10,792 DEBUG    ('127.0.0.1', 52564) - ASGI [322] Started
2019-10-19 21:57:10,792 DEBUG    ('127.0.0.1', 52564) - ASGI [322] Sent {'type': 'http.request', 'body': '<3601 bytes>', 'more_body': False}
2019-10-19 21:57:10,795 DEBUG    received items: https://sync-eu.connectad.io/syncer/1,https://sync-eu.connectad.io/syncer/1,https://sync-eu.connectad.io/syncer/1?dataid=data5&uuid=d72d00d2-5495-0f63-39d8-df2050bab74a,https://sync-eu.connectad.io/syncer/1?bidder=appnexus&dataid=data11&uuid=7981047338159745652,https://sync-eu.connectad.io/syncer/1?bidder=sovrn&dataid=data12&uuid=eeacabbfbee45592a442623f,https://sync-eu.connectad.io/syncer/1?bidder=idx&dataid=data13&uuid=Xau.Y9HM5zgAAEhoongAAAB9%26041,https://sync-eu.connectad.io/syncer/1?bidder=appnexus&dataid=data11&uuid=7981047338159745652,https://sync-eu.connectad.io/syncer/1?bidder=adform&dataid=data4&uuid=3912233068022959670,https://sync-eu.connectad.io/syncer/1?dataid=data5&uuid=d72d00d2-5495-0f63-39d8-df2050bab74a,https://sync-eu.connectad.io/syncer/1?bidder=sovrn&dataid=data12&uuid=eeacabbfbee45592a442623f,https://sync-eu.connectad.io/syncer/1?bidder=idx&dataid=data13&uuid=Xau.Y9HM5zgAAEhoongAAAB9%26041,https://sync-eu.connectad.io/pixel/1?dataid=data3&uuid=19fc55c8-262c-43d7-850b-18ee9ba53b56,https://sync-eu.connectad.io/pixel/1?dataid=data3&uuid=19fc55c8-262c-43d7-850b-18ee9ba53b56,https://sync-eu.connectad.io/syncer/1?dataid=data1&uuid=9D0A4133-29CB-4408-ABCC-8C799074A43D,https://sync-eu.connectad.io/syncer/1?dataid=data1&uuid=9D0A4133-29CB-4408-ABCC-8C799074A43D,https://sync-eu.connectad.io/syncer/1,https://sync-eu.connectad.io/syncer/1,https://sync-eu.connectad.io/syncer/1?bidder=adform&dataid=data4&uuid=3912233068022959670,https://sync-eu.connectad.io/syncer/1?bidder=appnexus&dataid=data11&uuid=7981047338159745652,https://sync-eu.connectad.io/syncer/1?dataid=data5&uuid=d72d00d2-5495-0f63-39d8-df2050bab74a,https://sync-eu.connectad.io/syncer/1?bidder=sovrn&dataid=data12&uuid=eeacabbfbee45592a442623f,https://sync-eu.connectad.io/syncer/1?bidder=idx&dataid=data13&uuid=Xau.Y9HM5zgAAEhoongAAAB9%26041,https://sync-eu.connectad.io/syncer/1?dataid=data5&uuid=d72d00d2-5495-0f63-39d8-df2050bab74a,https://sync-eu.connectad.io/syncer/1?bidder=appnexus&dataid=data11&uuid=7981047338159745652,https://sync-eu.connectad.io/syncer/1?bidder=adform&dataid=data4&uuid=3912233068022959670,https://sync-eu.connectad.io/syncer/1?bidder=sovrn&dataid=data12&uuid=eeacabbfbee45592a442623f,https://sync-eu.connectad.io/syncer/1?bidder=idx&dataid=data13&uuid=Xau.Y9HM5zgAAEhoongAAAB9%26041,https://sync-eu.connectad.io/pixel/1?dataid=data3&uuid=19fc55c8-262c-43d7-850b-18ee9ba53b56,https://sync-eu.connectad.io/syncer/1?dataid=data1&uuid=9D0A4133-29CB-4408-ABCC-8C799074A43D,https://sync-eu.connectad.io/pixel/1?dataid=data3&uuid=19fc55c8-262c-43d7-850b-18ee9ba53b56,https://sync-eu.connectad.io/syncer/1?dataid=data1&uuid=9D0A4133-29CB-4408-ABCC-8C799074A43D,https://sync-eu.connectad.io/syncer/1,https://sync-eu.connectad.io/syncer/1,https://sync-eu.connectad.io/syncer/1?bidder=adform&dataid=data4&uuid=3912233068022959670,https://sync-eu.connectad.io/syncer/1?dataid=data5&uuid=d72d00d2-5495-0f63-39d8-df2050bab74a,https://sync-eu.connectad.io/syncer/1?bidder=appnexus&dataid=data11&uuid=7981047338159745652,https://sync-eu.connectad.io/syncer/1?bidder=idx&dataid=data13&uuid=Xau.Y9HM5zgAAEhoongAAAB9%26041,https://sync-eu.connectad.io/syncer/1?bidder=sovrn&dataid=data12&uuid=eeacabbfbee45592a442623f,https://sync-eu.connectad.io/syncer/1?bidder=adform&dataid=data4&uuid=3912233068022959670,https://sync-eu.connectad.io/syncer/1?dataid=data5&uuid=d72d00d2-5495-0f63-39d8-df2050bab74a,https://sync-eu.connectad.io/syncer/1?bidder=appnexus&dataid=data11&uuid=7981047338159745652
2019-10-19 21:57:10,796 DEBUG    save to sessions_items.log
2019-10-19 21:57:10,797 DEBUG    ('127.0.0.1', 52564) - ASGI [322] Received {'type': 'http.response.start', 'status': 200, 'headers': '<...>'}
2019-10-19 21:57:10,797 INFO     ('127.0.0.1', 52564) - "POST /predict_next HTTP/1.1" 200
2019-10-19 21:57:10,797 DEBUG    ('127.0.0.1', 52564) - ASGI [322] Received {'type': 'http.response.body', 'body': '<205 bytes>'}
2019-10-19 21:57:10,797 DEBUG    ('127.0.0.1', 52564) - ASGI [322] Completed
2019-10-19 21:57:10,847 DEBUG    ('127.0.0.1', 52563) - ASGI [323] Started
2019-10-19 21:57:10,848 DEBUG    ('127.0.0.1', 52563) - ASGI [323] Sent {'type': 'http.request', 'body': '<3702 bytes>', 'more_body': False}
2019-10-19 21:57:10,848 DEBUG    received items: https://sync-eu.connectad.io/syncer/1,https://sync-eu.connectad.io/syncer/1,https://sync-eu.connectad.io/syncer/1?dataid=data5&uuid=d72d00d2-5495-0f63-39d8-df2050bab74a,https://sync-eu.connectad.io/syncer/1?bidder=appnexus&dataid=data11&uuid=7981047338159745652,https://sync-eu.connectad.io/syncer/1?bidder=sovrn&dataid=data12&uuid=eeacabbfbee45592a442623f,https://sync-eu.connectad.io/syncer/1?bidder=idx&dataid=data13&uuid=Xau.Y9HM5zgAAEhoongAAAB9%26041,https://sync-eu.connectad.io/syncer/1?bidder=appnexus&dataid=data11&uuid=7981047338159745652,https://sync-eu.connectad.io/syncer/1?bidder=adform&dataid=data4&uuid=3912233068022959670,https://sync-eu.connectad.io/syncer/1?dataid=data5&uuid=d72d00d2-5495-0f63-39d8-df2050bab74a,https://sync-eu.connectad.io/syncer/1?bidder=sovrn&dataid=data12&uuid=eeacabbfbee45592a442623f,https://sync-eu.connectad.io/syncer/1?bidder=idx&dataid=data13&uuid=Xau.Y9HM5zgAAEhoongAAAB9%26041,https://sync-eu.connectad.io/pixel/1?dataid=data3&uuid=19fc55c8-262c-43d7-850b-18ee9ba53b56,https://sync-eu.connectad.io/pixel/1?dataid=data3&uuid=19fc55c8-262c-43d7-850b-18ee9ba53b56,https://sync-eu.connectad.io/syncer/1?dataid=data1&uuid=9D0A4133-29CB-4408-ABCC-8C799074A43D,https://sync-eu.connectad.io/syncer/1?dataid=data1&uuid=9D0A4133-29CB-4408-ABCC-8C799074A43D,https://sync-eu.connectad.io/syncer/1,https://sync-eu.connectad.io/syncer/1,https://sync-eu.connectad.io/syncer/1?bidder=adform&dataid=data4&uuid=3912233068022959670,https://sync-eu.connectad.io/syncer/1?bidder=appnexus&dataid=data11&uuid=7981047338159745652,https://sync-eu.connectad.io/syncer/1?dataid=data5&uuid=d72d00d2-5495-0f63-39d8-df2050bab74a,https://sync-eu.connectad.io/syncer/1?bidder=sovrn&dataid=data12&uuid=eeacabbfbee45592a442623f,https://sync-eu.connectad.io/syncer/1?bidder=idx&dataid=data13&uuid=Xau.Y9HM5zgAAEhoongAAAB9%26041,https://sync-eu.connectad.io/syncer/1?dataid=data5&uuid=d72d00d2-5495-0f63-39d8-df2050bab74a,https://sync-eu.connectad.io/syncer/1?bidder=appnexus&dataid=data11&uuid=7981047338159745652,https://sync-eu.connectad.io/syncer/1?bidder=adform&dataid=data4&uuid=3912233068022959670,https://sync-eu.connectad.io/syncer/1?bidder=sovrn&dataid=data12&uuid=eeacabbfbee45592a442623f,https://sync-eu.connectad.io/syncer/1?bidder=idx&dataid=data13&uuid=Xau.Y9HM5zgAAEhoongAAAB9%26041,https://sync-eu.connectad.io/pixel/1?dataid=data3&uuid=19fc55c8-262c-43d7-850b-18ee9ba53b56,https://sync-eu.connectad.io/syncer/1?dataid=data1&uuid=9D0A4133-29CB-4408-ABCC-8C799074A43D,https://sync-eu.connectad.io/pixel/1?dataid=data3&uuid=19fc55c8-262c-43d7-850b-18ee9ba53b56,https://sync-eu.connectad.io/syncer/1?dataid=data1&uuid=9D0A4133-29CB-4408-ABCC-8C799074A43D,https://sync-eu.connectad.io/syncer/1,https://sync-eu.connectad.io/syncer/1,https://sync-eu.connectad.io/syncer/1?bidder=adform&dataid=data4&uuid=3912233068022959670,https://sync-eu.connectad.io/syncer/1?dataid=data5&uuid=d72d00d2-5495-0f63-39d8-df2050bab74a,https://sync-eu.connectad.io/syncer/1?bidder=appnexus&dataid=data11&uuid=7981047338159745652,https://sync-eu.connectad.io/syncer/1?bidder=idx&dataid=data13&uuid=Xau.Y9HM5zgAAEhoongAAAB9%26041,https://sync-eu.connectad.io/syncer/1?bidder=sovrn&dataid=data12&uuid=eeacabbfbee45592a442623f,https://sync-eu.connectad.io/syncer/1?bidder=adform&dataid=data4&uuid=3912233068022959670,https://sync-eu.connectad.io/syncer/1?dataid=data5&uuid=d72d00d2-5495-0f63-39d8-df2050bab74a,https://sync-eu.connectad.io/syncer/1?bidder=appnexus&dataid=data11&uuid=7981047338159745652,https://sync-eu.connectad.io/syncer/1?bidder=idx&dataid=data13&uuid=Xau.Y9HM5zgAAEhoongAAAB9%26041
2019-10-19 21:57:10,848 DEBUG    save to sessions_items.log
2019-10-19 21:57:10,849 DEBUG    ('127.0.0.1', 52563) - ASGI [323] Received {'type': 'http.response.start', 'status': 200, 'headers': '<...>'}
2019-10-19 21:57:10,849 INFO     ('127.0.0.1', 52563) - "POST /predict_next HTTP/1.1" 200
2019-10-19 21:57:10,849 DEBUG    ('127.0.0.1', 52563) - ASGI [323] Received {'type': 'http.response.body', 'body': '<217 bytes>'}
2019-10-19 21:57:10,850 DEBUG    ('127.0.0.1', 52563) - ASGI [323] Completed
2019-10-19 21:57:10,875 DEBUG    ('127.0.0.1', 52564) - ASGI [324] Started
2019-10-19 21:57:10,875 DEBUG    ('127.0.0.1', 52564) - ASGI [324] Sent {'type': 'http.request', 'body': '<1065 bytes>', 'more_body': False}
2019-10-19 21:57:10,875 DEBUG    received items: https://de.tynt.com/deb/?m=xch&rt=html&gdpr=0&gdpr_consent=&ru=https%3A%2F%2Fsync-eu.connectad.io%2Fsyncer%2F1%3Fdataid%3Ddata14%26uuid%3D33XUSERID33X&id=zzz000000000002zzz,https://de.tynt.com/deb/?m=xch&rt=html&gdpr=0&gdpr_consent=&ru=https%3A%2F%2Fsync-eu.connectad.io%2Fsyncer%2F1%3Fdataid%3Ddata14%26uuid%3D33XUSERID33X&id=zzz000000000002zzz,https://de.tynt.com/deb/?m=xch&rt=html&gdpr=0&gdpr_consent=&ru=https%3A%2F%2Fsync-eu.connectad.io%2Fsyncer%2F1%3Fdataid%3Ddata14%26uuid%3D33XUSERID33X&id=zzz000000000002zzz,https://de.tynt.com/deb/?m=xch&rt=html&gdpr=0&gdpr_consent=&ru=https%3A%2F%2Fsync-eu.connectad.io%2Fsyncer%2F1%3Fdataid%3Ddata14%26uuid%3D33XUSERID33X&id=zzz000000000002zzz,https://de.tynt.com/deb/?m=xch&rt=html&gdpr=0&gdpr_consent=&ru=https%3A%2F%2Fsync-eu.connectad.io%2Fsyncer%2F1%3Fdataid%3Ddata14%26uuid%3D33XUSERID33X&id=zzz000000000002zzz,https://de.tynt.com/deb/?m=xch&rt=html&gdpr=0&gdpr_consent=&ru=https%3A%2F%2Fsync-eu.connectad.io%2Fsyncer%2F1%3Fdataid%3Ddata14%26uuid%3D33XUSERID33X&id=zzz000000000002zzz
2019-10-19 21:57:10,876 DEBUG    save to sessions_items.log
2019-10-19 21:57:10,876 DEBUG    ('127.0.0.1', 52564) - ASGI [324] Received {'type': 'http.response.start', 'status': 200, 'headers': '<...>'}
2019-10-19 21:57:10,877 INFO     ('127.0.0.1', 52564) - "POST /predict_next HTTP/1.1" 200
2019-10-19 21:57:10,877 DEBUG    ('127.0.0.1', 52564) - ASGI [324] Received {'type': 'http.response.body', 'body': '<365 bytes>'}
2019-10-19 21:57:10,877 DEBUG    ('127.0.0.1', 52564) - ASGI [324] Completed
2019-10-19 21:57:10,878 DEBUG    ('127.0.0.1', 52562) - ASGI [325] Started
2019-10-19 21:57:10,878 DEBUG    ('127.0.0.1', 52562) - ASGI [325] Sent {'type': 'http.request', 'body': '<3799 bytes>', 'more_body': False}
2019-10-19 21:57:10,879 DEBUG    received items: https://sync-eu.connectad.io/syncer/1,https://sync-eu.connectad.io/syncer/1,https://sync-eu.connectad.io/syncer/1?dataid=data5&uuid=d72d00d2-5495-0f63-39d8-df2050bab74a,https://sync-eu.connectad.io/syncer/1?bidder=appnexus&dataid=data11&uuid=7981047338159745652,https://sync-eu.connectad.io/syncer/1?bidder=sovrn&dataid=data12&uuid=eeacabbfbee45592a442623f,https://sync-eu.connectad.io/syncer/1?bidder=idx&dataid=data13&uuid=Xau.Y9HM5zgAAEhoongAAAB9%26041,https://sync-eu.connectad.io/syncer/1?bidder=appnexus&dataid=data11&uuid=7981047338159745652,https://sync-eu.connectad.io/syncer/1?bidder=adform&dataid=data4&uuid=3912233068022959670,https://sync-eu.connectad.io/syncer/1?dataid=data5&uuid=d72d00d2-5495-0f63-39d8-df2050bab74a,https://sync-eu.connectad.io/syncer/1?bidder=sovrn&dataid=data12&uuid=eeacabbfbee45592a442623f,https://sync-eu.connectad.io/syncer/1?bidder=idx&dataid=data13&uuid=Xau.Y9HM5zgAAEhoongAAAB9%26041,https://sync-eu.connectad.io/pixel/1?dataid=data3&uuid=19fc55c8-262c-43d7-850b-18ee9ba53b56,https://sync-eu.connectad.io/pixel/1?dataid=data3&uuid=19fc55c8-262c-43d7-850b-18ee9ba53b56,https://sync-eu.connectad.io/syncer/1?dataid=data1&uuid=9D0A4133-29CB-4408-ABCC-8C799074A43D,https://sync-eu.connectad.io/syncer/1?dataid=data1&uuid=9D0A4133-29CB-4408-ABCC-8C799074A43D,https://sync-eu.connectad.io/syncer/1,https://sync-eu.connectad.io/syncer/1,https://sync-eu.connectad.io/syncer/1?bidder=adform&dataid=data4&uuid=3912233068022959670,https://sync-eu.connectad.io/syncer/1?bidder=appnexus&dataid=data11&uuid=7981047338159745652,https://sync-eu.connectad.io/syncer/1?dataid=data5&uuid=d72d00d2-5495-0f63-39d8-df2050bab74a,https://sync-eu.connectad.io/syncer/1?bidder=sovrn&dataid=data12&uuid=eeacabbfbee45592a442623f,https://sync-eu.connectad.io/syncer/1?bidder=idx&dataid=data13&uuid=Xau.Y9HM5zgAAEhoongAAAB9%26041,https://sync-eu.connectad.io/syncer/1?dataid=data5&uuid=d72d00d2-5495-0f63-39d8-df2050bab74a,https://sync-eu.connectad.io/syncer/1?bidder=appnexus&dataid=data11&uuid=7981047338159745652,https://sync-eu.connectad.io/syncer/1?bidder=adform&dataid=data4&uuid=3912233068022959670,https://sync-eu.connectad.io/syncer/1?bidder=sovrn&dataid=data12&uuid=eeacabbfbee45592a442623f,https://sync-eu.connectad.io/syncer/1?bidder=idx&dataid=data13&uuid=Xau.Y9HM5zgAAEhoongAAAB9%26041,https://sync-eu.connectad.io/pixel/1?dataid=data3&uuid=19fc55c8-262c-43d7-850b-18ee9ba53b56,https://sync-eu.connectad.io/syncer/1?dataid=data1&uuid=9D0A4133-29CB-4408-ABCC-8C799074A43D,https://sync-eu.connectad.io/pixel/1?dataid=data3&uuid=19fc55c8-262c-43d7-850b-18ee9ba53b56,https://sync-eu.connectad.io/syncer/1?dataid=data1&uuid=9D0A4133-29CB-4408-ABCC-8C799074A43D,https://sync-eu.connectad.io/syncer/1,https://sync-eu.connectad.io/syncer/1,https://sync-eu.connectad.io/syncer/1?bidder=adform&dataid=data4&uuid=3912233068022959670,https://sync-eu.connectad.io/syncer/1?dataid=data5&uuid=d72d00d2-5495-0f63-39d8-df2050bab74a,https://sync-eu.connectad.io/syncer/1?bidder=appnexus&dataid=data11&uuid=7981047338159745652,https://sync-eu.connectad.io/syncer/1?bidder=idx&dataid=data13&uuid=Xau.Y9HM5zgAAEhoongAAAB9%26041,https://sync-eu.connectad.io/syncer/1?bidder=sovrn&dataid=data12&uuid=eeacabbfbee45592a442623f,https://sync-eu.connectad.io/syncer/1?bidder=adform&dataid=data4&uuid=3912233068022959670,https://sync-eu.connectad.io/syncer/1?dataid=data5&uuid=d72d00d2-5495-0f63-39d8-df2050bab74a,https://sync-eu.connectad.io/syncer/1?bidder=appnexus&dataid=data11&uuid=7981047338159745652,https://sync-eu.connectad.io/syncer/1?bidder=idx&dataid=data13&uuid=Xau.Y9HM5zgAAEhoongAAAB9%26041,https://sync-eu.connectad.io/syncer/1?bidder=sovrn&dataid=data12&uuid=eeacabbfbee45592a442623f
2019-10-19 21:57:10,879 DEBUG    save to sessions_items.log
2019-10-19 21:57:10,880 DEBUG    ('127.0.0.1', 52562) - ASGI [325] Received {'type': 'http.response.start', 'status': 200, 'headers': '<...>'}
2019-10-19 21:57:10,880 INFO     ('127.0.0.1', 52562) - "POST /predict_next HTTP/1.1" 200
2019-10-19 21:57:10,880 DEBUG    ('127.0.0.1', 52562) - ASGI [325] Received {'type': 'http.response.body', 'body': '<209 bytes>'}
2019-10-19 21:57:10,880 DEBUG    ('127.0.0.1', 52562) - ASGI [325] Completed
2019-10-19 21:57:10,881 DEBUG    ('127.0.0.1', 52504) - ASGI [326] Started
2019-10-19 21:57:10,881 DEBUG    ('127.0.0.1', 52504) - ASGI [326] Sent {'type': 'http.request', 'body': '<3893 bytes>', 'more_body': False}
2019-10-19 21:57:10,882 DEBUG    received items: https://sync-eu.connectad.io/syncer/1,https://sync-eu.connectad.io/syncer/1,https://sync-eu.connectad.io/syncer/1?dataid=data5&uuid=d72d00d2-5495-0f63-39d8-df2050bab74a,https://sync-eu.connectad.io/syncer/1?bidder=appnexus&dataid=data11&uuid=7981047338159745652,https://sync-eu.connectad.io/syncer/1?bidder=sovrn&dataid=data12&uuid=eeacabbfbee45592a442623f,https://sync-eu.connectad.io/syncer/1?bidder=idx&dataid=data13&uuid=Xau.Y9HM5zgAAEhoongAAAB9%26041,https://sync-eu.connectad.io/syncer/1?bidder=appnexus&dataid=data11&uuid=7981047338159745652,https://sync-eu.connectad.io/syncer/1?bidder=adform&dataid=data4&uuid=3912233068022959670,https://sync-eu.connectad.io/syncer/1?dataid=data5&uuid=d72d00d2-5495-0f63-39d8-df2050bab74a,https://sync-eu.connectad.io/syncer/1?bidder=sovrn&dataid=data12&uuid=eeacabbfbee45592a442623f,https://sync-eu.connectad.io/syncer/1?bidder=idx&dataid=data13&uuid=Xau.Y9HM5zgAAEhoongAAAB9%26041,https://sync-eu.connectad.io/pixel/1?dataid=data3&uuid=19fc55c8-262c-43d7-850b-18ee9ba53b56,https://sync-eu.connectad.io/pixel/1?dataid=data3&uuid=19fc55c8-262c-43d7-850b-18ee9ba53b56,https://sync-eu.connectad.io/syncer/1?dataid=data1&uuid=9D0A4133-29CB-4408-ABCC-8C799074A43D,https://sync-eu.connectad.io/syncer/1?dataid=data1&uuid=9D0A4133-29CB-4408-ABCC-8C799074A43D,https://sync-eu.connectad.io/syncer/1,https://sync-eu.connectad.io/syncer/1,https://sync-eu.connectad.io/syncer/1?bidder=adform&dataid=data4&uuid=3912233068022959670,https://sync-eu.connectad.io/syncer/1?bidder=appnexus&dataid=data11&uuid=7981047338159745652,https://sync-eu.connectad.io/syncer/1?dataid=data5&uuid=d72d00d2-5495-0f63-39d8-df2050bab74a,https://sync-eu.connectad.io/syncer/1?bidder=sovrn&dataid=data12&uuid=eeacabbfbee45592a442623f,https://sync-eu.connectad.io/syncer/1?bidder=idx&dataid=data13&uuid=Xau.Y9HM5zgAAEhoongAAAB9%26041,https://sync-eu.connectad.io/syncer/1?dataid=data5&uuid=d72d00d2-5495-0f63-39d8-df2050bab74a,https://sync-eu.connectad.io/syncer/1?bidder=appnexus&dataid=data11&uuid=7981047338159745652,https://sync-eu.connectad.io/syncer/1?bidder=adform&dataid=data4&uuid=3912233068022959670,https://sync-eu.connectad.io/syncer/1?bidder=sovrn&dataid=data12&uuid=eeacabbfbee45592a442623f,https://sync-eu.connectad.io/syncer/1?bidder=idx&dataid=data13&uuid=Xau.Y9HM5zgAAEhoongAAAB9%26041,https://sync-eu.connectad.io/pixel/1?dataid=data3&uuid=19fc55c8-262c-43d7-850b-18ee9ba53b56,https://sync-eu.connectad.io/syncer/1?dataid=data1&uuid=9D0A4133-29CB-4408-ABCC-8C799074A43D,https://sync-eu.connectad.io/pixel/1?dataid=data3&uuid=19fc55c8-262c-43d7-850b-18ee9ba53b56,https://sync-eu.connectad.io/syncer/1?dataid=data1&uuid=9D0A4133-29CB-4408-ABCC-8C799074A43D,https://sync-eu.connectad.io/syncer/1,https://sync-eu.connectad.io/syncer/1,https://sync-eu.connectad.io/syncer/1?bidder=adform&dataid=data4&uuid=3912233068022959670,https://sync-eu.connectad.io/syncer/1?dataid=data5&uuid=d72d00d2-5495-0f63-39d8-df2050bab74a,https://sync-eu.connectad.io/syncer/1?bidder=appnexus&dataid=data11&uuid=7981047338159745652,https://sync-eu.connectad.io/syncer/1?bidder=idx&dataid=data13&uuid=Xau.Y9HM5zgAAEhoongAAAB9%26041,https://sync-eu.connectad.io/syncer/1?bidder=sovrn&dataid=data12&uuid=eeacabbfbee45592a442623f,https://sync-eu.connectad.io/syncer/1?bidder=adform&dataid=data4&uuid=3912233068022959670,https://sync-eu.connectad.io/syncer/1?dataid=data5&uuid=d72d00d2-5495-0f63-39d8-df2050bab74a,https://sync-eu.connectad.io/syncer/1?bidder=appnexus&dataid=data11&uuid=7981047338159745652,https://sync-eu.connectad.io/syncer/1?bidder=idx&dataid=data13&uuid=Xau.Y9HM5zgAAEhoongAAAB9%26041,https://sync-eu.connectad.io/syncer/1?bidder=sovrn&dataid=data12&uuid=eeacabbfbee45592a442623f,https://sync-eu.connectad.io/pixel/1?dataid=data3&uuid=19fc55c8-262c-43d7-850b-18ee9ba53b56
2019-10-19 21:57:10,882 DEBUG    save to sessions_items.log
2019-10-19 21:57:10,883 DEBUG    ('127.0.0.1', 52504) - ASGI [326] Received {'type': 'http.response.start', 'status': 200, 'headers': '<...>'}
2019-10-19 21:57:10,883 INFO     ('127.0.0.1', 52504) - "POST /predict_next HTTP/1.1" 200
2019-10-19 21:57:10,883 DEBUG    ('127.0.0.1', 52504) - ASGI [326] Received {'type': 'http.response.body', 'body': '<203 bytes>'}
2019-10-19 21:57:10,883 DEBUG    ('127.0.0.1', 52504) - ASGI [326] Completed
2019-10-19 21:57:11,639 DEBUG    ('127.0.0.1', 52504) - ASGI [327] Started
2019-10-19 21:57:11,639 DEBUG    ('127.0.0.1', 52504) - ASGI [327] Sent {'type': 'http.request', 'body': '<4709 bytes>', 'more_body': False}
2019-10-19 21:57:11,640 DEBUG    received items: https://www.google.com/search?q=chrome+inject+html&rlz=1C5CHFA_enCA815CA815&oq=chrome+inject+html&aqs=chrome..69i57j0l5.2667j0j8&sourceid=chrome&ie=UTF-8,https://www.google.com/search?q=chrome+inject+html&rlz=1C5CHFA_enCA815CA815&oq=chrome+inject+html&aqs=chrome..69i57j0l5.2667j0j8&sourceid=chrome&ie=UTF-8,https://www.google.com/search?q=getelementbyid&rlz=1C5CHFA_enCA815CA815&oq=getelementby&aqs=chrome.0.0l4j69i57j0.2736j0j4&sourceid=chrome&ie=UTF-8,https://www.google.com/search?rlz=1C5CHFA_enCA815CA815&sxsrf=ACYBGNSjOlo20LGVDmqlfp9ipfgI4K57Sw%3A1571536389451&ei=Bb6rXeWUG6S1ggeFhKPYBw&q=html+get+element&oq=html+get+element&gs_l=psy-ab.3..0l10.2718.8249..8368...11.4..1.242.2524.20j2j3......0....1..gws-wiz.......0i71j35i39j0i67j0i131j0i22i30j0i22i10i30j0i13j0i13i30j0i13i5i30j0i8i13i30j33i160.FJ5XlWYjk7w&ved=0ahUKEwilq_qh3anlAhWkmuAKHQXCCHsQ4dUDCAs&uact=5,https://www.google.com/search?rlz=1C5CHFA_enCA815CA815&sxsrf=ACYBGNQCwp0jVydWEZmDJuT5VazexhHC-Q%3A1571536399300&ei=D76rXf31EeTF_QaM-q2gDw&q=getelementbyid+append&oq=getelementbyid+append&gs_l=psy-ab.3..0i20i263j0l3j0i22i30l6.3429.11981..12075...6.4..0.474.2574.24j1j4-1......0....1..gws-wiz.......0i71j35i39j0i67j0i131i67j0i10j0i10i67j0i131.mAzLxrVwTDI&ved=0ahUKEwi9udOm3anlAhXkYt8KHQx9C_QQ4dUDCAs&uact=5,https://www.google.com/search?rlz=1C5CHFA_enCA815CA815&sxsrf=ACYBGNQCwp0jVydWEZmDJuT5VazexhHC-Q%3A1571536399300&ei=D76rXf31EeTF_QaM-q2gDw&q=getelementbyid+append&oq=getelementbyid+append&gs_l=psy-ab.3..0i20i263j0l3j0i22i30l6.3429.11981..12075...6.4..0.474.2574.24j1j4-1......0....1..gws-wiz.......0i71j35i39j0i67j0i131i67j0i10j0i10i67j0i131.mAzLxrVwTDI&ved=0ahUKEwi9udOm3anlAhXkYt8KHQx9C_QQ4dUDCAs&uact=5,https://www.google.com/search?rlz=1C5CHFA_enCA815CA815&sxsrf=ACYBGNTtqQUMdWH2yS7Euvi8vkjVJrlvhA%3A1571536412492&ei=HL6rXcbSHeGZ_QaS-ZzQDA&q=getelementbyid+append+before&oq=getelementbyid+append+before&gs_l=psy-ab.3...2827.3554..3994...0.2..0.256.1328.1j3j3......0....1..gws-wiz.......0i71j0j0i22i30j0i22i10i30j33i160j33i21.lSIy5S6va5Y&ved=0ahUKEwjG0Pis3anlAhXhTN8KHZI8B8oQ4dUDCAs&uact=5,https://www.google.com/search?rlz=1C5CHFA_enCA815CA815&sxsrf=ACYBGNTtqQUMdWH2yS7Euvi8vkjVJrlvhA%3A1571536412492&ei=HL6rXcbSHeGZ_QaS-ZzQDA&q=getelementbyid+append+before&oq=getelementbyid+append+before&gs_l=psy-ab.3...2827.3554..3994...0.2..0.256.1328.1j3j3......0....1..gws-wiz.......0i71j0j0i22i30j0i22i10i30j33i160j33i21.lSIy5S6va5Y&ved=0ahUKEwjG0Pis3anlAhXhTN8KHZI8B8oQ4dUDCAs&uact=5,https://www.google.com/search?rlz=1C5CHFA_enCA815CA815&sxsrf=ACYBGNQCwp0jVydWEZmDJuT5VazexhHC-Q%3A1571536399300&ei=D76rXf31EeTF_QaM-q2gDw&q=getelementbyid+append&oq=getelementbyid+append&gs_l=psy-ab.3..0i20i263j0l3j0i22i30l6.3429.11981..12075...6.4..0.474.2574.24j1j4-1......0....1..gws-wiz.......0i71j35i39j0i67j0i131i67j0i10j0i10i67j0i131.mAzLxrVwTDI&ved=0ahUKEwi9udOm3anlAhXkYt8KHQx9C_QQ4dUDCAs&uact=5,https://www.google.com/search?rlz=1C5CHFA_enCA815CA815&sxsrf=ACYBGNTtqQUMdWH2yS7Euvi8vkjVJrlvhA%3A1571536412492&ei=HL6rXcbSHeGZ_QaS-ZzQDA&q=getelementbyid+append+before&oq=getelementbyid+append+before&gs_l=psy-ab.3...2827.3554..3994...0.2..0.256.1328.1j3j3......0....1..gws-wiz.......0i71j0j0i22i30j0i22i10i30j33i160j33i21.lSIy5S6va5Y&ved=0ahUKEwjG0Pis3anlAhXhTN8KHZI8B8oQ4dUDCAs&uact=5,https://www.google.com/search?rlz=1C5CHFA_enCA815CA815&sxsrf=ACYBGNTtqQUMdWH2yS7Euvi8vkjVJrlvhA%3A1571536412492&ei=HL6rXcbSHeGZ_QaS-ZzQDA&q=getelementbyid+append+before&oq=getelementbyid+append+before&gs_l=psy-ab.3...2827.3554..3994...0.2..0.256.1328.1j3j3......0....1..gws-wiz.......0i71j0j0i22i30j0i22i10i30j33i160j33i21.lSIy5S6va5Y&ved=0ahUKEwjG0Pis3anlAhXhTN8KHZI8B8oQ4dUDCAs&uact=5,https://www.google.com/search?rlz=1C5CHFA_enCA815CA815&sxsrf=ACYBGNTtqQUMdWH2yS7Euvi8vkjVJrlvhA%3A1571536412492&ei=HL6rXcbSHeGZ_QaS-ZzQDA&q=getelementbyid+append+before&oq=getelementbyid+append+before&gs_l=psy-ab.3...2827.3554..3994...0.2..0.256.1328.1j3j3......0....1..gws-wiz.......0i71j0j0i22i30j0i22i10i30j33i160j33i21.lSIy5S6va5Y&ved=0ahUKEwjG0Pis3anlAhXhTN8KHZI8B8oQ4dUDCAs&uact=5,https://www.google.com/search?rlz=1C5CHFA_enCA815CA815&sxsrf=ACYBGNRORxbwLTYpUUDxK3dKcch44OxE9Q%3A1571536474863&ei=Wr6rXea2NObD_QaS5IfADA&q=getelementbyid+appendchild+before&oq=getelementbyid+appendChield+before&gs_l=psy-ab.3.0.33i10.2303.3508..5359...1.2..0.104.591.6j1......0....1..gws-wiz.......0i71j35i304i39.vP3AuSClHQo,https://www.google.com/search?rlz=1C5CHFA_enCA815CA815&sxsrf=ACYBGNRORxbwLTYpUUDxK3dKcch44OxE9Q%3A1571536474863&ei=Wr6rXea2NObD_QaS5IfADA&q=getelementbyid+appendchild+before&oq=getelementbyid+appendChield+before&gs_l=psy-ab.3.0.33i10.2303.3508..5359...1.2..0.104.591.6j1......0....1..gws-wiz.......0i71j35i304i39.vP3AuSClHQo
2019-10-19 21:57:11,640 DEBUG    save to sessions_items.log
2019-10-19 21:57:11,641 DEBUG    ('127.0.0.1', 52504) - ASGI [327] Received {'type': 'http.response.start', 'status': 200, 'headers': '<...>'}
2019-10-19 21:57:11,641 INFO     ('127.0.0.1', 52504) - "POST /predict_next HTTP/1.1" 200
2019-10-19 21:57:11,641 DEBUG    ('127.0.0.1', 52504) - ASGI [327] Received {'type': 'http.response.body', 'body': '<669 bytes>'}
2019-10-19 21:57:11,641 DEBUG    ('127.0.0.1', 52504) - ASGI [327] Completed
2019-10-19 21:57:15,639 DEBUG    ('127.0.0.1', 52464) - Disconnected
2019-10-19 21:57:15,640 DEBUG    ('127.0.0.1', 52492) - Disconnected
2019-10-19 21:57:15,851 DEBUG    ('127.0.0.1', 52563) - Disconnected
2019-10-19 21:57:15,880 DEBUG    ('127.0.0.1', 52564) - Disconnected
2019-10-19 21:57:15,880 DEBUG    ('127.0.0.1', 52562) - Disconnected
2019-10-19 21:57:16,641 DEBUG    ('127.0.0.1', 52504) - Disconnected
2019-10-19 22:00:02,481 DEBUG    ('127.0.0.1', 53486) - Connected
2019-10-19 22:00:02,481 DEBUG    ('127.0.0.1', 53486) - ASGI [328] Started
2019-10-19 22:00:02,482 DEBUG    ('127.0.0.1', 53486) - ASGI [328] Sent {'type': 'http.request', 'body': '<158 bytes>', 'more_body': False}
2019-10-19 22:00:02,482 DEBUG    received items: https://www.statcan.gc.ca/,https://www.statcan.gc.ca/eng/start,https://www.statcan.gc.ca/eng/start,https://www.statcan.gc.ca/eng/start
2019-10-19 22:00:02,483 DEBUG    save to sessions_items.log
2019-10-19 22:00:02,483 DEBUG    ('127.0.0.1', 53486) - ASGI [328] Received {'type': 'http.response.start', 'status': 200, 'headers': '<...>'}
2019-10-19 22:00:02,483 INFO     ('127.0.0.1', 53486) - "POST /predict_next HTTP/1.1" 200
2019-10-19 22:00:02,484 DEBUG    ('127.0.0.1', 53486) - ASGI [328] Received {'type': 'http.response.body', 'body': '<91 bytes>'}
2019-10-19 22:00:02,484 DEBUG    ('127.0.0.1', 53486) - ASGI [328] Completed
2019-10-19 22:00:06,404 DEBUG    ('127.0.0.1', 53486) - ASGI [329] Started
2019-10-19 22:00:06,404 DEBUG    ('127.0.0.1', 53486) - ASGI [329] Sent {'type': 'http.request', 'body': '<1843 bytes>', 'more_body': False}
2019-10-19 22:00:06,405 DEBUG    received items: https://www.statcan.gc.ca/,https://www.statcan.gc.ca/eng/start,https://www.statcan.gc.ca/eng/reference/refcentre/index?MM=1,https://www.statcan.gc.ca/eng/reference/refcentre/index?MM=1,https://www.statcan.gc.ca/eng/trust?utm_source=statcan&utm_medium=banner&utm_campaign=trust-confiance_2019,https://www.statcan.gc.ca/eng/trust?utm_source=statcan&utm_medium=banner&utm_campaign=trust-confiance_2019,https://www.statcan.gc.ca/eng/trust?utm_source=statcan&utm_medium=banner&utm_campaign=trust-confiance_2019,https://www.statcan.gc.ca/eng/trust?utm_source=statcan&utm_medium=banner&utm_campaign=trust-confiance_2019,https://www.statcan.gc.ca/eng/trust?utm_source=statcan&utm_medium=banner&utm_campaign=trust-confiance_2019,https://www.statcan.gc.ca/eng/trust?utm_source=statcan&utm_medium=banner&utm_campaign=trust-confiance_2019,https://www.statcan.gc.ca/eng/trust?utm_source=statcan&utm_medium=banner&utm_campaign=trust-confiance_2019,https://www.statcan.gc.ca/eng/trust?utm_source=statcan&utm_medium=banner&utm_campaign=trust-confiance_2019,https://www.statcan.gc.ca/eng/trust?utm_source=statcan&utm_medium=banner&utm_campaign=trust-confiance_2019,https://www.statcan.gc.ca/eng/trust?utm_source=statcan&utm_medium=banner&utm_campaign=trust-confiance_2019,https://www.statcan.gc.ca/eng/trust?utm_source=statcan&utm_medium=banner&utm_campaign=trust-confiance_2019,https://www.statcan.gc.ca/eng/trust?utm_source=statcan&utm_medium=banner&utm_campaign=trust-confiance_2019,https://www.statcan.gc.ca/eng/trust?utm_source=statcan&utm_medium=banner&utm_campaign=trust-confiance_2019,https://www.statcan.gc.ca/eng/trust?utm_source=statcan&utm_medium=banner&utm_campaign=trust-confiance_2019,https://www.statcan.gc.ca/eng/trust?utm_source=statcan&utm_medium=banner&utm_campaign=trust-confiance_2019
2019-10-19 22:00:06,405 DEBUG    save to sessions_items.log
2019-10-19 22:00:06,406 DEBUG    ('127.0.0.1', 53486) - ASGI [329] Received {'type': 'http.response.start', 'status': 200, 'headers': '<...>'}
2019-10-19 22:00:06,406 INFO     ('127.0.0.1', 53486) - "POST /predict_next HTTP/1.1" 200
2019-10-19 22:00:06,406 DEBUG    ('127.0.0.1', 53486) - ASGI [329] Received {'type': 'http.response.body', 'body': '<233 bytes>'}
2019-10-19 22:00:06,406 DEBUG    ('127.0.0.1', 53486) - ASGI [329] Completed
2019-10-19 22:00:11,411 DEBUG    ('127.0.0.1', 53486) - Disconnected
2019-10-19 22:00:14,007 DEBUG    ('127.0.0.1', 53548) - Connected
2019-10-19 22:00:14,008 DEBUG    ('127.0.0.1', 53548) - ASGI [330] Started
2019-10-19 22:00:14,008 DEBUG    ('127.0.0.1', 53548) - ASGI [330] Sent {'type': 'http.request', 'body': '<1952 bytes>', 'more_body': False}
2019-10-19 22:00:14,011 DEBUG    received items: https://www.statcan.gc.ca/,https://www.statcan.gc.ca/eng/start,https://www.statcan.gc.ca/eng/reference/refcentre/index?MM=1,https://www.statcan.gc.ca/eng/reference/refcentre/index?MM=1,https://www.statcan.gc.ca/eng/trust?utm_source=statcan&utm_medium=banner&utm_campaign=trust-confiance_2019,https://www.statcan.gc.ca/eng/trust?utm_source=statcan&utm_medium=banner&utm_campaign=trust-confiance_2019,https://www.statcan.gc.ca/eng/trust?utm_source=statcan&utm_medium=banner&utm_campaign=trust-confiance_2019,https://www.statcan.gc.ca/eng/trust?utm_source=statcan&utm_medium=banner&utm_campaign=trust-confiance_2019,https://www.statcan.gc.ca/eng/trust?utm_source=statcan&utm_medium=banner&utm_campaign=trust-confiance_2019,https://www.statcan.gc.ca/eng/trust?utm_source=statcan&utm_medium=banner&utm_campaign=trust-confiance_2019,https://www.statcan.gc.ca/eng/trust?utm_source=statcan&utm_medium=banner&utm_campaign=trust-confiance_2019,https://www.statcan.gc.ca/eng/trust?utm_source=statcan&utm_medium=banner&utm_campaign=trust-confiance_2019,https://www.statcan.gc.ca/eng/trust?utm_source=statcan&utm_medium=banner&utm_campaign=trust-confiance_2019,https://www.statcan.gc.ca/eng/trust?utm_source=statcan&utm_medium=banner&utm_campaign=trust-confiance_2019,https://www.statcan.gc.ca/eng/trust?utm_source=statcan&utm_medium=banner&utm_campaign=trust-confiance_2019,https://www.statcan.gc.ca/eng/trust?utm_source=statcan&utm_medium=banner&utm_campaign=trust-confiance_2019,https://www.statcan.gc.ca/eng/trust?utm_source=statcan&utm_medium=banner&utm_campaign=trust-confiance_2019,https://www.statcan.gc.ca/eng/trust?utm_source=statcan&utm_medium=banner&utm_campaign=trust-confiance_2019,https://www.statcan.gc.ca/eng/trust?utm_source=statcan&utm_medium=banner&utm_campaign=trust-confiance_2019,https://www.statcan.gc.ca/eng/trust?utm_source=statcan&utm_medium=banner&utm_campaign=trust-confiance_2019
2019-10-19 22:00:14,012 DEBUG    save to sessions_items.log
2019-10-19 22:00:14,015 DEBUG    ('127.0.0.1', 53548) - ASGI [330] Received {'type': 'http.response.start', 'status': 200, 'headers': '<...>'}
2019-10-19 22:00:14,015 INFO     ('127.0.0.1', 53548) - "POST /predict_next HTTP/1.1" 200
2019-10-19 22:00:14,015 DEBUG    ('127.0.0.1', 53548) - ASGI [330] Received {'type': 'http.response.body', 'body': '<233 bytes>'}
2019-10-19 22:00:14,016 DEBUG    ('127.0.0.1', 53548) - ASGI [330] Completed
2019-10-19 22:00:19,018 DEBUG    ('127.0.0.1', 53548) - Disconnected
2019-10-19 22:00:41,304 DEBUG    ('127.0.0.1', 53679) - Connected
2019-10-19 22:00:41,304 DEBUG    ('127.0.0.1', 53679) - ASGI [331] Started
2019-10-19 22:00:41,304 DEBUG    ('127.0.0.1', 53679) - ASGI [331] Sent {'type': 'http.request', 'body': '<196 bytes>', 'more_body': False}
2019-10-19 22:00:41,305 DEBUG    received items: https://www.statcan.gc.ca/,https://www.statcan.gc.ca/eng/start,https://www.statcan.gc.ca/eng/start,https://www.statcan.gc.ca/eng/start,https://www.statcan.gc.ca/eng/start
2019-10-19 22:00:41,305 DEBUG    save to sessions_items.log
2019-10-19 22:00:41,305 DEBUG    ('127.0.0.1', 53679) - ASGI [331] Received {'type': 'http.response.start', 'status': 200, 'headers': '<...>'}
2019-10-19 22:00:41,306 INFO     ('127.0.0.1', 53679) - "POST /predict_next HTTP/1.1" 200
2019-10-19 22:00:41,306 DEBUG    ('127.0.0.1', 53679) - ASGI [331] Received {'type': 'http.response.body', 'body': '<91 bytes>'}
2019-10-19 22:00:41,306 DEBUG    ('127.0.0.1', 53679) - ASGI [331] Completed
2019-10-19 22:00:46,306 DEBUG    ('127.0.0.1', 53679) - Disconnected
2019-10-19 22:00:49,773 DEBUG    ('127.0.0.1', 53719) - Connected
2019-10-19 22:00:49,774 DEBUG    ('127.0.0.1', 53719) - ASGI [332] Started
2019-10-19 22:00:49,774 DEBUG    ('127.0.0.1', 53719) - ASGI [332] Sent {'type': 'http.request', 'body': '<2061 bytes>', 'more_body': False}
2019-10-19 22:00:49,775 DEBUG    received items: https://www.statcan.gc.ca/,https://www.statcan.gc.ca/eng/start,https://www.statcan.gc.ca/eng/reference/refcentre/index?MM=1,https://www.statcan.gc.ca/eng/reference/refcentre/index?MM=1,https://www.statcan.gc.ca/eng/trust?utm_source=statcan&utm_medium=banner&utm_campaign=trust-confiance_2019,https://www.statcan.gc.ca/eng/trust?utm_source=statcan&utm_medium=banner&utm_campaign=trust-confiance_2019,https://www.statcan.gc.ca/eng/trust?utm_source=statcan&utm_medium=banner&utm_campaign=trust-confiance_2019,https://www.statcan.gc.ca/eng/trust?utm_source=statcan&utm_medium=banner&utm_campaign=trust-confiance_2019,https://www.statcan.gc.ca/eng/trust?utm_source=statcan&utm_medium=banner&utm_campaign=trust-confiance_2019,https://www.statcan.gc.ca/eng/trust?utm_source=statcan&utm_medium=banner&utm_campaign=trust-confiance_2019,https://www.statcan.gc.ca/eng/trust?utm_source=statcan&utm_medium=banner&utm_campaign=trust-confiance_2019,https://www.statcan.gc.ca/eng/trust?utm_source=statcan&utm_medium=banner&utm_campaign=trust-confiance_2019,https://www.statcan.gc.ca/eng/trust?utm_source=statcan&utm_medium=banner&utm_campaign=trust-confiance_2019,https://www.statcan.gc.ca/eng/trust?utm_source=statcan&utm_medium=banner&utm_campaign=trust-confiance_2019,https://www.statcan.gc.ca/eng/trust?utm_source=statcan&utm_medium=banner&utm_campaign=trust-confiance_2019,https://www.statcan.gc.ca/eng/trust?utm_source=statcan&utm_medium=banner&utm_campaign=trust-confiance_2019,https://www.statcan.gc.ca/eng/trust?utm_source=statcan&utm_medium=banner&utm_campaign=trust-confiance_2019,https://www.statcan.gc.ca/eng/trust?utm_source=statcan&utm_medium=banner&utm_campaign=trust-confiance_2019,https://www.statcan.gc.ca/eng/trust?utm_source=statcan&utm_medium=banner&utm_campaign=trust-confiance_2019,https://www.statcan.gc.ca/eng/trust?utm_source=statcan&utm_medium=banner&utm_campaign=trust-confiance_2019,https://www.statcan.gc.ca/eng/trust?utm_source=statcan&utm_medium=banner&utm_campaign=trust-confiance_2019
2019-10-19 22:00:49,775 DEBUG    save to sessions_items.log
2019-10-19 22:00:49,775 DEBUG    ('127.0.0.1', 53719) - ASGI [332] Received {'type': 'http.response.start', 'status': 200, 'headers': '<...>'}
2019-10-19 22:00:49,776 INFO     ('127.0.0.1', 53719) - "POST /predict_next HTTP/1.1" 200
2019-10-19 22:00:49,776 DEBUG    ('127.0.0.1', 53719) - ASGI [332] Received {'type': 'http.response.body', 'body': '<233 bytes>'}
2019-10-19 22:00:49,776 DEBUG    ('127.0.0.1', 53719) - ASGI [332] Completed
2019-10-19 22:00:54,777 DEBUG    ('127.0.0.1', 53719) - Disconnected
2019-10-19 22:02:24,376 DEBUG    ('127.0.0.1', 54151) - Connected
2019-10-19 22:02:24,377 DEBUG    ('127.0.0.1', 54151) - ASGI [333] Started
2019-10-19 22:02:24,377 DEBUG    ('127.0.0.1', 54151) - ASGI [333] Sent {'type': 'http.request', 'body': '<2170 bytes>', 'more_body': False}
2019-10-19 22:02:24,378 DEBUG    received items: https://www.statcan.gc.ca/,https://www.statcan.gc.ca/eng/start,https://www.statcan.gc.ca/eng/reference/refcentre/index?MM=1,https://www.statcan.gc.ca/eng/reference/refcentre/index?MM=1,https://www.statcan.gc.ca/eng/trust?utm_source=statcan&utm_medium=banner&utm_campaign=trust-confiance_2019,https://www.statcan.gc.ca/eng/trust?utm_source=statcan&utm_medium=banner&utm_campaign=trust-confiance_2019,https://www.statcan.gc.ca/eng/trust?utm_source=statcan&utm_medium=banner&utm_campaign=trust-confiance_2019,https://www.statcan.gc.ca/eng/trust?utm_source=statcan&utm_medium=banner&utm_campaign=trust-confiance_2019,https://www.statcan.gc.ca/eng/trust?utm_source=statcan&utm_medium=banner&utm_campaign=trust-confiance_2019,https://www.statcan.gc.ca/eng/trust?utm_source=statcan&utm_medium=banner&utm_campaign=trust-confiance_2019,https://www.statcan.gc.ca/eng/trust?utm_source=statcan&utm_medium=banner&utm_campaign=trust-confiance_2019,https://www.statcan.gc.ca/eng/trust?utm_source=statcan&utm_medium=banner&utm_campaign=trust-confiance_2019,https://www.statcan.gc.ca/eng/trust?utm_source=statcan&utm_medium=banner&utm_campaign=trust-confiance_2019,https://www.statcan.gc.ca/eng/trust?utm_source=statcan&utm_medium=banner&utm_campaign=trust-confiance_2019,https://www.statcan.gc.ca/eng/trust?utm_source=statcan&utm_medium=banner&utm_campaign=trust-confiance_2019,https://www.statcan.gc.ca/eng/trust?utm_source=statcan&utm_medium=banner&utm_campaign=trust-confiance_2019,https://www.statcan.gc.ca/eng/trust?utm_source=statcan&utm_medium=banner&utm_campaign=trust-confiance_2019,https://www.statcan.gc.ca/eng/trust?utm_source=statcan&utm_medium=banner&utm_campaign=trust-confiance_2019,https://www.statcan.gc.ca/eng/trust?utm_source=statcan&utm_medium=banner&utm_campaign=trust-confiance_2019,https://www.statcan.gc.ca/eng/trust?utm_source=statcan&utm_medium=banner&utm_campaign=trust-confiance_2019,https://www.statcan.gc.ca/eng/trust?utm_source=statcan&utm_medium=banner&utm_campaign=trust-confiance_2019,https://www.statcan.gc.ca/eng/trust?utm_source=statcan&utm_medium=banner&utm_campaign=trust-confiance_2019
2019-10-19 22:02:24,378 DEBUG    save to sessions_items.log
2019-10-19 22:02:24,379 DEBUG    ('127.0.0.1', 54151) - ASGI [333] Received {'type': 'http.response.start', 'status': 200, 'headers': '<...>'}
2019-10-19 22:02:24,379 INFO     ('127.0.0.1', 54151) - "POST /predict_next HTTP/1.1" 200
2019-10-19 22:02:24,379 DEBUG    ('127.0.0.1', 54151) - ASGI [333] Received {'type': 'http.response.body', 'body': '<233 bytes>'}
2019-10-19 22:02:24,380 DEBUG    ('127.0.0.1', 54151) - ASGI [333] Completed
2019-10-19 22:02:29,383 DEBUG    ('127.0.0.1', 54151) - Disconnected
2019-10-19 22:02:37,915 DEBUG    ('127.0.0.1', 54218) - Connected
2019-10-19 22:02:37,918 DEBUG    ('127.0.0.1', 54218) - ASGI [334] Started
2019-10-19 22:02:37,918 DEBUG    ('127.0.0.1', 54218) - ASGI [334] Sent {'type': 'http.request', 'body': '<2279 bytes>', 'more_body': False}
2019-10-19 22:02:37,919 DEBUG    received items: https://www.statcan.gc.ca/,https://www.statcan.gc.ca/eng/start,https://www.statcan.gc.ca/eng/reference/refcentre/index?MM=1,https://www.statcan.gc.ca/eng/reference/refcentre/index?MM=1,https://www.statcan.gc.ca/eng/trust?utm_source=statcan&utm_medium=banner&utm_campaign=trust-confiance_2019,https://www.statcan.gc.ca/eng/trust?utm_source=statcan&utm_medium=banner&utm_campaign=trust-confiance_2019,https://www.statcan.gc.ca/eng/trust?utm_source=statcan&utm_medium=banner&utm_campaign=trust-confiance_2019,https://www.statcan.gc.ca/eng/trust?utm_source=statcan&utm_medium=banner&utm_campaign=trust-confiance_2019,https://www.statcan.gc.ca/eng/trust?utm_source=statcan&utm_medium=banner&utm_campaign=trust-confiance_2019,https://www.statcan.gc.ca/eng/trust?utm_source=statcan&utm_medium=banner&utm_campaign=trust-confiance_2019,https://www.statcan.gc.ca/eng/trust?utm_source=statcan&utm_medium=banner&utm_campaign=trust-confiance_2019,https://www.statcan.gc.ca/eng/trust?utm_source=statcan&utm_medium=banner&utm_campaign=trust-confiance_2019,https://www.statcan.gc.ca/eng/trust?utm_source=statcan&utm_medium=banner&utm_campaign=trust-confiance_2019,https://www.statcan.gc.ca/eng/trust?utm_source=statcan&utm_medium=banner&utm_campaign=trust-confiance_2019,https://www.statcan.gc.ca/eng/trust?utm_source=statcan&utm_medium=banner&utm_campaign=trust-confiance_2019,https://www.statcan.gc.ca/eng/trust?utm_source=statcan&utm_medium=banner&utm_campaign=trust-confiance_2019,https://www.statcan.gc.ca/eng/trust?utm_source=statcan&utm_medium=banner&utm_campaign=trust-confiance_2019,https://www.statcan.gc.ca/eng/trust?utm_source=statcan&utm_medium=banner&utm_campaign=trust-confiance_2019,https://www.statcan.gc.ca/eng/trust?utm_source=statcan&utm_medium=banner&utm_campaign=trust-confiance_2019,https://www.statcan.gc.ca/eng/trust?utm_source=statcan&utm_medium=banner&utm_campaign=trust-confiance_2019,https://www.statcan.gc.ca/eng/trust?utm_source=statcan&utm_medium=banner&utm_campaign=trust-confiance_2019,https://www.statcan.gc.ca/eng/trust?utm_source=statcan&utm_medium=banner&utm_campaign=trust-confiance_2019,https://www.statcan.gc.ca/eng/trust?utm_source=statcan&utm_medium=banner&utm_campaign=trust-confiance_2019
2019-10-19 22:02:37,919 DEBUG    save to sessions_items.log
2019-10-19 22:02:37,919 DEBUG    ('127.0.0.1', 54218) - ASGI [334] Received {'type': 'http.response.start', 'status': 200, 'headers': '<...>'}
2019-10-19 22:02:37,920 INFO     ('127.0.0.1', 54218) - "POST /predict_next HTTP/1.1" 200
2019-10-19 22:02:37,920 DEBUG    ('127.0.0.1', 54218) - ASGI [334] Received {'type': 'http.response.body', 'body': '<233 bytes>'}
2019-10-19 22:02:37,920 DEBUG    ('127.0.0.1', 54218) - ASGI [334] Completed
2019-10-19 22:02:42,920 DEBUG    ('127.0.0.1', 54218) - Disconnected
2019-10-19 22:03:07,142 DEBUG    ('127.0.0.1', 54353) - Connected
2019-10-19 22:03:07,143 DEBUG    ('127.0.0.1', 54353) - ASGI [335] Started
2019-10-19 22:03:07,143 DEBUG    ('127.0.0.1', 54353) - ASGI [335] Sent {'type': 'http.request', 'body': '<2388 bytes>', 'more_body': False}
2019-10-19 22:03:07,144 DEBUG    received items: https://www.statcan.gc.ca/,https://www.statcan.gc.ca/eng/start,https://www.statcan.gc.ca/eng/reference/refcentre/index?MM=1,https://www.statcan.gc.ca/eng/reference/refcentre/index?MM=1,https://www.statcan.gc.ca/eng/trust?utm_source=statcan&utm_medium=banner&utm_campaign=trust-confiance_2019,https://www.statcan.gc.ca/eng/trust?utm_source=statcan&utm_medium=banner&utm_campaign=trust-confiance_2019,https://www.statcan.gc.ca/eng/trust?utm_source=statcan&utm_medium=banner&utm_campaign=trust-confiance_2019,https://www.statcan.gc.ca/eng/trust?utm_source=statcan&utm_medium=banner&utm_campaign=trust-confiance_2019,https://www.statcan.gc.ca/eng/trust?utm_source=statcan&utm_medium=banner&utm_campaign=trust-confiance_2019,https://www.statcan.gc.ca/eng/trust?utm_source=statcan&utm_medium=banner&utm_campaign=trust-confiance_2019,https://www.statcan.gc.ca/eng/trust?utm_source=statcan&utm_medium=banner&utm_campaign=trust-confiance_2019,https://www.statcan.gc.ca/eng/trust?utm_source=statcan&utm_medium=banner&utm_campaign=trust-confiance_2019,https://www.statcan.gc.ca/eng/trust?utm_source=statcan&utm_medium=banner&utm_campaign=trust-confiance_2019,https://www.statcan.gc.ca/eng/trust?utm_source=statcan&utm_medium=banner&utm_campaign=trust-confiance_2019,https://www.statcan.gc.ca/eng/trust?utm_source=statcan&utm_medium=banner&utm_campaign=trust-confiance_2019,https://www.statcan.gc.ca/eng/trust?utm_source=statcan&utm_medium=banner&utm_campaign=trust-confiance_2019,https://www.statcan.gc.ca/eng/trust?utm_source=statcan&utm_medium=banner&utm_campaign=trust-confiance_2019,https://www.statcan.gc.ca/eng/trust?utm_source=statcan&utm_medium=banner&utm_campaign=trust-confiance_2019,https://www.statcan.gc.ca/eng/trust?utm_source=statcan&utm_medium=banner&utm_campaign=trust-confiance_2019,https://www.statcan.gc.ca/eng/trust?utm_source=statcan&utm_medium=banner&utm_campaign=trust-confiance_2019,https://www.statcan.gc.ca/eng/trust?utm_source=statcan&utm_medium=banner&utm_campaign=trust-confiance_2019,https://www.statcan.gc.ca/eng/trust?utm_source=statcan&utm_medium=banner&utm_campaign=trust-confiance_2019,https://www.statcan.gc.ca/eng/trust?utm_source=statcan&utm_medium=banner&utm_campaign=trust-confiance_2019,https://www.statcan.gc.ca/eng/trust?utm_source=statcan&utm_medium=banner&utm_campaign=trust-confiance_2019
2019-10-19 22:03:07,144 DEBUG    save to sessions_items.log
2019-10-19 22:03:07,145 DEBUG    ('127.0.0.1', 54353) - ASGI [335] Received {'type': 'http.response.start', 'status': 200, 'headers': '<...>'}
2019-10-19 22:03:07,145 INFO     ('127.0.0.1', 54353) - "POST /predict_next HTTP/1.1" 200
2019-10-19 22:03:07,145 DEBUG    ('127.0.0.1', 54353) - ASGI [335] Received {'type': 'http.response.body', 'body': '<233 bytes>'}
2019-10-19 22:03:07,145 DEBUG    ('127.0.0.1', 54353) - ASGI [335] Completed
2019-10-19 22:03:12,150 DEBUG    ('127.0.0.1', 54353) - Disconnected
2019-10-19 22:04:53,282 DEBUG    ('127.0.0.1', 54894) - Connected
2019-10-19 22:04:53,284 DEBUG    ('127.0.0.1', 54894) - ASGI [336] Started
2019-10-19 22:04:53,284 DEBUG    ('127.0.0.1', 54894) - ASGI [336] Sent {'type': 'http.request', 'body': '<2497 bytes>', 'more_body': False}
2019-10-19 22:04:53,285 DEBUG    received items: https://www.statcan.gc.ca/,https://www.statcan.gc.ca/eng/start,https://www.statcan.gc.ca/eng/reference/refcentre/index?MM=1,https://www.statcan.gc.ca/eng/reference/refcentre/index?MM=1,https://www.statcan.gc.ca/eng/trust?utm_source=statcan&utm_medium=banner&utm_campaign=trust-confiance_2019,https://www.statcan.gc.ca/eng/trust?utm_source=statcan&utm_medium=banner&utm_campaign=trust-confiance_2019,https://www.statcan.gc.ca/eng/trust?utm_source=statcan&utm_medium=banner&utm_campaign=trust-confiance_2019,https://www.statcan.gc.ca/eng/trust?utm_source=statcan&utm_medium=banner&utm_campaign=trust-confiance_2019,https://www.statcan.gc.ca/eng/trust?utm_source=statcan&utm_medium=banner&utm_campaign=trust-confiance_2019,https://www.statcan.gc.ca/eng/trust?utm_source=statcan&utm_medium=banner&utm_campaign=trust-confiance_2019,https://www.statcan.gc.ca/eng/trust?utm_source=statcan&utm_medium=banner&utm_campaign=trust-confiance_2019,https://www.statcan.gc.ca/eng/trust?utm_source=statcan&utm_medium=banner&utm_campaign=trust-confiance_2019,https://www.statcan.gc.ca/eng/trust?utm_source=statcan&utm_medium=banner&utm_campaign=trust-confiance_2019,https://www.statcan.gc.ca/eng/trust?utm_source=statcan&utm_medium=banner&utm_campaign=trust-confiance_2019,https://www.statcan.gc.ca/eng/trust?utm_source=statcan&utm_medium=banner&utm_campaign=trust-confiance_2019,https://www.statcan.gc.ca/eng/trust?utm_source=statcan&utm_medium=banner&utm_campaign=trust-confiance_2019,https://www.statcan.gc.ca/eng/trust?utm_source=statcan&utm_medium=banner&utm_campaign=trust-confiance_2019,https://www.statcan.gc.ca/eng/trust?utm_source=statcan&utm_medium=banner&utm_campaign=trust-confiance_2019,https://www.statcan.gc.ca/eng/trust?utm_source=statcan&utm_medium=banner&utm_campaign=trust-confiance_2019,https://www.statcan.gc.ca/eng/trust?utm_source=statcan&utm_medium=banner&utm_campaign=trust-confiance_2019,https://www.statcan.gc.ca/eng/trust?utm_source=statcan&utm_medium=banner&utm_campaign=trust-confiance_2019,https://www.statcan.gc.ca/eng/trust?utm_source=statcan&utm_medium=banner&utm_campaign=trust-confiance_2019,https://www.statcan.gc.ca/eng/trust?utm_source=statcan&utm_medium=banner&utm_campaign=trust-confiance_2019,https://www.statcan.gc.ca/eng/trust?utm_source=statcan&utm_medium=banner&utm_campaign=trust-confiance_2019,https://www.statcan.gc.ca/eng/trust?utm_source=statcan&utm_medium=banner&utm_campaign=trust-confiance_2019
2019-10-19 22:04:53,286 DEBUG    save to sessions_items.log
2019-10-19 22:04:53,286 DEBUG    ('127.0.0.1', 54894) - ASGI [336] Received {'type': 'http.response.start', 'status': 200, 'headers': '<...>'}
2019-10-19 22:04:53,286 INFO     ('127.0.0.1', 54894) - "POST /predict_next HTTP/1.1" 200
2019-10-19 22:04:53,286 DEBUG    ('127.0.0.1', 54894) - ASGI [336] Received {'type': 'http.response.body', 'body': '<233 bytes>'}
2019-10-19 22:04:53,286 DEBUG    ('127.0.0.1', 54894) - ASGI [336] Completed
2019-10-19 22:04:58,289 DEBUG    ('127.0.0.1', 54894) - Disconnected
2019-10-19 22:05:21,280 DEBUG    ('127.0.0.1', 55016) - Connected
2019-10-19 22:05:21,281 DEBUG    ('127.0.0.1', 55016) - ASGI [337] Started
2019-10-19 22:05:21,281 DEBUG    ('127.0.0.1', 55016) - ASGI [337] Sent {'type': 'http.request', 'body': '<234 bytes>', 'more_body': False}
2019-10-19 22:05:21,282 DEBUG    received items: https://www.statcan.gc.ca/,https://www.statcan.gc.ca/eng/start,https://www.statcan.gc.ca/eng/start,https://www.statcan.gc.ca/eng/start,https://www.statcan.gc.ca/eng/start,https://www.statcan.gc.ca/eng/start
2019-10-19 22:05:21,282 DEBUG    save to sessions_items.log
2019-10-19 22:05:21,282 DEBUG    ('127.0.0.1', 55016) - ASGI [337] Received {'type': 'http.response.start', 'status': 200, 'headers': '<...>'}
2019-10-19 22:05:21,282 INFO     ('127.0.0.1', 55016) - "POST /predict_next HTTP/1.1" 200
2019-10-19 22:05:21,282 DEBUG    ('127.0.0.1', 55016) - ASGI [337] Received {'type': 'http.response.body', 'body': '<91 bytes>'}
2019-10-19 22:05:21,282 DEBUG    ('127.0.0.1', 55016) - ASGI [337] Completed
2019-10-19 22:05:26,284 DEBUG    ('127.0.0.1', 55016) - Disconnected
2019-10-19 22:08:25,571 DEBUG    ('127.0.0.1', 55877) - Connected
2019-10-19 22:08:25,571 DEBUG    ('127.0.0.1', 55877) - ASGI [338] Started
2019-10-19 22:08:25,571 DEBUG    ('127.0.0.1', 55877) - ASGI [338] Sent {'type': 'http.request', 'body': '<2606 bytes>', 'more_body': False}
2019-10-19 22:08:25,571 DEBUG    received items: https://www.statcan.gc.ca/,https://www.statcan.gc.ca/eng/start,https://www.statcan.gc.ca/eng/reference/refcentre/index?MM=1,https://www.statcan.gc.ca/eng/reference/refcentre/index?MM=1,https://www.statcan.gc.ca/eng/trust?utm_source=statcan&utm_medium=banner&utm_campaign=trust-confiance_2019,https://www.statcan.gc.ca/eng/trust?utm_source=statcan&utm_medium=banner&utm_campaign=trust-confiance_2019,https://www.statcan.gc.ca/eng/trust?utm_source=statcan&utm_medium=banner&utm_campaign=trust-confiance_2019,https://www.statcan.gc.ca/eng/trust?utm_source=statcan&utm_medium=banner&utm_campaign=trust-confiance_2019,https://www.statcan.gc.ca/eng/trust?utm_source=statcan&utm_medium=banner&utm_campaign=trust-confiance_2019,https://www.statcan.gc.ca/eng/trust?utm_source=statcan&utm_medium=banner&utm_campaign=trust-confiance_2019,https://www.statcan.gc.ca/eng/trust?utm_source=statcan&utm_medium=banner&utm_campaign=trust-confiance_2019,https://www.statcan.gc.ca/eng/trust?utm_source=statcan&utm_medium=banner&utm_campaign=trust-confiance_2019,https://www.statcan.gc.ca/eng/trust?utm_source=statcan&utm_medium=banner&utm_campaign=trust-confiance_2019,https://www.statcan.gc.ca/eng/trust?utm_source=statcan&utm_medium=banner&utm_campaign=trust-confiance_2019,https://www.statcan.gc.ca/eng/trust?utm_source=statcan&utm_medium=banner&utm_campaign=trust-confiance_2019,https://www.statcan.gc.ca/eng/trust?utm_source=statcan&utm_medium=banner&utm_campaign=trust-confiance_2019,https://www.statcan.gc.ca/eng/trust?utm_source=statcan&utm_medium=banner&utm_campaign=trust-confiance_2019,https://www.statcan.gc.ca/eng/trust?utm_source=statcan&utm_medium=banner&utm_campaign=trust-confiance_2019,https://www.statcan.gc.ca/eng/trust?utm_source=statcan&utm_medium=banner&utm_campaign=trust-confiance_2019,https://www.statcan.gc.ca/eng/trust?utm_source=statcan&utm_medium=banner&utm_campaign=trust-confiance_2019,https://www.statcan.gc.ca/eng/trust?utm_source=statcan&utm_medium=banner&utm_campaign=trust-confiance_2019,https://www.statcan.gc.ca/eng/trust?utm_source=statcan&utm_medium=banner&utm_campaign=trust-confiance_2019,https://www.statcan.gc.ca/eng/trust?utm_source=statcan&utm_medium=banner&utm_campaign=trust-confiance_2019,https://www.statcan.gc.ca/eng/trust?utm_source=statcan&utm_medium=banner&utm_campaign=trust-confiance_2019,https://www.statcan.gc.ca/eng/trust?utm_source=statcan&utm_medium=banner&utm_campaign=trust-confiance_2019,https://www.statcan.gc.ca/eng/trust?utm_source=statcan&utm_medium=banner&utm_campaign=trust-confiance_2019
2019-10-19 22:08:25,572 DEBUG    save to sessions_items.log
2019-10-19 22:08:25,572 DEBUG    ('127.0.0.1', 55877) - ASGI [338] Received {'type': 'http.response.start', 'status': 200, 'headers': '<...>'}
2019-10-19 22:08:25,572 INFO     ('127.0.0.1', 55877) - "POST /predict_next HTTP/1.1" 200
2019-10-19 22:08:25,572 DEBUG    ('127.0.0.1', 55877) - ASGI [338] Received {'type': 'http.response.body', 'body': '<233 bytes>'}
2019-10-19 22:08:25,572 DEBUG    ('127.0.0.1', 55877) - ASGI [338] Completed
2019-10-19 22:08:30,576 DEBUG    ('127.0.0.1', 55877) - Disconnected
2019-10-19 22:08:31,720 DEBUG    ('127.0.0.1', 55906) - Connected
2019-10-19 22:08:31,720 DEBUG    ('127.0.0.1', 55906) - ASGI [339] Started
2019-10-19 22:08:31,721 DEBUG    ('127.0.0.1', 55906) - ASGI [339] Sent {'type': 'http.request', 'body': '<2715 bytes>', 'more_body': False}
2019-10-19 22:08:31,722 DEBUG    received items: https://www.statcan.gc.ca/,https://www.statcan.gc.ca/eng/start,https://www.statcan.gc.ca/eng/reference/refcentre/index?MM=1,https://www.statcan.gc.ca/eng/reference/refcentre/index?MM=1,https://www.statcan.gc.ca/eng/trust?utm_source=statcan&utm_medium=banner&utm_campaign=trust-confiance_2019,https://www.statcan.gc.ca/eng/trust?utm_source=statcan&utm_medium=banner&utm_campaign=trust-confiance_2019,https://www.statcan.gc.ca/eng/trust?utm_source=statcan&utm_medium=banner&utm_campaign=trust-confiance_2019,https://www.statcan.gc.ca/eng/trust?utm_source=statcan&utm_medium=banner&utm_campaign=trust-confiance_2019,https://www.statcan.gc.ca/eng/trust?utm_source=statcan&utm_medium=banner&utm_campaign=trust-confiance_2019,https://www.statcan.gc.ca/eng/trust?utm_source=statcan&utm_medium=banner&utm_campaign=trust-confiance_2019,https://www.statcan.gc.ca/eng/trust?utm_source=statcan&utm_medium=banner&utm_campaign=trust-confiance_2019,https://www.statcan.gc.ca/eng/trust?utm_source=statcan&utm_medium=banner&utm_campaign=trust-confiance_2019,https://www.statcan.gc.ca/eng/trust?utm_source=statcan&utm_medium=banner&utm_campaign=trust-confiance_2019,https://www.statcan.gc.ca/eng/trust?utm_source=statcan&utm_medium=banner&utm_campaign=trust-confiance_2019,https://www.statcan.gc.ca/eng/trust?utm_source=statcan&utm_medium=banner&utm_campaign=trust-confiance_2019,https://www.statcan.gc.ca/eng/trust?utm_source=statcan&utm_medium=banner&utm_campaign=trust-confiance_2019,https://www.statcan.gc.ca/eng/trust?utm_source=statcan&utm_medium=banner&utm_campaign=trust-confiance_2019,https://www.statcan.gc.ca/eng/trust?utm_source=statcan&utm_medium=banner&utm_campaign=trust-confiance_2019,https://www.statcan.gc.ca/eng/trust?utm_source=statcan&utm_medium=banner&utm_campaign=trust-confiance_2019,https://www.statcan.gc.ca/eng/trust?utm_source=statcan&utm_medium=banner&utm_campaign=trust-confiance_2019,https://www.statcan.gc.ca/eng/trust?utm_source=statcan&utm_medium=banner&utm_campaign=trust-confiance_2019,https://www.statcan.gc.ca/eng/trust?utm_source=statcan&utm_medium=banner&utm_campaign=trust-confiance_2019,https://www.statcan.gc.ca/eng/trust?utm_source=statcan&utm_medium=banner&utm_campaign=trust-confiance_2019,https://www.statcan.gc.ca/eng/trust?utm_source=statcan&utm_medium=banner&utm_campaign=trust-confiance_2019,https://www.statcan.gc.ca/eng/trust?utm_source=statcan&utm_medium=banner&utm_campaign=trust-confiance_2019,https://www.statcan.gc.ca/eng/trust?utm_source=statcan&utm_medium=banner&utm_campaign=trust-confiance_2019,https://www.statcan.gc.ca/eng/trust?utm_source=statcan&utm_medium=banner&utm_campaign=trust-confiance_2019
2019-10-19 22:08:31,722 DEBUG    save to sessions_items.log
2019-10-19 22:08:31,722 DEBUG    ('127.0.0.1', 55906) - ASGI [339] Received {'type': 'http.response.start', 'status': 200, 'headers': '<...>'}
2019-10-19 22:08:31,723 INFO     ('127.0.0.1', 55906) - "POST /predict_next HTTP/1.1" 200
2019-10-19 22:08:31,723 DEBUG    ('127.0.0.1', 55906) - ASGI [339] Received {'type': 'http.response.body', 'body': '<233 bytes>'}
2019-10-19 22:08:31,724 DEBUG    ('127.0.0.1', 55906) - ASGI [339] Completed
2019-10-19 22:08:36,727 DEBUG    ('127.0.0.1', 55906) - Disconnected
2019-10-19 22:08:55,925 DEBUG    ('127.0.0.1', 56014) - Connected
2019-10-19 22:08:55,925 DEBUG    ('127.0.0.1', 56014) - ASGI [340] Started
2019-10-19 22:08:55,925 DEBUG    ('127.0.0.1', 56014) - ASGI [340] Sent {'type': 'http.request', 'body': '<272 bytes>', 'more_body': False}
2019-10-19 22:08:55,926 DEBUG    received items: https://www.statcan.gc.ca/,https://www.statcan.gc.ca/eng/start,https://www.statcan.gc.ca/eng/start,https://www.statcan.gc.ca/eng/start,https://www.statcan.gc.ca/eng/start,https://www.statcan.gc.ca/eng/start,https://www.statcan.gc.ca/eng/start
2019-10-19 22:08:55,926 DEBUG    save to sessions_items.log
2019-10-19 22:08:55,927 DEBUG    ('127.0.0.1', 56014) - ASGI [340] Received {'type': 'http.response.start', 'status': 200, 'headers': '<...>'}
2019-10-19 22:08:55,927 INFO     ('127.0.0.1', 56014) - "POST /predict_next HTTP/1.1" 200
2019-10-19 22:08:55,927 DEBUG    ('127.0.0.1', 56014) - ASGI [340] Received {'type': 'http.response.body', 'body': '<91 bytes>'}
2019-10-19 22:08:55,928 DEBUG    ('127.0.0.1', 56014) - ASGI [340] Completed
2019-10-19 22:09:00,931 DEBUG    ('127.0.0.1', 56014) - Disconnected
2019-10-19 22:09:16,227 DEBUG    ('127.0.0.1', 56108) - Connected
2019-10-19 22:09:16,227 DEBUG    ('127.0.0.1', 56108) - ASGI [341] Started
2019-10-19 22:09:16,228 DEBUG    ('127.0.0.1', 56108) - ASGI [341] Sent {'type': 'http.request', 'body': '<310 bytes>', 'more_body': False}
2019-10-19 22:09:16,228 DEBUG    received items: https://www.statcan.gc.ca/,https://www.statcan.gc.ca/eng/start,https://www.statcan.gc.ca/eng/start,https://www.statcan.gc.ca/eng/start,https://www.statcan.gc.ca/eng/start,https://www.statcan.gc.ca/eng/start,https://www.statcan.gc.ca/eng/start,https://www.statcan.gc.ca/eng/start
2019-10-19 22:09:16,229 DEBUG    save to sessions_items.log
2019-10-19 22:09:16,229 DEBUG    ('127.0.0.1', 56108) - ASGI [341] Received {'type': 'http.response.start', 'status': 200, 'headers': '<...>'}
2019-10-19 22:09:16,230 INFO     ('127.0.0.1', 56108) - "POST /predict_next HTTP/1.1" 200
2019-10-19 22:09:16,230 DEBUG    ('127.0.0.1', 56108) - ASGI [341] Received {'type': 'http.response.body', 'body': '<91 bytes>'}
2019-10-19 22:09:16,230 DEBUG    ('127.0.0.1', 56108) - ASGI [341] Completed
2019-10-19 22:09:21,230 DEBUG    ('127.0.0.1', 56108) - Disconnected
2019-10-19 22:17:00,007 DEBUG    ('127.0.0.1', 58305) - Connected
2019-10-19 22:17:00,009 DEBUG    ('127.0.0.1', 58305) - ASGI [342] Started
2019-10-19 22:17:00,010 DEBUG    ('127.0.0.1', 58305) - ASGI [342] Sent {'type': 'http.request', 'body': '<348 bytes>', 'more_body': False}
2019-10-19 22:17:00,010 DEBUG    received items: https://www.statcan.gc.ca/,https://www.statcan.gc.ca/eng/start,https://www.statcan.gc.ca/eng/start,https://www.statcan.gc.ca/eng/start,https://www.statcan.gc.ca/eng/start,https://www.statcan.gc.ca/eng/start,https://www.statcan.gc.ca/eng/start,https://www.statcan.gc.ca/eng/start,https://www.statcan.gc.ca/eng/start
2019-10-19 22:17:00,012 DEBUG    save to sessions_items.log
2019-10-19 22:17:00,016 DEBUG    ('127.0.0.1', 58305) - ASGI [342] Received {'type': 'http.response.start', 'status': 200, 'headers': '<...>'}
2019-10-19 22:17:00,016 INFO     ('127.0.0.1', 58305) - "POST /predict_next HTTP/1.1" 200
2019-10-19 22:17:00,016 DEBUG    ('127.0.0.1', 58305) - ASGI [342] Received {'type': 'http.response.body', 'body': '<91 bytes>'}
2019-10-19 22:17:00,016 DEBUG    ('127.0.0.1', 58305) - ASGI [342] Completed
2019-10-19 22:17:05,020 DEBUG    ('127.0.0.1', 58305) - Disconnected
2019-10-19 22:17:51,486 DEBUG    ('127.0.0.1', 58546) - Connected
2019-10-19 22:17:51,487 DEBUG    ('127.0.0.1', 58546) - ASGI [343] Started
2019-10-19 22:17:51,487 DEBUG    ('127.0.0.1', 58546) - ASGI [343] Sent {'type': 'http.request', 'body': '<83 bytes>', 'more_body': False}
2019-10-19 22:17:51,488 DEBUG    received items: https://vars.hotjar.com/box-74dcf4e32eff343c96838bf3a780ac1d.html
2019-10-19 22:17:51,488 DEBUG    save to sessions_items.log
2019-10-19 22:17:51,489 DEBUG    ('127.0.0.1', 58546) - ASGI [343] Received {'type': 'http.response.start', 'status': 200, 'headers': '<...>'}
2019-10-19 22:17:51,489 INFO     ('127.0.0.1', 58546) - "POST /predict_next HTTP/1.1" 200
2019-10-19 22:17:51,489 DEBUG    ('127.0.0.1', 58546) - ASGI [343] Received {'type': 'http.response.body', 'body': '<151 bytes>'}
2019-10-19 22:17:51,489 DEBUG    ('127.0.0.1', 58546) - ASGI [343] Completed
2019-10-19 22:17:51,617 DEBUG    ('127.0.0.1', 58546) - ASGI [344] Started
2019-10-19 22:17:51,618 DEBUG    ('127.0.0.1', 58546) - ASGI [344] Sent {'type': 'http.request', 'body': '<235 bytes>', 'more_body': False}
2019-10-19 22:17:51,618 DEBUG    received items: https://platform.twitter.com/widgets/follow_button.e3a0e1b01ae601b6c9cf798a93ab7e69.en.html#dnt=false&id=twitter-widget-0&lang=en&screen_name=RequestlyIO&show_count=true&show_screen_name=true&size=m&time=1571537871519
2019-10-19 22:17:51,619 DEBUG    save to sessions_items.log
2019-10-19 22:17:51,619 DEBUG    ('127.0.0.1', 58546) - ASGI [344] Received {'type': 'http.response.start', 'status': 200, 'headers': '<...>'}
2019-10-19 22:17:51,620 INFO     ('127.0.0.1', 58546) - "POST /predict_next HTTP/1.1" 200
2019-10-19 22:17:51,620 DEBUG    ('127.0.0.1', 58546) - ASGI [344] Received {'type': 'http.response.body', 'body': '<455 bytes>'}
2019-10-19 22:17:51,620 DEBUG    ('127.0.0.1', 58546) - ASGI [344] Completed
2019-10-19 22:17:52,981 DEBUG    ('127.0.0.1', 58546) - ASGI [345] Started
2019-10-19 22:17:52,981 DEBUG    ('127.0.0.1', 58546) - ASGI [345] Sent {'type': 'http.request', 'body': '<455 bytes>', 'more_body': False}
2019-10-19 22:17:52,981 DEBUG    received items: https://platform.twitter.com/widgets/follow_button.e3a0e1b01ae601b6c9cf798a93ab7e69.en.html#dnt=false&id=twitter-widget-0&lang=en&screen_name=RequestlyIO&show_count=true&show_screen_name=true&size=m&time=1571537871519,https://platform.twitter.com/widgets/follow_button.e3a0e1b01ae601b6c9cf798a93ab7e69.en.html#dnt=false&id=twitter-widget-0&lang=en&screen_name=RequestlyIO&show_count=true&show_screen_name=true&size=m&time=1571537872944
2019-10-19 22:17:52,981 DEBUG    save to sessions_items.log
2019-10-19 22:17:52,982 DEBUG    ('127.0.0.1', 58546) - ASGI [345] Received {'type': 'http.response.start', 'status': 200, 'headers': '<...>'}
2019-10-19 22:17:52,982 INFO     ('127.0.0.1', 58546) - "POST /predict_next HTTP/1.1" 200
2019-10-19 22:17:52,982 DEBUG    ('127.0.0.1', 58546) - ASGI [345] Received {'type': 'http.response.body', 'body': '<455 bytes>'}
2019-10-19 22:17:52,982 DEBUG    ('127.0.0.1', 58546) - ASGI [345] Completed
2019-10-19 22:17:53,109 DEBUG    ('127.0.0.1', 58546) - ASGI [346] Started
2019-10-19 22:17:53,119 DEBUG    ('127.0.0.1', 58546) - ASGI [346] Sent {'type': 'http.request', 'body': '<151 bytes>', 'more_body': False}
2019-10-19 22:17:53,120 DEBUG    received items: https://vars.hotjar.com/box-74dcf4e32eff343c96838bf3a780ac1d.html,https://vars.hotjar.com/box-74dcf4e32eff343c96838bf3a780ac1d.html
2019-10-19 22:17:53,120 DEBUG    save to sessions_items.log
2019-10-19 22:17:53,120 DEBUG    ('127.0.0.1', 58546) - ASGI [346] Received {'type': 'http.response.start', 'status': 200, 'headers': '<...>'}
2019-10-19 22:17:53,120 INFO     ('127.0.0.1', 58546) - "POST /predict_next HTTP/1.1" 200
2019-10-19 22:17:53,121 DEBUG    ('127.0.0.1', 58546) - ASGI [346] Received {'type': 'http.response.body', 'body': '<151 bytes>'}
2019-10-19 22:17:53,121 DEBUG    ('127.0.0.1', 58546) - ASGI [346] Completed
2019-10-19 22:17:58,125 DEBUG    ('127.0.0.1', 58546) - Disconnected
2019-10-19 22:19:09,537 INFO     Shutting down
2019-10-19 22:19:09,643 INFO     Waiting for application shutdown.
2019-10-19 22:19:09,644 DEBUG    None - ASGI [1] Sent {'type': 'lifespan.shutdown'}
2019-10-19 22:19:09,645 DEBUG    None - ASGI [1] Received {'type': 'lifespan.shutdown.complete'}
2019-10-19 22:19:09,647 DEBUG    None - ASGI [1] Completed
2019-10-19 22:19:09,650 INFO     Finished server process [47696]
2019-10-19 22:19:10,689 INFO     Started server process [48072]
2019-10-19 22:19:10,689 INFO     Waiting for application startup.
2019-10-19 22:19:10,689 DEBUG    None - ASGI [1] Started
2019-10-19 22:19:10,690 DEBUG    None - ASGI [1] Sent {'type': 'lifespan.startup'}
2019-10-19 22:19:10,690 DEBUG    None - ASGI [1] Received {'type': 'lifespan.startup.complete'}
2019-10-19 22:19:22,271 DEBUG    ('127.0.0.1', 59011) - Connected
2019-10-19 22:19:22,272 DEBUG    ('127.0.0.1', 59011) - ASGI [2] Started
2019-10-19 22:19:22,273 DEBUG    ('127.0.0.1', 59011) - ASGI [2] Sent {'type': 'http.request', 'body': '<737 bytes>', 'more_body': False}
2019-10-19 22:19:22,274 DEBUG    received items: https://www150.statcan.gc.ca/n1/dai-quo/index-eng.htm?HPA=1,https://www150.statcan.gc.ca/n1/dai-quo/ind1-eng.htm,https://www150.statcan.gc.ca/n1/dai-quo/ind1-eng.htm,https://www150.statcan.gc.ca/n1/dai-quo/special-eng.htm,https://www150.statcan.gc.ca/n1/en/type/data?MM=1,https://www150.statcan.gc.ca/n1/en/type/analysis?MM=1,https://www150.statcan.gc.ca/n1/daily-quotidien/191018/dq191018a-eng.htm,https://www150.statcan.gc.ca/n1/daily-quotidien/190930/dq190930f-eng.htm?HPA=1&indid=4098-1&indgeo=0,https://www150.statcan.gc.ca/n1/daily-quotidien/190930/dq190930f-eng.htm?HPA=1&indid=4098-1&indgeo=0,https://www150.statcan.gc.ca/n1/daily-quotidien/190930/dq190930f-eng.htm?HPA=1&indid=4098-1&indgeo=0
2019-10-19 22:19:22,274 DEBUG    save to sessions_items.log
2019-10-19 22:19:22,276 DEBUG    ('127.0.0.1', 59011) - ASGI [2] Received {'type': 'http.response.start', 'status': 200, 'headers': '<...>'}
2019-10-19 22:19:22,276 INFO     ('127.0.0.1', 59011) - "POST /predict_next HTTP/1.1" 200
2019-10-19 22:19:22,276 DEBUG    ('127.0.0.1', 59011) - ASGI [2] Received {'type': 'http.response.body', 'body': '<116 bytes>'}
2019-10-19 22:19:22,276 DEBUG    ('127.0.0.1', 59011) - ASGI [2] Completed
2019-10-19 22:19:27,277 DEBUG    ('127.0.0.1', 59011) - Disconnected
2019-10-19 22:20:04,800 DEBUG    ('127.0.0.1', 59233) - Connected
2019-10-19 22:20:04,800 DEBUG    ('127.0.0.1', 59233) - ASGI [3] Started
2019-10-19 22:20:04,801 DEBUG    ('127.0.0.1', 59233) - ASGI [3] Sent {'type': 'http.request', 'body': '<840 bytes>', 'more_body': False}
2019-10-19 22:20:04,802 DEBUG    received items: https://www150.statcan.gc.ca/n1/dai-quo/index-eng.htm?HPA=1,https://www150.statcan.gc.ca/n1/dai-quo/ind1-eng.htm,https://www150.statcan.gc.ca/n1/dai-quo/ind1-eng.htm,https://www150.statcan.gc.ca/n1/dai-quo/special-eng.htm,https://www150.statcan.gc.ca/n1/en/type/data?MM=1,https://www150.statcan.gc.ca/n1/en/type/analysis?MM=1,https://www150.statcan.gc.ca/n1/daily-quotidien/191018/dq191018a-eng.htm,https://www150.statcan.gc.ca/n1/daily-quotidien/190930/dq190930f-eng.htm?HPA=1&indid=4098-1&indgeo=0,https://www150.statcan.gc.ca/n1/daily-quotidien/190930/dq190930f-eng.htm?HPA=1&indid=4098-1&indgeo=0,https://www150.statcan.gc.ca/n1/daily-quotidien/190930/dq190930f-eng.htm?HPA=1&indid=4098-1&indgeo=0,https://www150.statcan.gc.ca/n1/daily-quotidien/190930/dq190930f-eng.htm?HPA=1&indid=4098-1&indgeo=0
2019-10-19 22:20:04,802 DEBUG    save to sessions_items.log
2019-10-19 22:20:04,803 DEBUG    ('127.0.0.1', 59233) - ASGI [3] Received {'type': 'http.response.start', 'status': 200, 'headers': '<...>'}
2019-10-19 22:20:04,804 INFO     ('127.0.0.1', 59233) - "POST /predict_next HTTP/1.1" 200
2019-10-19 22:20:04,804 DEBUG    ('127.0.0.1', 59233) - ASGI [3] Received {'type': 'http.response.body', 'body': '<116 bytes>'}
2019-10-19 22:20:04,804 DEBUG    ('127.0.0.1', 59233) - ASGI [3] Completed
2019-10-19 22:20:09,808 DEBUG    ('127.0.0.1', 59233) - Disconnected
2019-10-19 22:32:28,147 DEBUG    ('127.0.0.1', 63257) - Connected
2019-10-19 22:32:28,149 DEBUG    ('127.0.0.1', 63257) - ASGI [4] Started
2019-10-19 22:32:28,156 DEBUG    ('127.0.0.1', 63257) - ASGI [4] Sent {'type': 'http.request', 'body': '<943 bytes>', 'more_body': False}
2019-10-19 22:32:28,163 DEBUG    received items: https://www150.statcan.gc.ca/n1/dai-quo/index-eng.htm?HPA=1,https://www150.statcan.gc.ca/n1/dai-quo/ind1-eng.htm,https://www150.statcan.gc.ca/n1/dai-quo/ind1-eng.htm,https://www150.statcan.gc.ca/n1/dai-quo/special-eng.htm,https://www150.statcan.gc.ca/n1/en/type/data?MM=1,https://www150.statcan.gc.ca/n1/en/type/analysis?MM=1,https://www150.statcan.gc.ca/n1/daily-quotidien/191018/dq191018a-eng.htm,https://www150.statcan.gc.ca/n1/daily-quotidien/190930/dq190930f-eng.htm?HPA=1&indid=4098-1&indgeo=0,https://www150.statcan.gc.ca/n1/daily-quotidien/190930/dq190930f-eng.htm?HPA=1&indid=4098-1&indgeo=0,https://www150.statcan.gc.ca/n1/daily-quotidien/190930/dq190930f-eng.htm?HPA=1&indid=4098-1&indgeo=0,https://www150.statcan.gc.ca/n1/daily-quotidien/190930/dq190930f-eng.htm?HPA=1&indid=4098-1&indgeo=0,https://www150.statcan.gc.ca/n1/daily-quotidien/190930/dq190930f-eng.htm?HPA=1&indid=4098-1&indgeo=0
2019-10-19 22:32:28,164 DEBUG    save to sessions_items.log
2019-10-19 22:32:28,168 DEBUG    ('127.0.0.1', 63257) - ASGI [4] Received {'type': 'http.response.start', 'status': 200, 'headers': '<...>'}
2019-10-19 22:32:28,169 INFO     ('127.0.0.1', 63257) - "POST /predict_next HTTP/1.1" 200
2019-10-19 22:32:28,169 DEBUG    ('127.0.0.1', 63257) - ASGI [4] Received {'type': 'http.response.body', 'body': '<116 bytes>'}
2019-10-19 22:32:28,169 DEBUG    ('127.0.0.1', 63257) - ASGI [4] Completed
2019-10-19 22:32:33,170 DEBUG    ('127.0.0.1', 63257) - Disconnected
2019-10-19 22:32:42,882 DEBUG    ('127.0.0.1', 63326) - Connected
2019-10-19 22:32:42,883 DEBUG    ('127.0.0.1', 63326) - ASGI [5] Started
2019-10-19 22:32:42,883 DEBUG    ('127.0.0.1', 63326) - ASGI [5] Sent {'type': 'http.request', 'body': '<1046 bytes>', 'more_body': False}
2019-10-19 22:32:42,884 DEBUG    received items: https://www150.statcan.gc.ca/n1/dai-quo/index-eng.htm?HPA=1,https://www150.statcan.gc.ca/n1/dai-quo/ind1-eng.htm,https://www150.statcan.gc.ca/n1/dai-quo/ind1-eng.htm,https://www150.statcan.gc.ca/n1/dai-quo/special-eng.htm,https://www150.statcan.gc.ca/n1/en/type/data?MM=1,https://www150.statcan.gc.ca/n1/en/type/analysis?MM=1,https://www150.statcan.gc.ca/n1/daily-quotidien/191018/dq191018a-eng.htm,https://www150.statcan.gc.ca/n1/daily-quotidien/190930/dq190930f-eng.htm?HPA=1&indid=4098-1&indgeo=0,https://www150.statcan.gc.ca/n1/daily-quotidien/190930/dq190930f-eng.htm?HPA=1&indid=4098-1&indgeo=0,https://www150.statcan.gc.ca/n1/daily-quotidien/190930/dq190930f-eng.htm?HPA=1&indid=4098-1&indgeo=0,https://www150.statcan.gc.ca/n1/daily-quotidien/190930/dq190930f-eng.htm?HPA=1&indid=4098-1&indgeo=0,https://www150.statcan.gc.ca/n1/daily-quotidien/190930/dq190930f-eng.htm?HPA=1&indid=4098-1&indgeo=0,https://www150.statcan.gc.ca/n1/daily-quotidien/190930/dq190930f-eng.htm?HPA=1&indid=4098-1&indgeo=0
2019-10-19 22:32:42,884 DEBUG    save to sessions_items.log
2019-10-19 22:32:42,885 DEBUG    ('127.0.0.1', 63326) - ASGI [5] Received {'type': 'http.response.start', 'status': 200, 'headers': '<...>'}
2019-10-19 22:32:42,885 INFO     ('127.0.0.1', 63326) - "POST /predict_next HTTP/1.1" 200
2019-10-19 22:32:42,885 DEBUG    ('127.0.0.1', 63326) - ASGI [5] Received {'type': 'http.response.body', 'body': '<116 bytes>'}
2019-10-19 22:32:42,885 DEBUG    ('127.0.0.1', 63326) - ASGI [5] Completed
2019-10-19 22:32:47,886 DEBUG    ('127.0.0.1', 63326) - Disconnected
2019-10-19 22:33:14,765 DEBUG    ('127.0.0.1', 63478) - Connected
2019-10-19 22:33:14,766 DEBUG    ('127.0.0.1', 63478) - ASGI [6] Started
2019-10-19 22:33:14,766 DEBUG    ('127.0.0.1', 63478) - ASGI [6] Sent {'type': 'http.request', 'body': '<1149 bytes>', 'more_body': False}
2019-10-19 22:33:14,767 DEBUG    received items: https://www150.statcan.gc.ca/n1/dai-quo/index-eng.htm?HPA=1,https://www150.statcan.gc.ca/n1/dai-quo/ind1-eng.htm,https://www150.statcan.gc.ca/n1/dai-quo/ind1-eng.htm,https://www150.statcan.gc.ca/n1/dai-quo/special-eng.htm,https://www150.statcan.gc.ca/n1/en/type/data?MM=1,https://www150.statcan.gc.ca/n1/en/type/analysis?MM=1,https://www150.statcan.gc.ca/n1/daily-quotidien/191018/dq191018a-eng.htm,https://www150.statcan.gc.ca/n1/daily-quotidien/190930/dq190930f-eng.htm?HPA=1&indid=4098-1&indgeo=0,https://www150.statcan.gc.ca/n1/daily-quotidien/190930/dq190930f-eng.htm?HPA=1&indid=4098-1&indgeo=0,https://www150.statcan.gc.ca/n1/daily-quotidien/190930/dq190930f-eng.htm?HPA=1&indid=4098-1&indgeo=0,https://www150.statcan.gc.ca/n1/daily-quotidien/190930/dq190930f-eng.htm?HPA=1&indid=4098-1&indgeo=0,https://www150.statcan.gc.ca/n1/daily-quotidien/190930/dq190930f-eng.htm?HPA=1&indid=4098-1&indgeo=0,https://www150.statcan.gc.ca/n1/daily-quotidien/190930/dq190930f-eng.htm?HPA=1&indid=4098-1&indgeo=0,https://www150.statcan.gc.ca/n1/daily-quotidien/190930/dq190930f-eng.htm?HPA=1&indid=4098-1&indgeo=0
2019-10-19 22:33:14,767 DEBUG    save to sessions_items.log
2019-10-19 22:33:14,768 DEBUG    ('127.0.0.1', 63478) - ASGI [6] Received {'type': 'http.response.start', 'status': 200, 'headers': '<...>'}
2019-10-19 22:33:14,768 INFO     ('127.0.0.1', 63478) - "POST /predict_next HTTP/1.1" 200
2019-10-19 22:33:14,768 DEBUG    ('127.0.0.1', 63478) - ASGI [6] Received {'type': 'http.response.body', 'body': '<116 bytes>'}
2019-10-19 22:33:14,768 DEBUG    ('127.0.0.1', 63478) - ASGI [6] Completed
2019-10-19 22:33:19,772 DEBUG    ('127.0.0.1', 63478) - Disconnected
2019-10-20 08:43:38,660 INFO     Shutting down
2019-10-20 08:43:38,764 INFO     Waiting for application shutdown.
2019-10-20 08:43:38,771 DEBUG    None - ASGI [1] Sent {'type': 'lifespan.shutdown'}
2019-10-20 08:43:38,772 DEBUG    None - ASGI [1] Received {'type': 'lifespan.shutdown.complete'}
2019-10-20 08:43:38,772 DEBUG    None - ASGI [1] Completed
2019-10-20 08:43:38,773 INFO     Finished server process [48072]
2019-10-20 08:43:40,337 INFO     Started server process [48453]
2019-10-20 08:43:40,337 INFO     Waiting for application startup.
2019-10-20 08:43:40,338 DEBUG    None - ASGI [1] Started
2019-10-20 08:43:40,338 DEBUG    None - ASGI [1] Sent {'type': 'lifespan.startup'}
2019-10-20 08:43:40,338 DEBUG    None - ASGI [1] Received {'type': 'lifespan.startup.complete'}
2019-10-20 08:43:46,500 DEBUG    ('127.0.0.1', 53891) - Connected
2019-10-20 08:43:46,502 DEBUG    ('127.0.0.1', 53891) - ASGI [2] Started
2019-10-20 08:43:46,502 DEBUG    ('127.0.0.1', 53891) - ASGI [2] Sent {'type': 'http.request', 'body': '<1252 bytes>', 'more_body': False}
2019-10-20 08:43:46,504 DEBUG    received items: https://www150.statcan.gc.ca/n1/dai-quo/index-eng.htm?HPA=1,https://www150.statcan.gc.ca/n1/dai-quo/ind1-eng.htm,https://www150.statcan.gc.ca/n1/dai-quo/ind1-eng.htm,https://www150.statcan.gc.ca/n1/dai-quo/special-eng.htm,https://www150.statcan.gc.ca/n1/en/type/data?MM=1,https://www150.statcan.gc.ca/n1/en/type/analysis?MM=1,https://www150.statcan.gc.ca/n1/daily-quotidien/191018/dq191018a-eng.htm,https://www150.statcan.gc.ca/n1/daily-quotidien/190930/dq190930f-eng.htm?HPA=1&indid=4098-1&indgeo=0,https://www150.statcan.gc.ca/n1/daily-quotidien/190930/dq190930f-eng.htm?HPA=1&indid=4098-1&indgeo=0,https://www150.statcan.gc.ca/n1/daily-quotidien/190930/dq190930f-eng.htm?HPA=1&indid=4098-1&indgeo=0,https://www150.statcan.gc.ca/n1/daily-quotidien/190930/dq190930f-eng.htm?HPA=1&indid=4098-1&indgeo=0,https://www150.statcan.gc.ca/n1/daily-quotidien/190930/dq190930f-eng.htm?HPA=1&indid=4098-1&indgeo=0,https://www150.statcan.gc.ca/n1/daily-quotidien/190930/dq190930f-eng.htm?HPA=1&indid=4098-1&indgeo=0,https://www150.statcan.gc.ca/n1/daily-quotidien/190930/dq190930f-eng.htm?HPA=1&indid=4098-1&indgeo=0,https://www150.statcan.gc.ca/n1/daily-quotidien/190930/dq190930f-eng.htm?HPA=1&indid=4098-1&indgeo=0
2019-10-20 08:43:46,504 DEBUG    save to sessions_items.log
2019-10-20 08:43:46,507 DEBUG    ('127.0.0.1', 53891) - ASGI [2] Received {'type': 'http.response.start', 'status': 200, 'headers': '<...>'}
2019-10-20 08:43:46,508 INFO     ('127.0.0.1', 53891) - "POST /predict_next HTTP/1.1" 200
2019-10-20 08:43:46,508 DEBUG    ('127.0.0.1', 53891) - ASGI [2] Received {'type': 'http.response.body', 'body': '<221 bytes>'}
2019-10-20 08:43:46,508 DEBUG    ('127.0.0.1', 53891) - ASGI [2] Completed
2019-10-20 08:43:47,965 DEBUG    ('127.0.0.1', 53891) - ASGI [3] Started
2019-10-20 08:43:47,965 DEBUG    ('127.0.0.1', 53891) - ASGI [3] Sent {'type': 'http.request', 'body': '<190 bytes>', 'more_body': False}
2019-10-20 08:43:47,966 DEBUG    received items: https://canada.demdex.net/dest5.html?d_nsid=0#https%3A%2F%2Fwww150.statcan.gc.ca%2Fn1%2Fdaily-quotidien%2F190930%2Fdq190930f-eng.htm%3FHPA%3D1%26indid%3D4098-1%26indgeo%3D0
2019-10-20 08:43:47,966 DEBUG    save to sessions_items.log
2019-10-20 08:43:47,967 DEBUG    ('127.0.0.1', 53891) - ASGI [3] Received {'type': 'http.response.start', 'status': 200, 'headers': '<...>'}
2019-10-20 08:43:47,967 INFO     ('127.0.0.1', 53891) - "POST /predict_next HTTP/1.1" 200
2019-10-20 08:43:47,967 DEBUG    ('127.0.0.1', 53891) - ASGI [3] Received {'type': 'http.response.body', 'body': '<365 bytes>'}
2019-10-20 08:43:47,967 DEBUG    ('127.0.0.1', 53891) - ASGI [3] Completed
2019-10-20 08:43:52,969 DEBUG    ('127.0.0.1', 53891) - Disconnected
2019-10-20 08:44:33,657 DEBUG    ('127.0.0.1', 54067) - Connected
2019-10-20 08:44:33,658 DEBUG    ('127.0.0.1', 54067) - ASGI [4] Started
2019-10-20 08:44:33,658 DEBUG    ('127.0.0.1', 54067) - ASGI [4] Sent {'type': 'http.request', 'body': '<5055 bytes>', 'more_body': False}
2019-10-20 08:44:33,659 DEBUG    received items: https://www.google.com/search?q=chrome+inject+html&rlz=1C5CHFA_enCA815CA815&oq=chrome+inject+html&aqs=chrome..69i57j0l5.2667j0j8&sourceid=chrome&ie=UTF-8,https://www.google.com/search?q=chrome+inject+html&rlz=1C5CHFA_enCA815CA815&oq=chrome+inject+html&aqs=chrome..69i57j0l5.2667j0j8&sourceid=chrome&ie=UTF-8,https://www.google.com/search?q=getelementbyid&rlz=1C5CHFA_enCA815CA815&oq=getelementby&aqs=chrome.0.0l4j69i57j0.2736j0j4&sourceid=chrome&ie=UTF-8,https://www.google.com/search?rlz=1C5CHFA_enCA815CA815&sxsrf=ACYBGNSjOlo20LGVDmqlfp9ipfgI4K57Sw%3A1571536389451&ei=Bb6rXeWUG6S1ggeFhKPYBw&q=html+get+element&oq=html+get+element&gs_l=psy-ab.3..0l10.2718.8249..8368...11.4..1.242.2524.20j2j3......0....1..gws-wiz.......0i71j35i39j0i67j0i131j0i22i30j0i22i10i30j0i13j0i13i30j0i13i5i30j0i8i13i30j33i160.FJ5XlWYjk7w&ved=0ahUKEwilq_qh3anlAhWkmuAKHQXCCHsQ4dUDCAs&uact=5,https://www.google.com/search?rlz=1C5CHFA_enCA815CA815&sxsrf=ACYBGNQCwp0jVydWEZmDJuT5VazexhHC-Q%3A1571536399300&ei=D76rXf31EeTF_QaM-q2gDw&q=getelementbyid+append&oq=getelementbyid+append&gs_l=psy-ab.3..0i20i263j0l3j0i22i30l6.3429.11981..12075...6.4..0.474.2574.24j1j4-1......0....1..gws-wiz.......0i71j35i39j0i67j0i131i67j0i10j0i10i67j0i131.mAzLxrVwTDI&ved=0ahUKEwi9udOm3anlAhXkYt8KHQx9C_QQ4dUDCAs&uact=5,https://www.google.com/search?rlz=1C5CHFA_enCA815CA815&sxsrf=ACYBGNQCwp0jVydWEZmDJuT5VazexhHC-Q%3A1571536399300&ei=D76rXf31EeTF_QaM-q2gDw&q=getelementbyid+append&oq=getelementbyid+append&gs_l=psy-ab.3..0i20i263j0l3j0i22i30l6.3429.11981..12075...6.4..0.474.2574.24j1j4-1......0....1..gws-wiz.......0i71j35i39j0i67j0i131i67j0i10j0i10i67j0i131.mAzLxrVwTDI&ved=0ahUKEwi9udOm3anlAhXkYt8KHQx9C_QQ4dUDCAs&uact=5,https://www.google.com/search?rlz=1C5CHFA_enCA815CA815&sxsrf=ACYBGNTtqQUMdWH2yS7Euvi8vkjVJrlvhA%3A1571536412492&ei=HL6rXcbSHeGZ_QaS-ZzQDA&q=getelementbyid+append+before&oq=getelementbyid+append+before&gs_l=psy-ab.3...2827.3554..3994...0.2..0.256.1328.1j3j3......0....1..gws-wiz.......0i71j0j0i22i30j0i22i10i30j33i160j33i21.lSIy5S6va5Y&ved=0ahUKEwjG0Pis3anlAhXhTN8KHZI8B8oQ4dUDCAs&uact=5,https://www.google.com/search?rlz=1C5CHFA_enCA815CA815&sxsrf=ACYBGNTtqQUMdWH2yS7Euvi8vkjVJrlvhA%3A1571536412492&ei=HL6rXcbSHeGZ_QaS-ZzQDA&q=getelementbyid+append+before&oq=getelementbyid+append+before&gs_l=psy-ab.3...2827.3554..3994...0.2..0.256.1328.1j3j3......0....1..gws-wiz.......0i71j0j0i22i30j0i22i10i30j33i160j33i21.lSIy5S6va5Y&ved=0ahUKEwjG0Pis3anlAhXhTN8KHZI8B8oQ4dUDCAs&uact=5,https://www.google.com/search?rlz=1C5CHFA_enCA815CA815&sxsrf=ACYBGNQCwp0jVydWEZmDJuT5VazexhHC-Q%3A1571536399300&ei=D76rXf31EeTF_QaM-q2gDw&q=getelementbyid+append&oq=getelementbyid+append&gs_l=psy-ab.3..0i20i263j0l3j0i22i30l6.3429.11981..12075...6.4..0.474.2574.24j1j4-1......0....1..gws-wiz.......0i71j35i39j0i67j0i131i67j0i10j0i10i67j0i131.mAzLxrVwTDI&ved=0ahUKEwi9udOm3anlAhXkYt8KHQx9C_QQ4dUDCAs&uact=5,https://www.google.com/search?rlz=1C5CHFA_enCA815CA815&sxsrf=ACYBGNTtqQUMdWH2yS7Euvi8vkjVJrlvhA%3A1571536412492&ei=HL6rXcbSHeGZ_QaS-ZzQDA&q=getelementbyid+append+before&oq=getelementbyid+append+before&gs_l=psy-ab.3...2827.3554..3994...0.2..0.256.1328.1j3j3......0....1..gws-wiz.......0i71j0j0i22i30j0i22i10i30j33i160j33i21.lSIy5S6va5Y&ved=0ahUKEwjG0Pis3anlAhXhTN8KHZI8B8oQ4dUDCAs&uact=5,https://www.google.com/search?rlz=1C5CHFA_enCA815CA815&sxsrf=ACYBGNTtqQUMdWH2yS7Euvi8vkjVJrlvhA%3A1571536412492&ei=HL6rXcbSHeGZ_QaS-ZzQDA&q=getelementbyid+append+before&oq=getelementbyid+append+before&gs_l=psy-ab.3...2827.3554..3994...0.2..0.256.1328.1j3j3......0....1..gws-wiz.......0i71j0j0i22i30j0i22i10i30j33i160j33i21.lSIy5S6va5Y&ved=0ahUKEwjG0Pis3anlAhXhTN8KHZI8B8oQ4dUDCAs&uact=5,https://www.google.com/search?rlz=1C5CHFA_enCA815CA815&sxsrf=ACYBGNTtqQUMdWH2yS7Euvi8vkjVJrlvhA%3A1571536412492&ei=HL6rXcbSHeGZ_QaS-ZzQDA&q=getelementbyid+append+before&oq=getelementbyid+append+before&gs_l=psy-ab.3...2827.3554..3994...0.2..0.256.1328.1j3j3......0....1..gws-wiz.......0i71j0j0i22i30j0i22i10i30j33i160j33i21.lSIy5S6va5Y&ved=0ahUKEwjG0Pis3anlAhXhTN8KHZI8B8oQ4dUDCAs&uact=5,https://www.google.com/search?rlz=1C5CHFA_enCA815CA815&sxsrf=ACYBGNRORxbwLTYpUUDxK3dKcch44OxE9Q%3A1571536474863&ei=Wr6rXea2NObD_QaS5IfADA&q=getelementbyid+appendchild+before&oq=getelementbyid+appendChield+before&gs_l=psy-ab.3.0.33i10.2303.3508..5359...1.2..0.104.591.6j1......0....1..gws-wiz.......0i71j35i304i39.vP3AuSClHQo,https://www.google.com/search?rlz=1C5CHFA_enCA815CA815&sxsrf=ACYBGNRORxbwLTYpUUDxK3dKcch44OxE9Q%3A1571536474863&ei=Wr6rXea2NObD_QaS5IfADA&q=getelementbyid+appendchild+before&oq=getelementbyid+appendChield+before&gs_l=psy-ab.3.0.33i10.2303.3508..5359...1.2..0.104.591.6j1......0....1..gws-wiz.......0i71j35i304i39.vP3AuSClHQo,https://www.google.com/search?rlz=1C5CHFA_enCA815CA815&sxsrf=ACYBGNQe-nrP6qEQ4EbgB3N5XUYERGaJgQ%3A1571536612054&ei=5L6rXZPvAqexggeR1abYAg&q=statcan&oq=statcan&gs_l=psy-ab.3..35i39l2j0l8.38840077.38840798..38841002...0.6..0.73.483.7......0....1..gws-wiz.......0i71j0i131j0i67j0i10.XJ8RaZ0U0f8&ved=0ahUKEwiT8YyM3qnlAhWnmOAKHZGqCSsQ4dUDCAs&uact=5
2019-10-20 08:44:33,659 DEBUG    save to sessions_items.log
2019-10-20 08:44:33,661 DEBUG    ('127.0.0.1', 54067) - ASGI [4] Received {'type': 'http.response.start', 'status': 200, 'headers': '<...>'}
2019-10-20 08:44:33,661 INFO     ('127.0.0.1', 54067) - "POST /predict_next HTTP/1.1" 200
2019-10-20 08:44:33,661 DEBUG    ('127.0.0.1', 54067) - ASGI [4] Received {'type': 'http.response.body', 'body': '<707 bytes>'}
2019-10-20 08:44:33,662 DEBUG    ('127.0.0.1', 54067) - ASGI [4] Completed
2019-10-20 08:44:35,656 DEBUG    ('127.0.0.1', 54067) - ASGI [5] Started
2019-10-20 08:44:35,656 DEBUG    ('127.0.0.1', 54067) - ASGI [5] Sent {'type': 'http.request', 'body': '<44 bytes>', 'more_body': False}
2019-10-20 08:44:35,657 DEBUG    received items: https://www.statcan.gc.ca/
2019-10-20 08:44:35,657 DEBUG    save to sessions_items.log
2019-10-20 08:44:35,657 DEBUG    ('127.0.0.1', 54067) - ASGI [5] Received {'type': 'http.response.start', 'status': 200, 'headers': '<...>'}
2019-10-20 08:44:35,658 INFO     ('127.0.0.1', 54067) - "POST /predict_next HTTP/1.1" 200
2019-10-20 08:44:35,658 DEBUG    ('127.0.0.1', 54067) - ASGI [5] Received {'type': 'http.response.body', 'body': '<73 bytes>'}
2019-10-20 08:44:35,658 DEBUG    ('127.0.0.1', 54067) - ASGI [5] Completed
2019-10-20 08:44:37,306 DEBUG    ('127.0.0.1', 54067) - ASGI [6] Started
2019-10-20 08:44:37,306 DEBUG    ('127.0.0.1', 54067) - ASGI [6] Sent {'type': 'http.request', 'body': '<82 bytes>', 'more_body': False}
2019-10-20 08:44:37,307 DEBUG    received items: https://www.statcan.gc.ca/,https://www.statcan.gc.ca/eng/start
2019-10-20 08:44:37,307 DEBUG    save to sessions_items.log
2019-10-20 08:44:37,308 DEBUG    ('127.0.0.1', 54067) - ASGI [6] Received {'type': 'http.response.start', 'status': 200, 'headers': '<...>'}
2019-10-20 08:44:37,308 INFO     ('127.0.0.1', 54067) - "POST /predict_next HTTP/1.1" 200
2019-10-20 08:44:37,308 DEBUG    ('127.0.0.1', 54067) - ASGI [6] Received {'type': 'http.response.body', 'body': '<91 bytes>'}
2019-10-20 08:44:37,309 DEBUG    ('127.0.0.1', 54067) - ASGI [6] Completed
2019-10-20 08:44:42,284 DEBUG    ('127.0.0.1', 54067) - ASGI [7] Started
2019-10-20 08:44:42,284 DEBUG    ('127.0.0.1', 54067) - ASGI [7] Sent {'type': 'http.request', 'body': '<77 bytes>', 'more_body': False}
2019-10-20 08:44:42,285 DEBUG    received items: https://www150.statcan.gc.ca/n1/dai-quo/index-eng.htm?HPA=1
2019-10-20 08:44:42,285 DEBUG    save to sessions_items.log
2019-10-20 08:44:42,286 DEBUG    ('127.0.0.1', 54067) - ASGI [7] Received {'type': 'http.response.start', 'status': 200, 'headers': '<...>'}
2019-10-20 08:44:42,286 INFO     ('127.0.0.1', 54067) - "POST /predict_next HTTP/1.1" 200
2019-10-20 08:44:42,286 DEBUG    ('127.0.0.1', 54067) - ASGI [7] Received {'type': 'http.response.body', 'body': '<139 bytes>'}
2019-10-20 08:44:42,286 DEBUG    ('127.0.0.1', 54067) - ASGI [7] Completed
2019-10-20 08:44:47,287 DEBUG    ('127.0.0.1', 54067) - Disconnected
2019-10-20 08:51:40,781 DEBUG    ('127.0.0.1', 55325) - Connected
2019-10-20 08:51:40,782 DEBUG    ('127.0.0.1', 55325) - ASGI [8] Started
2019-10-20 08:51:40,782 DEBUG    ('127.0.0.1', 55325) - ASGI [8] Sent {'type': 'http.request', 'body': '<139 bytes>', 'more_body': False}
2019-10-20 08:51:40,782 DEBUG    received items: https://www150.statcan.gc.ca/n1/dai-quo/index-eng.htm?HPA=1,https://www150.statcan.gc.ca/n1/dai-quo/index-eng.htm?HPA=1
2019-10-20 08:51:40,782 DEBUG    save to sessions_items.log
2019-10-20 08:51:40,786 DEBUG    ('127.0.0.1', 55325) - ASGI [8] Received {'type': 'http.response.start', 'status': 200, 'headers': '<...>'}
2019-10-20 08:51:40,786 INFO     ('127.0.0.1', 55325) - "POST /predict_next HTTP/1.1" 200
2019-10-20 08:51:40,786 DEBUG    ('127.0.0.1', 55325) - ASGI [8] Received {'type': 'http.response.body', 'body': '<139 bytes>'}
2019-10-20 08:51:40,787 DEBUG    ('127.0.0.1', 55325) - ASGI [8] Completed
2019-10-20 08:51:45,790 DEBUG    ('127.0.0.1', 55325) - Disconnected
2019-10-20 08:53:28,742 DEBUG    ('127.0.0.1', 55770) - Connected
2019-10-20 08:53:28,743 DEBUG    ('127.0.0.1', 55770) - ASGI [9] Started
2019-10-20 08:53:28,743 DEBUG    ('127.0.0.1', 55770) - ASGI [9] Sent {'type': 'http.request', 'body': '<201 bytes>', 'more_body': False}
2019-10-20 08:53:28,743 DEBUG    received items: https://www150.statcan.gc.ca/n1/dai-quo/index-eng.htm?HPA=1,https://www150.statcan.gc.ca/n1/dai-quo/index-eng.htm?HPA=1,https://www150.statcan.gc.ca/n1/dai-quo/index-eng.htm?HPA=1
2019-10-20 08:53:28,744 DEBUG    save to sessions_items.log
2019-10-20 08:53:28,746 DEBUG    ('127.0.0.1', 55770) - ASGI [9] Received {'type': 'http.response.start', 'status': 200, 'headers': '<...>'}
2019-10-20 08:53:28,746 INFO     ('127.0.0.1', 55770) - "POST /predict_next HTTP/1.1" 200
2019-10-20 08:53:28,747 DEBUG    ('127.0.0.1', 55770) - ASGI [9] Received {'type': 'http.response.body', 'body': '<139 bytes>'}
2019-10-20 08:53:28,747 DEBUG    ('127.0.0.1', 55770) - ASGI [9] Completed
2019-10-20 08:53:33,747 DEBUG    ('127.0.0.1', 55770) - Disconnected
2019-10-20 08:53:59,295 DEBUG    ('127.0.0.1', 55895) - Connected
2019-10-20 08:53:59,296 DEBUG    ('127.0.0.1', 55895) - ASGI [10] Started
2019-10-20 08:53:59,296 DEBUG    ('127.0.0.1', 55895) - ASGI [10] Sent {'type': 'http.request', 'body': '<263 bytes>', 'more_body': False}
2019-10-20 08:53:59,297 DEBUG    received items: https://www150.statcan.gc.ca/n1/dai-quo/index-eng.htm?HPA=1,https://www150.statcan.gc.ca/n1/dai-quo/index-eng.htm?HPA=1,https://www150.statcan.gc.ca/n1/dai-quo/index-eng.htm?HPA=1,https://www150.statcan.gc.ca/n1/dai-quo/index-eng.htm?HPA=1
2019-10-20 08:53:59,297 DEBUG    save to sessions_items.log
2019-10-20 08:53:59,302 DEBUG    ('127.0.0.1', 55895) - ASGI [10] Received {'type': 'http.response.start', 'status': 200, 'headers': '<...>'}
2019-10-20 08:53:59,303 INFO     ('127.0.0.1', 55895) - "POST /predict_next HTTP/1.1" 200
2019-10-20 08:53:59,303 DEBUG    ('127.0.0.1', 55895) - ASGI [10] Received {'type': 'http.response.body', 'body': '<139 bytes>'}
2019-10-20 08:53:59,303 DEBUG    ('127.0.0.1', 55895) - ASGI [10] Completed
2019-10-20 08:54:04,306 DEBUG    ('127.0.0.1', 55895) - Disconnected
2019-10-20 08:54:28,244 DEBUG    ('127.0.0.1', 56017) - Connected
2019-10-20 08:54:28,245 DEBUG    ('127.0.0.1', 56017) - ASGI [11] Started
2019-10-20 08:54:28,245 DEBUG    ('127.0.0.1', 56017) - ASGI [11] Sent {'type': 'http.request', 'body': '<325 bytes>', 'more_body': False}
2019-10-20 08:54:28,246 DEBUG    received items: https://www150.statcan.gc.ca/n1/dai-quo/index-eng.htm?HPA=1,https://www150.statcan.gc.ca/n1/dai-quo/index-eng.htm?HPA=1,https://www150.statcan.gc.ca/n1/dai-quo/index-eng.htm?HPA=1,https://www150.statcan.gc.ca/n1/dai-quo/index-eng.htm?HPA=1,https://www150.statcan.gc.ca/n1/dai-quo/index-eng.htm?HPA=1
2019-10-20 08:54:28,246 DEBUG    save to sessions_items.log
2019-10-20 08:54:28,249 DEBUG    ('127.0.0.1', 56017) - ASGI [11] Received {'type': 'http.response.start', 'status': 200, 'headers': '<...>'}
2019-10-20 08:54:28,249 INFO     ('127.0.0.1', 56017) - "POST /predict_next HTTP/1.1" 200
2019-10-20 08:54:28,250 DEBUG    ('127.0.0.1', 56017) - ASGI [11] Received {'type': 'http.response.body', 'body': '<139 bytes>'}
2019-10-20 08:54:28,250 DEBUG    ('127.0.0.1', 56017) - ASGI [11] Completed
2019-10-20 08:54:33,250 DEBUG    ('127.0.0.1', 56017) - Disconnected
2019-10-20 08:57:19,922 DEBUG    ('127.0.0.1', 56777) - Connected
2019-10-20 08:57:19,924 DEBUG    ('127.0.0.1', 56777) - ASGI [12] Started
2019-10-20 08:57:19,931 DEBUG    ('127.0.0.1', 56777) - ASGI [12] Sent {'type': 'http.request', 'body': '<387 bytes>', 'more_body': False}
2019-10-20 08:57:19,936 DEBUG    received items: https://www150.statcan.gc.ca/n1/dai-quo/index-eng.htm?HPA=1,https://www150.statcan.gc.ca/n1/dai-quo/index-eng.htm?HPA=1,https://www150.statcan.gc.ca/n1/dai-quo/index-eng.htm?HPA=1,https://www150.statcan.gc.ca/n1/dai-quo/index-eng.htm?HPA=1,https://www150.statcan.gc.ca/n1/dai-quo/index-eng.htm?HPA=1,https://www150.statcan.gc.ca/n1/dai-quo/index-eng.htm?HPA=1
2019-10-20 08:57:19,936 DEBUG    save to sessions_items.log
2019-10-20 08:57:19,939 DEBUG    ('127.0.0.1', 56777) - ASGI [12] Received {'type': 'http.response.start', 'status': 200, 'headers': '<...>'}
2019-10-20 08:57:19,940 INFO     ('127.0.0.1', 56777) - "POST /predict_next HTTP/1.1" 200
2019-10-20 08:57:19,940 DEBUG    ('127.0.0.1', 56777) - ASGI [12] Received {'type': 'http.response.body', 'body': '<139 bytes>'}
2019-10-20 08:57:19,940 DEBUG    ('127.0.0.1', 56777) - ASGI [12] Completed
2019-10-20 08:57:24,942 DEBUG    ('127.0.0.1', 56777) - Disconnected
2019-10-20 08:58:58,977 DEBUG    ('127.0.0.1', 57179) - Connected
2019-10-20 08:58:58,978 DEBUG    ('127.0.0.1', 57179) - ASGI [13] Started
2019-10-20 08:58:58,978 DEBUG    ('127.0.0.1', 57179) - ASGI [13] Sent {'type': 'http.request', 'body': '<449 bytes>', 'more_body': False}
2019-10-20 08:58:58,978 DEBUG    received items: https://www150.statcan.gc.ca/n1/dai-quo/index-eng.htm?HPA=1,https://www150.statcan.gc.ca/n1/dai-quo/index-eng.htm?HPA=1,https://www150.statcan.gc.ca/n1/dai-quo/index-eng.htm?HPA=1,https://www150.statcan.gc.ca/n1/dai-quo/index-eng.htm?HPA=1,https://www150.statcan.gc.ca/n1/dai-quo/index-eng.htm?HPA=1,https://www150.statcan.gc.ca/n1/dai-quo/index-eng.htm?HPA=1,https://www150.statcan.gc.ca/n1/dai-quo/index-eng.htm?HPA=1
2019-10-20 08:58:58,979 DEBUG    save to sessions_items.log
2019-10-20 08:58:58,981 DEBUG    ('127.0.0.1', 57179) - ASGI [13] Received {'type': 'http.response.start', 'status': 200, 'headers': '<...>'}
2019-10-20 08:58:58,981 INFO     ('127.0.0.1', 57179) - "POST /predict_next HTTP/1.1" 200
2019-10-20 08:58:58,981 DEBUG    ('127.0.0.1', 57179) - ASGI [13] Received {'type': 'http.response.body', 'body': '<139 bytes>'}
2019-10-20 08:58:58,982 DEBUG    ('127.0.0.1', 57179) - ASGI [13] Completed
2019-10-20 08:59:03,983 DEBUG    ('127.0.0.1', 57179) - Disconnected
2019-10-20 08:59:29,725 DEBUG    ('127.0.0.1', 57306) - Connected
2019-10-20 08:59:29,726 DEBUG    ('127.0.0.1', 57306) - ASGI [14] Started
2019-10-20 08:59:29,727 DEBUG    ('127.0.0.1', 57306) - ASGI [14] Sent {'type': 'http.request', 'body': '<511 bytes>', 'more_body': False}
2019-10-20 08:59:29,727 DEBUG    received items: https://www150.statcan.gc.ca/n1/dai-quo/index-eng.htm?HPA=1,https://www150.statcan.gc.ca/n1/dai-quo/index-eng.htm?HPA=1,https://www150.statcan.gc.ca/n1/dai-quo/index-eng.htm?HPA=1,https://www150.statcan.gc.ca/n1/dai-quo/index-eng.htm?HPA=1,https://www150.statcan.gc.ca/n1/dai-quo/index-eng.htm?HPA=1,https://www150.statcan.gc.ca/n1/dai-quo/index-eng.htm?HPA=1,https://www150.statcan.gc.ca/n1/dai-quo/index-eng.htm?HPA=1,https://www150.statcan.gc.ca/n1/dai-quo/index-eng.htm?HPA=1
2019-10-20 08:59:29,728 DEBUG    save to sessions_items.log
2019-10-20 08:59:29,731 DEBUG    ('127.0.0.1', 57306) - ASGI [14] Received {'type': 'http.response.start', 'status': 200, 'headers': '<...>'}
2019-10-20 08:59:29,732 INFO     ('127.0.0.1', 57306) - "POST /predict_next HTTP/1.1" 200
2019-10-20 08:59:29,732 DEBUG    ('127.0.0.1', 57306) - ASGI [14] Received {'type': 'http.response.body', 'body': '<139 bytes>'}
2019-10-20 08:59:29,732 DEBUG    ('127.0.0.1', 57306) - ASGI [14] Completed
2019-10-20 08:59:34,735 DEBUG    ('127.0.0.1', 57306) - Disconnected
2019-10-20 09:02:19,770 DEBUG    ('127.0.0.1', 58005) - Connected
2019-10-20 09:02:19,771 DEBUG    ('127.0.0.1', 58005) - ASGI [15] Started
2019-10-20 09:02:19,771 DEBUG    ('127.0.0.1', 58005) - ASGI [15] Sent {'type': 'http.request', 'body': '<573 bytes>', 'more_body': False}
2019-10-20 09:02:19,771 DEBUG    received items: https://www150.statcan.gc.ca/n1/dai-quo/index-eng.htm?HPA=1,https://www150.statcan.gc.ca/n1/dai-quo/index-eng.htm?HPA=1,https://www150.statcan.gc.ca/n1/dai-quo/index-eng.htm?HPA=1,https://www150.statcan.gc.ca/n1/dai-quo/index-eng.htm?HPA=1,https://www150.statcan.gc.ca/n1/dai-quo/index-eng.htm?HPA=1,https://www150.statcan.gc.ca/n1/dai-quo/index-eng.htm?HPA=1,https://www150.statcan.gc.ca/n1/dai-quo/index-eng.htm?HPA=1,https://www150.statcan.gc.ca/n1/dai-quo/index-eng.htm?HPA=1,https://www150.statcan.gc.ca/n1/dai-quo/index-eng.htm?HPA=1
2019-10-20 09:02:19,771 DEBUG    save to sessions_items.log
2019-10-20 09:02:19,772 DEBUG    ('127.0.0.1', 58005) - ASGI [15] Received {'type': 'http.response.start', 'status': 200, 'headers': '<...>'}
2019-10-20 09:02:19,772 INFO     ('127.0.0.1', 58005) - "POST /predict_next HTTP/1.1" 200
2019-10-20 09:02:19,772 DEBUG    ('127.0.0.1', 58005) - ASGI [15] Received {'type': 'http.response.body', 'body': '<139 bytes>'}
2019-10-20 09:02:19,773 DEBUG    ('127.0.0.1', 58005) - ASGI [15] Completed
2019-10-20 09:02:24,774 DEBUG    ('127.0.0.1', 58005) - Disconnected
2019-10-20 09:02:34,244 DEBUG    ('127.0.0.1', 58068) - Connected
2019-10-20 09:02:34,244 DEBUG    ('127.0.0.1', 58068) - ASGI [16] Started
2019-10-20 09:02:34,245 DEBUG    ('127.0.0.1', 58068) - ASGI [16] Sent {'type': 'http.request', 'body': '<635 bytes>', 'more_body': False}
2019-10-20 09:02:34,245 DEBUG    received items: https://www150.statcan.gc.ca/n1/dai-quo/index-eng.htm?HPA=1,https://www150.statcan.gc.ca/n1/dai-quo/index-eng.htm?HPA=1,https://www150.statcan.gc.ca/n1/dai-quo/index-eng.htm?HPA=1,https://www150.statcan.gc.ca/n1/dai-quo/index-eng.htm?HPA=1,https://www150.statcan.gc.ca/n1/dai-quo/index-eng.htm?HPA=1,https://www150.statcan.gc.ca/n1/dai-quo/index-eng.htm?HPA=1,https://www150.statcan.gc.ca/n1/dai-quo/index-eng.htm?HPA=1,https://www150.statcan.gc.ca/n1/dai-quo/index-eng.htm?HPA=1,https://www150.statcan.gc.ca/n1/dai-quo/index-eng.htm?HPA=1,https://www150.statcan.gc.ca/n1/dai-quo/index-eng.htm?HPA=1
2019-10-20 09:02:34,247 DEBUG    save to sessions_items.log
2019-10-20 09:02:34,247 DEBUG    ('127.0.0.1', 58068) - ASGI [16] Received {'type': 'http.response.start', 'status': 200, 'headers': '<...>'}
2019-10-20 09:02:34,247 INFO     ('127.0.0.1', 58068) - "POST /predict_next HTTP/1.1" 200
2019-10-20 09:02:34,247 DEBUG    ('127.0.0.1', 58068) - ASGI [16] Received {'type': 'http.response.body', 'body': '<139 bytes>'}
2019-10-20 09:02:34,248 DEBUG    ('127.0.0.1', 58068) - ASGI [16] Completed
2019-10-20 09:02:39,250 DEBUG    ('127.0.0.1', 58068) - Disconnected
2019-10-20 09:02:56,803 DEBUG    ('127.0.0.1', 58160) - Connected
2019-10-20 09:02:56,804 DEBUG    ('127.0.0.1', 58160) - ASGI [17] Started
2019-10-20 09:02:56,804 DEBUG    ('127.0.0.1', 58160) - ASGI [17] Sent {'type': 'http.request', 'body': '<696 bytes>', 'more_body': False}
2019-10-20 09:02:56,804 DEBUG    received items: https://www150.statcan.gc.ca/n1/dai-quo/index-eng.htm?HPA=1,https://www150.statcan.gc.ca/n1/dai-quo/index-eng.htm?HPA=1,https://www150.statcan.gc.ca/n1/dai-quo/index-eng.htm?HPA=1,https://www150.statcan.gc.ca/n1/dai-quo/index-eng.htm?HPA=1,https://www150.statcan.gc.ca/n1/dai-quo/index-eng.htm?HPA=1,https://www150.statcan.gc.ca/n1/dai-quo/index-eng.htm?HPA=1,https://www150.statcan.gc.ca/n1/dai-quo/index-eng.htm?HPA=1,https://www150.statcan.gc.ca/n1/dai-quo/index-eng.htm?HPA=1,https://www150.statcan.gc.ca/n1/dai-quo/index-eng.htm?HPA=1,https://www150.statcan.gc.ca/n1/dai-quo/index-eng.htm?HPA=1,https://www150.statcan.gc.ca/n1/pub/11-636-x/index-eng.htm
2019-10-20 09:02:56,804 DEBUG    save to sessions_items.log
2019-10-20 09:02:56,811 DEBUG    ('127.0.0.1', 58160) - ASGI [17] Received {'type': 'http.response.start', 'status': 200, 'headers': '<...>'}
2019-10-20 09:02:56,812 INFO     ('127.0.0.1', 58160) - "POST /predict_next HTTP/1.1" 200
2019-10-20 09:02:56,812 DEBUG    ('127.0.0.1', 58160) - ASGI [17] Received {'type': 'http.response.body', 'body': '<137 bytes>'}
2019-10-20 09:02:56,813 DEBUG    ('127.0.0.1', 58160) - ASGI [17] Completed
2019-10-20 09:03:01,818 DEBUG    ('127.0.0.1', 58160) - Disconnected
2019-10-20 09:03:19,848 DEBUG    ('127.0.0.1', 58260) - Connected
2019-10-20 09:03:19,849 DEBUG    ('127.0.0.1', 58260) - ASGI [18] Started
2019-10-20 09:03:19,849 DEBUG    ('127.0.0.1', 58260) - ASGI [18] Sent {'type': 'http.request', 'body': '<757 bytes>', 'more_body': False}
2019-10-20 09:03:19,849 DEBUG    received items: https://www150.statcan.gc.ca/n1/dai-quo/index-eng.htm?HPA=1,https://www150.statcan.gc.ca/n1/dai-quo/index-eng.htm?HPA=1,https://www150.statcan.gc.ca/n1/dai-quo/index-eng.htm?HPA=1,https://www150.statcan.gc.ca/n1/dai-quo/index-eng.htm?HPA=1,https://www150.statcan.gc.ca/n1/dai-quo/index-eng.htm?HPA=1,https://www150.statcan.gc.ca/n1/dai-quo/index-eng.htm?HPA=1,https://www150.statcan.gc.ca/n1/dai-quo/index-eng.htm?HPA=1,https://www150.statcan.gc.ca/n1/dai-quo/index-eng.htm?HPA=1,https://www150.statcan.gc.ca/n1/dai-quo/index-eng.htm?HPA=1,https://www150.statcan.gc.ca/n1/dai-quo/index-eng.htm?HPA=1,https://www150.statcan.gc.ca/n1/pub/11-636-x/index-eng.htm,https://www150.statcan.gc.ca/n1/pub/11-636-x/index-eng.htm
2019-10-20 09:03:19,849 DEBUG    save to sessions_items.log
2019-10-20 09:03:19,854 DEBUG    ('127.0.0.1', 58260) - ASGI [18] Received {'type': 'http.response.start', 'status': 200, 'headers': '<...>'}
2019-10-20 09:03:19,854 INFO     ('127.0.0.1', 58260) - "POST /predict_next HTTP/1.1" 200
2019-10-20 09:03:19,854 DEBUG    ('127.0.0.1', 58260) - ASGI [18] Received {'type': 'http.response.body', 'body': '<137 bytes>'}
2019-10-20 09:03:19,854 DEBUG    ('127.0.0.1', 58260) - ASGI [18] Completed
2019-10-20 09:03:24,855 DEBUG    ('127.0.0.1', 58260) - Disconnected
2019-10-20 09:06:18,239 DEBUG    ('127.0.0.1', 59000) - Connected
2019-10-20 09:06:18,243 DEBUG    ('127.0.0.1', 59000) - ASGI [19] Started
2019-10-20 09:06:18,243 DEBUG    ('127.0.0.1', 59000) - ASGI [19] Sent {'type': 'http.request', 'body': '<83 bytes>', 'more_body': False}
2019-10-20 09:06:18,243 DEBUG    received items: https://vars.hotjar.com/box-74dcf4e32eff343c96838bf3a780ac1d.html
2019-10-20 09:06:18,243 DEBUG    save to sessions_items.log
2019-10-20 09:06:18,246 DEBUG    ('127.0.0.1', 59000) - ASGI [19] Received {'type': 'http.response.start', 'status': 200, 'headers': '<...>'}
2019-10-20 09:06:18,246 INFO     ('127.0.0.1', 59000) - "POST /predict_next HTTP/1.1" 200
2019-10-20 09:06:18,246 DEBUG    ('127.0.0.1', 59000) - ASGI [19] Received {'type': 'http.response.body', 'body': '<151 bytes>'}
2019-10-20 09:06:18,246 DEBUG    ('127.0.0.1', 59000) - ASGI [19] Completed
2019-10-20 09:06:18,452 DEBUG    ('127.0.0.1', 59000) - ASGI [20] Started
2019-10-20 09:06:18,452 DEBUG    ('127.0.0.1', 59000) - ASGI [20] Sent {'type': 'http.request', 'body': '<235 bytes>', 'more_body': False}
2019-10-20 09:06:18,453 DEBUG    received items: https://platform.twitter.com/widgets/follow_button.e3a0e1b01ae601b6c9cf798a93ab7e69.en.html#dnt=false&id=twitter-widget-0&lang=en&screen_name=RequestlyIO&show_count=true&show_screen_name=true&size=m&time=1571576778368
2019-10-20 09:06:18,453 DEBUG    save to sessions_items.log
2019-10-20 09:06:18,453 DEBUG    ('127.0.0.1', 59000) - ASGI [20] Received {'type': 'http.response.start', 'status': 200, 'headers': '<...>'}
2019-10-20 09:06:18,453 INFO     ('127.0.0.1', 59000) - "POST /predict_next HTTP/1.1" 200
2019-10-20 09:06:18,454 DEBUG    ('127.0.0.1', 59000) - ASGI [20] Received {'type': 'http.response.body', 'body': '<455 bytes>'}
2019-10-20 09:06:18,454 DEBUG    ('127.0.0.1', 59000) - ASGI [20] Completed
2019-10-20 09:06:18,833 DEBUG    ('127.0.0.1', 59000) - ASGI [21] Started
2019-10-20 09:06:18,834 DEBUG    ('127.0.0.1', 59000) - ASGI [21] Sent {'type': 'http.request', 'body': '<102 bytes>', 'more_body': False}
2019-10-20 09:06:18,834 DEBUG    received items: https://googleads.g.doubleclick.net/pagead/html/r20191015/r20190131/zrt_lookup.html#
2019-10-20 09:06:18,834 DEBUG    save to sessions_items.log
2019-10-20 09:06:18,835 DEBUG    ('127.0.0.1', 59000) - ASGI [21] Received {'type': 'http.response.start', 'status': 200, 'headers': '<...>'}
2019-10-20 09:06:18,835 INFO     ('127.0.0.1', 59000) - "POST /predict_next HTTP/1.1" 200
2019-10-20 09:06:18,835 DEBUG    ('127.0.0.1', 59000) - ASGI [21] Received {'type': 'http.response.body', 'body': '<189 bytes>'}
2019-10-20 09:06:18,835 DEBUG    ('127.0.0.1', 59000) - ASGI [21] Completed
2019-10-20 09:06:19,527 DEBUG    ('127.0.0.1', 59000) - ASGI [22] Started
2019-10-20 09:06:19,528 DEBUG    ('127.0.0.1', 59000) - ASGI [22] Sent {'type': 'http.request', 'body': '<275 bytes>', 'more_body': False}
2019-10-20 09:06:19,529 DEBUG    received items: https://googleads.g.doubleclick.net/pagead/html/r20191015/r20190131/zrt_lookup.html#,https://googleads.g.doubleclick.net/xbbe/pixel?d=CMmZKBC_3S4Yr_TUXDAB&v=APEucNX_dvpZZzJkviIFmVb0CbIZ-RIyQGf_90LHTqg94Sa3Y-6WMZo5woDyJsfKqCElUmzL0Gcn2QMatI3Slvcc9aM43Mfbjg
2019-10-20 09:06:19,529 DEBUG    save to sessions_items.log
2019-10-20 09:06:19,530 DEBUG    ('127.0.0.1', 59000) - ASGI [22] Received {'type': 'http.response.start', 'status': 200, 'headers': '<...>'}
2019-10-20 09:06:19,531 INFO     ('127.0.0.1', 59000) - "POST /predict_next HTTP/1.1" 200
2019-10-20 09:06:19,531 DEBUG    ('127.0.0.1', 59000) - ASGI [22] Received {'type': 'http.response.body', 'body': '<361 bytes>'}
2019-10-20 09:06:19,531 DEBUG    ('127.0.0.1', 59000) - ASGI [22] Completed
2019-10-20 09:06:19,710 DEBUG    ('127.0.0.1', 59000) - ASGI [23] Started
2019-10-20 09:06:19,710 DEBUG    ('127.0.0.1', 59000) - ASGI [23] Sent {'type': 'http.request', 'body': '<71 bytes>', 'more_body': False}
2019-10-20 09:06:19,710 DEBUG    received items: https://tpc.googlesyndication.com/sodar/Enqz_20U.html
2019-10-20 09:06:19,711 DEBUG    save to sessions_items.log
2019-10-20 09:06:19,711 DEBUG    ('127.0.0.1', 59000) - ASGI [23] Received {'type': 'http.response.start', 'status': 200, 'headers': '<...>'}
2019-10-20 09:06:19,711 INFO     ('127.0.0.1', 59000) - "POST /predict_next HTTP/1.1" 200
2019-10-20 09:06:19,711 DEBUG    ('127.0.0.1', 59000) - ASGI [23] Received {'type': 'http.response.body', 'body': '<127 bytes>'}
2019-10-20 09:06:19,712 DEBUG    ('127.0.0.1', 59000) - ASGI [23] Completed
2019-10-20 09:06:20,162 DEBUG    ('127.0.0.1', 59000) - ASGI [24] Started
2019-10-20 09:06:20,162 DEBUG    ('127.0.0.1', 59000) - ASGI [24] Sent {'type': 'http.request', 'body': '<523 bytes>', 'more_body': False}
2019-10-20 09:06:20,163 DEBUG    received items: https://pagead2.googlesyndication.com/pagead/s/cookie_push.html#aHR0cHM6Ly9zc3VtLXNlYy5jYXNhbGVtZWRpYS5jb20vdXNlcm1hdGNocmVkaXI_cz0xODQwMjMmY2I9aHR0cHMlM0ElMkYlMkZjbS5nLmRvdWJsZWNsaWNrLm5ldCUyRnBpeGVsJTNGZ29vZ2xlX25pZCUzRGluZGV4JTI2Z29vZ2xlX2htJTNEJmdvb2dsZV9naWQ9Q0FFU0VFVnpRNllENXBmWDBqS2Zfazd0VEZBJmdvb2dsZV9jdmVyPTEmZ29vZ2xlX3B1c2g9QUhORjEzSzlOSG03T0ZzbmZIN1lQZWZQVXJJV3BwRW5WYnlQaXJrN2xzWXpKUQ==,aHR0cHM6Ly9jbS5nLmRvdWJsZWNsaWNrLm5ldC9waXhlbC9hdHRyP2Q9QUhORjEzS3lXX28xc1ZiZnlRMkNPNmtEX2VWM0l0SmpPTUJx
2019-10-20 09:06:20,163 DEBUG    save to sessions_items.log
2019-10-20 09:06:20,163 DEBUG    ('127.0.0.1', 59000) - ASGI [24] Received {'type': 'http.response.start', 'status': 200, 'headers': '<...>'}
2019-10-20 09:06:20,163 INFO     ('127.0.0.1', 59000) - "POST /predict_next HTTP/1.1" 200
2019-10-20 09:06:20,164 DEBUG    ('127.0.0.1', 59000) - ASGI [24] Received {'type': 'http.response.body', 'body': '<1031 bytes>'}
2019-10-20 09:06:20,164 DEBUG    ('127.0.0.1', 59000) - ASGI [24] Completed
2019-10-20 09:06:25,165 DEBUG    ('127.0.0.1', 59000) - Disconnected
2019-10-20 09:10:18,733 DEBUG    ('127.0.0.1', 59996) - Connected
2019-10-20 09:10:18,735 DEBUG    ('127.0.0.1', 59996) - ASGI [25] Started
2019-10-20 09:10:18,738 DEBUG    ('127.0.0.1', 59996) - ASGI [25] Sent {'type': 'http.request', 'body': '<818 bytes>', 'more_body': False}
2019-10-20 09:10:18,741 DEBUG    received items: https://www150.statcan.gc.ca/n1/dai-quo/index-eng.htm?HPA=1,https://www150.statcan.gc.ca/n1/dai-quo/index-eng.htm?HPA=1,https://www150.statcan.gc.ca/n1/dai-quo/index-eng.htm?HPA=1,https://www150.statcan.gc.ca/n1/dai-quo/index-eng.htm?HPA=1,https://www150.statcan.gc.ca/n1/dai-quo/index-eng.htm?HPA=1,https://www150.statcan.gc.ca/n1/dai-quo/index-eng.htm?HPA=1,https://www150.statcan.gc.ca/n1/dai-quo/index-eng.htm?HPA=1,https://www150.statcan.gc.ca/n1/dai-quo/index-eng.htm?HPA=1,https://www150.statcan.gc.ca/n1/dai-quo/index-eng.htm?HPA=1,https://www150.statcan.gc.ca/n1/dai-quo/index-eng.htm?HPA=1,https://www150.statcan.gc.ca/n1/pub/11-636-x/index-eng.htm,https://www150.statcan.gc.ca/n1/pub/11-636-x/index-eng.htm,https://www150.statcan.gc.ca/n1/pub/11-636-x/index-eng.htm
2019-10-20 09:10:18,741 DEBUG    save to sessions_items.log
2019-10-20 09:10:18,745 DEBUG    ('127.0.0.1', 59996) - ASGI [25] Received {'type': 'http.response.start', 'status': 200, 'headers': '<...>'}
2019-10-20 09:10:18,746 INFO     ('127.0.0.1', 59996) - "POST /predict_next HTTP/1.1" 200
2019-10-20 09:10:18,747 DEBUG    ('127.0.0.1', 59996) - ASGI [25] Received {'type': 'http.response.body', 'body': '<137 bytes>'}
2019-10-20 09:10:18,747 DEBUG    ('127.0.0.1', 59996) - ASGI [25] Completed
2019-10-20 09:10:23,748 DEBUG    ('127.0.0.1', 59996) - Disconnected
2019-10-20 09:10:51,901 DEBUG    ('127.0.0.1', 60131) - Connected
2019-10-20 09:10:51,903 DEBUG    ('127.0.0.1', 60131) - ASGI [26] Started
2019-10-20 09:10:51,903 DEBUG    ('127.0.0.1', 60131) - ASGI [26] Sent {'type': 'http.request', 'body': '<879 bytes>', 'more_body': False}
2019-10-20 09:10:51,903 DEBUG    received items: https://www150.statcan.gc.ca/n1/dai-quo/index-eng.htm?HPA=1,https://www150.statcan.gc.ca/n1/dai-quo/index-eng.htm?HPA=1,https://www150.statcan.gc.ca/n1/dai-quo/index-eng.htm?HPA=1,https://www150.statcan.gc.ca/n1/dai-quo/index-eng.htm?HPA=1,https://www150.statcan.gc.ca/n1/dai-quo/index-eng.htm?HPA=1,https://www150.statcan.gc.ca/n1/dai-quo/index-eng.htm?HPA=1,https://www150.statcan.gc.ca/n1/dai-quo/index-eng.htm?HPA=1,https://www150.statcan.gc.ca/n1/dai-quo/index-eng.htm?HPA=1,https://www150.statcan.gc.ca/n1/dai-quo/index-eng.htm?HPA=1,https://www150.statcan.gc.ca/n1/dai-quo/index-eng.htm?HPA=1,https://www150.statcan.gc.ca/n1/pub/11-636-x/index-eng.htm,https://www150.statcan.gc.ca/n1/pub/11-636-x/index-eng.htm,https://www150.statcan.gc.ca/n1/pub/11-636-x/index-eng.htm,https://www150.statcan.gc.ca/n1/pub/11-636-x/index-eng.htm
2019-10-20 09:10:51,903 DEBUG    save to sessions_items.log
2019-10-20 09:10:51,906 DEBUG    ('127.0.0.1', 60131) - ASGI [26] Received {'type': 'http.response.start', 'status': 200, 'headers': '<...>'}
2019-10-20 09:10:51,906 INFO     ('127.0.0.1', 60131) - "POST /predict_next HTTP/1.1" 200
2019-10-20 09:10:51,906 DEBUG    ('127.0.0.1', 60131) - ASGI [26] Received {'type': 'http.response.body', 'body': '<137 bytes>'}
2019-10-20 09:10:51,907 DEBUG    ('127.0.0.1', 60131) - ASGI [26] Completed
2019-10-20 09:10:56,912 DEBUG    ('127.0.0.1', 60131) - Disconnected
2019-10-20 09:13:40,880 DEBUG    ('127.0.0.1', 60838) - Connected
2019-10-20 09:13:40,881 DEBUG    ('127.0.0.1', 60838) - ASGI [27] Started
2019-10-20 09:13:40,881 DEBUG    ('127.0.0.1', 60838) - ASGI [27] Sent {'type': 'http.request', 'body': '<940 bytes>', 'more_body': False}
2019-10-20 09:13:40,881 DEBUG    received items: https://www150.statcan.gc.ca/n1/dai-quo/index-eng.htm?HPA=1,https://www150.statcan.gc.ca/n1/dai-quo/index-eng.htm?HPA=1,https://www150.statcan.gc.ca/n1/dai-quo/index-eng.htm?HPA=1,https://www150.statcan.gc.ca/n1/dai-quo/index-eng.htm?HPA=1,https://www150.statcan.gc.ca/n1/dai-quo/index-eng.htm?HPA=1,https://www150.statcan.gc.ca/n1/dai-quo/index-eng.htm?HPA=1,https://www150.statcan.gc.ca/n1/dai-quo/index-eng.htm?HPA=1,https://www150.statcan.gc.ca/n1/dai-quo/index-eng.htm?HPA=1,https://www150.statcan.gc.ca/n1/dai-quo/index-eng.htm?HPA=1,https://www150.statcan.gc.ca/n1/dai-quo/index-eng.htm?HPA=1,https://www150.statcan.gc.ca/n1/pub/11-636-x/index-eng.htm,https://www150.statcan.gc.ca/n1/pub/11-636-x/index-eng.htm,https://www150.statcan.gc.ca/n1/pub/11-636-x/index-eng.htm,https://www150.statcan.gc.ca/n1/pub/11-636-x/index-eng.htm,https://www150.statcan.gc.ca/n1/pub/11-636-x/index-eng.htm
2019-10-20 09:13:40,881 DEBUG    save to sessions_items.log
2019-10-20 09:13:40,884 DEBUG    ('127.0.0.1', 60838) - ASGI [27] Received {'type': 'http.response.start', 'status': 200, 'headers': '<...>'}
2019-10-20 09:13:40,884 INFO     ('127.0.0.1', 60838) - "POST /predict_next HTTP/1.1" 200
2019-10-20 09:13:40,885 DEBUG    ('127.0.0.1', 60838) - ASGI [27] Received {'type': 'http.response.body', 'body': '<137 bytes>'}
2019-10-20 09:13:40,885 DEBUG    ('127.0.0.1', 60838) - ASGI [27] Completed
2019-10-20 09:13:45,886 DEBUG    ('127.0.0.1', 60838) - Disconnected
2019-10-20 09:14:40,278 DEBUG    ('127.0.0.1', 61090) - Connected
2019-10-20 09:14:40,278 DEBUG    ('127.0.0.1', 61090) - ASGI [28] Started
2019-10-20 09:14:40,279 DEBUG    ('127.0.0.1', 61090) - ASGI [28] Sent {'type': 'http.request', 'body': '<1001 bytes>', 'more_body': False}
2019-10-20 09:14:40,280 DEBUG    received items: https://www150.statcan.gc.ca/n1/dai-quo/index-eng.htm?HPA=1,https://www150.statcan.gc.ca/n1/dai-quo/index-eng.htm?HPA=1,https://www150.statcan.gc.ca/n1/dai-quo/index-eng.htm?HPA=1,https://www150.statcan.gc.ca/n1/dai-quo/index-eng.htm?HPA=1,https://www150.statcan.gc.ca/n1/dai-quo/index-eng.htm?HPA=1,https://www150.statcan.gc.ca/n1/dai-quo/index-eng.htm?HPA=1,https://www150.statcan.gc.ca/n1/dai-quo/index-eng.htm?HPA=1,https://www150.statcan.gc.ca/n1/dai-quo/index-eng.htm?HPA=1,https://www150.statcan.gc.ca/n1/dai-quo/index-eng.htm?HPA=1,https://www150.statcan.gc.ca/n1/dai-quo/index-eng.htm?HPA=1,https://www150.statcan.gc.ca/n1/pub/11-636-x/index-eng.htm,https://www150.statcan.gc.ca/n1/pub/11-636-x/index-eng.htm,https://www150.statcan.gc.ca/n1/pub/11-636-x/index-eng.htm,https://www150.statcan.gc.ca/n1/pub/11-636-x/index-eng.htm,https://www150.statcan.gc.ca/n1/pub/11-636-x/index-eng.htm,https://www150.statcan.gc.ca/n1/pub/11-636-x/index-eng.htm
2019-10-20 09:14:40,280 DEBUG    save to sessions_items.log
2019-10-20 09:14:40,284 DEBUG    ('127.0.0.1', 61090) - ASGI [28] Received {'type': 'http.response.start', 'status': 200, 'headers': '<...>'}
2019-10-20 09:14:40,284 INFO     ('127.0.0.1', 61090) - "POST /predict_next HTTP/1.1" 200
2019-10-20 09:14:40,284 DEBUG    ('127.0.0.1', 61090) - ASGI [28] Received {'type': 'http.response.body', 'body': '<137 bytes>'}
2019-10-20 09:14:40,285 DEBUG    ('127.0.0.1', 61090) - ASGI [28] Completed
2019-10-20 09:14:45,289 DEBUG    ('127.0.0.1', 61090) - Disconnected
2019-10-20 09:14:59,080 DEBUG    ('127.0.0.1', 61167) - Connected
2019-10-20 09:14:59,080 DEBUG    ('127.0.0.1', 61167) - ASGI [29] Started
2019-10-20 09:14:59,080 DEBUG    ('127.0.0.1', 61167) - ASGI [29] Sent {'type': 'http.request', 'body': '<1062 bytes>', 'more_body': False}
2019-10-20 09:14:59,081 DEBUG    received items: https://www150.statcan.gc.ca/n1/dai-quo/index-eng.htm?HPA=1,https://www150.statcan.gc.ca/n1/dai-quo/index-eng.htm?HPA=1,https://www150.statcan.gc.ca/n1/dai-quo/index-eng.htm?HPA=1,https://www150.statcan.gc.ca/n1/dai-quo/index-eng.htm?HPA=1,https://www150.statcan.gc.ca/n1/dai-quo/index-eng.htm?HPA=1,https://www150.statcan.gc.ca/n1/dai-quo/index-eng.htm?HPA=1,https://www150.statcan.gc.ca/n1/dai-quo/index-eng.htm?HPA=1,https://www150.statcan.gc.ca/n1/dai-quo/index-eng.htm?HPA=1,https://www150.statcan.gc.ca/n1/dai-quo/index-eng.htm?HPA=1,https://www150.statcan.gc.ca/n1/dai-quo/index-eng.htm?HPA=1,https://www150.statcan.gc.ca/n1/pub/11-636-x/index-eng.htm,https://www150.statcan.gc.ca/n1/pub/11-636-x/index-eng.htm,https://www150.statcan.gc.ca/n1/pub/11-636-x/index-eng.htm,https://www150.statcan.gc.ca/n1/pub/11-636-x/index-eng.htm,https://www150.statcan.gc.ca/n1/pub/11-636-x/index-eng.htm,https://www150.statcan.gc.ca/n1/pub/11-636-x/index-eng.htm,https://www150.statcan.gc.ca/n1/pub/11-636-x/index-eng.htm
2019-10-20 09:14:59,081 DEBUG    save to sessions_items.log
2019-10-20 09:14:59,084 DEBUG    ('127.0.0.1', 61167) - ASGI [29] Received {'type': 'http.response.start', 'status': 200, 'headers': '<...>'}
2019-10-20 09:14:59,084 INFO     ('127.0.0.1', 61167) - "POST /predict_next HTTP/1.1" 200
2019-10-20 09:14:59,084 DEBUG    ('127.0.0.1', 61167) - ASGI [29] Received {'type': 'http.response.body', 'body': '<137 bytes>'}
2019-10-20 09:14:59,084 DEBUG    ('127.0.0.1', 61167) - ASGI [29] Completed
2019-10-20 09:15:03,730 DEBUG    ('127.0.0.1', 61167) - ASGI [30] Started
2019-10-20 09:15:03,730 DEBUG    ('127.0.0.1', 61167) - ASGI [30] Sent {'type': 'http.request', 'body': '<1119 bytes>', 'more_body': False}
2019-10-20 09:15:03,730 DEBUG    received items: https://www150.statcan.gc.ca/n1/dai-quo/index-eng.htm?HPA=1,https://www150.statcan.gc.ca/n1/dai-quo/index-eng.htm?HPA=1,https://www150.statcan.gc.ca/n1/dai-quo/index-eng.htm?HPA=1,https://www150.statcan.gc.ca/n1/dai-quo/index-eng.htm?HPA=1,https://www150.statcan.gc.ca/n1/dai-quo/index-eng.htm?HPA=1,https://www150.statcan.gc.ca/n1/dai-quo/index-eng.htm?HPA=1,https://www150.statcan.gc.ca/n1/dai-quo/index-eng.htm?HPA=1,https://www150.statcan.gc.ca/n1/dai-quo/index-eng.htm?HPA=1,https://www150.statcan.gc.ca/n1/dai-quo/index-eng.htm?HPA=1,https://www150.statcan.gc.ca/n1/dai-quo/index-eng.htm?HPA=1,https://www150.statcan.gc.ca/n1/pub/11-636-x/index-eng.htm,https://www150.statcan.gc.ca/n1/pub/11-636-x/index-eng.htm,https://www150.statcan.gc.ca/n1/pub/11-636-x/index-eng.htm,https://www150.statcan.gc.ca/n1/pub/11-636-x/index-eng.htm,https://www150.statcan.gc.ca/n1/pub/11-636-x/index-eng.htm,https://www150.statcan.gc.ca/n1/pub/11-636-x/index-eng.htm,https://www150.statcan.gc.ca/n1/pub/11-636-x/index-eng.htm,https://www150.statcan.gc.ca/n1/pub/11-636-x/undefined
2019-10-20 09:15:03,731 DEBUG    save to sessions_items.log
2019-10-20 09:15:03,731 DEBUG    ('127.0.0.1', 61167) - ASGI [30] Received {'type': 'http.response.start', 'status': 200, 'headers': '<...>'}
2019-10-20 09:15:03,731 INFO     ('127.0.0.1', 61167) - "POST /predict_next HTTP/1.1" 200
2019-10-20 09:15:03,731 DEBUG    ('127.0.0.1', 61167) - ASGI [30] Received {'type': 'http.response.body', 'body': '<129 bytes>'}
2019-10-20 09:15:03,731 DEBUG    ('127.0.0.1', 61167) - ASGI [30] Completed
2019-10-20 09:15:05,566 DEBUG    ('127.0.0.1', 61167) - ASGI [31] Started
2019-10-20 09:15:05,566 DEBUG    ('127.0.0.1', 61167) - ASGI [31] Sent {'type': 'http.request', 'body': '<1180 bytes>', 'more_body': False}
2019-10-20 09:15:05,567 DEBUG    received items: https://www150.statcan.gc.ca/n1/dai-quo/index-eng.htm?HPA=1,https://www150.statcan.gc.ca/n1/dai-quo/index-eng.htm?HPA=1,https://www150.statcan.gc.ca/n1/dai-quo/index-eng.htm?HPA=1,https://www150.statcan.gc.ca/n1/dai-quo/index-eng.htm?HPA=1,https://www150.statcan.gc.ca/n1/dai-quo/index-eng.htm?HPA=1,https://www150.statcan.gc.ca/n1/dai-quo/index-eng.htm?HPA=1,https://www150.statcan.gc.ca/n1/dai-quo/index-eng.htm?HPA=1,https://www150.statcan.gc.ca/n1/dai-quo/index-eng.htm?HPA=1,https://www150.statcan.gc.ca/n1/dai-quo/index-eng.htm?HPA=1,https://www150.statcan.gc.ca/n1/dai-quo/index-eng.htm?HPA=1,https://www150.statcan.gc.ca/n1/pub/11-636-x/index-eng.htm,https://www150.statcan.gc.ca/n1/pub/11-636-x/index-eng.htm,https://www150.statcan.gc.ca/n1/pub/11-636-x/index-eng.htm,https://www150.statcan.gc.ca/n1/pub/11-636-x/index-eng.htm,https://www150.statcan.gc.ca/n1/pub/11-636-x/index-eng.htm,https://www150.statcan.gc.ca/n1/pub/11-636-x/index-eng.htm,https://www150.statcan.gc.ca/n1/pub/11-636-x/index-eng.htm,https://www150.statcan.gc.ca/n1/pub/11-636-x/undefined,https://www150.statcan.gc.ca/n1/pub/11-636-x/index-eng.htm
2019-10-20 09:15:05,567 DEBUG    save to sessions_items.log
2019-10-20 09:15:05,568 DEBUG    ('127.0.0.1', 61167) - ASGI [31] Received {'type': 'http.response.start', 'status': 200, 'headers': '<...>'}
2019-10-20 09:15:05,568 INFO     ('127.0.0.1', 61167) - "POST /predict_next HTTP/1.1" 200
2019-10-20 09:15:05,568 DEBUG    ('127.0.0.1', 61167) - ASGI [31] Received {'type': 'http.response.body', 'body': '<137 bytes>'}
2019-10-20 09:15:05,568 DEBUG    ('127.0.0.1', 61167) - ASGI [31] Completed
2019-10-20 09:15:10,569 DEBUG    ('127.0.0.1', 61167) - Disconnected
2019-10-20 09:15:18,785 DEBUG    ('127.0.0.1', 61251) - Connected
2019-10-20 09:15:18,785 DEBUG    ('127.0.0.1', 61251) - ASGI [32] Started
2019-10-20 09:15:18,785 DEBUG    ('127.0.0.1', 61251) - ASGI [32] Sent {'type': 'http.request', 'body': '<1241 bytes>', 'more_body': False}
2019-10-20 09:15:18,786 DEBUG    received items: https://www150.statcan.gc.ca/n1/dai-quo/index-eng.htm?HPA=1,https://www150.statcan.gc.ca/n1/dai-quo/index-eng.htm?HPA=1,https://www150.statcan.gc.ca/n1/dai-quo/index-eng.htm?HPA=1,https://www150.statcan.gc.ca/n1/dai-quo/index-eng.htm?HPA=1,https://www150.statcan.gc.ca/n1/dai-quo/index-eng.htm?HPA=1,https://www150.statcan.gc.ca/n1/dai-quo/index-eng.htm?HPA=1,https://www150.statcan.gc.ca/n1/dai-quo/index-eng.htm?HPA=1,https://www150.statcan.gc.ca/n1/dai-quo/index-eng.htm?HPA=1,https://www150.statcan.gc.ca/n1/dai-quo/index-eng.htm?HPA=1,https://www150.statcan.gc.ca/n1/dai-quo/index-eng.htm?HPA=1,https://www150.statcan.gc.ca/n1/pub/11-636-x/index-eng.htm,https://www150.statcan.gc.ca/n1/pub/11-636-x/index-eng.htm,https://www150.statcan.gc.ca/n1/pub/11-636-x/index-eng.htm,https://www150.statcan.gc.ca/n1/pub/11-636-x/index-eng.htm,https://www150.statcan.gc.ca/n1/pub/11-636-x/index-eng.htm,https://www150.statcan.gc.ca/n1/pub/11-636-x/index-eng.htm,https://www150.statcan.gc.ca/n1/pub/11-636-x/index-eng.htm,https://www150.statcan.gc.ca/n1/pub/11-636-x/undefined,https://www150.statcan.gc.ca/n1/pub/11-636-x/index-eng.htm,https://www150.statcan.gc.ca/n1/pub/11-636-x/index-eng.htm
2019-10-20 09:15:18,786 DEBUG    save to sessions_items.log
2019-10-20 09:15:18,791 DEBUG    ('127.0.0.1', 61251) - ASGI [32] Received {'type': 'http.response.start', 'status': 200, 'headers': '<...>'}
2019-10-20 09:15:18,791 INFO     ('127.0.0.1', 61251) - "POST /predict_next HTTP/1.1" 200
2019-10-20 09:15:18,792 DEBUG    ('127.0.0.1', 61251) - ASGI [32] Received {'type': 'http.response.body', 'body': '<137 bytes>'}
2019-10-20 09:15:18,792 DEBUG    ('127.0.0.1', 61251) - ASGI [32] Completed
2019-10-20 09:15:23,792 DEBUG    ('127.0.0.1', 61251) - Disconnected
2019-10-20 09:17:27,055 INFO     Shutting down
2019-10-20 09:17:27,158 INFO     Waiting for application shutdown.
2019-10-20 09:17:27,158 DEBUG    None - ASGI [1] Sent {'type': 'lifespan.shutdown'}
2019-10-20 09:17:27,159 DEBUG    None - ASGI [1] Received {'type': 'lifespan.shutdown.complete'}
2019-10-20 09:17:27,159 DEBUG    None - ASGI [1] Completed
2019-10-20 09:17:27,159 INFO     Finished server process [48453]
2019-10-20 09:17:28,003 INFO     Started server process [48549]
2019-10-20 09:17:28,003 INFO     Waiting for application startup.
2019-10-20 09:17:28,003 DEBUG    None - ASGI [1] Started
2019-10-20 09:17:28,003 DEBUG    None - ASGI [1] Sent {'type': 'lifespan.startup'}
2019-10-20 09:17:28,003 DEBUG    None - ASGI [1] Received {'type': 'lifespan.startup.complete'}
2019-10-20 09:17:34,488 DEBUG    ('127.0.0.1', 61802) - Connected
2019-10-20 09:17:34,491 DEBUG    ('127.0.0.1', 61802) - ASGI [2] Started
2019-10-20 09:17:34,491 DEBUG    ('127.0.0.1', 61802) - ASGI [2] Sent {'type': 'http.request', 'body': '<1302 bytes>', 'more_body': False}
2019-10-20 09:17:34,493 DEBUG    received items: https://www150.statcan.gc.ca/n1/dai-quo/index-eng.htm?HPA=1,https://www150.statcan.gc.ca/n1/dai-quo/index-eng.htm?HPA=1,https://www150.statcan.gc.ca/n1/dai-quo/index-eng.htm?HPA=1,https://www150.statcan.gc.ca/n1/dai-quo/index-eng.htm?HPA=1,https://www150.statcan.gc.ca/n1/dai-quo/index-eng.htm?HPA=1,https://www150.statcan.gc.ca/n1/dai-quo/index-eng.htm?HPA=1,https://www150.statcan.gc.ca/n1/dai-quo/index-eng.htm?HPA=1,https://www150.statcan.gc.ca/n1/dai-quo/index-eng.htm?HPA=1,https://www150.statcan.gc.ca/n1/dai-quo/index-eng.htm?HPA=1,https://www150.statcan.gc.ca/n1/dai-quo/index-eng.htm?HPA=1,https://www150.statcan.gc.ca/n1/pub/11-636-x/index-eng.htm,https://www150.statcan.gc.ca/n1/pub/11-636-x/index-eng.htm,https://www150.statcan.gc.ca/n1/pub/11-636-x/index-eng.htm,https://www150.statcan.gc.ca/n1/pub/11-636-x/index-eng.htm,https://www150.statcan.gc.ca/n1/pub/11-636-x/index-eng.htm,https://www150.statcan.gc.ca/n1/pub/11-636-x/index-eng.htm,https://www150.statcan.gc.ca/n1/pub/11-636-x/index-eng.htm,https://www150.statcan.gc.ca/n1/pub/11-636-x/undefined,https://www150.statcan.gc.ca/n1/pub/11-636-x/index-eng.htm,https://www150.statcan.gc.ca/n1/pub/11-636-x/index-eng.htm,https://www150.statcan.gc.ca/n1/pub/11-636-x/index-eng.htm
2019-10-20 09:17:34,493 DEBUG    save to sessions_items.log
2019-10-20 09:17:34,497 DEBUG    ('127.0.0.1', 61802) - ASGI [2] Received {'type': 'http.response.start', 'status': 200, 'headers': '<...>'}
2019-10-20 09:17:34,498 INFO     ('127.0.0.1', 61802) - "POST /predict_next HTTP/1.1" 200
2019-10-20 09:17:34,498 DEBUG    ('127.0.0.1', 61802) - ASGI [2] Received {'type': 'http.response.body', 'body': '<198 bytes>'}
2019-10-20 09:17:34,498 DEBUG    ('127.0.0.1', 61802) - ASGI [2] Completed
2019-10-20 09:17:39,499 DEBUG    ('127.0.0.1', 61802) - Disconnected
2019-10-20 09:20:18,216 DEBUG    ('127.0.0.1', 62483) - Connected
2019-10-20 09:20:18,217 DEBUG    ('127.0.0.1', 62483) - ASGI [3] Started
2019-10-20 09:20:18,217 DEBUG    ('127.0.0.1', 62483) - ASGI [3] Sent {'type': 'http.request', 'body': '<1363 bytes>', 'more_body': False}
2019-10-20 09:20:18,218 DEBUG    received items: https://www150.statcan.gc.ca/n1/dai-quo/index-eng.htm?HPA=1,https://www150.statcan.gc.ca/n1/dai-quo/index-eng.htm?HPA=1,https://www150.statcan.gc.ca/n1/dai-quo/index-eng.htm?HPA=1,https://www150.statcan.gc.ca/n1/dai-quo/index-eng.htm?HPA=1,https://www150.statcan.gc.ca/n1/dai-quo/index-eng.htm?HPA=1,https://www150.statcan.gc.ca/n1/dai-quo/index-eng.htm?HPA=1,https://www150.statcan.gc.ca/n1/dai-quo/index-eng.htm?HPA=1,https://www150.statcan.gc.ca/n1/dai-quo/index-eng.htm?HPA=1,https://www150.statcan.gc.ca/n1/dai-quo/index-eng.htm?HPA=1,https://www150.statcan.gc.ca/n1/dai-quo/index-eng.htm?HPA=1,https://www150.statcan.gc.ca/n1/pub/11-636-x/index-eng.htm,https://www150.statcan.gc.ca/n1/pub/11-636-x/index-eng.htm,https://www150.statcan.gc.ca/n1/pub/11-636-x/index-eng.htm,https://www150.statcan.gc.ca/n1/pub/11-636-x/index-eng.htm,https://www150.statcan.gc.ca/n1/pub/11-636-x/index-eng.htm,https://www150.statcan.gc.ca/n1/pub/11-636-x/index-eng.htm,https://www150.statcan.gc.ca/n1/pub/11-636-x/index-eng.htm,https://www150.statcan.gc.ca/n1/pub/11-636-x/undefined,https://www150.statcan.gc.ca/n1/pub/11-636-x/index-eng.htm,https://www150.statcan.gc.ca/n1/pub/11-636-x/index-eng.htm,https://www150.statcan.gc.ca/n1/pub/11-636-x/index-eng.htm,https://www150.statcan.gc.ca/n1/pub/11-636-x/index-eng.htm
2019-10-20 09:20:18,218 DEBUG    save to sessions_items.log
2019-10-20 09:20:18,222 DEBUG    ('127.0.0.1', 62483) - ASGI [3] Received {'type': 'http.response.start', 'status': 200, 'headers': '<...>'}
2019-10-20 09:20:18,222 INFO     ('127.0.0.1', 62483) - "POST /predict_next HTTP/1.1" 200
2019-10-20 09:20:18,222 DEBUG    ('127.0.0.1', 62483) - ASGI [3] Received {'type': 'http.response.body', 'body': '<198 bytes>'}
2019-10-20 09:20:18,222 DEBUG    ('127.0.0.1', 62483) - ASGI [3] Completed
2019-10-20 09:20:23,062 DEBUG    ('127.0.0.1', 62483) - ASGI [4] Started
2019-10-20 09:20:23,063 DEBUG    ('127.0.0.1', 62483) - ASGI [4] Sent {'type': 'http.request', 'body': '<134 bytes>', 'more_body': False}
2019-10-20 09:20:23,064 DEBUG    received items: https://www.statcan.gc.ca/,https://www.statcan.gc.ca/eng/start,https://www.statcan.gc.ca/eng/dai/smr08/smr08_000
2019-10-20 09:20:23,064 DEBUG    save to sessions_items.log
2019-10-20 09:20:23,065 DEBUG    ('127.0.0.1', 62483) - ASGI [4] Received {'type': 'http.response.start', 'status': 200, 'headers': '<...>'}
2019-10-20 09:20:23,065 INFO     ('127.0.0.1', 62483) - "POST /predict_next HTTP/1.1" 200
2019-10-20 09:20:23,065 DEBUG    ('127.0.0.1', 62483) - ASGI [4] Received {'type': 'http.response.body', 'body': '<171 bytes>'}
2019-10-20 09:20:23,065 DEBUG    ('127.0.0.1', 62483) - ASGI [4] Completed
2019-10-20 09:20:28,069 DEBUG    ('127.0.0.1', 62483) - Disconnected
2019-10-20 09:20:44,025 DEBUG    ('127.0.0.1', 62596) - Connected
2019-10-20 09:20:44,025 DEBUG    ('127.0.0.1', 62596) - ASGI [5] Started
2019-10-20 09:20:44,026 DEBUG    ('127.0.0.1', 62596) - ASGI [5] Sent {'type': 'http.request', 'body': '<62 bytes>', 'more_body': False}
2019-10-20 09:20:44,026 DEBUG    received items: https://www.canada.ca/en/report-problem.html
2019-10-20 09:20:44,026 DEBUG    save to sessions_items.log
2019-10-20 09:20:44,031 DEBUG    ('127.0.0.1', 62596) - ASGI [5] Received {'type': 'http.response.start', 'status': 200, 'headers': '<...>'}
2019-10-20 09:20:44,031 INFO     ('127.0.0.1', 62596) - "POST /predict_next HTTP/1.1" 200
2019-10-20 09:20:44,031 DEBUG    ('127.0.0.1', 62596) - ASGI [5] Received {'type': 'http.response.body', 'body': '<156 bytes>'}
2019-10-20 09:20:44,031 DEBUG    ('127.0.0.1', 62596) - ASGI [5] Completed
2019-10-20 09:20:45,284 DEBUG    ('127.0.0.1', 62596) - ASGI [6] Started
2019-10-20 09:20:45,284 DEBUG    ('127.0.0.1', 62596) - ASGI [6] Sent {'type': 'http.request', 'body': '<91 bytes>', 'more_body': False}
2019-10-20 09:20:45,285 DEBUG    received items: https://canada.demdex.net/dest5.html?d_nsid=0#https%3A%2F%2Fwww.canada.ca
2019-10-20 09:20:45,285 DEBUG    save to sessions_items.log
2019-10-20 09:20:45,286 DEBUG    ('127.0.0.1', 62596) - ASGI [6] Received {'type': 'http.response.start', 'status': 200, 'headers': '<...>'}
2019-10-20 09:20:45,286 INFO     ('127.0.0.1', 62596) - "POST /predict_next HTTP/1.1" 200
2019-10-20 09:20:45,286 DEBUG    ('127.0.0.1', 62596) - ASGI [6] Received {'type': 'http.response.body', 'body': '<243 bytes>'}
2019-10-20 09:20:45,286 DEBUG    ('127.0.0.1', 62596) - ASGI [6] Completed
2019-10-20 09:20:47,320 DEBUG    ('127.0.0.1', 62596) - ASGI [7] Started
2019-10-20 09:20:47,321 DEBUG    ('127.0.0.1', 62596) - ASGI [7] Sent {'type': 'http.request', 'body': '<186 bytes>', 'more_body': False}
2019-10-20 09:20:47,321 DEBUG    received items: https://www.statcan.gc.ca/,https://www.statcan.gc.ca/eng/start,https://www.statcan.gc.ca/eng/dai/smr08/smr08_000,https://www.statcan.gc.ca/eng/dai/smr08/smr08_000
2019-10-20 09:20:47,322 DEBUG    save to sessions_items.log
2019-10-20 09:20:47,322 DEBUG    ('127.0.0.1', 62596) - ASGI [7] Received {'type': 'http.response.start', 'status': 200, 'headers': '<...>'}
2019-10-20 09:20:47,322 INFO     ('127.0.0.1', 62596) - "POST /predict_next HTTP/1.1" 200
2019-10-20 09:20:47,323 DEBUG    ('127.0.0.1', 62596) - ASGI [7] Received {'type': 'http.response.body', 'body': '<171 bytes>'}
2019-10-20 09:20:47,323 DEBUG    ('127.0.0.1', 62596) - ASGI [7] Completed
2019-10-20 09:20:50,639 DEBUG    ('127.0.0.1', 62596) - ASGI [8] Started
2019-10-20 09:20:50,639 DEBUG    ('127.0.0.1', 62596) - ASGI [8] Sent {'type': 'http.request', 'body': '<1419 bytes>', 'more_body': False}
2019-10-20 09:20:50,640 DEBUG    received items: https://www150.statcan.gc.ca/n1/dai-quo/index-eng.htm?HPA=1,https://www150.statcan.gc.ca/n1/dai-quo/index-eng.htm?HPA=1,https://www150.statcan.gc.ca/n1/dai-quo/index-eng.htm?HPA=1,https://www150.statcan.gc.ca/n1/dai-quo/index-eng.htm?HPA=1,https://www150.statcan.gc.ca/n1/dai-quo/index-eng.htm?HPA=1,https://www150.statcan.gc.ca/n1/dai-quo/index-eng.htm?HPA=1,https://www150.statcan.gc.ca/n1/dai-quo/index-eng.htm?HPA=1,https://www150.statcan.gc.ca/n1/dai-quo/index-eng.htm?HPA=1,https://www150.statcan.gc.ca/n1/dai-quo/index-eng.htm?HPA=1,https://www150.statcan.gc.ca/n1/dai-quo/index-eng.htm?HPA=1,https://www150.statcan.gc.ca/n1/pub/11-636-x/index-eng.htm,https://www150.statcan.gc.ca/n1/pub/11-636-x/index-eng.htm,https://www150.statcan.gc.ca/n1/pub/11-636-x/index-eng.htm,https://www150.statcan.gc.ca/n1/pub/11-636-x/index-eng.htm,https://www150.statcan.gc.ca/n1/pub/11-636-x/index-eng.htm,https://www150.statcan.gc.ca/n1/pub/11-636-x/index-eng.htm,https://www150.statcan.gc.ca/n1/pub/11-636-x/index-eng.htm,https://www150.statcan.gc.ca/n1/pub/11-636-x/undefined,https://www150.statcan.gc.ca/n1/pub/11-636-x/index-eng.htm,https://www150.statcan.gc.ca/n1/pub/11-636-x/index-eng.htm,https://www150.statcan.gc.ca/n1/pub/11-636-x/index-eng.htm,https://www150.statcan.gc.ca/n1/pub/11-636-x/index-eng.htm,https://www150.statcan.gc.ca/n1/en/type/analysis?MM=1
2019-10-20 09:20:50,640 DEBUG    save to sessions_items.log
2019-10-20 09:20:50,641 DEBUG    ('127.0.0.1', 62596) - ASGI [8] Received {'type': 'http.response.start', 'status': 200, 'headers': '<...>'}
2019-10-20 09:20:50,641 INFO     ('127.0.0.1', 62596) - "POST /predict_next HTTP/1.1" 200
2019-10-20 09:20:50,642 DEBUG    ('127.0.0.1', 62596) - ASGI [8] Received {'type': 'http.response.body', 'body': '<183 bytes>'}
2019-10-20 09:20:50,642 DEBUG    ('127.0.0.1', 62596) - ASGI [8] Completed
2019-10-20 09:20:55,645 DEBUG    ('127.0.0.1', 62596) - Disconnected
2019-10-20 09:22:38,474 INFO     Shutting down
2019-10-20 09:22:38,579 INFO     Waiting for application shutdown.
2019-10-20 09:22:38,580 DEBUG    None - ASGI [1] Sent {'type': 'lifespan.shutdown'}
2019-10-20 09:22:38,580 DEBUG    None - ASGI [1] Received {'type': 'lifespan.shutdown.complete'}
2019-10-20 09:22:38,580 DEBUG    None - ASGI [1] Completed
2019-10-20 09:22:38,580 INFO     Finished server process [48549]
2019-10-20 09:22:39,386 INFO     Started server process [48568]
2019-10-20 09:22:39,386 INFO     Waiting for application startup.
2019-10-20 09:22:39,386 DEBUG    None - ASGI [1] Started
2019-10-20 09:22:39,387 DEBUG    None - ASGI [1] Sent {'type': 'lifespan.startup'}
2019-10-20 09:22:39,387 DEBUG    None - ASGI [1] Received {'type': 'lifespan.startup.complete'}
2019-10-20 09:22:49,036 DEBUG    ('127.0.0.1', 63111) - Connected
2019-10-20 09:22:49,038 DEBUG    ('127.0.0.1', 63111) - ASGI [2] Started
2019-10-20 09:22:49,038 DEBUG    ('127.0.0.1', 63111) - ASGI [2] Sent {'type': 'http.request', 'body': '<1475 bytes>', 'more_body': False}
2019-10-20 09:22:49,039 DEBUG    received items: https://www150.statcan.gc.ca/n1/dai-quo/index-eng.htm?HPA=1,https://www150.statcan.gc.ca/n1/dai-quo/index-eng.htm?HPA=1,https://www150.statcan.gc.ca/n1/dai-quo/index-eng.htm?HPA=1,https://www150.statcan.gc.ca/n1/dai-quo/index-eng.htm?HPA=1,https://www150.statcan.gc.ca/n1/dai-quo/index-eng.htm?HPA=1,https://www150.statcan.gc.ca/n1/dai-quo/index-eng.htm?HPA=1,https://www150.statcan.gc.ca/n1/dai-quo/index-eng.htm?HPA=1,https://www150.statcan.gc.ca/n1/dai-quo/index-eng.htm?HPA=1,https://www150.statcan.gc.ca/n1/dai-quo/index-eng.htm?HPA=1,https://www150.statcan.gc.ca/n1/dai-quo/index-eng.htm?HPA=1,https://www150.statcan.gc.ca/n1/pub/11-636-x/index-eng.htm,https://www150.statcan.gc.ca/n1/pub/11-636-x/index-eng.htm,https://www150.statcan.gc.ca/n1/pub/11-636-x/index-eng.htm,https://www150.statcan.gc.ca/n1/pub/11-636-x/index-eng.htm,https://www150.statcan.gc.ca/n1/pub/11-636-x/index-eng.htm,https://www150.statcan.gc.ca/n1/pub/11-636-x/index-eng.htm,https://www150.statcan.gc.ca/n1/pub/11-636-x/index-eng.htm,https://www150.statcan.gc.ca/n1/pub/11-636-x/undefined,https://www150.statcan.gc.ca/n1/pub/11-636-x/index-eng.htm,https://www150.statcan.gc.ca/n1/pub/11-636-x/index-eng.htm,https://www150.statcan.gc.ca/n1/pub/11-636-x/index-eng.htm,https://www150.statcan.gc.ca/n1/pub/11-636-x/index-eng.htm,https://www150.statcan.gc.ca/n1/en/type/analysis?MM=1,https://www150.statcan.gc.ca/n1/en/type/analysis?MM=1
2019-10-20 09:22:49,039 DEBUG    save to sessions_items.log
2019-10-20 09:22:49,044 DEBUG    ('127.0.0.1', 63111) - ASGI [2] Received {'type': 'http.response.start', 'status': 200, 'headers': '<...>'}
2019-10-20 09:22:49,045 INFO     ('127.0.0.1', 63111) - "POST /predict_next HTTP/1.1" 200
2019-10-20 09:22:49,045 DEBUG    ('127.0.0.1', 63111) - ASGI [2] Received {'type': 'http.response.body', 'body': '<1475 bytes>'}
2019-10-20 09:22:49,045 DEBUG    ('127.0.0.1', 63111) - ASGI [2] Completed
2019-10-20 09:22:54,047 DEBUG    ('127.0.0.1', 63111) - Disconnected
2019-10-20 09:23:24,715 DEBUG    ('127.0.0.1', 63231) - Connected
2019-10-20 09:23:24,716 DEBUG    ('127.0.0.1', 63231) - ASGI [3] Started
2019-10-20 09:23:24,716 DEBUG    ('127.0.0.1', 63231) - ASGI [3] Sent {'type': 'http.request', 'body': '<53 bytes>', 'more_body': False}
2019-10-20 09:23:24,716 DEBUG    received items: https://www.statcan.gc.ca/eng/start
2019-10-20 09:23:24,716 DEBUG    save to sessions_items.log
2019-10-20 09:23:24,717 DEBUG    ('127.0.0.1', 63231) - ASGI [3] Received {'type': 'http.response.start', 'status': 200, 'headers': '<...>'}
2019-10-20 09:23:24,717 INFO     ('127.0.0.1', 63231) - "POST /predict_next HTTP/1.1" 200
2019-10-20 09:23:24,717 DEBUG    ('127.0.0.1', 63231) - ASGI [3] Received {'type': 'http.response.body', 'body': '<53 bytes>'}
2019-10-20 09:23:24,718 DEBUG    ('127.0.0.1', 63231) - ASGI [3] Completed
2019-10-20 09:23:29,722 DEBUG    ('127.0.0.1', 63231) - Disconnected
2019-10-20 09:23:34,119 DEBUG    ('127.0.0.1', 63241) - Connected
2019-10-20 09:23:34,119 DEBUG    ('127.0.0.1', 63241) - ASGI [4] Started
2019-10-20 09:23:34,119 DEBUG    ('127.0.0.1', 63241) - ASGI [4] Sent {'type': 'http.request', 'body': '<52 bytes>', 'more_body': False}
2019-10-20 09:23:34,120 DEBUG    received items: https://www.canada.ca/en/news.html
2019-10-20 09:23:34,120 DEBUG    save to sessions_items.log
2019-10-20 09:23:34,120 DEBUG    ('127.0.0.1', 63241) - ASGI [4] Received {'type': 'http.response.start', 'status': 200, 'headers': '<...>'}
2019-10-20 09:23:34,121 INFO     ('127.0.0.1', 63241) - "POST /predict_next HTTP/1.1" 200
2019-10-20 09:23:34,121 DEBUG    ('127.0.0.1', 63241) - ASGI [4] Received {'type': 'http.response.body', 'body': '<52 bytes>'}
2019-10-20 09:23:34,121 DEBUG    ('127.0.0.1', 63241) - ASGI [4] Completed
2019-10-20 09:23:39,123 DEBUG    ('127.0.0.1', 63241) - Disconnected
2019-10-20 09:23:47,506 DEBUG    ('127.0.0.1', 63249) - Connected
2019-10-20 09:23:47,507 DEBUG    ('127.0.0.1', 63249) - ASGI [5] Started
2019-10-20 09:23:47,507 DEBUG    ('127.0.0.1', 63249) - ASGI [5] Sent {'type': 'http.request', 'body': '<84 bytes>', 'more_body': False}
2019-10-20 09:23:47,508 DEBUG    received items: https://www.canada.ca/en/news.html,https://www.canada.ca/en.html
2019-10-20 09:23:47,508 DEBUG    save to sessions_items.log
2019-10-20 09:23:47,509 DEBUG    ('127.0.0.1', 63249) - ASGI [5] Received {'type': 'http.response.start', 'status': 200, 'headers': '<...>'}
2019-10-20 09:23:47,509 INFO     ('127.0.0.1', 63249) - "POST /predict_next HTTP/1.1" 200
2019-10-20 09:23:47,509 DEBUG    ('127.0.0.1', 63249) - ASGI [5] Received {'type': 'http.response.body', 'body': '<84 bytes>'}
2019-10-20 09:23:47,509 DEBUG    ('127.0.0.1', 63249) - ASGI [5] Completed
2019-10-20 09:23:49,849 DEBUG    ('127.0.0.1', 63249) - ASGI [6] Started
2019-10-20 09:23:49,850 DEBUG    ('127.0.0.1', 63249) - ASGI [6] Sent {'type': 'http.request', 'body': '<121 bytes>', 'more_body': False}
2019-10-20 09:23:49,850 DEBUG    received items: https://www.canada.ca/en/news.html,https://www.canada.ca/en.html,https://www.canada.ca/en/news.html
2019-10-20 09:23:49,850 DEBUG    save to sessions_items.log
2019-10-20 09:23:49,851 DEBUG    ('127.0.0.1', 63249) - ASGI [6] Received {'type': 'http.response.start', 'status': 200, 'headers': '<...>'}
2019-10-20 09:23:49,851 INFO     ('127.0.0.1', 63249) - "POST /predict_next HTTP/1.1" 200
2019-10-20 09:23:49,851 DEBUG    ('127.0.0.1', 63249) - ASGI [6] Received {'type': 'http.response.body', 'body': '<121 bytes>'}
2019-10-20 09:23:49,851 DEBUG    ('127.0.0.1', 63249) - ASGI [6] Completed
2019-10-20 09:23:51,584 DEBUG    ('127.0.0.1', 63249) - ASGI [7] Started
2019-10-20 09:23:51,584 DEBUG    ('127.0.0.1', 63249) - ASGI [7] Sent {'type': 'http.request', 'body': '<91 bytes>', 'more_body': False}
2019-10-20 09:23:51,585 DEBUG    received items: https://www.statcan.gc.ca/eng/start,https://www.statcan.gc.ca/eng/start
2019-10-20 09:23:51,585 DEBUG    save to sessions_items.log
2019-10-20 09:23:51,585 DEBUG    ('127.0.0.1', 63249) - ASGI [7] Received {'type': 'http.response.start', 'status': 200, 'headers': '<...>'}
2019-10-20 09:23:51,586 INFO     ('127.0.0.1', 63249) - "POST /predict_next HTTP/1.1" 200
2019-10-20 09:23:51,586 DEBUG    ('127.0.0.1', 63249) - ASGI [7] Received {'type': 'http.response.body', 'body': '<91 bytes>'}
2019-10-20 09:23:51,586 DEBUG    ('127.0.0.1', 63249) - ASGI [7] Completed
2019-10-20 09:23:54,444 DEBUG    ('127.0.0.1', 63249) - ASGI [8] Started
2019-10-20 09:23:54,444 DEBUG    ('127.0.0.1', 63249) - ASGI [8] Sent {'type': 'http.request', 'body': '<71 bytes>', 'more_body': False}
2019-10-20 09:23:54,445 DEBUG    received items: https://www150.statcan.gc.ca/n1/en/type/analysis?MM=1
2019-10-20 09:23:54,445 DEBUG    save to sessions_items.log
2019-10-20 09:23:54,445 DEBUG    ('127.0.0.1', 63249) - ASGI [8] Received {'type': 'http.response.start', 'status': 200, 'headers': '<...>'}
2019-10-20 09:23:54,446 INFO     ('127.0.0.1', 63249) - "POST /predict_next HTTP/1.1" 200
2019-10-20 09:23:54,446 DEBUG    ('127.0.0.1', 63249) - ASGI [8] Received {'type': 'http.response.body', 'body': '<71 bytes>'}
2019-10-20 09:23:54,446 DEBUG    ('127.0.0.1', 63249) - ASGI [8] Completed
2019-10-20 09:23:59,450 DEBUG    ('127.0.0.1', 63249) - Disconnected
2019-10-20 09:23:59,665 DEBUG    ('127.0.0.1', 63255) - Connected
2019-10-20 09:23:59,665 DEBUG    ('127.0.0.1', 63255) - ASGI [9] Started
2019-10-20 09:23:59,665 DEBUG    ('127.0.0.1', 63255) - ASGI [9] Sent {'type': 'http.request', 'body': '<146 bytes>', 'more_body': False}
2019-10-20 09:23:59,666 DEBUG    received items: https://www150.statcan.gc.ca/n1/en/type/analysis?MM=1,https://www150.statcan.gc.ca/n1/daily-quotidien/191018/dq191018a-eng.htm
2019-10-20 09:23:59,666 DEBUG    save to sessions_items.log
2019-10-20 09:23:59,667 DEBUG    ('127.0.0.1', 63255) - ASGI [9] Received {'type': 'http.response.start', 'status': 200, 'headers': '<...>'}
2019-10-20 09:23:59,667 INFO     ('127.0.0.1', 63255) - "POST /predict_next HTTP/1.1" 200
2019-10-20 09:23:59,667 DEBUG    ('127.0.0.1', 63255) - ASGI [9] Received {'type': 'http.response.body', 'body': '<146 bytes>'}
2019-10-20 09:23:59,667 DEBUG    ('127.0.0.1', 63255) - ASGI [9] Completed
2019-10-20 09:24:04,673 DEBUG    ('127.0.0.1', 63255) - Disconnected
